# EXP02 capture  port=COM8  start=2026-10-01T22:04:29.0750661+03:00
ng: XY 21479 -4473954 -4934637[0m
[00:00:21.487,243] [0m<inf>0m
[00:00:23.220,886] [0m<inf> exp02_logging: XY 23220 -5000265 -4934520[0m
[00:00:23.228,881] [0m<inf> exp02_logging: XY 23228 -4737246 -4408139[0m
[00:00:23.236,938] [0m<inf> exp02_logging: XY 23236 -4408180 -4934647[0m
[00:00:23.244,934] [0m<inf> exp02_logging: XY 23244 -4934511 -4802956[0m
[00:00:23.252,990] [0m<inf> exp02_logging: XY 23252 -3815969 -4539837[0m
[00:00:23.260,986] [0m<inf> exp02_logging: XY 23260 -5000258 -4934510[0m
[00:00:23.269,042] [0m<inf> exp02_logging: XY 23269 -4737186 -4342458[0m
[00:00:23.277,038] [0m<inf> exp02_logging: XY 23277 -4408287 -4934647[0m
[00:00:23.285,095] [0m<inf> exp02_logging: XY 23285 -4934491 -4802908[0m
[00:00:23.293,121] [0m<inf> exp02_logging: XY 23293 -3684568 -4605560[0m
[00:00:23.301,147] [0m<inf> exp02_logging: XY 23301 -5000246 -4934495[0m
[00:00:23.309,143] [0m<inf> exp02_logging: XY 23309 -4737141 -4276736[0m
[00:00:23.317,199] [0m<inf> exp02_logging: XY 23317 -4474019 -4934645[0m
[00:00:23.325,195] [0m<inf> exp02_logging: XY 23325 -4934480 -4802874[0m
[00:00:23.333,251] [0m<inf> exp02_logging: XY 23333 -3618674 -4671328[0m
[00:00:23.341,247] [0m<inf> exp02_logging: XY 23341 -5000243 -4934480[0m
[00:00:23.349,304] [0m<inf> exp02_logging: XY 23349 -4737075 -4276517[0m
[00:00:23.357,299] [0m<inf> exp02_logging: XY 23357 -4474108 -4934651[0m
[00:00:23.365,356] [0m<inf> exp02_logging: XY 23365 -4934466 -4802832[0m
[00:00:23.373,352] [0m<inf> exp02_logging: XY 23373 -3552912 -4671476[0m
[00:00:23.381,408] [0m<inf> exp02_logging: XY 23381 -5000232 -4934469[0m
[00:00:23.389,404] [0m<inf> exp02_logging: XY 23389 -4737032 -4210769[0m
[00:00:23.397,460] [0m<inf> exp02_logging: XY 23397 -4539769 -4934647[0m
[00:00:23.405,456] [0m<inf> exp02_logging: XY 23405 -4934448 -4737252[0m
[00:00:23.413,513] [0m<inf> exp02_logging: XY 23413 -3487124 -4737187[0m
[00:00:23.421,539] [0m<inf> exp02_logging: XY 23421 -5000224 -4934451[0m
[00:00:23.429,565] [0m<inf> exp02_logging: XY 23429 -4671431 -4144978[0m
[00:00:23.437,561] [0m<inf> exp02_logging: XY 23437 -4539842 -4934640[0m
[00:00:23.445,617] [0m<inf> exp02_logging: XY 23445 -4934421 -4737205[0m
[00:00:23.453,613] [0m<inf> exp02_logging: XY 23453 -3487089 -4802869[0m
[00:00:23.461,669] [0m<inf> exp02_logging: XY 23461 -5000218 -4934440[0m
[00:00:23.469,665] [0m<inf> exp02_logging: XY 23469 -4671392 -4079260[0m
[00:00:23.477,722] [0m<inf> exp02_logging: XY 23477 -4605482 -4934636[0m
[00:00:23.485,748] [0m<inf> exp02_logging: XY 23485 -4934403 -4737158[0m
[00:00:23.493,774] [0m<inf> exp02_logging: XY 23493 -3487125 -4802998[0m
[00:00:23.501,770] [0m<inf> exp02_logging: XY 23501 -5000213 -4934428[0m
[00:00:23.: XY 21776 -3618709 -4868778[0m
[00:00:21.784,179] [0m<inf> exp02_logging: XY 21784 -4934641 -4868831[0m
[00:00:21.792,236] [0m<inf> exp02_logging: XY 21792 -4605665 -3947648[0m
[00:00:21.800,262] [0m<inf> exp02_logging: XY 21800 -4671486 -4934605[0m
[00:00:21.808,288] [0m<inf> exp02_logging: XY 21808 -4868753 -4671469[0m
[00:00:21.816,284] [0m<inf> exp02_logging: XY 21816 -3684512 -4868844[0m
[00:00:21.824,340] [0m<inf> exp02_logging: XY 21824 -4934633 -4868805[0m
[00:00:21.832,366] [0m<inf> exp02_logging: XY 21832 -4605618 -3947716[0m
[00:00:21.840,393] [0m<inf> exp02_logging: XY 21840 -4737117 -4934596[0m
[00:00:21.848,388] [0m<inf> exp02_logging: XY 21848 -4868727 -4671449[0m
[00:00:21.856,445] [0m<inf> exp02_logging: XY 21856 -3750348 -4934424[0m
[00:00:21.864,440] [0m<inf> exp02_logging: XY 21864 -4934631 -4868785[0m
[00:00:21.872,497] [0m<inf> exp02_logging: XY 21872 -4605503 -3947770[0m
[00:00:21.880,523] [0m<inf> exp02_logging: XY 21880 -4802848 -4934590[0m
[00:00:21.888,549] [0m<inf> exp02_logging: XY 21888 -4868691 -4671413[0m
[00:00:21.896,545] [0m<inf> exp02_logging: XY 21896 -3816176 -4934477[0m
[00:00:21.904,602] [0m<inf> exp02_logging: XY 21904 -4934630 -4868760[0m
[00:00:21.912,628] [0m<inf> exp02_logging: XY 21912 -4539843 -4013472[0m
[00:00:21.920,654] [0m<inf> exp02_logging: XY 21920 -4802984 -4934579[0m
[00:00:21.928,649] [0m<inf> exp02_logging: XY 21928 -4868673 -4671388[0m
[00:00:21.936,706] [0m<inf> exp02_logging: XY 21936 -3947696 -4934515[0m
[00:00:21.944,732] [0m<inf> exp02_logging: XY 21944 -4934627 -4868738[0m
[00:00:21.952,758] [0m<inf> exp02_logging: XY 21952 -4474106 -4079107[0m
[00:00:21.960,754] [0m<inf> exp02_logging: XY 21960 -4868650 -4934578[0m
[00:00:21.968,811] [0m<inf> exp02_logging: XY 21968 -4868649 -4671342[0m
[00:00:21.976,806] [0m<inf> exp02_logging: XY 21976 -3947743 -4934555[0m
[00:00:21.984,863] [0m<inf> exp02_logging: XY 21984 -4934626 -4868711[0m
[00:00:21.992,889] [0m<inf> exp02_logging: XY 21992 -4473945 -4079287[0m
[00:00:22.000,915] [0m<inf> exp02_logging: XY 22000 -4868780 -4934574[0m
[00:00:22.008,941] [0m<inf> exp02_logging: XY 22008 -4868632 -4671280[0m
[00:00:22.016,967] [0m<inf> exp02_logging: XY 22016 -4079116 -4934582[0m
[00:00:22.024,963] [0m<inf> exp02_logging: XY 22024 -4934616 -4868689[0m
[00:00:22.033,020] [0m<inf> exp02_logging: XY 22032 -4408149 -4145016[0m
[00:00:22.041,015] [0m<inf> exp02_logging: XY 22041 -4934429 -4934570[0m
[00:00:22.049,072] [0m<inf> exp02_logging: XY 22049 -4803057 -4605661[0m
[00:00:22.057,098] [0m<inf> exp02_logging: XY 22057 -4144960 -4934610[0m
[00:00:22.065,124] [0m<inf> exp02_logging: XY 22065 -4934605 -4868668[0m
[00:00:22.073,150] [0m<inf> exp02_logging: XY 22073 -4342400 -4210716[0m
[00:00:22.081,176] [0m<inf> exp02_logging: XY 22081 -4934528 -4934571[0m
[00:00:22.089,172] [0m<inf> exp02_logging: XY 22089 -4803030 -4605576[0m
[00:00:22.097,229] [0m<inf> exp02_logging: XY 22097 -4145143 -4934620[0m
[00:00:22.105,224] [0m<inf> exp02_logging: XY 22105 -4934593 -4868653[0m
[00:00:22.113,281] [0m<inf> exp02_logging: XY 22113 -4276548 -4210923[0m
[00:00:22.121,307] [0m<inf> exp02_logging: XY 22121 -4934604 -4934563[0m
[00:00:22.129,333] [0m<inf> exp02_logging: XY 22129 -4802985 -4605448[0m
[00:00:22.137,329] [0m<inf> exp02_logging: XY 22137 -4210864 -4934629[0m
[00:00:22.145,385] [0m<inf> exp02_logging: XY 22145 -4934578 -4868626[0m
[00:00:22.153,381] [0m<inf> exp02_logging: XY 22153 -4210798 -4276645[0m
[00:00:22.161,437] [0m<inf> exp02_logging: XY 22161 -5000198 -4934557[0m
[00:00:22.169,464] [0m<inf> exp02_logging: XY 22169 -4802951 -4539800[0m
[00:00:22.177,490] [0m<inf> exp02_logging: XY 22177 -4276609 -4934636[0m
[00:00:22.185,485] [0m<inf> exp02_logging: XY 22185 -4934566 -4803065[0m
[00:00:22.193,542] [0m<inf> exp02_logging: XY 22193 -4144914 -4342438[0m
[00:00:22.201,538] [0m<inf> exp02_logging: XY 22201 -5000236 -4934549[0m
[00:00:22.209,594] [0m<inf> exp02_logging: XY 22209 -4802901 -4474101[0m
[00:00:22.217,590] [0m<inf> exp02_logging: XY 22217 -4342282 -4934638[0m
[00:00:22.225,646] [0m<inf> exp02_logging: XY 22225 -4934547 -4803039[0m
[00:00:22.233,642] [0m<inf> exp02_logging: XY 22233 -4079112 -4408176[0m
[00:00:22.241,699] [0m<inf> exp02_logging: XY 22241 -5000258 -4934539[0m
[00:00:22.249,694] [0m<inf> exp02_logging: XY 22249 -4802858 -4473930[0m
[00:00:22.257,751] [0m<inf> exp02_logging: XY 22257 -4342426 -4934641[0m
[00:00:22.265,747] [0m<inf> exp02_logging: XY 22265 -4934535 -4803008[0m
[00:00:22.273,803] [0m<inf> exp02_logging: XY 22273 -3947634 -4473938[0m
[00:00:22.281,799] [0m<inf> exp02_logging: XY 22281 -5000260 -4934525[0m
[00:00:22.289,855] [0m<inf> exp02_logging: XY 22289 -4737265 -4408197[0m
[00:00:22.297,851] [0m<inf> exp02_logging: XY 22297 -4408099 -4934642[0m
[00:00:22.305,908] [0m<inf> exp02_logging: XY 22305 -4934516 -4802972[0m
[00:00:22.313,934] [0m<inf> exp02_logging: XY 22313 -3881777 -4539704[0m
[00:00:22.321,960] [0m<inf> exp02_logging: XY 22321 -5000258 -4934515[0m
[00:00:22.329,956] [0m<inf> exp02_logging: XY 22329 -4737222 -4408077[0m
[00:00:22.338,012] [0m<inf> exp02_logging: XY 22337 -4473900 -4934646[0m
[00:00:22.346,038] [0m<inf> exp02_logging: XY 22346 -4934499 -4802933[0m
[00:00:22.354,064] [0m<inf> exp02_logging: XY 22354 -3750283 -4605449[0m
[00:00:22.362,060] [0m<inf> exp02_logging: XY 22362 -5000250 -4934502[0m
[00:00:22.370,117] [0m<inf> exp02_logging: XY 22370 -4737162 -4342352[0m
[00:00:22.378,143] [0m<inf> exp02_logging: XY 22378 -4474029 -4934643[0m
[00:00:22.386,169] [0m<inf> exp02_logging: XY 22386 -4934481 -4802889[0m
[00:00:22.394,165] [0m<inf> exp02_logging: XY 22394 -3684443 -4605645[0m
[00:00:22.402,221] [0m<inf> exp02_logging: XY 22402 -5000242 -4934486[0m
[00:00:22.410,217] [0m<inf> exp02_logging: XY 22410 -4737116 -4276644[0m
[00:00:22.418,273] [0m<inf> exp02_logging: XY 22418 -4474068 -4934642[0m
[00:00:22.426,269] [0m<inf> exp02_logging: XY 22426 -4934469 -4802850[0m
[00:00:22.434,326] [0m<inf> exp02_logging: XY 22434 -3552998 -4671363[0m
[00:00:22.442,321] [0m<inf> exp02_logging: XY 22442 -5000233 -4934472[0m
[00:00:22.450,378] [0m<inf> exp02_logging: XY 22450 -4737044 -4210876[0m
[00:00:22.458,404] [0m<inf> exp02_logging: XY 22458 -4539730 -4934646[0m
[00:00:22.466,430] [0m<inf> exp02_logging: XY 22466 -4934453 -4737273[0m
[00:00:22.474,426] [0m<inf> exp02_logging: XY 22474 -3552806 -4737091[0m
[00:00:22.482,482] [0m<inf> exp02_logging: XY 22482 -5000225 -4934454[0m
[00:00:22.490,478] [0m<inf> exp02_logging: XY 22490 -4671464 -4145140[0m
[00:00:22.498,535] [0m<inf> exp02_logging: XY 22498 -4539792 -4934641[0m
[00:00:22.506,530] [0m<inf> exp02_logging: XY 22506 -4934440 -4737228[0m
[00:00:22.514,587] [0m<inf> exp02_logging: XY 22514 -3487067 -4737239[0m
[00:00:22.522,613] [0m<inf> exp02_logging: XY 22522 -5000218 -4934442[0m
[00:00:22.530,639] [0m<inf> exp02_logging: XY 22530 -4671408 -4079332[0m
[00:00:22.538,635] [0m<inf> exp02_logging: XY 22538 -4539859 -4934637[0m
[00:00:22.546,691] [0m<inf> exp02_logging: XY 22546 -4934408 -4737181[0m
[00:00:22.554,687] [0m<inf> exp02_logging: XY 22554 -3487064 -4802925[0m
[00:00:22.562,744] [0m<inf> exp02_logging: XY 22562 -5000212 -4934428[0m
[00:00:22.570,739] [0m<inf> exp02_logging: XY 22570 -4671369 -4079140[0m
[00:00:22.578,796] [0m<inf> exp02_logging: XY 22578 -4605475 -4934629[0m
[00:00:22.586,791] [0m<inf> exp02_logging: XY 22586 -4868855 -4737137[0m
[00:00:22.594,848] [0m<inf> exp02_logging: XY 22594 -3487143 -4803042[0m
[00:00:22.602,874] [0m<inf> exp02_logging: XY 22602 -5000204 -4934416[0m
[00:00:22.610,900] [0m<inf> exp02_logging: XY 22610 -4671315 -4013358[0m
[00:00:22.618,896] [0m<inf> exp02_logging: XY 22618 -4605579 -4934623[0m
[00:00:22.626,953] [0m<inf> exp02_logging: XY 22626 -4868822 -4737093[0m
[00:00:22.634,979] [0m<inf> exp02_logging: XY 22634 -3552848 -4868679[0m
[00:00:22.643,005] [0m<inf> exp02_logging: XY 22642 -5000195 -4934401[0m
[00:00:22.651,000] [0m<inf> exp02_logging: XY 22651 -4671281 -3947692[0m
[00:00:22.659,057] [0m<inf> exp02_logging: XY 22659 -4605685 -4934619[0m
[00:00:22.667,053] [0m<inf> exp02_logging: XY 22667 -4868797 -4737061[0m
[00:00:22.675,109] [0m<inf> exp02_logging: XY 22675 -3618636 -4868759[0m
[00:00:22.683,135] [0m<inf> exp02_logging: XY 22683 -4934650 -4868845[0m
[00:00:22.691,162] [0m<inf> exp02_logging: XY 22691 -4605689 -3947625[0m
[00:00:22.699,157] [0m<inf> exp02_logging: XY 22699 -4671372 -4934613[0m
[00:00:22.707,214] [0m<inf> exp02_logging: XY 22707 -4868764 -4671484[0m
[00:00:22.715,209] [0m<inf> exp02_logging: XY 22715 -3684378 -4868820[0m
[00:00:22.723,266] [0m<inf> exp02_logging: XY 22723 -4934642 -4868823[0m
[00:00:22.731,262] [0m<inf> exp02_logging: XY 22731 -4605646 -3947696[0m
[00:00:22.739,318] [0m<inf> exp02_logging: XY 22739 -4737066 -4934605[0m
[00:00:22.747,314] [0m<inf> exp02_logging: XY 22747 -4868743 -4671460[0m
[00:00:22.755,371] [0m<inf> exp02_logging: XY 22755 -3750332 -4934405[0m
[00:00:22.763,397] [0m<inf> exp02_logging: XY 22763 -4934642 -4868799[0m
[00:00:22.771,423] [0m<inf> exp02_logging: XY 22771 -4605545 -3947738[0m
[00:00:22.779,418] [0m<inf> exp02_logging: XY 22779 -4737231 -4934598[0m
[00:00:22.787,475] [0m<inf> exp02_logging: XY 22787 -4868707 -4671427[0m
[00:00:22.795,471] [0m<inf> exp02_logging: XY 22795 -3816055 -4934462[0m
[00:00:22.803,527] [0m<inf> exp02_logging: XY 22803 -4934637 -4868774[0m
[00:00:22.811,553] [0m<inf> exp02_logging: XY 22811 -4605441 -4013406[0m
[00:00:22.819,580] [0m<inf> exp02_logging: XY 22819 -4802928 -4934587[0m
[00:00:22.827,606] [0m<inf> exp02_logging: XY 22827 -4868689 -4671404[0m
[00:00:22.835,632] [0m<inf> exp02_logging: XY 22835 -3881880 -4934505[0m
[00:00:22.843,627] [0m<inf> exp02_logging: XY 22843 -4934632 -4868750[0m
[00:00:22.851,684] [0m<inf> exp02_logging: XY 22851 -4539743 -4013536[0m
[00:00:22.859,680] [0m<inf> exp02_logging: XY 22859 -4868671 -4934581[0m
[00:00:22.867,736] [0m<inf> exp02_logging: XY 22867 -4868663 -4671362[0m
[00:00:22.875,732] [0m<inf> exp02_logging: XY 22875 -3947621 -4934551[0m
[00:00:22.883,789] [0m<inf> exp02_logging: XY 22883 -4934630 -4868723[0m
[00:00:22.891,784] [0m<inf> exp02_logging: XY 22891 -4474038 -4079217[0m
[00:00:22.899,841] [0m<inf> exp02_logging: XY 22899 -4868734 -4934577[0m
[00:00:22.907,836] [0m<inf> exp02_logging: XY 22907 -4868642 -4671318[0m
[00:00:22.915,893] [0m<inf> exp02_logging: XY 22915 -4013490 -4934576[0m
[00:00:22.923,889] [0m<inf> exp02_logging: XY 22923 -4934623 -4868704[0m
[00:00:22.931,945] [0m<inf> exp02_logging: XY 22931 -4408247 -4144937[0m
[00:00:22.939,941] [0m<inf> exp02_logging: XY 22939 -4868857 -4934575[0m
[00:00:22.947,998] [0m<inf> exp02_logging: XY 22947 -4868610 -4605693[0m
[00:00:22.956,024] [0m<inf> exp02_logging: XY 22955 -4079268 -4934605[0m
[00:00:22.964,050] [0m<inf> exp02_logging: XY 22964 -4934612 -4868679[0m
[00:00:22.972,045] [0m<inf> exp02_logging: XY 22972 -4342510 -4145101[0m
[00:00:22.980,102] [0m<inf> exp02_logging: XY 22980 -4934492 -4934575[0m
[00:00:22.988,098] [0m<inf> exp02_logging: XY 22988 -4803050 -4605616[0m
[00:00:22.996,154] [0m<inf> exp02_logging: XY 22996 -4145072 -4934623[0m
[00:00:23.004,180] [0m<inf> exp02_logging: XY 23004 -4934602 -4868660[0m
[00:00:23.012,207] [0m<inf> exp02_logging: XY 23012 -4276663 -4210839[0m
[00:00:23.020,202] [0m<inf> exp02_logging: XY 23020 -4934579 -4934572[0m
[00:00:23.028,259] [0m<inf> exp02_logging: XY 23028 -4803009 -4605501[0m
[00:00:23.036,285] [0m<inf> exp02_logging: XY 23036 -4210837 -4934632[0m
[00:00:23.044,311] [0m<inf> exp02_logging: XY 23044 -4934587 -4868641[0m
[00:00:23.052,307] [0m<inf> exp02_logging: XY 23052 -4210896 -4276569[0m
[00:00:23.060,363] [0m<inf> exp02_logging: XY 23060 -4934643 -4934564[0m
[00:00:23.068,359] [0m<inf> exp02_logging: XY 23068 -4802979 -4539846[0m
[00:00:23.076,416]:23.084,442] [0m<inf> exp02_logging: XY 23084 -4934577 -4868618[0m
[00:00:23.092,468] [0m<inf> exp02_logging: XY 23092 -4145009 -4342337[0m
[00:00:23.100,463] [0m<inf> exp02_logging: XY 23100 -5000230 -4934558[0m
[00:00:23.108,520] [0m<inf> exp02_logging: XY 23108 -4802923 -4539688[0m
[00:00:23.116,516] [0m<inf> exp02_logging: XY 23116 -4276641 -4934639[0m
[00:00:23.124,572] [0m<inf> exp02_logging: XY 23124 -4934557 -4803052[0m
[00:00:23.132,568] [0m<inf> exp02_logging: XY 23132 -4079269 -4408071[0m
[00:00:23.140,625] [0m<inf> exp02_logging: XY 23140 -5000257 -4934547[0m
[00:00:23.148,651] [0m<inf> exp02_logging: XY 23148 -4802883 -4474013[0m
[00:00:23.156,677] [0m<inf> exp02_logging: XY 23156 -4342369 -4934645[0m
[00:00:23.164,672] [0m<inf> exp02_logging: XY 23164 -4934546 -4803026[0m
[00:00:23.172,729] [0m<inf> exp02_logging: XY 23172 -4013318 -4408303[0m
[00:00:23.180,755] [0m<inf> exp02_logging: XY 23180 -5000267 -4934535[0m
[00:00:23.188,781] [0m<inf> exp02_logging: XY 23188 -4802825 -4408302[0m
[00:00:23.196,777] [0m<inf> exp02_logging: XY 23196 -4342496 -4934647[0m
[00:00:23.204,833] [0m<inf> exp02_logging: XY 23204 -4934525 -4802990[0m
[00:00:23.212,829] [0m<inf> exp02_logging: XY 23212 -3881949 -4474067[0m
[00:00:23.220,886] [0m<inf> exp02_logging: XY 23220 -5000265 -4934520[0m
[00:00:23.228,881] [0m<inf> exp02_logging: XY 23228 -4737246 -4408139[0m
[00:00:23.236,938] [0m<inf> exp02_logging: XY 23236 -4408180 -4934647[0m
[00:00:23.244,934] [0m<inf> exp02_logging: XY 23244 -4934511 -4802956[0m
[00:00:23.252,990] [0m<inf> exp02_logging: XY 23252 -3815969 -4539837[0m
[00:00:23.260,986] [0m<inf> exp02_logging: XY 23260 -5000258 -4934510[0m
[00:00:23.269,042] [0m<inf> exp02_logging: XY 23269 -4737186 -4342458[0m
[00:00:23.277,038] [0m<inf> exp02_logging: XY 23277 -4408287 -4934647[0m
[00:00:23.285,095] [0m<inf> exp02_logging: XY 23285 -4934491 -4802908[0m
[00:00:23.293,121] [0m<inf> exp02_logging: XY 23293 -3684568 -4605560[0m
[00:00:23.301,147] [0m<inf> exp02_logging: XY 23301 -5000246 -4934495[0m
[00:00:23.309,143] [0m<inf> exp02_logging: XY 23309 -4737141 -4276736[0m
[00:00:23.317,199] [0m<inf> exp02_logging: XY 23317 -4474019 -4934645[0m
[00:00:23.325,195] [0m<inf> exp02_logging: XY 23325 -4934480 -4802874[0m
[00:00:23.333,251] [0m<inf> exp02_logging: XY 23333 -3618674 -4671328[0m
[00:00:23.341,247] [0m<inf> exp02_logging: XY 23341 -5000243 -4934480[0m
[00:00:23.349,304] [0m<inf> exp02_logging: XY 23349 -4737075 -4276517[0m
[00:00:23.357,299] [0m<inf> exp02_logging: XY 23357 -4474108 -4934651[0m
[00:00:23.365,356] [0m<inf> exp02_logging: XY 23365 -4934466 -4802832[0m
[00:00:23.373,352] [0m<inf> exp02_logging: XY 23373 -3552912 -4671476[0m
[00:00:23.381,408] [0m<inf> exp02_logging: XY 23381 -5000232 -4934469[0m
[00:00:23.389,404] [0m<inf> exp02_logging: XY 23389 -4737032 -4210769[0m
[00:00:23.397,460] [0m<inf> exp02_logging: XY 23397 -4539769 -4934647[0m
[00:00:23.405,456] [0m<inf> exp02_logging: XY 23405 -4934448 -4737252[0m
[00:00:23.413,513] [0m<inf> exp02_logging: XY 23413 -3487124 -4737187[0m
[00:00:23.421,539] [0m<inf> exp02_logging: XY 23421 -5000224 -4934451[0m
[00:00:23.429,565] [0m<inf> exp02_logging: XY 23429 -4671431 -4144978[0m
[00:00:23.437,561] [0m<inf> exp02_logging: XY 23437 -4539842 -4934640[0m
[00:00:23.445,617] [0m<inf> exp02_logging: XY 23445 -4934421 -4737205[0m
[00:00:23.453,613] [0m<inf> exp02_logging: XY 23453 -3487089 -4802869[0m
[00:00:23.461,669] [0m<inf> exp02_logging: XY 23461 -5000218 -4934440[0m
[00:00:23.469,665] [0m<inf> exp02_logging: XY 23469 -4671392 -4079260[0m
[00:00:23.477,722] [0m<inf> exp02_logging: XY 23477 -4605482 -4934636[0m
[00:00:23.485,748] [0m<inf> exp02_logging: XY 23485 -4934403 -4737158[0m
[00:00:23.493,774] [0m<inf> exp02_logging: XY 23493 -3487125 -4802998[0m
[00:00:23.501,770] [0m<inf> exp02_logging: XY 23501 -5000213 -4934428[0m
[00:00:23.[00:00:40.774,261] [0m<inf> exp02_logging: XY 40774 -3552800 -4868701[0m
[00:00:40.782,135] [0m<inf> exp02_logging: XY 40782 -5000253 -4934462[0m
[00:00:40.790,161] [0m<inf> exp02_logging: XY 40790 -4671376 -4013337[0m
[00:00:40.798,126] [0m<inf> exp02_logging: XY 40798 -4671318 -5000206[0m
[00:00:40.806,121] [0m<inf> exp02_logging: XY 40806 -4934411 -4737156[0m
[00:00:40.814,239] [0m<inf> exp02_logging: XY 40814 -3552964 -4868778[0m
[00:00:40.822,174] [0m<inf> exp02_logging: XY 40822 -5000246 -4934452[0m
[00:00:40.830,230] [0m<inf> exp02_logging: XY 40830 -4671332 -3947714[0m
[00:00:40.838,226] [0m<inf> exp02_logging: XY 40838 -4671310 -5000203[0m
[00:00:40.846,282] [0m<inf> exp02_logging: XY 40846 -4868844 -4737107[0m
[00:00:40.854,278] [0m<inf> exp02_logging: XY 40854 -3618694 -4868825[0m
[00:00:40.862,335] [0m<inf> exp02_logging: XY 40862 -5000238 -4934428[0m
[00:00:40.870,330] [0m<inf> exp02_logging: XY 40870 -4671289 -3947727[0m
[00:00:40.878,387] [0m<inf> exp02_logging: XY 40878 -4671460 -5000200[0m
[00:00:40.886,383] [0m<inf> exp02_logging: XY 40886 -4868818 -4737083[0m
[00:00:40.894,439] [0m<inf> exp02_logging: XY 40894 -3684554 -4934420[0m
[00:00:40.902,435] [0m<inf> exp02_logging: XY 40902 -5000229 -4934409[0m
[00:00:40.910,461] [0m<inf> exp02_logging: XY 40910 -4671235 -3947758[0m
[00:00:40.918,457] [0m<inf> exp02_logging: XY 40918 -4737226 -4934656[0m
[00:00:40.926,544] [0m<inf> exp02_logging: XY 40926 -4868786 -4737045[0m
[00:00:40.934,539] [0m<inf> exp02_logging: XY 40934 -3750311 -4934471[0m
[00:00:40.942,596] [0m<inf> exp02_logging: XY 40942 -5000231 -4868843[0m
[00:00:40.950,592] [0m<inf> exp02_logging: XY 40950 -4605610 -4013355[0m
[00:00:40.958,648] [0m<inf> exp02_logging: XY 40958 -4802861 -4934645[0m
[00:00:40.966,644] [0m<inf> exp02_logging: XY 40966 -4868765 -4671485[0m
[00:00:40.974,639] [0m<inf> exp02_logging: XY 40974 -3881794 -4934513[0m
[00:00:40.982,696] [0m<inf> exp02_logging: XY 40982 -5000224 -4868825[0m
[00:00:40.990,753] [0m<inf> exp02_logging: XY 40990 -4605466 -4013482[0m
[00:00:40.998,748] [0m<inf> exp02_logging: XY 40998 -4803025 -4934638[0m
[00:00:41.006,805] [0m<inf> exp02_logging: XY 41006 -4868736 -4671450[0m
[00:00:41.014,801] [0m<inf> exp02_logging: XY 41014 -3881976 -4934565[0m
[00:00:41.022,827] [0m<inf> exp02_logging: XY 41022 -5000220 -4868797[0m
[00:00:41.030,853] [0m<inf> exp02_logging: XY 41030 -4539801 -4079161[0m
[00:00:41.038,909] [0m<inf> exp02_logging: XY 41038 -4868684 -4934632[0m
[00:00:41.046,905] [0m<inf> exp02_logging: XY 41046 -4868715 -4671416[0m
[00:00:41.054,962] [0m<inf> exp02_logging: XY 41054 -4013359 -4934604[0m
[00:00:41.062,957] [0m<inf> exp02_logging: XY 41062 -5000222 -4868776[0m
[00:00:41.071,014] [0m<inf> exp02_logging: XY 41070 -4474048 -4079329[0m
[00:00:41.079,010] [0m<inf> exp02_logging: XY 41078 -4868820 -4934631[0m
[00:00:41.087,036] [0m<inf> exp02_logging: XY 41087 -4868687 -4671346[0m
[00:00:41.095,062] [0m<inf> exp02_logging: XY 41095 -4079113 -4934631[0m
[00:00:41.103,088] [0m<inf> exp02_logging: XY 41103 -5000211 -4868751[0m
[00:00:41.111,114] [0m<inf> exp02_logging: XY 41111 -4473879 -4145010[0m
[00:00:41.119,171] [0m<inf> exp02_logging: XY 41119 -4934471 -4934627[0m
[00:00:41.127,166] [0m<inf> exp02_logging: XY 41127 -4868666 -4671286[0m
[00:00:41.135,223] [0m<inf> exp02_logging: XY 41135 -4144945 -5000197[0m
[00:00:41.143,218] [0m<inf> exp02_logging: XY 41143 -5000205 -4868731[0m
[00:00:41.151,245] [0m<inf> exp02_logging: XY 41151 -4342511 -4210723[0m
[00:00:41.159,271] [0m<inf> exp02_logging: XY 41159 -4934575 -4934626[0m
[00:00:41.167,327] [0m<inf> exp02_logging: XY 41167 -4868630 -4605637[0m
[00:00:41.175,323] [0m<inf> exp02_logging: XY 41175 -4145117 -5000208[0m
[00:00:41.183,349] [0m<inf> exp02_logging: XY 41183 -4934654 -4868713[0m
[00:00:41.191,375] [0m<inf> exp02_logging: XY 41191 -4276736 -4210932[0m
[00:00:41.199,401] [0m<inf> exp02_logging: XY 41199 -4934640 -4934620[0m
[00:00:41.207,427] [0m<inf> exp02_logging: XY 41207 -4803067 -4605554[0m
[00:00:41.215,454] [0m<inf> exp02_logging: XY 41215 -4210869 -5000217[0m
[00:00:41.223,480] [0m<inf> exp02_logging: XY 41223 -4934639 -4868691[0m
[00:00:41.231,506] [0m<inf> exp02_logging: XY 41231 -4210905 -4276706[0m
[00:00:41.239,532] [0m<inf> exp02_logging: XY 41239 -5000244 -4934616[0m
[00:00:41.247,558] [0m<inf> exp02_logging: XY 41247 -4803023 -4539869[0m
[00:00:41.255,584] [0m<inf> exp02_logging: XY 41255 -4276687 -5000224[0m
[00:00:41.263,610] [0m<inf> exp02_logging: XY 41263 -4934626 -4868668[0m
[00:00:41.271,636] [0m<inf> exp02_logging: XY 41271 -4145141 -4342409[0m
[00:00:41.279,663] [0m<inf> exp02_logging: XY 41279 -5000286 -4934608[0m
[00:00:41.287,689] [0m<inf> exp02_logging: XY 41287 -4802980 -4539734[0m
[00:00:41.295,715] [0m<inf> exp02_logging: XY 41295 -4342324 -5000225[0m
[00:00:41.303,741] [0m<inf> exp02_logging: XY 41303 -4934614 -4868644[0m
[00:00:41.311,767] [0m<inf> exp02_logging: XY 41311 -4079206 -4408176[0m
[00:00:41.319,793] [0m<inf> exp02_logging: XY 41319 -5000310 -4934599[0m
[00:00:41.327,819] [0m<inf> exp02_logging: XY 41327 -4802926 -4474027[0m
[00:00:41.335,845] [0m<inf> exp02_logging: XY 41335 -4342420 -5000231[0m
[00:00:41.343,872] [0m<inf> exp02_logging: XY 41343 -4934599 -4803071[0m
[00:00:41.351,898] [0m<inf> exp02_logging: XY 41351 -4013410 -4473939[0m
[00:00:41.359,924] [0m<inf> exp02_logging: XY 41359 -5000316 -4934587[0m
[00:00:41.367,950] [0m<inf> exp02_logging: XY 41367 -4802879 -4473879[0m
[00:00:41.375,976] [0m<inf> exp02_logging: XY 41375 -4408135 -5000231[0m
[00:00:41.384,002] [0m<inf> exp02_logging: XY 41383 -4934580 -4803040[0m
[00:00:41.391,998] [0m<inf> exp02_logging: XY 41391 -3947596 -4539668[0m
[00:00:41.400,054] [0m<inf> exp02_logging: XY 41400 -5000314 -4934575[0m
[00:00:41.408,111] [0m<inf> exp02_logging: XY 41408 -4802828 -4408176[0m
[00:00:41.416,107] [0m<inf> exp02_logging: XY 41416 -4408256 -5000231[0m
[00:00:41.424,163] [0m<inf> exp02_logging: XY 41424 -4934562 -4802998[0m
[00:00:41.432,159] [0m<inf> exp02_logging: XY 41432 -3816060 -4539877[0m
[00:00:41.440,185] [0m<inf> exp02_logging: XY 41440 -5000306 -4934562[0m
[00:00:41.448,211] [0m<inf> exp02_logging: XY 41448 -4737244 -4342475[0m
[00:00:41.456,268] [0m<inf> exp02_logging: XY 41456 -4473949 -5000231[0m
[00:00:41.464,263] [0m<inf> exp02_logging: XY 41464 -4934544 -4802961[0m
[00:00:41.472,320] [0m<inf> exp02_logging: XY 41472 -3684584 -4605643[0m
[00:00:41.480,316] [0m<inf> exp02_logging: XY 41480 -5000299 -4934549[0m
[00:00:41.488,342] [0m<inf> exp02_logging: XY 41488 -4737186 -4276726[0m
[00:00:41.496,368] [0m<inf> exp02_logging: XY 41496 -4539715 -5000232[0m
[00:00:41.504,394] [0m<inf> exp02_logging: XY 41504 -4934527 -4802919[0m
[00:00:41.512,420] [0m<inf> exp02_logging: XY 41512 -3618785 -4671366[0m
[00:00:41.520,477] [0m<inf> exp02_logging: XY 41520 -5000288 -4934531[0m
[00:00:41.528,472] [0m<inf> exp02_logging: XY 41528 -4737142 -4276564[0m
[00:00:41.536,529] [0m<inf> exp02_logging: XY 41536 -4539741 -5000232[0m
[00:00:41.544,525] [0m<inf> exp02_logging: XY 41544 -4934521 -4802886[0m
[00:00:41.552,581] [0m<inf> exp02_logging: XY 41552 -3552928 -4737089[0m
[00:00:41.560,577] [0m<inf> exp02_logging: XY 41560 -5000281 -4934520[0m
[00:00:41.568,634] [0m<inf> exp02_logging: XY 41568 -4737074 -4210770[0m
[00:00:41.576,629] [0m<inf> exp02_logging: XY 41576 -4539820 -5000232[0m
[00:00:41.584,686] [0m<inf> exp02_logging: XY 41584 -4934500 -4802835[0m
[00:00:41.592,681] [0m<inf> exp02_logging: XY 41592 -3552772 -4737246[0m
[00:00:41.600,738] [0m<inf> exp02_logging: XY 41600 -5000276 -4934502[0m
[00:00:41.608,734] [0m<inf> exp02_logging: XY 41608 -4737033 -4145050[0m
[00:00:41.616,760] [0m<inf> exp02_logging: XY 41616 -4605466 -5000225[0m
[00:00:41.624,786] [0m<inf> exp02_logging: XY 41624 -4934481 -4737261[0m
[00:00:41.632,843] [0m<inf> exp02_logging: XY 41632 -3487167 -4802936[0m
[00:00:41.640,838] [0m<inf> exp02_logging: XY 41640 -5000270 -4934491[0m
[00:00:41.648,895] [0m<inf> exp02_logging: XY 41648 -4671446 -4079219[0m
[00:00:41.656,890] [0m<inf> exp02_logging: XY 41656 -4605507 -5000221[0m
[00:00:41.664,947] [0m<inf> exp02_logging: XY 41664 -4934452 -4737216[0m
[00:00:41.672,943] [0m<inf> exp02_logging: XY 41672 -3487186 -4803050[0m
[00:00:41.680,999] [0m<inf> exp02_logging: XY 41680 -5000259 -4934477[0m
[00:00:41.688,995] [0m<inf> exp02_logging: XY 41688 -4671407 -4013516[0m
[00:00:41.697,021] [0m<inf> exp02_logging: XY 41697 -4605628 -5000213[0m
[00:00:41.705,047] [0m<inf> exp02_logging: XY 41705 -4934428 -4737180[0m
[00:00:41.713,104] [0m<inf> exp02_logging: XY 41713 -3552818 -4868690[0m
[00:00:41.721,099] [0m<inf> exp02_logging: XY 41721 -5000252 -4934463[0m
[00:00:41.729,156] [0m<inf> exp02_logging: XY 41729 -4671358 -3947756[0m
[00:00:41.737,152] [0m<inf> exp02_logging: XY 41737 -4671242 -5000210[0m
[00:00:41.745,208] [0m<inf> exp02_logging: XY 41745 -4868862 -4737134[0m
[00:00:41.753,204] [0m<inf> exp02_logging: XY 41753 -3553001 -4868774[0m
[00:00:41.761,230] [0m<inf> exp02_logging: XY 41761 -5000241 -4934445[0m
[00:00:41.769,256] [0m<inf> exp02_logging: XY 41769 -4671326 -3947716[0m
[00:00:41.777,282] [0m<inf> exp02_logging: XY 41777 -4671361 -5000205[0m
[00:00:41.785,308] [0m<inf> exp02_logging: XY 41785 -4868838 -4737106[0m
[00:00:41.793,365] [0m<inf> exp02_logging: XY 41793 -3684383 -4868849[0m
[00:00:41.801,361] [0m<inf> exp02_logging: XY 41801 -5000235 -4934425[0m
[00:00:41.809,417] [0m<inf> exp02_logging: XY 41809 -4671271 -3947730[0m
[00:00:41.817,413] [0m<inf> exp02_logging: XY 41817 -4737081 -5000198[0m
[00:00:41.825,439] [0m<inf> exp02_logging: XY 41825 -4868808 -4737067[0m
[00:00:41.833,465] [0m<inf> exp02_logging: XY 41833 -3684603 -4934438[0m
[00:00:41.841,522] [0m<inf> exp02_logging: XY 41841 -5000232 -4868860[0m
[00:00:41.849,517] [0m<inf> exp02_logging: XY 41849 -4605673 -3947760[0m
[00:00:41.857,543] [0m<inf> exp02_logging: XY 41857 -4737212 -4934654[0m
[00:00:41.865,570] [0m<inf> exp02_logging: XY 41865 -4868785 -4737043[0m
[00:00:41.873,626] [0m<inf> exp02_logging: XY 41873 -3816013 -4934492[0m
[00:00:41.881,622] [0m<inf> exp02_logging: XY 41881 -5000227 -4868839[0m
[00:00:41.889,648] [0m<inf> exp02_logging: XY 41889 -4605575 -4013439[0m
[00:00:41.897,674] [0m<inf> exp02_logging: XY 41897 -4802935 -4934645[0m
[00:00:41.905,700] [0m<inf> exp02_logging: XY 41905 -4868754 -4671471[0m
[00:00:41.913,726] [0m<inf> exp02_logging: XY 41913 -3881790 -4934540[0m
[00:00:41.921,752] [0m<inf> exp02_logging: XY 41921 -5000225 -4868813[0m
[00:00:41.929,779] [0m<inf> exp02_logging: XY 41929 -4605445 -4013522[0m
[00:00:41.937,805] [0m<inf> exp02_logging: XY 41937 -4803068 -4934639[0m
[00:00:41.945,831] [0m<inf> exp02_logging: XY 41945 -4868731 -4671446[0m
[00:00:41.953,887] [0m<inf> exp02_logging: XY 41953 -3947614 -4934582[0m
[00:00:41.961,883] [0m<inf> exp02_logging: XY 41961 -5000224 -4868796[0m
[00:00:41.969,940] [0m<inf> exp02_logging: XY 41969 -4539725 -4079224[0m
[00:00:41.977,935] [0m<inf> exp02_logging: XY 41977 -4868734 -4934634[0m
[00:00:41.985,992] [0m<inf> exp02_logging: XY 41985 -4868709 -4671394[0m
[00:00:41.993,988] [0m<inf> exp02_logging: XY 41993 -4013390 -4934619[0m
[00:00:42.002,044] [0m<inf> exp02_logging: XY 42002 -5000215 -4868766[0m
[00:00:42.010,040] [0m<inf> exp02_logging: XY 42010 -4474018 -4079348[0m
[00:00:42.018,096] [0m<inf> exp02_logging: XY 42018 -4868860 -4934632[0m
[00:00:42.026,092] [0m<inf> exp02_logging: XY 42026 -4868688 -4671341[0m
[00:00:42.034,149] [0m<inf> exp02_logging: XY 42034 -4079242 -4934648[0m
[00:00:42.042,144] [0m<inf> exp02_logging: XY 42042 -5000212 -4868750[0m
[00:00:42.050,201] [0m<inf> exp02_logging: XY 42050 -4408213 -4145105[0m
[00:00:42.058,197] [0m<inf> exp02_logging: XY 42058 -4934508 -4934632[0m
[00:00:42.066,223] [0m<inf> exp02_logging: XY 42066 -4868656 -4671243[0m
[00:00:42.074,249] [0m<inf> exp02_logging: XY 42074 -4145006 -5000203[0m
[00:00:42.082,305] [0m<inf> exp02_logging: XY 42082 -5000199 -4868726[0m
[00:00:42.090,301] [0m<inf> exp02_logging: XY 42090 -4342474 -4210797[0m
[00:00:42.098,358] [0m<inf> exp02_logging: XY 42098 -4934592 -4934624[0m
[00:00:42.106,353] [0m<inf> exp02_logging: XY 42106 -4868628 -4605628[0m
[00:00:42.114,410] [0m<inf> exp02_logging: XY 42114 -4210783 -5000214[0m
[00:00:42.122,406] [0m<inf> exp02_logging: XY 42122 -4934650 -4868708[0m
[00:00:42.130,432] [0m<inf> exp02_logging: XY 42130 -4276636 -4276540[0m
[00:00:42.138,458] [0m<inf> exp02_logging: XY 42138 -5000205 -4934620[0m
[00:00:42.146,484] [0m<inf> exp02_logging: XY 42146 -4803050 -4605491[0m
[00:00:42.154,510] [0m<inf> exp02_logging: XY 42154 -4210941 -5000222[0m
[00:00:42.162,536] [0m<inf> exp02_logging: XY 42162 -4934635 -4868685[0m
[00:00:42.170,562] [0m<inf> exp02_logging: XY 42170 -4210913 -4276709[0m
[00:00:42.178,619] [0m<inf> exp02_logging: XY 42178 -5000256 -4934617[0m
[00:00:42.186,614] [0m<inf> exp02_logging: XY 42186 -4803013 -4539844[0m
[00:00:42.194,641] [0m<inf> exp02_logging: XY 42194 -4276673 -5000230[0m
[00:00:42.202,667] [0m<inf> exp02_logging: XY 42202 -4934625 -4868664[0m
[00:00:42.210,693] [0m<inf> exp02_logging: XY 42210 -4144985 -4408090[0m
[00:00:42.218,719] [0m<inf> exp02_logging: XY 42218 -5000299 -4934607[0m
[00:00:42.226,745] [0m<inf> exp02_logging: XY 42226 -4802961 -4539690[0m
[00:00:42.234,771] [0m<inf> exp02_logging: XY 42234 -4342337 -5000229[0m
[00:00:42.242,797] [0m<inf> exp02_logging: XY 42242 -4934607 -4868634[0m
[00:00:42.250,823] [0m<inf> exp02_logging: XY 42250 -4079180 -4408222[0m
[00:00:42.258,850] [0m<inf> exp02_logging: XY 42258 -5000315 -4934595[0m
[00:00:42.266,876] [0m<inf> exp02_logging: XY 42266 -4802921 -4474012[0m
[00:00:42.274,902] [0m<inf> exp02_logging: XY 42274 -4342460 -5000233[0m
[00:00:42.282,928] [0m<inf> exp02_logging: XY 42282 -4934594 -4803067[0m
[00:00:42.290,954] [0m<inf> exp02_logging: XY 42290 -3947683 -4474012[0m
[00:00:42.298,980] [0m<inf> exp02_logging: XY 42298 -5000317 -4934584[0m
[00:00:42.307,006] [0m<inf> exp02_logging: XY 42307 -4802857 -4408289[0m
[00:00:42.315,032] [0m<inf> exp02_logging: XY 42315 -4408136 -5000233[0m
[00:00:42.323,059] [0m<inf> exp02_logging: XY 42323 -4934576 -4803034[0m
[00:00:42.331,085] [0m<inf> exp02_logging: XY 42331 -3881891 -4539746[0m
[00:00:42.339,111] [0m<inf> exp02_logging: XY 42339 -5000315 -4934569[0m
[00:00:42.347,137] [0m<inf> exp02_logging: XY 42347 -4802827 -4408164[0m
[00:00:42.355,163] [0m<inf> exp02_logging: XY 42355 -4408305 -5000233[0m
[00:00:42.363,189] [0m<inf> exp02_logging: XY 42363 -4934558 -4802994[0m
[00:00:42.371,215] [0m<inf> exp02_logging: XY 42371 -3750385 -4605506[0m
[00:00:42.379,241] [0m<inf> exp02_logging: XY 42379 -5000308 -4934558[0m
[00:00:42.387,268] [0m<inf> exp02_logging: XY 42387 -4737232 -4342446[0m
[00:00:42.395,294] [0m<inf> exp02_logging: XY 42395 -4473969 -5000235[0m
[00:00:42.403,320] [0m<inf> exp02_logging: XY 42403 -4934542 -4802951[0m
[00:00:42.411,346] [0m<inf> exp02_logging: XY 42411 -3750164 -4605690[0m
[00:00:42.419,403] [0m<inf> exp02_logging: XY 42419 -5000296 -4934542[0m
[00:00:42.427,398] [0m<inf> exp02_logging: XY 42427 -4737179 -4342273[0m
[00:00:42.435,455] [0m<inf> exp02_logging: XY 42435 -4539654 -5000236[0m
[00:00:42.443,450] [0m<inf> exp02_logging: XY 42443 -4934527 -4802912[0m
[00:00:42.451,507] [0m<inf> exp02_logging: XY 42451 -3618665 -4671430[0m
[00:00:42.459,503] [0m<inf> exp02_logging: XY 42459 -5000285 -4934529[0m
[00:00:42.467,559] [0m<inf> exp02_logging: XY 42467 -4737120 -4276491[0m
[00:00:42.475,555] [0m<inf> exp02_logging: XY 42475 -4539735 -5000234[0m
[00:00:42.483,612] [0m<inf> exp02_logging: XY 42483 -4934513 -4802870[0m
[00:00:42.491,607] [0m<inf> exp02_logging: XY 42491 -3552923 -4737116[0m
[00:00:42.499,664] [0m<inf> exp02_logging: XY 42499 -5000281 -4934516[0m
[00:00:42.507,690] [0m<inf> exp02_logging: XY 42507 -4737068 -4210690[0m
[00:00:42.515,686] [0m<inf> exp02_logging: XY 42515 -4539836 -5000230[0m
[00:00:42.523,712] [0m<inf> exp02_logging: XY 42523 -4934501 -4802832[0m
[00:00:42.531,768] [0m<inf> exp02_logging: XY 42531 -3487171 -4802828[0m
[00:00:42.539,764] [0m<inf> exp02_logging: XY 42539 -5000276 -4934504[0m
[00:00:42.547,821] [0m<inf> exp02_logging: XY 42547 -4671477 -4144941[0m
[00:00:42.555,816] [0m<inf> exp02_logging: XY 42555 -4605462 -5000224[0m
[00:00:42.563,873] [0m<inf> exp02_logging: XY 42563 -4934470 -4737247[0m
[00:00:42.571,868] [0m<inf> exp02_logging: XY 42571 -3487160 -4802957[0m
[00:00:42.579,925] [0m<inf> exp02_logging: XY 42579 -5000273 -4934489[0m
[00:00:42.587,921] [0m<inf> exp02_logging: XY 42587 -4671441 -4079230[0m
[00:00:42.595,947] [0m<inf> exp02_logging: XY 42595 -4605532 -5000221[0m
[00:00:42.603,973] [0m<inf> exp02_logging: XY 42603 -4934452 -4737211[0m
[00:00:42.611,999] [0m<inf> exp02_logging: XY 42611 -3552825 -4868617[0m
[00:00:42.620,025] [0m<inf> exp02_logging: XY 42619 -5000266 -4934479[0m
[00:00:42.628,082] [0m<inf> exp02_logging: XY 42628 -4671392 -4013450[0m
[00:00:42.636,077] [0m<inf> exp02_logging: XY 42636 -4605630 -5000216[0m
[00:00:42.644,134] [0m<inf> exp02_logging: XY 42644 -4934418 -4737164[0m
[00:00:42.652,130] [0m<inf> exp02_logging: XY 42652 -3552859 -4868709[0m
[00:00:42.660,156] [0m<inf> exp02_logging: XY 42660 -5000254 -4934460[0m
[00:00:42.668,182] [0m<inf> exp02_logging: XY 42668 -4671355 -4013323[0m
[00:00:42.676,239] [0m<inf> exp02_logging: XY 42676 -4671280 -5000212[0m
[00:00:42.684,234] [0m<inf> exp02_logging: XY 42684 -4868860 -4737132[0m
[00:00:42.692,291] [0m<inf> exp02_logging: XY 42692 -3618624 -4868801[0m
[00:00:42.700,286] [0m<inf> exp02_logging: XY 42700 -5000244 -4934443[0m
[00:00:42.708,343] [0m<inf> exp02_logging: XY 42708 -4671305 -3947712[0m
[00:00:42.716,339] [0m<inf> exp02_logging: XY 42716 -4671416 -5000203[0m
[00:00:42.724,395] [0m<inf> exp02_logging: XY 42724 -4868830 -4737087[0m
[00:00:42.732,391] [0m<inf> exp02_logging: XY 42732 -3684398 -4868859[0m
[00:00:42.740,447] [0m<inf> exp02_logging: XY 42740 -5000237 -4934417[0m
[00:00:42.748,443] [0m<inf> exp02_logging: XY 42748 -4671266 -3947739[0m
[00:00:42.756,500] [0m<inf> exp02_logging: XY 42756 -4737107 -5000196[0m
[00:00:42.764,495] [0m<inf> exp02_logging: XY 42764 -4868806 -4737065[0m
[00:00:42.772,521] [0m<inf> exp02_logging: XY 42772 -3750397 -4934454[0m
[00:00:42.780,548] [0m<inf> exp02_logging: XY 42780 -5000232 -4868861[0m
[00:00:42.788,604] [0m<inf> exp02_logging: XY 42788 -4605637 -4013322[0m
[00:00:42.796,600] [0m<inf> exp02_logging: XY 42796 -4737270 -4934653[0m
[00:00:42.804,656] [0m<inf> exp02_logging: XY 42804 -4868777 -4737030[0m
[00:00:42.812,652] [0m<inf> exp02_logging: XY 42812 -3816031 -4934508[0m
[00:00:42.820,678] [0m<inf> exp02_logging: XY 42820 -5000228 -4868835[0m
[00:00:42.828,704] [0m<inf> exp02_logging: XY 42828 -4605557 -4013415[0m
[00:00:42.836,761] [0m<inf> exp02_logging: XY 42836 -4802962 -4934648[0m
[00:00:42.844,757] [0m<inf> exp02_logging: XY 42844 -4868755 -4671469[0m
[00:00:42.852,813] [0m<inf> exp02_logging: XY 42852 -3881908 -4934552[0m
[00:00:42.860,809] [0m<inf> exp02_logging: XY 42860 -5000228 -4868811[0m
[00:00:42.868,835] [0m<inf> exp02_logging: XY 42868 -4539848 -4079109[0m
[00:00:42.876,861] [0m<inf> exp02_logging: XY 42876 -4868635 -4934637[0m
[00:00:42.884,887] [0m<inf> exp02_logging: XY 42884 -4868726 -4671428[0m
[00:00:42.892,913] [0m<inf> exp02_logging: XY 42892 -3947753 -4934592[0m
[00:00:42.900,970] [0m<inf> exp02_logging: XY 42900 -5000220 -4868787[0m
[00:00:42.908,966] [0m<inf> exp02_logging: XY 42908 -4539711 -4079250[0m
[00:00:42.917,022] [0m<inf> exp02_logging: XY 42916 -4868762 -4934635[0m
[00:00:42.925,018] [0m<inf> exp02_logging: XY 42924 -4868707 -4671395[0m
[00:00:42.933,044] [0m<inf> exp02_logging: XY 42933 -4013465 -4934622[0m
[00:00:42.941,070] [0m<inf> exp02_logging: XY 42941 -5000218 -4868765[0m
[00:00:42.949,127] [0m<inf> exp02_logging: XY 42949 -4473940 -4144952[0m
[00:00:42.957,122] [0m<inf> exp02_logging: XY 42957 -4934430 -4934633[0m
[00:00:42.965,179] [0m<inf> exp02_logging: XY 42965 -4868678 -4671310[0m
[00:00:42.973,175] [0m<inf> exp02_logging: XY 42973 -4079253 -4934648[0m
[00:00:42.981,201] [0m<inf> exp02_logging: XY 42981 -5000207 -4868737[0m
[00:00:42.989,227] [0m<inf> exp02_logging: XY 42989 -4408207 -4145132[0m
[00:00:42.997,253] [0m<inf> exp02_logging: XY 42997 -4934527 -4934629[0m
[00:00:43.005,279] [0m<inf> exp02_logging: XY 43005 -4868653 -4671244[0m
[00:00:43.013,336] [0m<inf> exp02_logging: XY 43013 -4145054 -5000206[0m
[00:00:43.021,331] [0m<inf> exp02_logging: XY 43021 -5000200 -4868728[0m
[00:00:43.029,388] [0m<inf> exp02_logging: XY 43029 -4342367 -4210834[0m
[00:00:43.037,384] [0m<inf> exp02_logging: XY 43037 -4934611 -4934631[0m
[00:00:43.045,440] [0m<inf> exp02_logging: XY 43045 -4868615 -4605580[0m
[00:00:43.053,436] [0m<inf> exp02_logging: XY 43053 -4210786 -5000220[0m
[00:00:43.061,462] [0m<inf> exp02_logging: XY 43061 -4934647 -4868703[0m
[00:00:43.069,488] [0m<inf> exp02_logging: XY 43069 -4276598 -4276571[0m
[00:00:43.077,545] [0m<inf> exp02_logging: XY 43077 -5000217 -4934619[0m
[00:00:43.085,540] [0m<inf> exp02_logging: XY 43085 -4803043 -4605487[0m
[00:00:43.093,597] [0m<inf> exp02_logging: XY 43093 -4276560 -5000226[0m
[00:00:43.101,562] [0m<inf> exp02_logging: XY 43101 -4934637 -4868690[0m
[00:00:43.109,619] [0m<inf> exp02_logging: XY 43109 -4210747 -4342320[0m
[00:00:43.117,645] [0m<inf> exp02_logging: XY 43117 -5000268 -4934616[0m
[00:00:43.125,701] [0m<inf> exp02_logging: XY 43125 -4802995 -4539793[0m
[00:00:43.133,697] [0m<inf> exp02_logging: XY 43133 -4276701 -5000232[0m
[00:00:43.141,754] [0m<inf> exp02_logging: XY 43141 -4934622 -4868654[0m
[00:00:43.149,749] [0m<inf> exp02_logging: XY 43149 -4144966 -4408092[0m
[00:00:43.157,806] [0m<inf> exp02_logging: XY 43157 -5000304 -4934606[0m
[00:00:43.165,802] [0m<inf> exp02_logging: XY 43165 -4802957 -4539668[0m
[00:00:43.173,828] [0m<inf> exp02_logging: XY 43173 -4342466 -5000235[0m
[00:00:43.181,854] [0m<inf> exp02_logging: XY 43181 -4934606 -4868633[0m
[00:00:43.189,880] [0m<inf> exp02_logging: XY 43189 -4013509 -4473887[0m
[00:00:43.197,906] [0m<inf> exp02_logging: XY 43197 -5000318 -4934593[0m
[00:00:43.205,932] [0m<inf> exp02_logging: XY 43205 -4802906 -4473951[0m
[00:00:43.213,958] [0m<inf> exp02_logging: XY 43213 -4408112 -5000236[0m
[00:00:43.221,984] [0m<inf> exp02_logging: XY 43221 -4934587 -4803061[0m
[00:00:43.230,010] [0m<inf> exp02_logging: XY 43229 -3947712 -4474026[0m
[00:00:43.238,037] [0m<inf> exp02_logging: XY 43238 -5000318 -4934583[0m
[00:00:43.246,063] [0m<inf> exp02_logging: XY 43246 -4802861 -4408276[0m
[00:00:43.254,089] [0m<inf> exp02_logging: XY 43254 -4408204 -5000235[0m
[00:00:43.262,115] [0m<inf> exp02_logging: XY 43262 -4934576 -4803026[0m
[00:00:43.270,141] [0m<inf> exp02_logging: XY 43270 -3881762 -4539813[0m
[00:00:43.278,167] [0m<inf> exp02_logging: XY 43278 -5000315 -4934571[0m
[00:00:43.286,193] [0m<inf> exp02_logging: XY 43286 -4737273 -4408095[0m
[00:00:43.294,219] [0m<inf> exp02_logging: XY 43294 -4473858 -5000240[0m
[00:00:43.302,246] [0m<inf> exp02_logging: XY 43302 -4934557 -4802984[0m
[00:00:43.310,272] [0m<inf> exp02_logging: XY 43310 -3815996 -4605528[0m
[00:00:43.318,298] [0m<inf> exp02_logging: XY 43318 -5000306 -4934558[0m
[00:00:43.326,324] [0m<inf> exp02_logging: XY 43326 -4737221 -4342415[0m
[00:00:43.334,350] [0m<inf> exp02_logging: XY 43334 -4474015 -5000238[0m
[00:00:43.342,376] [0m<inf> exp02_logging: XY 43342 -4934536 -4802947[0m
[00:00:43.350,402] [0m<inf> exp02_logging: XY 43350 -3684420 -4671298[0m
[00:00:43.358,428] [0m<inf> exp02_logging: XY 43358 -5000297 -4934544[0m
[00:00:43.366,455] [0m<inf> exp02_logging: XY 43366 -4737158 -4276660[0m
[00:00:43.374,481] [0m<inf> exp02_logging: XY 43374 -4539661 -5000237[0m
[00:00:43.382,507] [0m<inf> exp02_logging: XY 43382 -4934527 -4802901[0m
[00:00:43.390,533] [0m<inf> exp02_logging: XY 43390 -3618629 -4671468[0m
[00:00:43.398,559] [0m<inf> exp02_logging: XY 43398 -5000288 -4934526[0m
[00:00:43.406,585] [0m<inf> exp02_logging: XY 43406 -4737115 -4210930[0m
[00:00:43.414,642] [0m<inf> exp02_logging: XY 43414 -4539777 -5000237[0m
[00:00:43.422,637] [0m<inf> exp02_logging: XY 43422 -4934515 -4802863[0m
[00:00:43.430,694] [0m<inf> exp02_logging: XY 43430 -3552824 -4737179[0m
[00:00:43.438,690] [0m<inf> exp02_logging: XY 43438 -5000284 -4934514[0m
[00:00:43.446,716] [0m<inf> exp02_logging: XY 43446 -4737050 -4145126[0m
[00:00:43.454,742] [0m<inf> exp02_logging: XY 43454 -4539878 -5000232[0m
[00:00:43.462,799] [0m<inf> exp02_logging: XY 43462 -4934492 -4802818[0m
[00:00:43.470,794] [0m<inf> exp02_logging: XY 43470 -3487174 -4802853[0m
[00:00:43.478,851] [0m<inf> exp02_logging: XY 43478 -5000277 -4934498[0m
[00:00:43.486,846] [0m<inf> exp02_logging: XY 43486 -4671470 -4144947[0m
[00:00:43.494,873] [0m<inf> exp02_logging: XY 43494 -4605513 -5000225[0m
[00:00:43.502,899] [0m<inf> exp02_logging: XY 43502 -4934471 -4737243[0m
[00:00:43.510,955] [0m<inf> exp02_logging: XY 43510 -3487154 -4802999[0m
[00:00:43.518,951] [0m<inf> exp02_logging: XY 43518 -5000269 -4934490[0m
[00:00:43.527,008] [0m<inf> exp02_logging: XY 43526 -4671415 -4079169[0m
[00:00:43.535,003] [0m<inf> exp02_logging: XY 43534 -4605548 -5000222[0m
[00:00:43.543,029] [0m<inf> exp02_logging: XY 43543 -4934440 -4737194[0m
[00:00:43.551,055] [0m<inf> exp02_logging: XY 43551 -3552802 -4868634[0m
[00:00:43.559,082] [0m<inf> exp02_logging: XY 43559 -5000261 -4934475[0m
[00:00:43.567,108] [0m<inf> exp02_logging: XY 43567 -4671383 -4013451[0m
[00:00:43.575,134] [0m<inf> exp02_logging: XY 43575 -4605695 -5000214[0m
[00:00:43.583,160] [0m<inf> exp02_logging: XY 43583 -4934418 -4737156[0m
[00:00:43.591,217] [0m<inf> exp02_logging: XY 43591 -3552924 -4868743[0m
[00:00:43.599,212] [0m<inf> exp02_logging: XY 43599 -5000250 -4934461[0m
[00:00:43.607,269] [0m<inf> exp02_logging: XY 43607 -4671342 -3947730[0m
[00:00:43.615,264] [0m<inf> exp02_logging: XY 43615 -4671309 -5000207[0m
[00:00:43.623,321] [0m<inf> exp02_logging: XY 43623 -4868851 -4737108[0m
[00:00:43.631,317] [0m<inf> exp02_logging: XY 43631 -3618645 -4868808[0m
[00:00:43.639,373] [0m<inf> exp02_logging: XY 43639 -5000243 -4934438[0m
[00:00:43.647,369] [0m<inf> exp02_logging: XY 43647 -4671298 -3947708[0m
[00:00:43.655,426] [0m<inf> exp02_logging: XY 43655 -4671448 -5000202[0m
[00:00:43.663,421] [0m<inf> exp02_logging: XY 43663 -4868828 -4737082[0m
[00:00:43.671,478] [0m<inf> exp02_logging: XY 43671 -3684503 -4934417[0m
[00:00:43.679,473] [0m<inf> exp02_logging: XY 43679 -5000237 -4934415[0m
[00:00:43.687,530] [0m<inf> exp02_logging: XY 43687 -4671240 -3947740[0m
[00:00:43.695,526] [0m<inf> exp02_logging: XY 43695 -4737148 -5000197[0m
[00:00:43.703,582] [0m<inf> exp02_logging: XY 43703 -4868794 -4737050[0m
[00:00:43.711,578] [0m<inf> exp02_logging: XY 43711 -3750275 -4934466[0m
[00:00:43.719,604] [0m<inf> exp02_logging: XY 43719 -5000233 -4868855[0m
[00:00:43.727,630] [0m<inf> exp02_logging: XY 43727 -4605637 -4013329[0m
[00:00:43.735,687] [0m<inf> exp02_logging: XY 43735 -4802839 -4934652[0m
[00:00:43.743,682] [0m<inf> exp02_logging: XY 43743 -4868772 -4737026[0m
[00:00:43.751,708] [0m<inf> exp02_logging: XY 43751 -3881806 -4934520[0m
[00:00:43.759,735] [0m<inf> exp02_logging: XY 43759 -5000229 -4868835[0m
[00:00:43.767,791] [0m<inf> exp02_logging: XY 43767 -4605498 -4013467[0m
[00:00:43.775,787] [0m<inf> exp02_logging: XY 43775 -4803001 -4934648[0m
[00:00:43.783,843] [0m<inf> exp02_logging: XY 43783 -4868743 -4671460[0m
[00:00:43.791,839] [0m<inf> exp02_logging: XY 43791 -3881903 -4934562[0m
[00:00:43.799,865] [0m<inf> exp02_logging: XY 43799 -5000225 -4868806[0m
[00:00:43.807,891] [0m<inf> exp02_logging: XY 43807 -4539847 -4079141[0m
[00:00:43.815,948] [0m<inf> exp02_logging: XY 43815 -4868665 -4934639[0m
[00:00:43.823,944] [0m<inf> exp02_logging: XY 43823 -4868728 -4671436[0m
[00:00:43.832,000] [0m<inf> exp02_logging: XY 43831 -4013328 -4934603[0m
[00:00:43.839,996] [0m<inf> exp02_logging: XY 43839 -5000225 -4868786[0m
[00:00:43.848,052] [0m<inf> exp02_logging: XY 43848 -4474085 -4079262[0m
[00:00:43.856,048] [0m<inf> exp02_logging: XY 43856 -4868803 -4934638[0m
[00:00:43.864,105] [0m<inf> exp02_logging: XY 43864 -4868700 -4671371[0m
[00:00:43.872,100] [0m<inf> exp02_logging: XY 43872 -4013487 -4934626[0m
[00:00:43.880,126] [0m<inf> exp02_logging: XY 43880 -5000215 -4868760[0m
[00:00:43.888,153] [0m<inf> exp02_logging: XY 43888 -4473928 -4144985[0m
[00:00:43.896,209] [0m<inf> exp02_logging: XY 43896 -4934451 -4934635[0m
[00:00:43.904,205] [0m<inf> exp02_logging: XY 43904 -4868677 -4671304[0m
[00:00:43.912,261] [0m<inf> exp02_logging: XY 43912 -4144943 -5000197[0m
[00:00:43.920,257] [0m<inf> exp02_logging: XY 43920 -5000207 -4868739[0m
[00:00:43.928,314] [0m<inf> exp02_logging: XY 43928 -4408102 -4210724[0m
[00:00:43.936,309] [0m<inf> exp02_logging: XY 43936 -4934545 -4934631[0m
[00:00:43.944,366] [0m<inf> exp02_logging: XY 43944 -4868643 -4605664[0m
[00:00:43.952,362] [0m<inf> exp02_logging: XY 43952 -4145103 -5000212[0m
[00:00:43.960,418] [0m<inf> exp02_logging: XY 43960 -5000194 -4868722[0m
[00:00:43.968,414] [0m<inf> exp02_logging: XY 43968 -4342350 -4210857[0m
[00:00:43.976,470] [0m<inf> exp02_logging: XY 43976 -4934633 -4934627[0m
[00:00:43.984,466] [0m<inf> exp02_logging: XY 43984 -4868611 -4605574[0m
[00:00:43.992,523] [0m<inf> exp02_logging: XY 43992 -4210874 -5000219[0m
[00:00:44.000,518] [0m<inf> exp02_logging: XY 44000 -4934645 -4868702[0m
[00:00:44.008,575] [0m<inf> exp02_logging: XY 44008 -4276504 -4276634[0m
[00:00:44.016,571] [0m<inf> exp02_logging: XY 44016 -5000233 -4934622[0m
[00:00:44.024,627] [0m<inf> exp02_logging: XY 44024 -4803029 -4539901[0m
[00:00:44.032,623] [0m<inf> exp02_logging: XY 44032 -4276563 -5000227[0m
[00:00:44.040,679] [0m<inf> exp02_logging: XY 44040 -4934630 -4868677[0m
[00:00:44.048,675] [0m<inf> exp02_logging: XY 44048 -4210723 -4342338[0m
[00:00:44.056,732] [0m<inf> exp02_logging: XY 44056 -5000282 -4934613[0m
[00:00:44.064,727] [0m<inf> exp02_logging: XY 44064 -4802997 -4539783[0m
[00:00:44.072,784] [0m<inf> exp02_logging: XY 44072 -4276705 -5000231[0m
[00:00:44.080,780] [0m<inf> exp02_logging: XY 44080 -4934621 -4868655[0m
[00:00:44.088,836] [0m<inf> exp02_logging: XY 44088 -4079306 -4408133[0m
[00:00:44.096,832] [0m<inf> exp02_logging: XY 44096 -5000311 -4934607[0m
[00:00:44.104,827] [0m<inf> exp02_logging: XY 44104 -4802949 -4474097[0m
[00:00:44.112,884] [0m<inf> exp02_logging: XY 44112 -4342379 -5000236[0m
[00:00:44.120,941] [0m<inf> exp02_logging: XY 44120 -4934600 -4868618[0m
[00:00:44.128,936] [0m<inf> exp02_logging: XY 44128 -4013503 -4473881[0m
[00:00:44.136,993] [0m<inf> exp02_logging: XY 44136 -5000319 -4934591[0m
[00:00:44.144,989] [0m<inf> exp02_logging: XY 44144 -4802897 -4473938[0m
[00:00:44.153,045] [0m<inf> exp02_logging: XY 44153 -4408086 -5000238[0m
[00:00:44.161,041] [0m<inf> exp02_logging: XY 44161 -4934587 -4803055[0m
[00:00:44.169,097] [0m<inf> exp02_logging: XY 44169 -3947570 -4474090[0m
[00:00:44.177,093] [0m<inf> exp02_logging: XY 44177 -5000318 -4934579[0m
[00:00:44.185,089] [0m<inf> exp02_logging: XY 44185 -4802852 -4408261[0m
[00:00:44.193,145] [0m<inf> exp02_logging: XY 44193 -4408221 -5000236[0m
[00:00:44.201,171] [0m<inf> exp02_logging: XY 44201 -4934569 -4803016[0m
[00:00:44.209,197] [0m<inf> exp02_logging: XY 44209 -3816157 -4539822[0m
[00:00:44.217,224] [0m<inf> exp02_logging: XY 44217 -5000316 -4934567[0m
[00:00:44.225,250] [0m<inf> exp02_logging: XY 44225 -4737262 -4408077[0m
[00:00:44.233,276] [0m<inf> exp02_logging: XY 44233 -4473924 -5000237[0m
[00:00:44.241,363] [0m<inf> exp02_logging: XY 44241 -4934556 -4802965[0m
[00:00:44.249,328] [0m<inf> exp02_logging: XY 44249 -3750196 -4605629[0m
[00:00:44.257,354] [0m<inf> exp02_logging: XY 44257 -5000303 -4934558[0m
[00:00:44.265,380] [0m<inf> exp02_logging: XY 44265 -4737201 -4342375[0m
[00:00:44.273,406] [0m<inf> exp02_logging: XY 44273 -4474058 -5000237[0m
[00:00:44.281,433] [0m<inf> exp02_logging: XY 44281 -4934536 -4802931[0m
[00:00:44.289,459] [0m<inf> exp02_logging: XY 44289 -3684403 -4671306[0m
[00:00:44.297,485] [0m<inf> exp02_logging: XY 44297 -5000295 -4934538[0m
[00:00:44.305,511] [0m<inf> exp02_logging: XY 44305 -4737156 -4276650[0m
[00:00:44.313,537] [0m<inf> exp02_logging: XY 44313 -4539710 -5000237[0m
[00:00:44.321,563] [0m<inf> exp02_logging: XY 44321 -4934525 -4802897[0m
[00:00:44.329,589] [0m<inf> exp02_logging: XY 44329 -3553023 -4737057[0m
[00:00:44.337,615] [0m<inf> exp02_logging: XY 44337 -5000290 -4934526[0m
[00:00:44.345,642] [0m<inf> exp02_logging: XY 44345 -4737093 -4210891[0m
[00:00:44.353,668] [0m<inf> exp02_logging: XY 44353 -4539782 -5000238[0m
[00:00:44.361,694] [0m<inf> exp02_logging: XY 44361 -4934509 -4802855[0m
[00:00:44.369,720] [0m<inf> exp02_logging: XY 44369 -3552825 -4737192[0m
[00:00:44.377,746] [0m<inf> exp02_logging: XY 44377 -5000283 -4934512[0m
[00:00:44.385,772] [0m<inf> exp02_logging: XY 44385 -4737050 -4145120[0m
[00:00:44.393,829] [0m<inf> exp02_logging: XY 44393 -4539897 -5000234[0m
[00:00:44.401,824] [0m<inf> exp02_logging: XY 44401 -4934490 -4737280[0m
[00:00:44.409,851] [0m<inf> exp02_logging: XY 44409 -3487217 -4802889[0m
[00:00:44.417,877] [0m<inf> exp02_logging: XY 44417 -5000279 -4934499[0m
[00:00:44.425,933] [0m<inf> exp02_logging: XY 44425 -4671458 -4079341[0m
[00:00:44.433,929] [0m<inf> exp02_logging: XY 44433 -4605479 -5000229[0m
[00:00:44.441,986] [0m<inf> exp02_logging: XY 44441 -4934462 -4737226[0m
[00:00:44.449,981] [0m<inf> exp02_logging: XY 44449 -3487149 -4803017[0m
[00:00:44.458,007] [0m<inf> exp02_logging: XY 44458 -5000269 -4934486[0m
[00:00:44.466,033] [0m<inf> exp02_logging: XY 44466 -4671419 -4079134[0m
[00:00:44.474,090] [0m<inf> exp02_logging: XY 44474 -4605573 -5000221[0m
[00:00:44.482,086] [0m<inf> exp02_logging: XY 44482 -4934439 -4737190[0m
[00:00:44.490,142] [0m<inf> exp02_logging: XY 44490 -3552801 -4868671[0m
[00:00:44.498,138] [0m<inf> exp02_logging: XY 44498 -5000261 -4934475[0m
[00:00:44.506,195] [0m<inf> exp02_logging: XY 44506 -4671375 -4013354[0m
[00:00:44.514,190] [0m<inf> exp02_logging: XY 44514 -4605681 -5000215[0m
[00:00:44.522,247] [0m<inf> exp02_logging: XY 44522 -4934409 -4737143[0m
[00:00:44.530,242] [0m<inf> exp02_logging: XY 44530 -3552957 -4868760[0m
[00:00:44.538,299] [0m<inf> exp02_logging: XY 44538 -5000251 -4934452[0m
[00:00:44.546,295] [0m<inf> exp02_logging: XY 44546 -4671336 -3947711[0m
[00:00:44.554,351] [0m<inf> exp02_logging: XY 44554 -4671336 -5000211[0m
[00:00:44.562,347] [0m<inf> exp02_logging: XY 44562 -4868849 -4737115[0m
[00:00:44.570,373] [0m<inf> exp02_logging: XY 44570 -3618787 -4868835[0m
[00:00:44.578,399] [0m<inf> exp02_logging: XY 44578 -5000241 -4934435[0m
[00:00:44.586,456] [0m<inf> exp02_logging: XY 44586 -4671283 -3947711[0m
[00:00:44.594,451] [0m<inf> exp02_logging: XY 44594 -4737031 -5000202[0m
[00:00:44.602,478] [0m<inf> exp02_logging: XY 44602 -4868817 -4737076[0m
[00:00:44.610,504] [0m<inf> exp02_logging: XY 44610 -3684530 -4934422[0m
[00:00:44.618,530] [0m<inf> exp02_logging: XY 44618 -5000234 -4934410[0m
[00:00:44.626,556] [0m<inf> exp02_logging: XY 44626 -4671237 -3947766[0m
[00:00:44.634,613] [0m<inf> exp02_logging: XY 44634 -4737167 -5000194[0m
[00:00:44.642,608] [0m<inf> exp02_logging: XY 44642 -4868794 -4737055[0m
[00:00:44.650,665] [0m<inf> exp02_logging: XY 44650 -3750395 -4934487[0m
[00:00:44.658,660] [0m<inf> exp02_logging: XY 44658 -5000232 -4868850[0m
[00:00:44.666,687] [0m<inf> exp02_logging: XY 44666 -4605600 -4013366[0m
[00:00:44.674,713] [0m<inf> exp02_logging: XY 44674 -4802887 -4934652[0m
[00:00:44.682,739] [0m<inf> exp02_logging: XY 44682 -4868764 -4671478[0m
[00:00:44.690,765] [0m<inf> exp02_logging: XY 44690 -3881865 -4934529[0m
[00:00:44.698,822] [0m<inf> exp02_logging: XY 44698 -5000230 -4868824[0m
[00:00:44.706,817] [0m<inf> exp02_logging: XY 44706 -4605485 -4013481[0m
[00:00:44.714,874] [0m<inf> exp02_logging: XY 44714 -4803035 -4934642[0m
[00:00:44.722,869] [0m<inf> exp02_logging: XY 44722 -4868743 -4671457[0m
[00:00:44.730,926] [0m<inf> exp02_logging: XY 44730 -3947570 -4934577[0m
[00:00:44.738,922] [0m<inf> exp02_logging: XY 44738 -5000228 -4868803[0m
[00:00:44.746,948] [0m<inf> exp02_logging: XY 44746 -4539764 -4079193[0m
[00:00:44.754,974] [0m<inf> exp02_logging: XY 44754 -4868693 -4934639[0m
[00:00:44.763,031] [0m<inf> exp02_logging: XY 44763 -4868714 -4671414[0m
[00:00:44.771,026] [0m<inf> exp02_logging: XY 44770 -4013328 -4934613[0m
[00:00:44.779,083] [0m<inf> exp02_logging: XY 44779 -5000221 -4868778[0m
[00:00:44.787,078] [0m<inf> exp02_logging: XY 44787 -4474075 -4079331[0m
[00:00:44.795,104] [0m<inf> exp02_logging: XY 44795 -4868830 -4934635[0m
[00:00:44.803,131] [0m<inf> exp02_logging: XY 44803 -4868700 -4671361[0m
[00:00:44.811,187] [0m<inf> exp02_logging: XY 44811 -4079161 -4934644[0m
[00:00:44.819,183] [0m<inf> exp02_logging: XY 44819 -5000216 -4868756[0m
[00:00:44.827,239] [0m<inf> exp02_logging: XY 44827 -4408295 -4145058[0m
[00:00:44.835,235] [0m<inf> exp02_logging: XY 44835 -4934488 -4934634[0m
[00:00:44.843,261] [0m<inf> exp02_logging: XY 44843 -4868662 -4671277[0m
[00:00:44.851,287] [0m<inf> exp02_logging: XY 44851 -4144927 -5000199[0m
[00:00:44.859,313] [0m<inf> exp02_logging: XY 44859 -5000206 -4868737[0m
[00:00:44.867,340] [0m<inf> exp02_logging: XY 44867 -4408108 -4210762[0m
[00:00:44.875,396] [0m<inf> exp02_logging: XY 44875 -4934570 -4934632[0m
[00:00:44.883,392] [0m<inf> exp02_logging: XY 44883 -4868643 -4605660[0m
[00:00:44.891,448] [0m<inf> exp02_logging: XY 44891 -4210723 -5000215[0m
[00:00:44.899,444] [0m<inf> exp02_logging: XY 44899 -5000193 -4868721[0m
[00:00:44.907,470] [0m<inf> exp02_logging: XY 44907 -4276703 -4276487[0m
[00:00:44.915,496] [0m<inf> exp02_logging: XY 44915 -4934650 -4934629[0m
[00:00:44.923,553] [0m<inf> exp02_logging: XY 44923 -4803065 -4605538[0m
[00:00:44.931,549] [0m<inf> exp02_logging: XY 44931 -4210868 -5000223[0m
[00:00:44.939,605] [0m<inf> exp02_logging: XY 44939 -4934641 -4868696[0m
[00:00:44.947,601] [0m<inf> exp02_logging: XY 44947 -4210942 -4276640[0m
[00:00:44.955,627] [0m<inf> exp02_logging: XY 44955 -5000247 -4934621[0m
[00:00:44.963,653] [0m<inf> exp02_logging: XY 44963 -4803033 -4539898[0m
[00:00:44.971,710] [0m<inf> exp02_logging: XY 44971 -4276636 -5000228[0m
[00:00:44.979,705] [0m<inf> exp02_logging: XY 44979 -4934631 -4868675[0m
[00:00:44.987,762] [0m<inf> exp02_logging: XY 44987 -4145067 -4342446[0m
[00:00:44.995,758] [0m<inf> exp02_logging: XY 44995 -5000293 -4934615[0m
[00:00:45.003,814] [0m<inf> exp02_logging: XY 45003 -4802982 -4539727[0m
[00:00:45.011,810] [0m<inf> exp02_logging: XY 45011 -4342309 -5000233[0m
[00:00:45.019,836] [0m<inf> exp02_logging: XY 45019 -4934617 -4868644[0m
[00:00:45.027,862] [0m<inf> exp02_logging: XY 45027 -4079300 -4408173[0m
[00:00:45.035,919] [0m<inf> exp02_logging: XY 45035 -5000317 -4934602[0m
[00:00:45.043,914] [0m<inf> exp02_logging: XY 45043 -4802940 -4474047[0m
[00:00:45.051,971] [0m<inf> exp02_logging: XY 45051 -4342454 -5000236[0m
[00:00:45.059,967] [0m<inf> exp02_logging: XY 45059 -4934600 -4868614[0m
[00:00:45.067,993] [0m<inf> exp02_logging: XY 45067 -4013443 -4473948[0m
[00:00:45.076,019] [0m<inf> exp02_logging: XY 45075 -5000321 -4934592[0m
[00:00:45.084,045] [0m<inf> exp02_logging: XY 45084 -4802880 -4473864[0m
[00:00:45.092,071] [0m<inf> exp02_logging: XY 45092 -4408156 -5000238[0m
[00:00:45.100,128] [0m<inf> exp02_logging: XY 45100 -4934580 -4803042[0m
[00:00:45.108,123] [0m<inf> exp02_logging: XY 45108 -3881984 -4539672[0m
[00:00:45.116,180] [0m<inf> exp02_logging: XY 45116 -5000318 -4934576[0m
[00:00:45.124,176] [0m<inf> exp02_logging: XY 45124 -4802837 -4408204[0m
[00:00:45.132,232] [0m<inf> exp02_logging: XY 45132 -4408281 -5000237[0m
[00:00:45.140,228] [0m<inf> exp02_logging: XY 45140 -4934571 -4803009[0m
[00:00:45.148,284] [0m<inf> exp02_logging: XY 45148 -3816027 -4539898[0m
[00:00:45.156,280] [0m<inf> exp02_logging: XY 45156 -5000313 -4934569[0m
[00:00:45.164,337] [0m<inf> exp02_logging: XY 45164 -4737249 -4342466[0m
[00:00:45.172,332] [0m<inf> exp02_logging: XY 45172 -4473920 -5000239[0m
[00:00:45.180,389] [0m<inf> exp02_logging: XY 45180 -4934546 -4802963[0m
[00:00:45.188,385] [0m<inf> exp02_logging: XY 45188 -3750169 -4605631[0m
[00:00:45.196,411] [0m<inf> exp02_logging: XY 45196 -5000303 -4934551[0m
[00:00:45.204,437] [0m<inf> exp02_logging: XY 45204 -4737194 -4342323[0m
[00:00:45.212,463] [0m<inf> exp02_logging: XY 45212 -4474069 -5000240[0m
[00:00:45.220,489] [0m<inf> exp02_logging: XY 45220 -4934535 -4802931[0m
[00:00:45.228,515] [0m<inf> exp02_logging: XY 45228 -3618735 -4671381[0m
[00:00:45.236,541] [0m<inf> exp02_logging: XY 45236 -5000295 -4934537[0m
[00:00:45.244,567] [0m<inf> exp02_logging: XY 45244 -4737135 -4276572[0m
[00:00:45.252,593] [0m<inf> exp02_logging: XY 45252 -4539723 -5000238[0m
[00:00:45.260,620] [0m<inf> exp02_logging: XY 45260 -4934520 -4802884[0m
[00:00:45.268,646] [0m<inf> exp02_logging: XY 45268 -3552969 -4737061[0m
[00:00:45.276,672] [0m<inf> exp02_logging: XY 45276 -5000287 -4934520[0m
[00:00:45.284,667] [0m<inf> exp02_logging: XY 45284 -4737087 -4210814[0m
[00:00:45.292,724] [0m<inf> exp02_logging: XY 45292 -4539833 -5000234[0m
[00:00:45.300,750] [0m<inf> exp02_logging: XY 45300 -4934505 -4802844[0m
[00:00:45.308,776] [0m<inf> exp02_logging: XY 45308 -3487196 -4737255[0m
[00:00:45.316,802] [0m<inf> exp02_logging: XY 45316 -5000279 -4934507[0m
[00:00:45.324,829] [0m<inf> exp02_logging: XY 45324 -4671488 -4145055[0m
[00:00:45.332,855] [0m<inf> exp02_logging: XY 45332 -4605442 -5000230[0m
[00:00:45.340,881] [0m<inf> exp02_logging: XY 45340 -4934480 -4737260[0m
[00:00:45.348,907] [0m<inf> exp02_logging: XY 45348 -3487103 -4802918[0m
[00:00:45.356,933] [0m<inf> exp02_logging: XY 45356 -5000274 -4934495[0m
[00:00:45.364,959] [0m<inf> exp02_logging: XY 45364 -4671453 -4079283[0m
[00:00:45.372,985] [0m<inf> exp02_logging: XY 45372 -4605521 -5000226[0m
[00:00:45.381,011] [0m<inf> exp02_logging: XY 45380 -4934459 -4737219[0m
[00:00:45.389,038] [0m<inf> exp02_logging: XY 45389 -3487198 -4803043[0m
[00:00:45.397,064] [0m<inf> exp02_logging: XY 45397 -5000266 -4934484[0m
[00:00:45.405,090] [0m<inf> exp02_logging: XY 45405 -4671394 -4013490[0m
[00:00:45.413,116] [0m<inf> exp02_logging: XY 45413 -4605686 -5000220[0m
[00:00:45.421,173] [0m<inf> exp02_logging: XY 45421 -4934428 -4737175[0m
[00:00:45.429,168] [0m<inf> exp02_logging: XY 45429 -3552831 -4868692[0m
[00:00:45.437,225] [0m<inf> exp02_logging: XY 45437 -5000255 -4934467[0m
[00:00:45.445,220] [0m<inf> exp02_logging: XY 45445 -4671367 -3947776[0m
[00:00:45.453,277] [0m<inf> exp02_logging: XY 45453 -4671248 -5000211[0m
[00:00:45.461,273] [0m<inf> exp02_logging: XY 45461 -4934404 -4737141[0m
[00:00:45.469,299] [0m<inf> exp02_logging: XY 45469 -3618681 -4868790[0m
[00:00:45.477,325] [0m<inf> exp02_logging: XY 45477 -5000250 -4934450[0m
[00:00:45.485,382] [0m<inf> exp02_logging: XY 45485 -4671313 -3947687[0m
[00:00:45.493,377] [0m<inf> exp02_logging: XY 45493 -4671379 -5000209[0m
[00:00:45.501,403] [0m<inf> exp02_logging: XY 45501 -4868836 -4737101[0m
[00:00:45.509,429] [0m<inf> exp02_logging: XY 45509 -3618779 -4868854[0m
[00:00:45.517,486] [0m<inf> exp02_logging: XY 45517 -5000239 -4934427[0m
[00:00:45.525,482] [0m<inf> exp02_logging: XY 45525 -4671278 -3947737[0m
[00:00:45.533,538] [0m<inf> exp02_logging: XY 45533 -4737075 -5000203[0m
[00:00:45.541,534] [0m<inf> exp02_logging: XY 45541 -4868813 -4737073[0m
[00:00:45.549,591] [0m<inf> exp02_logging: XY 45549 -3750189 -4934452[0m
[00:00:45.557,586] [0m<inf> exp02_logging: XY 45557 -5000235 -4934407[0m
[00:00:45.565,612] [0m<inf> exp02_logging: XY 45565 -4605664 -3947740[0m
[00:00:45.573,638] [0m<inf> exp02_logging: XY 45573 -4802821 -5000194[0m
[00:00:45.581,695] [0m<inf> exp02_logging: XY 45581 -4868783 -4737041[0m
[00:00:45.589,691] [0m<inf> exp02_logging: XY 45589 -3815982 -4934496[0m
[00:00:45.597,747] [0m<inf> exp02_logging: XY 45597 -5000231 -4868840[0m
[00:00:45.605,743] [0m<inf> exp02_logging: XY 45605 -4605573 -4013406[0m
[00:00:45.613,769] [0m<inf> exp02_logging: XY 45613 -4802968 -4934648[0m
[00:00:45.621,795] [0m<inf> exp02_logging: XY 45621 -4868758 -4671477[0m
[00:00:45.629,852] [0m<inf> exp02_logging: XY 45629 -3881824 -4934549[0m
[00:00:45.637,847] [0m<inf> exp02_logging: XY 45637 -5000229 -4868823[0m
[00:00:45.645,904] [0m<inf> exp02_logging: XY 45645 -4539882 -4013553[0m
[00:00:45.653,900] [0m<inf> exp02_logging: XY 45653 -4868618 -4934642[0m
[00:00:45.661,926] [0m<inf> exp02_logging: XY 45661 -4868730 -4671439[0m
[00:00:45.669,952] [0m<inf> exp02_logging: XY 45669 -3947710 -4934590[0m
[00:00:45.678,009] [0m<inf> exp02_logging: XY 45677 -5000225 -4868793[0m
[00:00:45.686,004] [0m<inf> exp02_logging: XY 45685 -4539733 -4079248[0m
[00:00:45.694,061] [0m<inf> exp02_logging: XY 45694 -4868748 -4934640[0m
[00:00:45.702,056] [0m<inf> exp02_logging: XY 45702 -4868715 -4671406[0m
[00:00:45.710,113] [0m<inf> exp02_logging: XY 45710 -4013493 -4934620[0m
[00:00:45.718,109] [0m<inf> exp02_logging: XY 45718 -5000223 -4868776[0m
[00:00:45.726,165] [0m<inf> exp02_logging: XY 45726 -4473964 -4144909[0m
[00:00:45.734,161] [0m<inf> exp02_logging: XY 45734 -4934415 -4934638[0m
[00:00:45.742,187] [0m<inf> exp02_logging: XY 45742 -4868683 -4671325[0m
[00:00:45.750,213] [0m<inf> exp02_logging: XY 45750 -4079344 -4934649[0m
[00:00:45.758,270] [0m<inf> exp02_logging: XY 45758 -5000212 -4868747[0m
[00:00:45.766,265] [0m<inf> exp02_logging: XY 45766 -4408255 -4145090[0m
[00:00:45.774,322] [0m<inf> exp02_logging: XY 45774 -4934518 -4934634[0m
[00:00:45.782,318] [0m<inf> exp02_logging: XY 45782 -4868661 -4671255[0m
[00:00:45.790,374] [0m<inf> exp02_logging: XY 45790 -4145053 -5000210[0m
[00:00:45.798,370] [0m<inf> exp02_logging: XY 45798 -5000204 -4868729[0m
[00:00:45.806,396] [0m<inf> exp02_logging: XY 45806 -4342370 -4210794[0m
[00:00:45.814,422] [0m<inf> exp02_logging: XY 45814 -4934601 -4934634[0m
[00:00:45.822,448] [0m<inf> exp02_logging: XY 45822 -4868626 -4605603[0m
[00:00:45.830,474] [0m<inf> exp02_logging: XY 45830 -4210856 -5000223[0m
[00:00:45.838,531] [0m<inf> exp02_logging: XY 45838 -4934653 -4868710[0m
[00:00:45.846,527] [0m<inf> exp02_logging: XY 45846 -4276626 -4276514[0m
[00:00:45.854,583] [0m<inf> exp02_logging: XY 45854 -5000211 -4934627[0m
[00:00:45.862,579] [0m<inf> exp02_logging: XY 45862 -4803059 -4605508[0m
[00:00:45.870,635] [0m<inf> exp02_logging: XY 45870 -4276511 -5000228[0m
[00:00:45.878,631] [0m<inf> exp02_logging: XY 45878 -4934640 -4868687[0m
[00:00:45.886,657] [0m<inf> exp02_logging: XY 45886 -4210798 -4342281[0m
[00:00:45.894,683] [0m<inf> exp02_logging: XY 45894 -5000266 -4934619[0m
[00:00:45.902,740] [0m<inf> exp02_logging: XY 45902 -4803006 -4539812[0m
[00:00:45.910,705] [0m<inf> exp02_logging: XY 45910 -4276678 -5000229[0m
[00:00:45.918,792] [0m<inf> exp02_logging: XY 45918 -4934625 -4868663[0m
[00:00:45.926,788] [0m<inf> exp02_logging: XY 45926 -4145016 -4342508[0m
[00:00:45.934,814] [0m<inf> exp02_logging: XY 45934 -5000307 -4934610[0m
[00:00:45.942,840] [0m<inf> exp02_logging: XY 45942 -4802967 -4539681[0m
[00:00:45.950,897] [0m<inf> exp02_logging: XY 45950 -4342362 -5000235[0m
[00:00:45.958,892] [0m<inf> exp02_logging: XY 45958 -4934611 -4868639[0m
[00:00:45.966,918] [0m<inf> exp02_logging: XY 45966 -4079155 -4408224[0m
[00:00:45.974,945] [0m<inf> exp02_logging: XY 45974 -5000320 -4934595[0m
[00:00:45.982,971] [0m<inf> exp02_logging: XY 45982 -4802906 -4473944[0m
[00:00:45.990,997] [0m<inf> exp02_logging: XY 45990 -4408130 -5000236[0m
[00:00:45.999,053] [0m<inf> exp02_logging: XY 45999 -4934590 -4803066[0m
[00:00:46.007,049] [0m<inf> exp02_logging: XY 46007 -3947732 -4473980[0m
[00:00:46.015,106] [0m<inf> exp02_logging: XY 46015 -5000322 -4934584[0m
[00:00:46.023,101] [0m<inf> exp02_logging: XY 46023 -4802870 -4408289[0m
[00:00:46.031,158] [0m<inf> exp02_logging: XY 46031 -4408198 -5000240[0m
[00:00:46.039,154] [0m<inf> exp02_logging: XY 46039 -4934577 -4803034[0m
[00:00:46.047,180] [0m<inf> exp02_logging: XY 46047 -3881761 -4539777[0m
[00:00:46.055,206] [0m<inf> exp02_logging: XY 46055 -5000318 -4934573[0m
[00:00:46.063,232] [0m<inf> exp02_logging: XY 46063 -4737274 -4408097[0m
[00:00:46.071,258] [0m<inf> exp02_logging: XY 46071 -4408314 -5000240[0m
[00:00:46.079,284] [0m<inf> exp02_logging: XY 46079 -4934557 -4802989[0m
[00:00:46.087,310] [0m<inf> exp02_logging: XY 46087 -3815954 -4605502[0m
[00:00:46.095,367] [0m<inf> exp02_logging: XY 46095 -5000309 -4934560[0m
[00:00:46.103,363] [0m<inf> exp02_logging: XY 46103 -4737234 -4342406[0m
[00:00:46.111,419] [0m<inf> exp02_logging: XY 46111 -4474003 -5000237[0m
[00:00:46.119,415] [0m<inf> exp02_logging: XY 46119 -4934545 -4802949[0m
[00:00:46.127,471] [0m<inf> exp02_logging: XY 46127 -3684410 -4671267[0m
[00:00:46.135,467] [0m<inf> exp02_logging: XY 46135 -5000298 -4934545[0m
[00:00:46.143,524] [0m<inf> exp02_logging: XY 46143 -4737162 -4276647[0m
[00:00:46.151,519] [0m<inf> exp02_logging: XY 46151 -4539668 -5000239[0m
[00:00:46.159,545] [0m<inf> exp02_logging: XY 46159 -4934531 -4802907[0m
[00:00:46.167,572] [0m<inf> exp02_logging: XY 46167 -3618642 -4671454[0m
[00:00:46.175,628] [0m<inf> exp02_logging: XY 46175 -5000289 -4934531[0m
[00:00:46.183,624] [0m<inf> exp02_logging: XY 46183 -4737110 -4210932[0m
[00:00:46.191,650] [0m<inf> exp02_logging: XY 46191 -4539770 -5000241[0m
[00:00:46.199,676] [0m<inf> exp02_logging: XY 46199 -4934516 -4802870[0m
[00:00:46.207,702] [0m<inf> exp02_logging: XY 46207 -3552823 -4737179[0m
[00:00:46.215,728] [0m<inf> exp02_logging: XY 46215 -5000285 -4934518[0m
[00:00:46.223,754] [0m<inf> exp02_logging: XY 46223 -4737052 -4210733[0m
[00:00:46.231,781] [0m<inf> exp02_logging: XY 46231 -4539859 -5000235[0m
[00:00:46.239,807] [0m<inf> exp02_logging: XY 46239 -4934492 -4802819[0m
[00:00:46.247,833] [0m<inf> exp02_logging: XY 46247 -3487158 -4802847[0m
[00:00:46.255,859] [0m<inf> exp02_logging: XY 46255 -5000276 -4934501[0m
[00:00:46.263,885] [0m<inf> exp02_logging: XY 46263 -4671480 -4144956[0m
[00:00:46.271,911] [0m<inf> exp02_logging: XY 46271 -4605492 -5000228[0m
[00:00:46.279,937] [0m<inf> exp02_logging: XY 46279 -4934471 -4737240[0m
[00:00:46.287,963] [0m<inf> exp02_logging: XY 46287 -3552798 -4802996[0m
[00:00:46.295,989] [0m<inf> exp02_logging: XY 46295 -5000273 -4934492[0m
[00:00:46.304,016] [0m<inf> exp02_logging: XY 46304 -4671423 -4079193[0m
[00:00:46.312,042] [0m<inf> exp02_logging: XY 46312 -4605544 -5000225[0m
[00:00:46.320,068] [0m<inf> exp02_logging: XY 46320 -4934441 -4737194[0m
[00:00:46.328,094] [0m<inf> exp02_logging: XY 46328 -3487219 -4868643[0m
[00:00:46.336,120] [0m<inf> exp02_logging: XY 46336 -5000262 -4934474[0m
[00:00:46.344,146] [0m<inf> exp02_logging: XY 46344 -4671378 -4013410[0m
[00:00:46.352,172] [0m<inf> exp02_logging: XY 46352 -4605661 -5000217[0m
[00:00:46.360,198] [0m<inf> exp02_logging: XY 46360 -4934420 -4737157[0m
[00:00:46.368,225] [0m<inf> exp02_logging: XY 46368 -3552931 -4868747[0m
[00:00:46.376,251] [0m<inf> exp02_logging: XY 46376 -5000254 -4934458[0m
[00:00:46.384,307] [0m<inf> exp02_logging: XY 46384 -4671326 -3947715[0m
[00:00:46.392,303] [0m<inf> exp02_logging: XY 46392 -4671301 -5000213[0m
[00:00:46.400,360] [0m<inf> exp02_logging: XY 46400 -4868852 -4737118[0m
[00:00:46.408,355] [0m<inf> exp02_logging: XY 46408 -3618664 -4868820[0m
[00:00:46.416,381] [0m<inf> exp02_logging: XY 46416 -5000246 -4934436[0m
[00:00:46.424,407] [0m<inf> exp02_logging: XY 46424 -4671294 -3947714[0m
[00:00:46.432,434] [0m<inf> exp02_logging: XY 46432 -4737058 -5000207[0m
[00:00:46.440,460] [0m<inf> exp02_logging: XY 46440 -4868826 -4737082[0m
[00:00:46.448,486] [0m<inf> exp02_logging: XY 46448 -3684544 -4934421[0m
[00:00:46.456,512] [0m<inf> exp02_logging: XY 46456 -5000236 -4934418[0m
[00:00:46.464,569] [0m<inf> exp02_logging: XY 46464 -4671235 -3947731[0m
[00:00:46.472,564] [0m<inf> exp02_logging: XY 46472 -4737162 -5000199[0m
[00:00:46.480,621] [0m<inf> exp02_logging: XY 46480 -4868796 -4737049[0m
[00:00:46.488,616] [0m<inf> exp02_logging: XY 46488 -3750329 -4934476[0m
[00:00:46.496,673] [0m<inf> exp02_logging: XY 46496 -5000237 -4868851[0m
[00:00:46.504,669] [0m<inf> exp02_logging: XY 46504 -4605618 -4013351[0m
[00:00:46.512,725] [0m<inf> exp02_logging: XY 46512 -4802866 -4934654[0m
[00:00:46.520,721] [0m<inf> exp02_logging: XY 46520 -4868771 -4671487[0m
[00:00:46.528,778] [0m<inf> exp02_logging: XY 46528 -3816185 -4934524[0m
[00:00:46.536,773] [0m<inf> exp02_logging: XY 46536 -5000230 -4868829[0m
[00:00:46.544,799] [0m<inf> exp02_logging: XY 46544 -4605484 -4013465[0m
[00:00:46.552,825] [0m<inf> exp02_logging: XY 46552 -4803018 -4934646[0m
[00:00:46.560,852] [0m<inf> exp02_logging: XY 46560 -4868742 -4671448[0m
[00:00:46.568,878] [0m<inf> exp02_logging: XY 46568 -3881964 -4934570[0m
[00:00:46.576,934] [0m<inf> exp02_logging: XY 46576 -5000227 -4868805[0m
[00:00:46.584,930] [0m<inf> exp02_logging: XY 46584 -4539811 -4079163[0m
[00:00:46.592,956] [0m<inf> exp02_logging: XY 46592 -4868686 -4934639[0m
[00:00:46.600,982] [0m<inf> exp02_logging: XY 46600 -4868722 -4671425[0m
[00:00:46.609,008] [0m<inf> exp02_logging: XY 46609 -4013400 -4934608[0m
[00:00:46.617,034] [0m<inf> exp02_logging: XY 46617 -5000223 -4868782[0m
[00:00:46.625,091] [0m<inf> exp02_logging: XY 46625 -4474038 -4079300[0m
[00:00:46.633,087] [0m<inf> exp02_logging: XY 46633 -4868814 -4934638[0m
[00:00:46.641,113] [0m<inf> exp02_logging: XY 46641 -4868700 -4671355[0m
[00:00:46.649,139] [0m<inf> exp02_logging: XY 46649 -4079172 -4934637[0m
[00:00:46.657,165] [0m<inf> exp02_logging: XY 46657 -5000216 -4868754[0m
[00:00:46.665,191] [0m<inf> exp02_logging: XY 46665 -4473864 -4144981[0m
[00:00:46.673,248] [0m<inf> exp02_logging: XY 46673 -4934470 -4934635[0m
[00:00:46.681,243] [0m<inf> exp02_logging: XY 46681 -4868676 -4671284[0m
[00:00:46.689,270] [0m<inf> exp02_logging: XY 46689 -4144922 -5000200[0m
[00:00:46.697,296] [0m<inf> exp02_logging: XY 46697 -5000209 -4868744[0m
[00:00:46.705,322] [0m<inf> exp02_logging: XY 46705 -4342506 -4210699[0m
[00:00:46.713,348] [0m<inf> exp02_logging: XY 46713 -4934570 -4934637[0m
[00:00:46.721,374] [0m<inf> exp02_logging: XY 46721 -4868636 -4605638[0m
[00:00:46.729,400] [0m<inf> exp02_logging: XY 46729 -4210799 -5000219[0m
[00:00:46.737,426] [0m<inf> exp02_logging: XY 46737 -5000198 -4868712[0m
[00:00:46.745,452] [0m<inf> exp02_logging: XY 46745 -4276720 -4210875[0m
[00:00:46.753,509] [0m<inf> exp02_logging: XY 46753 -5000194 -4934627[0m
[00:00:46.761,505] [0m<inf> exp02_logging: XY 46761 -4868610 -4605526[0m
[00:00:46.769,561] [0m<inf> exp02_logging: XY 46769 -4210899 -5000227[0m
[00:00:46.777,557] [0m<inf> exp02_logging: XY 46777 -4934648 -4868698[0m
[00:00:46.785,583] [0m<inf> exp02_logging: XY 46785 -4210801 -4276593[0m
[00:00:46.793,609] [0m<inf> exp02_logging: XY 46793 -5000256 -4934626[0m
[00:00:46.801,666] [0m<inf> exp02_logging: XY 46801 -4803020 -4539837[0m
[00:00:46.809,661] [0m<inf> exp02_logging: XY 46809 -4276588 -5000234[0m
[00:00:46.817,718] [0m<inf> exp02_logging: XY 46817 -4934630 -4868671[0m
[00:00:46.825,714] [0m<inf> exp02_logging: XY 46825 -4145033 -4342346[0m
[00:00:46.833,740] [0m<inf> exp02_logging: XY 46833 -5000298 -4934616[0m
[00:00:46.841,766] [0m<inf> exp02_logging: XY 46841 -4802986 -4539697[0m
[00:00:46.849,792] [0m<inf> exp02_logging: XY 46849 -4342443 -5000236[0m
[00:00:46.857,818] [0m<inf> exp02_logging: XY 46857 -4934618 -4868646[0m
[00:00:46.865,875] [0m<inf> exp02_logging: XY 46865 -4079147 -4408144[0m
[00:00:46.873,870] [0m<inf> exp02_logging: XY 46873 -5000322 -4934608[0m
[00:00:46.881,927] [0m<inf> exp02_logging: XY 46881 -4802921 -4473977[0m
[00:00:46.889,923] [0m<inf> exp02_logging: XY 46889 -4342431 -5000242[0m
[00:00:46.897,949] [0m<inf> exp02_logging: XY 46897 -4934601 -4868615[0m
[00:00:46.905,975] [0m<inf> exp02_logging: XY 46905 -4013392 -4473925[0m
[00:00:46.914,031] [0m<inf> exp02_logging: XY 46914 -5000324 -4934591[0m
[00:00:46.922,027] [0m<inf> exp02_logging: XY 46921 -4802890 -4473887[0m
[00:00:46.930,053] [0m<inf> exp02_logging: XY 46930 -4408108 -5000239[0m
[00:00:46.938,079] [0m<inf> exp02_logging: XY 46938 -4934585 -4803055[0m
[00:00:46.946,136] [0m<inf> exp02_logging: XY 46946 -3881963 -4539729[0m
[00:00:46.954,132] [0m<inf> exp02_logging: XY 46954 -5000317 -4934581[0m
[00:00:46.962,158] [0m<inf> exp02_logging: XY 46962 -4802841 -4408222[0m
[00:00:46.970,184] [0m<inf> exp02_logging: XY 46970 -4408275 -5000239[0m
[00:00:46.978,210] [0m<inf> exp02_logging: XY 46978 -4934566 -4803015[0m
[00:00:46.986,236] [0m<inf> exp02_logging: XY 46986 -3816178 -4605487[0m
[00:00:46.994,232] [0m<inf> exp02_logging: XY 46994 -5000313 -4934567[0m
[00:00:47.002,288] [0m<inf> exp02_logging: XY 47002 -4737273 -4408119[0m
[00:00:47.010,314] [0m<inf> exp02_logging: XY 47010 -4473993 -5000234[0m
[00:00:47.018,341] [0m<inf> exp02_logging: XY 47018 -4934550 -4802979[0m
[00:00:47.026,397] [0m<inf> exp02_logging: XY 47026 -3750312 -4671282[0m
[00:00:47.034,393] [0m<inf> exp02_logging: XY 47034 -5000296 -4934551[0m
[00:00:47.042,419] [0m<inf> exp02_logging: XY 47042 -4737214 -4342439[0m
[00:00:47.050,445] [0m<inf> exp02_logging: XY 47050 -4474104 -5000231[0m
[00:00:47.058,471] [0m<inf> exp02_logging: XY 47058 -4934536 -4802941[0m
[00:00:47.066,497] [0m<inf> exp02_logging: XY 47066 -3684595 -4671462[0m
[00:00:47.074,554] [0m<inf> exp02_logging: XY 47074 -5000285 -4934529[0m
[00:00:47.082,550] [0m<inf> exp02_logging: XY 47082 -4737181 -4342331[0m
[00:00:47.090,576] [0m<inf> exp02_logging: XY 47090 -4539772 -5000231[0m
[00:00:47.098,602] [0m<inf> exp02_logging: XY 47098 -4934518 -4802912[0m
[00:00:47.106,628] [0m<inf> exp02_logging: XY 47106 -3684420 -4737203[0m
[00:00:47.114,654] [0m<inf> exp02_logging: XY 47114 -5000277 -4934517[0m
[00:00:47.122,711] [0m<inf> exp02_logging: XY 47122 -4737129 -4276620[0m
[00:00:47.130,706] [0m<inf> exp02_logging: XY 47130 -4539855 -5000230[0m
[00:00:47.138,732] [0m<inf> exp02_logging: XY 47138 -4934505 -4802874[0m
[00:00:47.146,759] [0m<inf> exp02_logging: XY 47146 -3618756 -4802884[0m
[00:00:47.154,815] [0m<inf> exp02_logging: XY 47154 -5000268 -4934504[0m
[00:00:47.162,811] [0m<inf> exp02_logging: XY 47162 -4737099 -4276510[0m
[00:00:47.170,837] [0m<inf> exp02_logging: XY 47170 -4605475 -5000224[0m
[00:00:47.178,863] [0m<inf> exp02_logging: XY 47178 -4934482 -4802836[0m
[00:00:47.186,889] [0m<inf> exp02_logging: XY 47186 -3618756 -4803016[0m
[00:00:47.194,915] [0m<inf> exp02_logging: XY 47194 -5000261 -4934496[0m
[00:00:47.202,941] [0m<inf> exp02_logging: XY 47202 -4737063 -4210796[0m
[00:00:47.210,968] [0m<inf> exp02_logging: XY 47210 -4605568 -5000212[0m
[00:00:47.218,994] [0m<inf> exp02_logging: XY 47218 -4934457 -4737267[0m
[00:00:47.227,020] [0m<inf> exp02_logging: XY 47226 -3684532 -4868658[0m
[00:00:47.235,046] [0m<inf> exp02_logging: XY 47235 -5000252 -4934483[0m
[00:00:47.243,072] [0m<inf> exp02_logging: XY 47243 -4737044 -4145104[0m
[00:00:47.251,098] [0m<inf> exp02_logging: XY 47251 -4605679 -5000205[0m
[00:00:47.259,124] [0m<inf> exp02_logging: XY 47259 -4934433 -4737239[0m
[00:00:47.267,150] [0m<inf> exp02_logging: XY 47267 -3750253 -4868771[0m
[00:00:47.275,177] [0m<inf> exp02_logging: XY 47275 -5000241 -4934466[0m
[00:00:47.283,203] [0m<inf> exp02_logging: XY 47283 -4671469 -4144966[0m
[00:00:47.291,229] [0m<inf> exp02_logging: XY 47291 -4671331 -5000197[0m
[00:00:47.299,255] [0m<inf> exp02_logging: XY 47299 -4934402 -4737207[0m
[00:00:47.307,281] [0m<inf> exp02_logging: XY 47307 -3750345 -4868812[0m
[00:00:47.315,307] [0m<inf> exp02_logging: XY 47315 -5000229 -4934449[0m
[00:00:47.323,333] [0m<inf> exp02_logging: XY 47323 -4671448 -4144985[0m
[00:00:47.331,359] [0m<inf> exp02_logging: XY 47331 -4737027 -5000196[0m
[00:00:47.339,385] [0m<inf> exp02_logging: XY 47339 -4868842 -4737188[0m
[00:00:47.347,412] [0m<inf> exp02_logging: XY 47347 -3816183 -4934401[0m
[00:00:47.355,438] [0m<inf> exp02_logging: XY 47355 -5000220 -4934425[0m
[00:00:47.363,464] [0m<inf> exp02_logging: XY 47363 -4671420 -4145144[0m
[00:00:47.371,490] [0m<inf> exp02_logging: XY 47371 -4737255 -4934650[0m
[00:00:47.379,516] [0m<inf> exp02_logging: XY 47379 -4868814 -4737158[0m
[00:00:47.387,542] [0m<inf> exp02_logging: XY 47387 -3947543 -4934454[0m
[00:00:47.395,599] [0m<inf> exp02_logging: XY 47395 -5000216 -4934403[0m
[00:00:47.403,594] [0m<inf> exp02_logging: XY 47403 -4671383 -4210766[0m
[00:00:47.411,651] [0m<inf> exp02_logging: XY 47411 -4802878 -4934635[0m
[00:00:47.419,647] [0m<inf> exp02_logging: XY 47419 -4868797 -4737144[0m
[00:00:47.427,673] [0m<inf> exp02_logging: XY 47427 -4013342 -4934499[0m
[00:00:47.435,699] [0m<inf> exp02_logging: XY 47435 -5000213 -4868845[0m
[00:00:47.443,756] [0m<inf> exp02_logging: XY 47443 -4671289 -4276484[0m
[00:00:47.451,751] [0m<inf> exp02_logging: XY 47451 -4803035 -4934631[0m
[00:00:47.459,777] [0m<inf> exp02_logging: XY 47459 -4868767 -4737129[0m
[00:00:47.467,803] [0m<inf> exp02_logging: XY 47467 -4013518 -4934547[0m
[00:00:47.475,830] [0m<inf> exp02_logging: XY 47475 -5000208 -4868819[0m
[00:00:47.483,856] [0m<inf> exp02_logging: XY 47483 -4605657 -4276600[0m
[00:00:47.491,882] [0m<inf> exp02_logging: XY 47491 -4868727 -4934619[0m
[00:00:47.499,908] [0m<inf> exp02_logging: XY 47499 -4868752 -4737118[0m
[00:00:47.507,965] [0m<inf> exp02_logging: XY 47507 -4144905 -4934584[0m
[00:00:47.515,960] [0m<inf> exp02_logging: XY 47515 -5000200 -4868804[0m
[00:00:47.523,986] [0m<inf> exp02_logging: XY 47523 -4605508 -4342277[0m
[00:00:47.532,012] [0m<inf> exp02_logging: XY 47531 -4868822 -4934619[0m
[00:00:47.540,069] [0m<inf> exp02_logging: XY 47540 -4868735 -4737054[0m
[00:00:47.548,065] [0m<inf> exp02_logging: XY 47548 -4144998 -4934606[0m
[00:00:47.556,091] [0m<inf> exp02_logging: XY 47556 -5000195 -4868779[0m
[00:00:47.564,117] [0m<inf> exp02_logging: XY 47564 -4539835 -4342402[0m
[00:00:47.572,174] [0m<inf> exp02_logging: XY 47572 -4934450 -4934616[0m
[00:00:47.580,169] [0m<inf> exp02_logging: XY 47580 -4868707 -4671464[0m
[00:00:47.588,165] [0m<inf> exp02_logging: XY 47588 -4210766 -4934634[0m
[00:00:47.596,221] [0m<inf> exp02_logging: XY 47596 -4934652 -4868761[0m
[00:00:47.604,248] [0m<inf> exp02_logging: XY 47604 -4474090 -4342519[0m
[00:00:47.612,274] [0m<inf> exp02_logging: XY 47612 -4934542 -4934613[0m
[00:00:47.620,300] [0m<inf> exp02_logging: XY 47620 -4868672 -4671363[0m
[00:00:47.628,326] [0m<inf> exp02_logging: XY 47628 -4276481 -4934653[0m
[00:00:47.636,383] [0m<inf> exp02_logging: XY 47636 -4934642 -4868738[0m
[00:00:47.644,378] [0m<inf> exp02_logging: XY 47644 -4473866 -4408178[0m
[00:00:47.652,404] [0m<inf> exp02_logging: XY 47652 -4934630 -4934611[0m
[00:00:47.660,430] [0m<inf> exp02_logging: XY 47660 -4868647 -4671282[0m
[00:00:47.668,457] [0m<inf> exp02_logging: XY 47668 -4342292 -5000202[0m
[00:00:47.676,483] [0m<inf> exp02_logging: XY 47676 -4934631 -4868726[0m
[00:00:47.684,509] [0m<inf> exp02_logging: XY 47684 -4408087 -4473898[0m
[00:00:47.692,535] [0m<inf> exp02_logging: XY 47692 -5000223 -4934606[0m
[00:00:47.700,592] [0m<inf> exp02_logging: XY 47700 -4803070 -4605643[0m
[00:00:47.708,679] [0m<inf> exp02_logging: XY 47708 -4276732 -5000208[0m
[00:00:47.716,613] [0m<inf> exp02_logging: XY 47716 -4934616 -4868699[0m
[00:00:47.724,670] [0m<inf> exp02_logging: XY 47724 -4342382 -4474089[0m
[00:00:47.732,666] [0m<inf> exp02_logging: XY 47732 -5000272 -4934598[0m
[00:00:47.740,692] [0m<inf> exp02_logging: XY 47740 -4803035 -4605550[0m
[00:00:47.748,718] [0m<inf> exp02_logging: XY 47748 -4342458 -5000210[0m
[00:00:47.756,744] [0m<inf> exp02_logging: XY 47756 -4934596 -4868689[0m
[00:00:47.764,770] [0m<inf> exp02_logging: XY 47764 -4342402 -4605499[0m
[00:00:47.772,796] [0m<inf> exp02_logging: XY 47772 -5000279 -4934583[0m
[00:00:47.780,822] [0m<inf> exp02_logging: XY 47780 -4803006 -4605496[0m
[00:00:47.788,848] [0m<inf> exp02_logging: XY 47788 -4408206 -5000207[0m
[00:00:47.796,875] [0m<inf> exp02_logging: XY 47796 -4934581 -4868657[0m
[00:00:47.804,901] [0m<inf> exp02_logging: XY 47804 -4276615 -4605661[0m
[00:00:47.812,957] [0m<inf> exp02_logging: XY 47812 -5000288 -4934573[0m
[00:00:47.820,953] [0m<inf> exp02_logging: XY 47820 -4802970 -4539859[0m
[00:00:47.828,979] [0m<inf> exp02_logging: XY 47828 -4473886 -5000208[0m
[00:00:47.837,005] [0m<inf> exp02_logging: XY 47836 -4934569 -4868640[0m
[00:00:47.845,062] [0m<inf> exp02_logging: XY 47845 -4210737 -4671327[0m
[00:00:47.853,057] [0m<inf> exp02_logging: XY 47853 -5000284 -4934562[0m
[00:00:47.861,083] [0m<inf> exp02_logging: XY 47861 -4802925 -4539769[0m
[00:00:47.869,110] [0m<inf> exp02_logging: XY 47869 -4474001 -5000213[0m
[00:00:47.877,166] [0m<inf> exp02_logging: XY 47877 -4934551 -4803060[0m
[00:00:47.885,162] [0m<inf> exp02_logging: XY 47885 -4079350 -4671468[0m
[00:00:47.893,188] [0m<inf> exp02_logging: XY 47893 -5000281 -4934550[0m
[00:00:47.901,214] [0m<inf> exp02_logging: XY 47901 -4802890 -4539682[0m
[00:00:47.909,271] [0m<inf> exp02_logging: XY 47909 -4474107 -5000208[0m
[00:00:47.917,266] [0m<inf> exp02_logging: XY 47917 -4934542 -4803029[0m
[00:00:47.925,292] [0m<inf> exp02_logging: XY 47925 -4013421 -4737133[0m
[00:00:47.933,319] [0m<inf> exp02_logging: XY 47933 -5000272 -4934540[0m
[00:00:47.941,375] [0m<inf> exp02_logging: XY 47941 -4802835 -4474019[0m
[00:00:47.949,371] [0m<inf> exp02_logging: XY 47949 -4539719 -5000211[0m
[00:00:47.957,397] [0m<inf> exp02_logging: XY 47957 -4934527 -4802988[0m
[00:00:47.965,423] [0m<inf> exp02_logging: XY 47965 -3947641 -4737238[0m
[00:00:47.973,449] [0m<inf> exp02_logging: XY 47973 -5000266 -4934522[0m
[00:00:47.981,475] [0m<inf> exp02_logging: XY 47981 -4737260 -4473911[0m
[00:00:47.989,532] [0m<inf> exp02_logging: XY 47989 -4539821 -5000212[0m
[00:00:47.997,528] [0m<inf> exp02_logging: XY 47997 -4934517 -4802963[0m
[00:00:48.005,554] [0m<inf> exp02_logging: XY 48005 -3881803 -4802893[0m
[00:00:48.013,580] [0m<inf> exp02_logging: XY 48013 -5000260 -4934511[0m
[00:00:48.021,636] [0m<inf> exp02_logging: XY 48021 -4737218 -4408231[0m
[00:00:48.029,632] [0m<inf> exp02_logging: XY 48029 -4605448 -5000213[0m
[00:00:48.037,658] [0m<inf> exp02_logging: XY 48037 -4934505 -4802928[0m
[00:00:48.045,684] [0m<inf> exp02_logging: XY 48045 -3816131 -4802971[0m
[00:00:48.053,710] [0m<inf> exp02_logging: XY 48053 -5000253 -4934504[0m
[00:00:48.061,737] [0m<inf> exp02_logging: XY 48061 -4737184 -4408114[0m
[00:00:48.069,763] [0m<inf> exp02_logging: XY 48069 -4605526 -5000207[0m
[00:00:48.077,789] [0m<inf> exp02_logging: XY 48077 -4934486 -4802885[0m
[00:00:48.085,845] [0m<inf> exp02_logging: XY 48085 -3815982 -4803068[0m
[00:00:48.093,811] [0m<inf> exp02_logging: XY 48093 -5000249 -4934490[0m
[00:00:48.101,867] [0m<inf> exp02_logging: XY 48101 -4737134 -4342284[0m
[00:00:48.109,893] [0m<inf> exp02_logging: XY 48109 -4605602 -5000203[0m
[00:00:48.117,919] [0m<inf> exp02_logging: XY 48117 -4934457 -4802838[0m
[00:00:48.125,946] [0m<inf> exp02_logging: XY 48125 -3815956 -4868675[0m
[00:00:48.134,002] [0m<inf> exp02_logging: XY 48133 -5000239 -4934481[0m
[00:00:48.141,998] [0m<inf> exp02_logging: XY 48141 -4737102 -4276526[0m
[00:00:48.150,054] [0m<inf> exp02_logging: XY 48150 -4671239 -5000196[0m
[00:00:48.158,050] [0m<inf> exp02_logging: XY 48158 -4934435 -4737269[0m
[00:00:48.166,107] [0m<inf> exp02_logging: XY 48166 -3815945 -4868752[0m
[00:00:48.174,102] [0m<inf> exp02_logging: XY 48174 -5000231 -4934465[0m
[00:00:48.182,128] [0m<inf> exp02_logging: XY 48182 -4737053 -4210726[0m
[00:00:48.190,155] [0m<inf> exp02_logging: XY 48190 -4671339 -5000193[0m
[00:00:48.198,181] [0m<inf> exp02_logging: XY 48198 -4934401 -4737229[0m
[00:00:48.206,207] [0m<inf> exp02_logging: XY 48206 -3816038 -4868804[0m
[00:00:48.214,233] [0m<inf> exp02_logging: XY 48214 -5000217 -4934443[0m
[00:00:48.222,259] [0m<inf> exp02_logging: XY 48222 -4671479 -4145130[0m
[00:00:48.230,285] [0m<inf> exp02_logging: XY 48230 -4671475 -4934651[0m
[00:00:48.238,311] [0m<inf> exp02_logging: XY 48238 -4868850 -4737207[0m
[00:00:48.246,337] [0m<inf> exp02_logging: XY 48246 -3881851 -4934403[0m
[00:00:48.254,364] [0m<inf> exp02_logging: XY 48254 -5000213 -4934430[0m
[00:00:48.262,390] [0m<inf> exp02_logging: XY 48262 -4671443 -4210789[0m
[00:00:48.270,416] [0m<inf> exp02_logging: XY 48270 -4737184 -4934643[0m
[00:00:48.278,442] [0m<inf> exp02_logging: XY 48278 -4868815 -4737176[0m
[00:00:48.286,468] [0m<inf> exp02_logging: XY 48286 -3947593 -4934445[0m
[00:00:48.294,494] [0m<inf> exp02_logging: XY 48294 -5000210 -4934403[0m
[00:00:48.302,520] [0m<inf> exp02_logging: XY 48302 -4671400 -4210813[0m
[00:00:48.310,546] [0m<inf> exp02_logging: XY 48310 -4802840 -4934637[0m
[00:00:48.318,572] [0m<inf> exp02_logging: XY 48318 -4868796 -4737156[0m
[00:00:48.326,599] [0m<inf> exp02_logging: XY 48326 -4013344 -4934499[0m
[00:00:48.334,625] [0m<inf> exp02_logging: XY 48334 -5000211 -4868849[0m
[00:00:48.342,651] [0m<inf> exp02_logging: XY 48342 -4671288 -4210938[0m
[00:00:48.350,677] [0m<inf> exp02_logging: XY 48350 -4803006 -4934626[0m
[00:00:48.358,703] [0m<inf> exp02_logging: XY 48358 -4868769 -4737122[0m
[00:00:48.366,729] [0m<inf> exp02_logging: XY 48366 -4013527 -4934538[0m
[00:00:48.374,755] [0m<inf> exp02_logging: XY 48374 -5000211 -4868821[0m
[00:00:48.382,781] [0m<inf> exp02_logging: XY 48382 -4605678 -4276553[0m
[00:00:48.390,777] [0m<inf> exp02_logging: XY 48390 -4868716 -4934620[0m
[00:00:48.398,834] [0m<inf> exp02_logging: XY 48398 -4868750 -4737102[0m
[00:00:48.406,860] [0m<inf> exp02_logging: XY 48406 -4144946 -4934583[0m
[00:00:48.414,886] [0m<inf> exp02_logging: XY 48414 -5000205 -4868804[0m
[00:00:48.422,943] [0m<inf> exp02_logging: XY 48422 -4605501 -4276643[0m
[00:00:48.430,938] [0m<inf> exp02_logging: XY 48430 -4868816 -4934620[0m
[00:00:48.438,995] [0m<inf> exp02_logging: XY 48438 -4868734 -4737045[0m
[00:00:48.446,990] [0m<inf> exp02_logging: XY 48446 -4144911 -4934607[0m
[00:00:48.455,017] [0m<inf> exp02_logging: XY 48455 -5000197 -4868780[0m
[00:00:48.463,043] [0m<inf> exp02_logging: XY 48463 -4539835 -4276736[0m
[00:00:48.471,069] [0m<inf> exp02_logging: XY 48471 -4934447 -4934621[0m
[00:00:48.479,095] [0m<inf> exp02_logging: XY 48479 -4868707 -4671441[0m
[00:00:48.487,121] [0m<inf> exp02_logging: XY 48487 -4210792 -4934636[0m
[00:00:48.495,147] [0m<inf> exp02_logging: XY 48495 -5000193 -4868758[0m
[00:00:48.503,173] [0m<inf> exp02_logging: XY 48503 -4474043 -4342375[0m
[00:00:48.511,199] [0m<inf> exp02_logging: XY 48511 -4934541 -4934620[0m
[00:00:48.519,226] [0m<inf> exp02_logging: XY 48519 -4868671 -4671337[0m
[00:00:48.527,252] [0m<inf> exp02_logging: XY 48527 -4210870 -4934656[0m
[00:00:48.535,278] [0m<inf> exp02_logging: XY 48535 -4934649 -4868738[0m
[00:00:48.543,304] [0m<inf> exp02_logging: XY 48543 -4408269 -4342513[0m
[00:00:48.551,330] [0m<inf> exp02_logging: XY 48551 -4934617 -4934616[0m
[00:00:48.559,356] [0m<inf> exp02_logging: XY 48559 -4868645 -4671256[0m
[00:00:48.567,382] [0m<inf> exp02_logging: XY 48567 -4276665 -5000207[0m
[00:00:48.575,408] [0m<inf> exp02_logging: XY 48575 -4934637 -4868723[0m
[00:00:48.583,465] [0m<inf> exp02_logging: XY 48583 -4342464 -4408179[0m
[00:00:48.591,461] [0m<inf> exp02_logging: XY 48591 -5000226 -4934614[0m
[00:00:48.599,487] [0m<inf> exp02_logging: XY 48599 -4803059 -4605600[0m
[00:00:48.607,513] [0m<inf> exp02_logging: XY 48607 -4276693 -5000213[0m
[00:00:48.615,539] [0m<inf> exp02_logging: XY 48615 -4934624 -4868692[0m
[00:00:48.623,565] [0m<inf> exp02_logging: XY 48623 -4276668 -4473889[0m
[00:00:48.631,591] [0m<inf> exp02_logging: XY 48631 -5000271 -4934603[0m
[00:00:48.639,617] [0m<inf> exp02_logging: XY 48639 -4803029 -4605479[0m
[00:00:48.647,674] [0m<inf> exp02_logging: XY 48647 -4342390 -5000220[0m
[00:00:48.655,670] [0m<inf> exp02_logging: XY 48655 -4934614 -4868668[0m
[00:00:48.663,726] [0m<inf> exp02_logging: XY 48663 -4210780 -4474041[0m
[00:00:48.671,722] [0m<inf> exp02_logging: XY 48671 -5000299 -4934596[0m
[00:00:48.679,779] [0m<inf> exp02_logging: XY 48679 -4802969 -4539753[0m
[00:00:48.687,774] [0m<inf> exp02_logging: XY 48687 -4342486 -5000225[0m
[00:00:48.695,831] [0m<inf> exp02_logging: XY 48695 -4934594 -4868632[0m
[00:00:48.703,826] [0m<inf> exp02_logging: XY 48703 -4144927 -4539727[0m
[00:00:48.711,883] [0m<inf> exp02_logging: XY 48711 -5000308 -4934587[0m
[00:00:48.719,848] [0m<inf> exp02_logging: XY 48719 -4802920 -4474082[0m
[00:00:48.727,935] [0m<inf> exp02_logging: XY 48727 -4408201 -5000229[0m
[00:00:48.735,931] [0m<inf> exp02_logging: XY 48735 -4934579 -4803066[0m
[00:00:48.743,957] [0m<inf> exp02_logging: XY 48743 -4013385 -4539882[0m
[00:00:48.751,983] [0m<inf> exp02_logging: XY 48751 -5000307 -4934576[0m
[00:00:48.760,009] [0m<inf> exp02_logging: XY 48760 -4802867 -4473896[0m

# end=2026-10-01T22:04:37.1247142+03:00
