XY 48832 -5000297 -402
XY 48848 -4474099 -5000235
XY 48856 -4934538 -4802941
XY 48864 -3750163 -4671477
XY 48872 -5000289 -4934532
XY 48880 -4737161 -4276692
XY 48888 -4539787 -5000236
XY 48896 -4934519 -4802900
XY 48904 -3618606 -4737177
XY 48912 -5000280 -4934522
XY 48920 -4737088 -4210857
XY 48928 -4539829 -5000233
XY 48936 -4934503 -4802846
XY 48944 -3552874 -4802836
XY 48952 -5000275 -4934505
XY 48960 -4737046 -4145102
XY 48968 -4605470 -5000228
XY 48976 -4934479 -4737268
XY 48984 -3552792 -4802977
XY 48992 -5000270 -4934495
XY 49000 -4671450 -4079286
XY 49008 -4605542 -5000223
XY 49016 -4934451 -4737212
XY 49024 -3552829 -4868629
XY 49032 -5000262 -4934483
XY 49040 -4671409 -4013522
XY 49048 -4605645 -5000218
XY 49056 -4934428 -4737173
XY 49065 -3618575 -4868745
XY 49072 -5000256 -4934467
XY 49081 -4671360 -4013331
XY 49089 -4671301 -5000211
XY 49097 -4868856 -4737130
XY 49105 -3618690 -4868811
XY 49113 -5000245 -4934441
XY 49121 -4671323 -4013336
XY 49129 -4671458 -5000204
XY 49137 -4868830 -4737104
XY 49145 -3684552 -4934414
XY 49153 -5000237 -4934420
XY 49161 -4671259 -4013354
XY 49169 -4737157 -5000198
XY 49177 -4868796 -4737064
XY 49185 -3750344 -4934469
XY 49193 -5000235 -4868859
XY 49201 -4605656 -4013438
XY 49209 -4802859 -4934653
XY 49217 -4868777 -4737041
XY 49225 -3881756 -4934521
XY 49233 -5000231 -4868835
XY 49241 -4605513 -4013531
XY 49249 -4803015 -4934647
XY 49257 -4868748 -4671468
XY 49265 -3947526 -4934570
XY 49273 -5000230 -4868809
XY 49281 -4539852 -4079230
XY 49289 -4868694 -4934643
XY 49297 -4868733 -4671438
XY 49305 -4013386 -4934608
XY 49313 -5000227 -4868788
XY 49321 -4474094 -4144921
XY 49329 -4868827 -4934638
XY 49337 -4868702 -4671376
XY 49345 -4079130 -4934639
XY 49353 -5000219 -4868758
XY 49361 -4473913 -4145081
XY 49369 -4934479 -4934636
XY 49377 -4868677 -4671308
XY 49386 -4145115 -5000200
XY 49394 -5000208 -4868742
XY 49402 -4408083 -4210844
XY 49410 -4934575 -4934635
XY 49418 -4868648 -4605679
XY 49426 -4210735 -5000217
XY 49434 -4934656 -4868718
XY 49442 -4342327 -4276528
XY 49450 -4934655 -4934629
XY 49458 -4868609 -4605567
XY 49466 -4276498 -5000226
XY 49474 -4934645 -4868700
XY 49482 -4210930 -4342302
XY 49490 -5000252 -4934622
XY 49498 -4803027 -4539892
XY 49506 -4342279 -5000228
XY 49514 -4934628 -4868672
XY 49522 -4210704 -4342521
XY 49530 -5000297 -4934612
XY 49538 -4802988 -4539761
XY 49546 -4342342 -5000234
XY 49554 -4934617 -4868651
XY 49562 -4079280 -4408302
XY 49570 -5000317 -4934600
XY 49578 -4802929 -4474036
XY 49586 -4342488 -5000233
XY 49594 -4934593 -4868614
XY 49602 -4013426 -4474053
XY 49610 -5000318 -4934587
XY 49618 -4802886 -4473909
XY 49626 -4408192 -5000236
XY 49634 -4934579 -4803048
XY 49642 -3881938 -4539820
XY 49650 -5000317 -4934579
XY 49658 -4802827 -4408202
XY 49666 -4473861 -5000237
XY 49674 -4934562 -4802999
XY 49682 -3816079 -4605533
XY 49691 -5000307 -4934559
XY 49699 -4737250 -4342514
XY 49707 -4474005 -5000238
XY 49715 -4934546 -4802963
XY 49723 -3684587 -4671293
XY 49731 -5000298 -4934547
XY 49739 -4737182 -4342301
XY 49747 -4539667 -5000237
XY 49755 -4934528 -4802918
XY 49763 -3618783 -4671480
XY 49771 -5000289 -4934530
XY 49779 -4737133 -4276586
XY 49787 -4539790 -5000239
XY 49795 -4934519 -4802881
XY 49803 -3552958 -4737197
XY 49811 -5000283 -4934517
XY 49819 -4737079 -4210785
XY 49827 -4539852 -5000234
XY 49835 -4934496 -4802833
XY 49843 -3552936 -4802878
XY 49851 -5000275 -4934503
XY 49859 -4737034 -4145038
XY 49867 -4605501 -5000228
XY 49875 -4934474 -4737259
XY 49883 -3552807 -4803014
XY 49891 -5000269 -4934493
XY 49899 -4671447 -4079238
XY 49907 -4605670 -5000224
XY 49915 -4934443 -4737205
XY 49923 -3552913 -4868662
XY 49931 -5000260 -4934478
XY 49939 -4671411 -4013512
XY 49947 -4605685 -5000215
XY 49955 -4934421 -4737171
XY 49963 -3618602 -4868767
XY 49971 -5000252 -4934460
XY 49979 -4671356 -4013359
XY 49987 -4671343 -5000213
XY 49996 -4868848 -4737130
XY 50004 -3684362 -4868832
XY 50012 -5000240 -4934436
XY 50020 -4671323 -4013368
XY 50028 -4737134 -5000204
XY 50036 -4868829 -4737100
XY 50044 -3750216 -4934434
XY 50052 -5000235 -4934415
XY 50060 -4671257 -4013416
XY 50068 -4737232 -5000193
XY 50076 -4868796 -4737069
XY 50084 -3816006 -4934478
XY 50092 -5000233 -4868851
XY 50100 -4605642 -4013498
XY 50108 -4802901 -4934651
XY 50116 -4868772 -4737040
XY 50124 -3881861 -4934539
XY 50132 -5000229 -4868829
XY 50140 -4605492 -4079156
XY 50148 -4803058 -4934644
XY 50156 -4868741 -4671470
XY 50164 -3947715 -4934578
XY 50172 -5000227 -4868803
XY 50180 -4539833 -4079322
XY 50188 -4868725 -4934641
XY 50196 -4868722 -4671437
XY 50204 -4013478 -4934623
XY 50212 -5000223 -4868783
XY 50220 -4474059 -4145016
XY 50228 -4934409 -4934637
XY 50236 -4868692 -4671364
XY 50244 -4079344 -4934643
XY 50252 -5000213 -4868756
XY 50260 -4473857 -4210721
XY 50268 -4934512 -4934634
XY 50276 -4868668 -4671287
XY 50292 -5000204 -4868734
XY 50301 -4342500 -4210917
XY 50309 -4934598 -4934632
XY 50317 -4868633 -4605646
XY 50325 -4210801 -5000216
XY 50333 -4934648 -4868713
XY 50341 -4342274 -4276624
XY 50349 -5000219 -4934627
XY 50357 -4803063 -4605543
XY 50365 -4276685 -5000229
XY 50373 -4934639 -4868694
XY 50381 -4210866 -4342388
XY 50389 -5000270 -4934617
XY 50397 -4803014 -4539852
XY 50405 -4342353 -5000230
XY 50413 -4934621 -4868665
XY 50421 -4145087 -4408157
XY 50429 -5000307 -4934611
XY 50437 -4802972 -4539720
XY 50445 -4342417 -5000234
XY 50453 -4934609 -4868639
XY 50461 -4079168 -4473912
XY 50469 -5000320 -4934597
XY 50477 -4802911 -4473999
XY 50485 -4408070 -5000236
XY 50493 -4934587 -4803064
XY 50501 -4013343 -4539666
XY 50509 -5000321 -4934581
XY 50517 -4802870 -4473869
XY 50525 -4408248 -5000234
XY 50533 -4934573 -4803033
XY 50541 -3881887 -4539897
XY 50549 -5000314 -4934573
XY 50557 -4737278 -4408136
XY 50565 -4473920 -5000238
XY 173470 -4671482 -263278
XY 173478 -987008 -5197605
XY 173485 -5526699 -5066101
XY 173494 -226 -460615
XY 173502 -5460972 -5526620
XY 173510 -4539799 -131824
XY 173518 -987111 -5131974
XY 173526 -5526656 -4934594
XY 173534 -253 -526548
XY 173542 -5526592 -5526573
XY 173550 -4408210 -131703
XY 173558 -1250165 -5263460
XY 173566 -5526606 -4868862
XY 173574 -220 -789602
XY 173582 -5526649 -5526536
XY 173590 -4276663 -131638
XY 173598 -1579094 -5329380
XY 173606 -5526543 -4802831
XY 173614 -231 -855540
XY 173622 -5526719 -5460955
XY 173630 -4079160 -65977
XY 173638 -1776558 -5395033
XY 173646 -5460937 -4605584
XY 173654 -229 -1118673
XY 173662 -5526722 -5460916
XY 173670 -3816103 -65918
XY 173678 -2171274 -5460751
XY 173686 -5460886 -4539834
XY 173694 -253 -1447556
XY 173702 -5526737 -5460871
XY 173710 -3684462 -65900
XY 173718 -2565925 -5460856
XY 173726 -5460805 -4342493
XY 173734 -250 -1644801
XY 173742 -5526723 -5460810
XY 173750 -3355625 -65862
XY 173758 -2763494 -5460901
XY 173766 -5395183 -4079319
XY 173774 -235 -1908221
XY 173782 -5526705 -5460771
XY 173790 -3026530 -65845
XY 173798 -3158164 -5460955
XY 173806 -5395128 -3947717
XY 173815 -212 -2302976
XY 173823 -5526686 -5395168
XY 173831 -2697613 -65831
XY 173839 -3552919 -5526529
XY 173847 -5395046 -3684503
XY 173855 -210 -2631898
XY 173863 -5526666 -5395099
XY 173871 -2368584 -65830
XY 173879 -3816018 -5526543
XY 173887 -5394977 -3421238
XY 173895 -202 -2960876
XY 173903 -5526635 -5395044
XY 173911 -2105504 -65827
XY 173919 -4079231 -5526529
XY 173927 -5329343 -3026657
XY 173935 -204 -3158155
XY 173943 -5526597 -5329405
XY 173951 -1776557 -65806
XY 173959 -4210912 -5460977
XY 173967 -5329238 -2566124
XY 173975 -201 -3552939
XY 173983 -5526571 -5329363
XY 173991 -1447597 -252
XY 173999 -4473985 -5460961
XY 174007 -5329191 -2368688
XY 174015 -221 -3881841
XY 174023 -5526539 -5329277
XY 174031 -1250195 -244
XY 174039 -4671424 -5460918
XY 174047 -5263486 -2039555
XY 174055 -255 -4013416
XY 174063 -5460972 -5329182
XY 174071 -921333 -231
XY 174079 -4803005 -5460898
XY 174087 -5197785 -1579239
XY 174095 -65968 -4276601
XY 174103 -5460937 -5263610
XY 174112 -723724 -249
XY 174119 -4934542 -5460865
XY 174127 -5197639 -1447469
XY 174136 -197397 -4539795
XY 174144 -5460896 -5263470
XY 174152 -526536 -65800
XY 174160 -5000440 -5460832
XY 174168 -5131824 -1118491
XY 174176 -263286 -4605685
XY 174184 -5460865 -5197775
XY 174192 -329170 -65864
XY 174200 -5066224 -5460817
XY 174208 -5000376 -789559
XY 174216 -394828 -4802971
XY 174224 -5460859 -5197682
XY 174232 -197377 -131677
XY 174240 -5197630 -5460798
XY 174248 -4934403 -592191
XY 174256 -526500 -4934494
XY 174264 -5460836 -5131846
XY 174272 -65915 -197387
XY 174280 -5263604 -5460770
XY 174288 -4737040 -329032
XY 174296 -657954 -4934651
XY 174304 -5460828 -5000326
XY 174312 -165 -263328
XY 174320 -5329380 -5460761
XY 174328 -4473913 -131602
XY 174336 -789720 -5066074
XY 174344 -5460822 -4868815
XY 174352 -98 -394939
XY 174360 -5395178 -5460760
XY 174368 -4210736 -205
XY 174376 -986913 -5131995
XY 174384 -5460797 -4671267
XY 174392 -37 -460559
XY 174400 -5460892 -5460749
XY 174408 -3618798 -19
XY 174416 184 -3684445
XY 174425 -1973974 -2829144
XY 174433 178 178
XY 174441 -4276611 -2302876
XY 174449 -2039626 184
XY 174457 169 -4737163
XY 174465 -2565901 -3158210
XY 174473 182 179
XY 174481 -5131943 -2565991
XY 174489 -2566123 189
XY 174497 172 -5000410
XY 174505 -2500267 -3355407
XY 174513 183 181
XY 174521 -5592380 -3158159
XY 174529 -3552943 194
XY 174537 187 -4276584
XY 174545 -4473911 -3355594
XY 174553 177 176
XY 174561 -4868787 -2960790
XY 174569 -2894940 189
XY 174577 -2105543 -5460961
XY 174585 -5460746 -2829179
XY 174593 26 -1381704
XY 174601 -5592422 -5460857
XY 174609 -1710612 8
XY 174617 -2566112 -5526555
XY 174625 -5395149 -2631772
XY 174633 30 -1776584
XY 174641 -5592414 -5460776
XY 174649 -1447537 14
XY 174657 -2960836 -5526656
XY 174665 -5394997 -2237170
XY 174673 30 -1973931
XY 174681 -5592404 -5395117
XY 174689 -1118610 1
XY 174697 -3355565 -5526670
XY 174705 -5329352 -1908177
XY 174713 10 -2434557
XY 174721 -5592348 -5395080
XY 174730 -986992 -34
XY 174737 -3816155 -5526645
XY 174746 -5329328 -2105454
XY 174754 -44 -3026594
XY 174762 -5526723 -5394992
XY 174770 -1184424 -72
XY 174778 -4079335 -5526611
XY 174786 -5329217 -2039570
XY 174794 -64 -3223835
XY 174802 -5526667 -5329340
XY 174810 -986942 -84
XY 174818 -4276664 -5526596
XY 174826 -5263596 -1710644
XY 174834 -111 -3618739
XY 174842 -5526616 -5329313
XY 174850 -855301 -116
XY 174858 -4539831 -5526540
XY 174866 -5263513 -1710628
XY 174874 -158 -3947727
XY 174882 -5526570 -5329208
XY 174890 -789621 -149
XY 174898 -4737260 -5460949
XY 174906 -5263367 -1513312
XY 174914 -65817 -4079351
XY 174922 -5460984 -5263576
XY 174930 -657926 -182
XY 174938 -4868760 -5460920
XY 174946 -5197650 -1184462
XY 174954 -131603 -4342519
XY 174962 -5460948 -5263545
XY 174970 -460722 -233
XY 174978 -5000267 -5460884
XY 174986 -5131946 -1184258
XY 174994 -197546 -4605630
XY 175002 -5460913 -5263399
XY 175010 -394843 -65808
XY 175018 -5066171 -5460850
XY 175026 -5066089 -921205
XY 175034 -263407 -4737070
XY 175043 -5460888 -5197714
XY 175051 -263260 -65913
XY 175059 -5131959 -5460832
XY 175067 -4934610 -658018
XY 175075 -460610 -4868748
XY 175083 -5460876 -5197591
XY 175091 -131708 -131830
XY 175099 -5263471 -5460811
XY 175107 -4868652 -526442
XY 175115 -592376 -5000259
XY 175123 -5460875 -5131789
XY 175131 -65812 -197590
XY 175139 -5394955 -5460783
XY 175147 -4671440 -329099
XY 175155 -723852 -5000406
XY 175163 -5460873 -5000285
XY 175171 -218 -329177
XY 175179 -5395178 -5460783
XY 175187 -4473892 -131796
XY 175195 -921206 -5066213
XY 175203 -5460885 -4868798
XY 175211 -158 -526499
XY 175219 -5460976 -5460773
XY 175227 -4276489 -65981
XY 175235 -1184348 -5263382
XY 175243 -5460858 -4737171
XY 175251 -117 -657936
XY 175259 -5526605 -5460758
XY 175267 -3947690 -65829
XY 175275 -1315995 -5263590
XY 175283 -5460845 -4539671
XY 175291 -82 -789749
XY 175299 -5526678 -5460748
XY 175307 -3552896 -65796
XY 175315 -1645001 -5329401
XY 175323 -5460810 -4408112
XY 175332 -83 -1052918
XY 175339 -5526672 -5395181
XY 175347 -3355465 -65794
XY 175356 -2039775 -5395100
XY 175364 -5460743 -4145091
XY 175372 -72 -1184461
XY 175380 -5526687 -5395151
XY 175388 -2960835 -232
XY 175396 -2302880 -5395184
XY 175404 -5395127 -3816141
XY 175412 -71 -1579081
XY 175420 -5526664 -5395121
XY 175428 -2566142 -218
XY 175436 -2697561 -5460846
XY 175444 -5395042 -3684513
XY 175452 -81 -1908106
XY 175460 -5526612 -5395047
XY 175468 -2434389 -199
XY 175476 -3092277 -5460888
XY 175484 -5329403 -3421217
XY 175492 -74 -2105403
XY 175500 -5526594 -5394967
XY 175508 -2039779 -189
XY 175516 -3355393 -5460883
XY 175524 -5329293 -2960805
XY 175532 -73 -2434553
XY 175540 -5526575 -5329391
XY 175548 -1710765 -176
XY 175556 -3750164 -5460871
XY 175564 -5329222 -2829156
XY 175572 -80 -2894887
XY 175580 -5460988 -5329323
XY 175588 -1579027 -173
XY 175596 -4013336 -5460856
XY 175604 -5263593 -2434404
XY 175612 -82 -3026668
XY 175620 -5460945 -5329196
XY 175628 -1250124 -149
XY 175636 -4145071 -5460840
XY 175645 -5263477 -1973993
XY 175652 -101 -3487085
XY 175660 -5460908 -5329153
XY 175669 -986907 -147
XY 175677 -4408233 -5460830
XY 175685 -5263421 -1842260
XY 175693 -140 -3816046
XY 175701 -5460876 -5263535
XY 175709 -789653 -141
XY 175717 -4605672 -5460791
XY 175725 -5197671 -1447491
XY 175733 -164 -3947654
XY 175741 -5460842 -5263398
XY 175749 -526487 -130
XY 175757 -4737243 -5460771
XY 175765 -5131909 -1052877
XY 175773 -65849 -4210817
XY 175781 -5460806 -5263365
XY 175789 -329149 -152
XY 175797 -4934451 -5395184
XY 175805 -5066169 -921311
XY 175813 -131722 -4474049
XY 175821 -5460746 -5197656
XY 175829 -263352 -189
XY 175837 -5000352 -5395146
XY 175845 -5000287 -789556
XY 175853 -197563 -4605557
XY 175861 -5395176 -5131961
XY 175869 -197446 -256
XY 175877 -5066121 -5395115
XY 175885 -4934411 -592179
XY 175893 -329165 -4802844
XY 175901 -5395146 -5131866
XY 175909 -66039 -131605
XY 175917 -5132000 -5395078
XY 175925 -4802984 -460782
XY 175933 -526469 -4868862
XY 175941 -5395120 -5066069
XY 175949 -65848 -131839
XY 175958 -5263477 -5395042
XY 175965 -4671299 -329087
XY 175974 -657995 -4934492
XY 175982 -5395107 -5000195
XY 175990 -217 -263360
XY 175998 -5329236 -5395029
XY 176006 -4474004 -197409
XY 176014 -855362 -5000399
XY 176022 -5395090 -4868839
XY 176030 -196 -460684
XY 176038 -5395015 -5395013
XY 176046 -4342361 -131712
XY 176054 -1118511 -5131857
XY 176062 -5395055 -4737269
XY 176070 -179 -592132
XY 176078 -5395110 -5394993
XY 176086 -4144900 -65891
XY 176094 -1250178 -5197597
XY 176102 -5395029 -4605445
XY 176110 -151 -789579
XY 176118 -5395187 -5394977
XY 176126 -3816057 -65839
XY 176134 -1710623 -5263596
XY 176142 -5395000 -4605618
XY 176150 -65837 -1381819
XY 176158 -5460749 -5329351
XY 176166 -4144962 -197393
XY 176174 -2434310 -5329235
XY 176182 -5329275 -4671424
XY 176190 -65931 -1644842
XY 176198 -5395057 -5329244
XY 176206 -4210803 -723956
XY 176214 -2763432 -5329176
XY 176222 -5263614 -4671382
XY 176230 -658148 -2500097
XY 176238 -5329314 -5263560
XY 176246 -4671348 -2237077
XY 176254 -4144904 -5329193
XY 176262 -5263443 -5000441
XY 176271 -2697489 -3816064
XY 176279 -5329199 -5263419
XY 176287 -4934548 -3618597
XY 176295 -4145111 -5263526
XY 176303 -5263451 -5066059
XY 176311 -3026549 -4079116
XY 176319 -5329210 -5263404
XY 176327 -5000199 -3881797
XY 176335 -4539763 -5263531
XY 176343 -5197816 -5066065
XY 176351 -3092430 -4210750
XY 176359 -5263588 -5197804
XY 176367 -4934498 -3750254
XY 176375 -4605442 -5263526
XY 176383 -5197816 -5066087
XY 176391 -3552792 -4605478
XY 176399 -5263562 -5197775
XY 176407 -5000267 -4276604
XY 176415 -4605553 -5263456
XY 176423 -5197738 -5066041
XY 176431 -3421253 -4671277
XY 176439 -5263519 -5197744
XY 176447 -5000199 -4276490
XY 176455 -4671311 -5263448
XY 176463 -5197729 -5066045
XY 176471 -3618769 -4868717
XY 176479 -5263489 -5197709
XY 176487 -5000219 -4342464
XY 176495 -4737057 -5263417
XY 176503 -5197688 -5066002
XY 176511 -3552907 -4934448
XY 176519 -5263466 -5197685
XY 176527 -4934627 -4342283
XY 176535 -4737245 -5263401
XY 176543 -5197658 -5000423
XY 176551 -3684364 -5000332
XY 176559 -5263444 -5197653
XY 176567 -4934599 -4276645
XY 176576 -4802921 -5263378
XY 176584 -5197624 -5000370
XY 176592 -3618718 -5066052
XY 176600 -5263430 -5197639
XY 176608 -4934544 -4210857
XY 176616 -4803029 -5263365
XY 176624 -5197583 -5000323
XY 176632 -3684463 -5066191
XY 176640 -5263404 -5197611
XY 176648 -4934501 -4210694
XY 176656 -4868702 -5197816
XY 176664 -5132012 -5000282
XY 176672 -3750229 -5131855
XY 176680 -5263386 -5197582
XY 176688 -4934451 -4145074
XY 176696 -4934429 -5197801
XY 176704 -5131969 -5000231
XY 176712 -3816073 -5131929
XY 176720 -5263367 -5132014
XY 176728 -4868864 -4145099
XY 176736 -5000212 -5197783
XY 176744 -5131943 -5000195
XY 176752 -3881946 -5132000
XY 176760 -5197820 -5131984
XY 176768 -4868751 -4210717
XY 176776 -5000330 -5197764
XY 176784 -5131899 -4934612
XY 176792 -3947749 -5197578
XY 176800 -5197810 -5131943
XY 176808 -4868647 -4210820
XY 176816 -5066030 -5197752
XY 176824 -5131868 -4934578
XY 176832 -4079183 -5197627
XY 176840 -5197797 -5131912
XY 176848 -4802915 -4276550
XY 176856 -5066220 -5197736
XY 176864 -5131831 -4934524
XY 176872 -4144941 -5197662
XY 176881 -5197780 -5131878
XY 176889 -4737190 -4276674
XY 176897 -5131867 -5197725
XY 176905 -5131802 -4934462
XY 176913 -4210810 -5197692
XY 176921 -5197769 -5131850
XY 176929 -4671361 -4342420
XY 176937 -5131981 -5197715
XY 176945 -5066219 -4868822
XY 176953 -4342289 -5197712
XY 176961 -5197750 -5131817
XY 176969 -4605590 -4408107
XY 176977 -5197621 -5197703
XY 176985 -5066186 -4868733
XY 176993 -4342407 -5197726
XY 177001 -5197730 -5131792
XY 177009 -4539657 -4473862
XY 177017 -5197701 -5197692
XY 177025 -5066129 -4803055
XY 177033 -4408142 -5197728
XY 177041 -5197705 -5066225
XY 177049 -4473899 -4474063
XY 177057 -5197757 -5197676
XY 177065 -5066088 -4802919
XY 177073 -4473874 -5197732
XY 177081 -5197687 -5066191
XY 177089 -4342402 -4539796
XY 177097 -5197795 -5197661
XY 177105 -5066019 -4737175
XY 177113 -4474020 -5197729
XY 177121 -5197662 -5066151
XY 177129 -4276564 -4605600
XY 177137 -5197808 -5197642
XY 177145 -5000436 -4671473
XY 177153 -4539713 -5197729
XY 177161 -5197639 -5066113
XY 177169 -4145005 -4671382
XY 177177 -5197807 -5197621
XY 177186 -5000375 -4671296
XY 177194 -4605562 -5197726
XY 177202 -5197611 -5066060
XY 177210 -4013530 -4737139
XY 177218 -5197799 -5197602
XY 177226 -5000321 -4605588
XY 177234 -4605650 -5197722
XY 177242 -5197592 -5066016
XY 177250 -3881979 -4802924
XY 177258 -5197791 -5197580
XY 177266 -5000246 -4539852
XY 177274 -4671272 -5197716
XY 177282 -5197569 -5000428
XY 177290 -3816141 -4868656
XY 177298 -5197775 -5132021
XY 177306 -4934653 -4474095
XY 177314 -4671423 -5197713
XY 177322 -5132010 -5000380
XY 177330 -3750262 -4934451
XY 177338 -5197763 -5132001
XY 177346 -4934579 -4408303
XY 177354 -4737154 -5197703
XY 177362 -5131985 -5000329
XY 177370 -3684530 -4934591
XY 177378 -5197754 -5131975
XY 177386 -4934521 -4342402
XY 177394 -4737213 -5197693
XY 177402 -5131955 -5000276
XY 177410 -3684443 -5000335
XY 177418 -5197741 -5131960
XY 177426 -4934460 -4276635
XY 177434 -4802849 -5197682
XY 177442 -5131918 -5000216
XY 177450 -3684513 -5065998
XY 177458 -5197726 -5131939
XY 177466 -4934414 -4210873
XY 177474 -4802984 -5197668
XY 177482 -5131887 -4934638
XY 177491 -3750175 -5066124
XY 177499 -5197709 -5131914
XY 177507 -4868820 -4145071
XY 177515 -4868684 -5197657
XY 177523 -5131846 -4934587
### phase: cue 'CIRCLE THE NUB NOW' at 2026-10-01T22:06:45.8269881+03:00
XY 177531 -3815969 -5066210
XY 177539 -5197690 -5131883
XY 177547 -4868771 -4145058
XY 177555 -4934423 -5197644
XY 177563 -5131816 -4934549
XY 177571 -3881746 -5131824
XY 177579 -5197678 -5131855
XY 177587 -4868694 -4145105
XY 177595 -4934581 -5197636
XY 177603 -5131778 -4934503
XY 177611 -3947563 -5131880
XY 177619 -5197669 -5131823
XY 177627 -4803064 -4210737
XY 177635 -5000266 -5197616
XY 177643 -5066200 -4934469
XY 177651 -4013462 -5131935
XY 177659 -5197660 -5131795
XY 177667 -4802896 -4210877
XY 177675 -5066041 -5197603
XY 177683 -5066172 -4934429
XY 177691 -4079251 -5131971
XY 177699 -5197650 -5066219
XY 177707 -4737205 -4276535
XY 177715 -5066157 -5197590
XY 177723 -5066150 -4868849
XY 177731 -4144991 -5132010
XY 177739 -5197640 -5066189
XY 177747 -4671399 -4276709
XY 177755 -5131797 -5197583
XY 177763 -5066111 -4868758
XY 177771 -4210822 -5132032
XY 177779 -5197625 -5066163
XY 177787 -4605664 -4342401
XY 177796 -5131907 -5197573
XY 177804 -5066076 -4868661
XY 177812 -4276691 -5197591
XY 177820 -5197612 -5066137
XY 177828 -4539748 -4408154
XY 177836 -5131994 -5132030
XY 177844 -5066030 -4803004
XY 177852 -4342411 -5197596
XY 177860 -5197585 -5066108
XY 177868 -4473982 -4408313
XY 177876 -5197602 -5132018
XY 177884 -5065985 -4802891
XY 177892 -4408181 -5197603
XY 177900 -5132032 -5066083
XY 177908 -4408077 -4539666
XY 177916 -5197653 -5132004
XY 177924 -5000396 -4737177
XY 177932 -4473897 -5197604
XY 177940 -5132012 -5066042
XY 177948 -4276698 -4539877
XY 177956 -5197678 -5131990
XY 177964 -5000342 -4671470
XY 177972 -4474029 -5197605
XY 177980 -5131993 -5066010
XY 177988 -4210694 -4605623
XY 177996 -5197683 -5131971
XY 178004 -5000276 -4671248
XY 178012 -4539736 -5197604
XY 178020 -5131966 -5000426
XY 178028 -4079259 -4671401
XY 178036 -5197682 -5131952
XY 178044 -5000224 -4605576
XY 178052 -4539871 -5197600
XY 178060 -5131944 -5000381
XY 178068 -3947669 -4737189
XY 178076 -5197672 -5131935
XY 178084 -4934630 -4539840
XY 178092 -4605629 -5197598
XY 178101 -5131918 -5000331
XY 178109 -3881792 -4802935
XY 178117 -5197664 -5131908
XY 178125 -4934570 -4539661
XY 178133 -4671277 -5197593
XY 178141 -5131900 -5000287
XY 178149 -3750320 -4868713
XY 178157 -5197653 -5131892
XY 178165 -4934494 -4473886
XY 178173 -4671449 -5197587
XY 178181 -5131878 -5000235
XY 178189 -3750151 -4934424
XY 178197 -5197638 -5131871
XY 178205 -4934441 -4408102
XY 178213 -4737051 -5197581
XY 178221 -5131852 -4934650
XY 178229 -3684425 -4934590
XY 178237 -5197630 -5131853
XY 178245 -4868847 -4276692
XY 178253 -4737169 -5132032
XY 178261 -5131815 -4934597
XY 178269 -3684421 -5000280
XY 178277 -5197614 -5131834
XY 178285 -4868797 -4210925
XY 178293 -4737274 -5132023
XY 178301 -5131791 -4934548
XY 178309 -3684567 -5000419
XY 178317 -5197603 -5131814
XY 178325 -4868733 -4145121
XY 178333 -4802955 -5132013
XY 178341 -5066217 -4934497
XY 178349 -3750223 -5066067
XY 178357 -5197584 -5131786
XY 178365 -4868696 -4145014
XY 178373 -4868631 -5132004
XY 178381 -5066183 -4934459
XY 178389 -3816011 -5066129
XY 178397 -5197574 -5066226
XY 178406 -4868619 -4144967
XY 178414 -4868846 -5131991
XY 178422 -5066147 -4934418
XY 178430 -3881931 -5066199
XY 178438 -5132025 -5066193
XY 178446 -4803024 -4145101
XY 178454 -4934542 -5131974
XY 178462 -5066115 -4868846
XY 178470 -3947673 -5131801
XY 178478 -5132019 -5066165
XY 178486 -4802899 -4210703
XY 178494 -5000252 -5131966
XY 178502 -5066078 -4868802
XY 178510 -4013442 -5131851
XY 178518 -5132013 -5066130
XY 178526 -4737215 -4210806
XY 178534 -5000409 -5131953
XY 178542 -5066055 -4868776
XY 178550 -4079310 -5131883
XY 178558 -5132006 -5066107
XY 178566 -4671464 -4276548
XY 178574 -5066093 -5131945
XY 178582 -5066025 -4868706
XY 178590 -4145070 -5131914
XY 178598 -5131994 -5066076
XY 178606 -4671249 -4342273
XY 178614 -5066200 -5131939
XY 178622 -5065994 -4868630
XY 178630 -4210908 -5131940
XY 178638 -5131979 -5066049
XY 178646 -4539844 -4342485
XY 178654 -5131843 -5131933
XY 178662 -5000416 -4802970
XY 178670 -4342273 -5131953
XY 178678 -5131958 -5066019
XY 178686 -4474096 -4408142
XY 178694 -5131931 -5131922
XY 178702 -5000375 -4802858
XY 178710 -4342465 -5131964
XY 178718 -5131942 -5065998
XY 178727 -4408204 -4473953
XY 178735 -5131989 -5131912
XY 178743 -5000321 -4737158
XY 178751 -4408153 -5131968
XY 178759 -5131923 -5000427
XY 178767 -4342388 -4539693
XY 178775 -5197569 -5131899
XY 178783 -5000272 -4737032
XY 178791 -4473894 -5131971
XY 178799 -5131901 -5000398
XY 178807 -4210881 -4605455
XY 178815 -5197581 -5131881
XY 178823 -5000208 -4671279
XY 178831 -4474100 -5131969
XY 178839 -5131878 -5000354
XY 178847 -4144936 -4605673
XY 178855 -5197584 -5131864
XY 178863 -4934628 -4605607
XY 178871 -4539738 -5131967
XY 178879 -5131861 -5000313
XY 178887 -4013406 -4671473
XY 178895 -5197583 -5131846
XY 178903 -4934563 -4539891
XY 178911 -4539878 -5131963
XY 178919 -5131836 -5000263
XY 178927 -3947550 -4737191
XY 178935 -5197571 -5131829
XY 178943 -4934509 -4539714
XY 178951 -4605667 -5131964
XY 178959 -5131815 -5000222
XY 178967 -3816007 -4802943
XY 178975 -5132025 -5131808
XY 178983 -4934447 -4473944
XY 178991 -4671248 -5131962
XY 178999 -5131795 -4934636
XY 179007 -3750237 -4868693
XY 179015 -5132018 -5131789
XY 179023 -4868850 -4408208
XY 179032 -4671388 -5131957
XY 179040 -5131779 -4934595
XY 179048 -3684421 -4934423
XY 179056 -5132006 -5066233
XY 179064 -4868786 -4342347
XY 179072 -4671475 -5131945
XY 179080 -5066211 -4934536
XY 179088 -3684422 -4934573
XY 179096 -5131993 -5066217
XY 179104 -4868735 -4276557
XY 179112 -4737112 -5131936
XY 179120 -5066184 -4934490
XY 179128 -3684373 -5000252
XY 179136 -5131988 -5066201
XY 179144 -4868685 -4145132
XY 179152 -4737239 -5131929
XY 179160 -5066148 -4934438
XY 179168 -3684494 -5000366
XY 179176 -5131968 -5066180
XY 179184 -4868645 -4144993
XY 179192 -4802936 -5131921
XY 179200 -5066116 -4868861
XY 179208 -3750259 -5066008
XY 179216 -5131957 -5066155
XY 179224 -4803045 -4144954
XY 179232 -4868752 -5131911
XY 179240 -5066077 -4868811
XY 179248 -3816031 -5066079
XY 179256 -5131942 -5066124
XY 179264 -4802995 -4144964
XY 179272 -4868812 -5131897
XY 179280 -5066051 -4868787
XY 179288 -3881899 -5066142
XY 179296 -5131937 -5066097
XY 179304 -4802892 -4145068
XY 179312 -4934556 -5131886
XY 179320 -5066017 -4868740
XY 179328 -3947707 -5066188
XY 179337 -5131926 -5066066
XY 179345 -4737219 -4145133
XY 179353 -5000270 -5131873
XY 179361 -5065990 -4868713
XY 179369 -4079175 -5131778
XY 179377 -5131925 -5066040
XY 179385 -4737039 -4210796
XY 179393 -5000372 -5131867
XY 179401 -5000422 -4868656
XY 179409 -4079306 -5131819
XY 179417 -5131916 -5066011
XY 179425 -4671334 -4276519
XY 179433 -5066043 -5131860
XY 179441 -5000396 -4803058
XY 179449 -4210701 -5131845
XY 179457 -5131904 -5000448
XY 179465 -4605479 -4276708
XY 179473 -5066173 -5131855
XY 179481 -5000353 -4802966
XY 179489 -4210926 -5131867
XY 179497 -5131889 -5000416
XY 179505 -4539711 -4342411
XY 179513 -5131792 -5131846
XY 179521 -5000324 -4802848
XY 179529 -4342377 -5131878
XY 179537 -5131872 -5000400
XY 179545 -4408264 -4408178
XY 179553 -5131873 -5131835
XY 179561 -5000268 -4737175
XY 179569 -4342430 -5131886
XY 179577 -5131853 -5000365
XY 179585 -4342476 -4473863
XY 179593 -5131921 -5131824
XY 179601 -5000225 -4737044
XY 179609 -4408145 -5131887
XY 179617 -5131840 -5000341
XY 179625 -4276588 -4539694
XY 179633 -5131957 -5131814
XY 179642 -4934631 -4671311
XY 179650 -4473862 -5131889
XY 179658 -5131814 -5000300
XY 179666 -4210806 -4539895
XY 179674 -5131972 -5131795
XY 179682 -4934588 -4605649
XY 179690 -4474009 -5131887
XY 179698 -5131794 -5000266
XY 179706 -4079200 -4605686
XY 179714 -5131967 -5131783
XY 179722 -4934526 -4605477
XY 179730 -4539678 -5131888
XY 179738 -5066238 -5000222
XY 179746 -3947748 -4671430
XY 179754 -5131963 -5066225
XY 179762 -4934480 -4539779
XY 179770 -4539875 -5131886
XY 179778 -5066218 -4934646
XY 179786 -3881772 -4737205
XY 179794 -5131958 -5066209
XY 179802 -4934415 -4474038
XY 179810 -4605528 -5131883
XY 179818 -5066195 -4934597
XY 179826 -3815968 -4802918
XY 179834 -5131943 -5066191
XY 179842 -4868820 -4408276
XY 179850 -4671242 -5131881
XY 179858 -5066177 -4934552
XY 179866 -3684559 -4868667
XY 179874 -5131935 -5066173
XY 179882 -4868756 -4342460
XY 179890 -4671331 -5131879
XY 179898 -5066153 -4934503
XY 179906 -3684388 -4868833
XY 179914 -5131923 -5066151
XY 179922 -4868706 -4276708
XY 179930 -4671447 -5131867
XY 179938 -5066129 -4934454
XY 179947 -3618763 -4934549
XY 179955 -5131920 -5066137
XY 179963 -4868644 -4210893
XY 179971 -4737078 -5131863
XY 179979 -5066094 -4868861
XY 179987 -3684493 -5000221
XY 179995 -5131904 -5066120
XY 180003 -4803070 -4145130
XY 180011 -4737227 -5131850
XY 180019 -5066070 -4868824
XY 180027 -3684481 -5000321
XY 180035 -5131894 -5066098
XY 180043 -4803011 -4144942
XY 180051 -4802978 -5131842
XY 180059 -5066032 -4868776
XY 180067 -3750185 -5000414
XY 180075 -5131876 -5066073
XY 180083 -4802968 -4144922
XY 180091 -4803040 -5131835
XY 180099 -5066003 -4868741
XY 180107 -3816094 -5066024
XY 180115 -5131868 -5066049
XY 180123 -4802893 -4144962
XY 180131 -4868776 -5131823
XY 180139 -5000433 -4868695
XY 180147 -3881886 -5066078
XY 180155 -5131861 -5066017
XY 180163 -4802822 -4145031
XY 180171 -4934475 -5131810
XY 180179 -5000401 -4868670
XY 180187 -3947698 -5066133
XY 180195 -5131857 -5065991
XY 180203 -4737119 -4145139
XY 180211 -4934641 -5131800
XY 180219 -5000373 -4868636
XY 180227 -4079180 -5066176
XY 180235 -5131850 -5000423
XY 180243 -4671430 -4210841
XY 180252 -5000324 -5131797
XY 180260 -5000349 -4803056
XY 180268 -4144979 -5066212
XY 180276 -5131842 -5000397
XY 180284 -4605647 -4276542
XY 180292 -5066003 -5131789
XY 180300 -5000314 -4802971
XY 180308 -4210808 -5131778
XY 180316 -5131829 -5000368
XY 180324 -4539899 -4276734
XY 180332 -5066114 -5131781
XY 180340 -5000282 -4802891
XY 180348 -4276488 -5131793
XY 180356 -5131821 -5000346
XY 180364 -4474012 -4342418
XY 180372 -5066203 -5066239
XY 180380 -5000237 -4737225
XY 180388 -4276703 -5131810
XY 180396 -5131798 -5000321
XY 180404 -4408253 -4408165
XY 180412 -5131811 -5066230
XY 180420 -5000206 -4737115
XY 180428 -4342443 -5131815
XY 180436 -5131782 -5000298
XY 180444 -4342330 -4473900
XY 180452 -5131864 -5066218
XY 180460 -4934614 -4671406
XY 180468 -4408136 -5131820
XY 180476 -5066228 -5000261
XY 180484 -4276482 -4539690
XY 180492 -5131897 -5066206
XY 180500 -4934567 -4671244
XY 180508 -4473939 -5131821
XY 180516 -5066208 -5000232
XY 180524 -4144989 -4605445
XY 180532 -5131902 -5066193
XY 180540 -4934509 -4605514
XY 180548 -4473976 -5131824
XY 180557 -5066184 -4934653
XY 180565 -4079135 -4605641
XY 180573 -5131902 -5066177
XY 180581 -4934458 -4539843
XY 180589 -4539807 -5131825
XY 180597 -5066168 -4934620
XY 180605 -3947571 -4671398
XY 180613 -5131896 -5066160
XY 180621 -4868857 -4474098
XY 180629 -4539829 -5131819
XY 180637 -5066146 -4934562
XY 180645 -3816180 -4737148
XY 180653 -5131887 -5066141
XY 180661 -4868808 -4473932
XY 180669 -4605545 -5131818
XY 180677 -5066129 -4934525
XY 180685 -3750333 -4802948
XY 180693 -5131876 -5066126
XY 180701 -4868735 -4408157
XY 180709 -4605656 -5131816
XY 180717 -5066109 -4934480
XY 180725 -3750145 -4868662
XY 180733 -5131872 -5066103
XY 180741 -4868692 -4342449
XY 180749 -4671357 -5131815
XY 180757 -5066093 -4934434
XY 180765 -3618750 -4868830
XY 180773 -5131860 -5066090
XY 180781 -4868628 -4276597
XY 180789 -4671380 -5131805
XY 180797 -5066059 -4868846
XY 180805 -3618737 -4934505
XY 180813 -5131851 -5066071
XY 180821 -4803046 -4210868
XY 180829 -4737053 -5131797
XY 180837 -5066033 -4868802
XY 180845 -3618795 -4934645
XY 180853 -5131840 -5066055
XY 180861 -4803002 -4145042
XY 180869 -4737173 -5131790
XY 180878 -5065997 -4868751
XY 180886 -3684474 -5000280
XY 180894 -5131828 -5066031
XY 180902 -4802955 -4144901
XY 180910 -4802856 -5131782
XY 180918 -5000435 -4868710
XY 180926 -3750254 -5000370
XY 180934 -5131814 -5066010
XY 180942 -4802901 -4079317
XY 180950 -4803017 -5066239
XY 180958 -5000400 -4868669
XY 180966 -3816060 -5000428
XY 180974 -5131805 -5000445
XY 180982 -4802841 -4144947
XY 180990 -4868742 -5066224
XY 180998 -5000375 -4868645
XY 181006 -3881916 -5066029
XY 181014 -5131802 -5000422
XY 181022 -4737185 -4145017
XY 181030 -4934452 -5066213
XY 181038 -5000335 -4803068
XY 181046 -3947717 -5066071
XY 181054 -5131793 -5000388
XY 181062 -4737083 -4145150
XY 181070 -4934593 -5066200
XY 181078 -5000312 -4803038
XY 181086 -4013549 -5066123
XY 181094 -5131787 -5000362
XY 181102 -4671344 -4210859
XY 181110 -5000274 -5066192
XY 181118 -5000285 -4802984
XY 181126 -4079309 -5066153
XY 181134 -5131778 -5000337
XY 181142 -4605621 -4276507
XY 181150 -5000414 -5066188
XY 181158 -5000259 -4802925
XY 181166 -4210722 -5066182
XY 181174 -5066232 -5000307
XY 181183 -4539779 -4342280
XY 181191 -5066055 -5066185
XY 181199 -5000220 -4802819
XY 181207 -4276504 -5066200
XY 181215 -5066217 -5000286
XY 181223 -4474033 -4342389
XY 181231 -5066146 -5066180
XY 181239 -4934650 -4737188
XY 181247 -4276672 -5066215
XY 181255 -5066202 -5000262
XY 181263 -4408143 -4408180
XY 181271 -5066221 -5066173
XY 181279 -4934600 -4737043
XY 181287 -4342488 -5066218
XY 181295 -5066183 -5000235
XY 181303 -4342448 -4473918
XY 181311 -5131806 -5066160
XY 181319 -4934562 -4671380
XY 181327 -4408265 -5066223
XY 181335 -5066165 -5000213
XY 181343 -4210924 -4539682
XY 181351 -5131836 -5066145
XY 181359 -4934505 -4605659
XY 181367 -4408308 -5066225
XY 181375 -5066146 -4934631
XY 181383 -4145039 -4539904
XY 181391 -5131842 -5066132
XY 181399 -4934457 -4605515
XY 181407 -4474052 -5066228
XY 181415 -5066132 -4934601
XY 181423 -4013541 -4605634
XY 181431 -5131843 -5066117
XY 181439 -4868864 -4539758
XY 181447 -4539668 -5066227
XY 181455 -5066110 -4934554
XY 181463 -3947656 -4671359
XY 181471 -5131841 -5066101
XY 181479 -4868818 -4474091
XY 181488 -4539823 -5066227
XY 181496 -5066089 -4934513
XY 181504 -3816156 -4737129
XY 181512 -5131831 -5066086
XY 181520 -4868751 -4473890
XY 181528 -4605487 -5066227
XY 181536 -5066070 -4934467
XY 181544 -3750328 -4802877
XY 181552 -5131821 -5066064
XY 181560 -4868693 -4408171
XY 181568 -4671239 -5066226
XY 181576 -5066056 -4934432
XY 181584 -3684439 -4803064
XY 181592 -5131811 -5066052
XY 181600 -4868630 -4342351
XY 181608 -4671290 -5066221
XY 181616 -5066034 -4868837
XY 181624 -3618718 -4868766
XY 181632 -5131803 -5066028
XY 181640 -4803047 -4276608
XY 181648 -4671349 -5066215
XY 181656 -5066007 -4868795
XY 181664 -3618700 -4934473
XY 181672 -5131798 -5066020
XY 181680 -4802998 -4210723
XY 181688 -4671471 -5066204
XY 181696 -5000438 -4868740
XY 181704 -3684453 -4934592
XY 181712 -5131784 -5066000
XY 181720 -4802956 -4145022
XY 181728 -4737127 -5066199
XY 181736 -5000410 -4868708
XY 181744 -3684475 -5000232
XY 181752 -5066238 -5000447
XY 181760 -4802897 -4144897
XY 181768 -4737275 -5066194
XY 181776 -5000376 -4868658
XY 181784 -3750205 -5000316
XY 181793 -5066222 -5000417
XY 181801 -4802860 -4079323
XY 181809 -4802956 -5066183
XY 181817 -5000348 -4868624
XY 181825 -3816038 -5000375
XY 181833 -5066217 -5000395
XY 181841 -4737249 -4079343
XY 181849 -4868672 -5066172
XY 181857 -5000316 -4803053
XY 181865 -3881846 -5000435
XY 181873 -5066212 -5000364
XY 181881 -4737153 -4144994
XY 181889 -4868854 -5066160
XY 181897 -5000286 -4803024
XY 181905 -4013356 -5066025
XY 181913 -5066204 -5000337
XY 181921 -4671464 -4145111
XY 181929 -4934542 -5066152
XY 181937 -5000254 -4802985
XY 181945 -4013494 -5066066
XY 181953 -5066200 -5000312
XY 181961 -4671322 -4210802
XY 181969 -5000216 -5066144
XY 181977 -5000238 -4802944
XY 181985 -4079296 -5066102
XY 181993 -5066195 -5000285
XY 182001 -4605545 -4210940
XY 182009 -5000359 -5066139
XY 182017 -5000201 -4802863
XY 182025 -4145073 -5066131
XY 182033 -5066183 -5000255
XY 182041 -4539801 -4276663
XY 182049 -5066007 -5066134
XY 182057 -4934636 -4737259
XY 182065 -4210890 -5066151
XY 182073 -5066169 -5000241
XY 182081 -4473962 -4342366
XY 182089 -5066095 -5066127
XY 182098 -4934589 -4737135
XY 182106 -4276616 -5066162
XY 182114 -5066150 -5000211
XY 182122 -4408155 -4408105
XY 182130 -5066166 -5066120
XY 182138 -4934558 -4737027
XY 182146 -4342375 -5066171
XY 182154 -5066137 -4934652
XY 182162 -4342288 -4408306
XY 182170 -5066221 -5066113
XY 182178 -4934501 -4671312
XY 182186 -4408091 -5066174
XY 182194 -5066116 -4934619
XY 182202 -4210943 -4474048
XY 182210 -5131786 -5066099
XY 182218 -4934467 -4605646
XY 182226 -4408209 -5066181
XY 182234 -5066100 -4934595
XY 182242 -4145025 -4539826
XY 182250 -5131794 -5066084
XY 182258 -4934413 -4605455
XY 182266 -4473902 -5066181
XY 182274 -5066082 -4934550
XY 182282 -4013564 -4605563
XY 182290 -5131797 -5066064
XY 182298 -4868826 -4539768
XY 182306 -4474073 -5066183
XY 182314 -5066062 -4934513
XY 182322 -3947613 -4671329
XY 182330 -5131792 -5066053
XY 182338 -4868765 -4474057
XY 182346 -4539722 -5066180
XY 182354 -5066041 -4934466
XY 182362 -3816183 -4737058
XY 182370 -5131785 -5066035
XY 182378 -4868710 -4473873
XY 182386 -4539887 -5066178
XY 182394 -5066026 -4934421
XY 182403 -3750289 -4802831
XY 182411 -5066237 -5066021
XY 182419 -4868641 -4408073
XY 182427 -4605573 -5066177
XY 182435 -5066005 -4868843
XY 182443 -3684502 -4802999
XY 182451 -5066225 -5066006
XY 182459 -4803053 -4342405
XY 182467 -4605681 -5066172
XY 182475 -5065990 -4868799
XY 182483 -3618702 -4868729
XY 182491 -5066222 -5000447
XY 182499 -4802994 -4276563
XY 182507 -4671413 -5066167
XY 182515 -5000422 -4868752
XY 182523 -3618648 -4868852
XY 182531 -5066214 -5000436
XY 182539 -4802954 -4210808
XY 182547 -4671386 -5066161
XY 182555 -5000397 -4868701
XY 182563 -3618752 -4934543
XY 182571 -5066207 -5000420
XY 182579 -4802892 -4144952
XY 182587 -4737099 -5066152
XY 182595 -5000364 -4868652
XY 182603 -3684360 -4934619
XY 182611 -5066194 -5000397
XY 182619 -4802848 -4079330
XY 182627 -4737198 -5066143
XY 182635 -5000335 -4868624
XY 182643 -3684599 -5000255
XY 182651 -5066178 -5000377
XY 182659 -4737269 -4079241
XY 182667 -4802901 -5066138
XY 182675 -5000296 -4803039
XY 182683 -3816049 -5000317
XY 182691 -5066168 -5000348
XY 182699 -4737214 -4079284
XY 182708 -4803065 -5066125
XY 182716 -5000279 -4803013
XY 182724 -3881835 -5000384
XY 182732 -5066167 -5000327
XY 182740 -4737114 -4144906
XY 182748 -4868856 -5066121
XY 182756 -5000247 -4802977
XY 182764 -3947699 -5000428
XY 182772 -5066162 -5000296
XY 182780 -4671471 -4145056
XY 182788 -4934482 -5066108
XY 182796 -5000220 -4802946
XY 182804 -4013442 -5066018
XY 182812 -5066157 -5000271
XY 182820 -4671287 -4210735
XY 182828 -4934615 -5066100
XY 182836 -4934656 -4802908
XY 182844 -4079156 -5066050
XY 182852 -5066150 -5000245
XY 182860 -4605571 -4210840
XY 182868 -5000317 -5066095
XY 182876 -4934639 -4802837
XY 182884 -4145123 -5066082
XY 182892 -5066136 -5000221
XY 182900 -4539770 -4276623
XY 182908 -5000402 -5066090
XY 182916 -4934594 -4737224
XY 182924 -4210771 -5066105
XY 182932 -5066128 -5000197
XY 182940 -4474016 -4342276
XY 182948 -5066030 -5066086
XY 182956 -4934565 -4737134
XY 182964 -4276582 -5066120
XY 182972 -5066113 -4934643
XY 182980 -4408157 -4342518
XY 182988 -5066108 -5066078
XY 182996 -4934520 -4671459
XY 183004 -4342288 -5066128
XY 183013 -5066094 -4934615
XY 183020 -4342417 -4408226
XY 183029 -5066167 -5066068
XY 183037 -4934480 -4671335
XY 183045 -4408150 -5066132
XY 183053 -5066082 -4934588
XY 183061 -4276509 -4474005
XY 183069 -5066203 -5066061
XY 183077 -4934425 -4605619
XY 183085 -4408126 -5066136
XY 183093 -5066058 -4934555
XY 183101 -4210691 -4539710
XY 183109 -5066221 -5066045
XY 183117 -4868844 -4605471
XY 183125 -4408315 -5066140
XY 183133 -5066044 -4934519
XY 183141 -4079170 -4605499
XY 183149 -5066219 -5066031
XY 183157 -4868787 -4539762
XY 183165 -4474112 -5066138
XY 183173 -5066019 -4934472
XY 183181 -3947731 -4671253
XY 183189 -5066215 -5066012
XY 183197 -4868745 -4474088
XY 183205 -4539729 -5066140
XY 183213 -5066008 -4934440
XY 183221 -3881768 -4671470
XY 183229 -5066208 -5066000
XY 183237 -4868677 -4473895
XY 183245 -4539827 -5066136
XY 183253 -5065990 -4868856
XY 183261 -3750396 -4737205
XY 183269 -5066202 -5000446
XY 183277 -4868627 -4408180
XY 183285 -4605606 -5066137
XY 183293 -5000438 -4868815
XY 183301 -3684533 -4802934
XY 183309 -5066191 -5000433
XY 183317 -4803025 -4342424
XY 183325 -4605599 -5066135
XY 183334 -5000415 -4868768
XY 183342 -3618748 -4868637
XY 183350 -5066183 -5000412
XY 183358 -4802977 -4276666
XY 183366 -4671251 -5066127
XY 183374 -5000396 -4868729
XY 183382 -3618640 -4868801
XY 183390 -5066175 -5000403
XY 183398 -4802918 -4210825
XY 183406 -4671351 -5066120
XY 183414 -5000364 -4868669
XY 183422 -3618724 -4934457
XY 183430 -5066165 -5000382
XY 183438 -4802876 -4145100
XY 183446 -4737068 -5066111
XY 183454 -5000338 -4868638
XY 183462 -3618771 -4934572
XY 183470 -5066158 -5000365
XY 183478 -4802828 -4079284
XY 183486 -4737115 -5066106
XY 183494 -5000300 -4803050
XY 183502 -3684507 -4934654
XY 183510 -5066139 -5000340
XY 183518 -4737255 -4079253
XY 183526 -4802912 -5066100
XY 183534 -5000278 -4803016
XY 183542 -3750335 -5000270
XY 183550 -5066133 -5000323
XY 183558 -4737191 -4079262
XY 183566 -4803050 -5066092
XY 183574 -5000241 -4802988
XY 183582 -3881807 -5000325
XY 183590 -5066128 -5000291
XY 183598 -4737119 -4079336
XY 183606 -4868693 -5066081
XY 183614 -5000216 -4802952
XY 183622 -3947526 -5000384
XY 183630 -5066123 -5000269
XY 183639 -4671448 -4145026
XY 183647 -4934417 -5066071
XY 183655 -4934650 -4802924
XY 183663 -3947740 -5000427
XY 183671 -5066119 -5000237
XY 183679 -4671333 -4145122
XY 183687 -4934534 -5066060
XY 183695 -4934627 -4802887
XY 183703 -4079111 -5066004
XY 183711 -5066115 -5000214
XY 183719 -4605576 -4210784
XY 183727 -5000205 -5066058
XY 183735 -4934604 -4802826
XY 183743 -4079314 -5066031
XY 183751 -5066102 -4934653
XY 183759 -4539880 -4276483
XY 183767 -5000320 -5066055
XY 183775 -4934576 -4737218
XY 183783 -4210715 -5066063
XY 183791 -5066096 -4934630
XY 183799 -4474037 -4276645
XY 183807 -5000425 -5066055
XY 183815 -4934534 -4737117
XY 183823 -4210893 -5066077
XY 183831 -5066079 -4934613
XY 183839 -4408277 -4342403
XY 183847 -5066048 -5066044
XY 183855 -4934505 -4737028
XY 183863 -4276689 -5066088
XY 183871 -5066065 -4934591
XY 183879 -4342407 -4408128
XY 183887 -5066114 -5066039
XY 183895 -4934458 -4671329
XY 183903 -4342368 -5066094
XY 183911 -5066048 -4934557
XY 183919 -4276659 -4473916
XY 183927 -5066154 -5066024
XY 183935 -4934413 -4605669
XY 183944 -4408078 -5066100
XY 183952 -5066033 -4934534
XY 183960 -4210744 -4474106
XY 183968 -5066177 -5066016
XY 183976 -4868819 -4605469
XY 183984 -4408228 -5066104
XY 183992 -5066011 -4934494
XY 184000 -4144908 -4539862
XY 184008 -5066184 -5065999
XY 184016 -4868779 -4539807
XY 184024 -4473918 -5066101
XY 184032 -5065994 -4934464
XY 184040 -4013359 -4605624
XY 184048 -5066180 -5065989
XY 184056 -4868722 -4474092
XY 184064 -4474061 -5066101
XY 184072 -5000437 -4934414
XY 184080 -3881938 -4671358
XY 184088 -5066176 -5000433
XY 184096 -4868667 -4473964
XY 184104 -4539751 -5066101
XY 184112 -5000423 -4868838
XY 184120 -3815971 -4737114
XY 184128 -5066167 -5000418
XY 184136 -4803066 -4408221
XY 184144 -4605442 -5066099
XY 184152 -5000407 -4868797
XY 184160 -3750203 -4802840
XY 184168 -5066157 -5000401
XY 184176 -4803023 -4342507
XY 184184 -4605572 -5066102
XY 184192 -5000390 -4868759
XY 184200 -3618758 -4803022
XY 184208 -5066150 -5000385
XY 184216 -4802954 -4276690
XY 184224 -4605649 -5066095
XY 184232 -5000366 -4868709
XY 184240 -3618687 -4868700
XY 184249 -5066144 -5000371
XY 184257 -4802913 -4276504
XY 184265 -4671285 -5066089
XY 184273 -5000340 -4868662
XY 184281 -3618627 -4934402
XY 184289 -5066137 -5000355
XY 184297 -4802862 -4210712
XY 184305 -4671368 -5066084
XY 184313 -5000309 -4868615
XY 184321 -3618750 -4934508
XY 184329 -5066122 -5000338
XY 184337 -4737280 -4144898
XY 184345 -4737046 -5066075
XY 184353 -5000286 -4803043
XY 184361 -3684421 -4934594
XY 184369 -5066112 -5000320
XY 184377 -4737231 -4079223
XY 184385 -4737174 -5066067
XY 184393 -5000246 -4802992
XY 184401 -3750171 -5000208
XY 184409 -5066098 -5000296
XY 184417 -4737192 -4079230
XY 184425 -4802874 -5066059
XY 184433 -5000221 -4802965
XY 184441 -3816074 -5000271
XY 184449 -5066095 -5000274
XY 184457 -4737115 -4079276
XY 184465 -4803060 -5066050
XY 184473 -4934650 -4802923
XY 184481 -3881812 -5000323
XY 184489 -5066090 -5000245
XY 184497 -4737040 -4144913
XY 184505 -4868756 -5066039
XY 184513 -4934631 -4802905
XY 184521 -4013330 -5000381
XY 184529 -5066089 -5000216
XY 184537 -4671338 -4145062
XY 184545 -4934441 -5066029
XY 184554 -4934603 -4802866
XY 184562 -4013563 -5000421
XY 184570 -5066079 -5000196
XY 184578 -4605661 -4145145
XY 184586 -4934585 -5066026
XY 184594 -4934586 -4802828
XY 184602 -4079251 -5065988
XY 184610 -5066072 -4934634
XY 184618 -4539882 -4210871
XY 184626 -5000244 -5066022
XY 184634 -4934551 -4737207
XY 184642 -4145032 -5066020
XY 184650 -5066063 -4934604
XY 184658 -4539723 -4276553
XY 184666 -5000351 -5066016
XY 184674 -4934522 -4737141
XY 184682 -4210842 -5066039
XY 184690 -5066056 -4934589
XY 184698 -4473867 -4342276
XY 184706 -5065985 -5066015
XY 184714 -4934484 -4671474
XY 184722 -4276557 -5066050
XY 184730 -5066034 -4934561
XY 184738 -4408102 -4342488
XY 184746 -5066050 -5066006
XY 184754 -4934446 -4671379
XY 184762 -4342466 -5066060
XY 184770 -5066020 -4934542
XY 184778 -4276676 -4408243
XY 184786 -5066105 -5066000
XY 184794 -4868863 -4605672
XY 184802 -4342479 -5066063
XY 184810 -5066003 -4934509
XY 184818 -4210877 -4473974
XY 184826 -5066140 -5000448
XY 184834 -4868817 -4605535
XY 184842 -4408170 -5066070
XY 184850 -5065991 -4934478
XY 184859 -4144960 -4539773
XY 184867 -5066150 -5000437
XY 184875 -4868758 -4539817
XY 184883 -4408307 -5066070
XY 184891 -5000430 -4934442
XY 184899 -4079113 -4605460
XY 184907 -5066151 -5000423
XY 184915 -4868721 -4539702
XY 184923 -4474009 -5066071
XY 184931 -5000416 -4934407
XY 184939 -3947637 -4671243
XY 184947 -5066148 -5000412
XY 184955 -4868659 -4473985
XY 184963 -4539677 -5066070
XY 184971 -5000396 -4868826
XY 184979 -3881762 -4671457
XY 184987 -5066136 -5000394
XY 184995 -4868610 -4408313
XY 185003 -4539842 -5066070
XY 185011 -5000381 -4868788
XY 185019 -3750258 -4737212
XY 185027 -5066130 -5000378
XY 185035 -4803008 -4408134
XY 185043 -4605473 -5066069
XY 185051 -5000364 -4868745
XY 185059 -3684471 -4802893
XY 185067 -5066121 -5000361
XY 185075 -4802963 -4342399
XY 185083 -4605596 -5066071
XY 185091 -5000349 -4868705
XY 185099 -3618674 -4868612
XY 185107 -5066113 -5000346
XY 185115 -4802898 -4276541
XY 185123 -4605670 -5066064
XY 185131 -5000324 -4868654
XY 185139 -3618621 -4868742
XY 185147 -5066107 -5000332
XY 185155 -4802860 -4210803
XY 185164 -4671310 -5066054
XY 185171 -5000299 -4868615
XY 185180 -3618673 -4934419
XY 185188 -5066102 -5000317
XY 185196 -4737274 -4144980
XY 185204 -4671412 -5066050
XY 185212 -5000267 -4803025
XY 185220 -3618774 -4934521
XY 185228 -5066086 -5000297
XY 185236 -4737236 -4079282
XY 185244 -4737059 -5066046
XY 185252 -5000242 -4802991
XY 185260 -3684519 -4934606
XY 185268 -5066082 -5000277
XY 185276 -4737181 -4079207
XY 185284 -4737223 -5066036
XY 185292 -5000206 -4802951
XY 185300 -3750275 -5000209
XY 185308 -5066068 -5000254
XY 185316 -4737129 -4079202
XY 185324 -4802974 -5066029
XY 185332 -4934643 -4802923
XY 185340 -3816089 -5000260
XY 185348 -5066059 -5000229
XY 185356 -4737050 -4079330
XY 185364 -4868629 -5066019
XY 185372 -4934611 -4802885
XY 185380 -3881909 -5000317
XY 185388 -5066057 -5000201
XY 185396 -4671419 -4144946
XY 185404 -4868787 -5066009
XY 185412 -4934589 -4802864
XY 185420 -3947761 -5000368
XY 185428 -5066054 -4934644
XY 185436 -4671251 -4145036
XY 185444 -4934480 -5065998
XY 185452 -4934559 -4737279
XY 185460 -4079132 -5000401
XY 185468 -5066047 -4934614
XY 185476 -4605581 -4210714
XY 185485 -4934621 -5065996
XY 185493 -4934537 -4737241
XY 185501 -4079299 -5000435
XY 185509 -5066042 -4934591
XY 185517 -4539776 -4210913
XY 185525 -5000255 -5065989
XY 185533 -4934511 -4737163
XY 185541 -4145090 -5065995
XY 185549 -5066026 -4934566
XY 185557 -4474047 -4276617
XY 185565 -5000363 -5065988
XY 185573 -4934477 -4737073
XY 185581 -4210896 -5066012
XY 185589 -5066016 -4934548
XY 185597 -4408181 -4342336
XY 185605 -5000439 -5000445
XY 185613 -4934433 -4671425
XY 185621 -4276624 -5066026
XY 185629 -5065998 -4934526
XY 185637 -4342428 -4342506
XY 185645 -5066047 -5000436
XY 185653 -4868864 -4671305
XY 185661 -4342351 -5066032
XY 185669 -5000448 -4934502
XY 185677 -4276583 -4408304
XY 185685 -5066095 -5000429
XY 185693 -4868809 -4605603
XY 185701 -4408067 -5066037
XY 185709 -5000434 -4934470
XY 185717 -4210775 -4474009
XY 185725 -5066117 -5000416
XY 185733 -4868763 -4605472
XY 185741 -4408189 -5066043
XY 185749 -5000420 -4934443
XY 185757 -4079294 -4539763
XY 185765 -5066124 -5000404
XY 185773 -4868713 -4539748
XY 185781 -4408308 -5066041
XY 185790 -5000398 -4868863
XY 185798 -4013423 -4605545
XY 185806 -5066124 -5000388
XY 185814 -4868672 -4474085
XY 185822 -4539694 -5066041
XY 185830 -5000382 -4868828
XY 185838 -3881924 -4671297
XY 185846 -5066116 -5000375
XY 185854 -4803071 -4473920
XY 185862 -4539679 -5066042
XY 185870 -5000364 -4868782
XY 185878 -3816057 -4671485
XY 185886 -5066106 -5000359
XY 185894 -4803027 -4408232
XY 185902 -4605475 -5066044
XY 185910 -5000344 -4868745
XY 185918 -3684604 -4737248
XY 185926 -5066100 -5000344
XY 185934 -4802955 -4342471
XY 185942 -4605478 -5066041
XY 185950 -5000332 -4868702
XY 185958 -3684389 -4802921
XY 185966 -5066089 -5000325
XY 185974 -4802920 -4342309
XY 185982 -4605634 -5066040
XY 185990 -5000311 -4868663
XY 185998 -3618661 -4868636
XY 186006 -5066085 -5000314
XY 186014 -4802855 -4210900
XY 186022 -4605668 -5066032
XY 186030 -5000281 -4803068
XY 186038 -3618714 -4868759
XY 186046 -5066076 -5000298
XY 186054 -4737276 -4210709
XY 186062 -4671297 -5066023
XY 186070 -5000263 -4803032
XY 186078 -3618680 -4934425
XY 186086 -5066072 -5000288
XY 186095 -4737234 -4144930
XY 186103 -4671428 -5066016
XY 186111 -5000225 -4802985
XY 186119 -3684405 -4934514
XY 186127 -5066056 -5000264
XY 186135 -4737195 -4079222
XY 186143 -4737089 -5066011
XY 186151 -5000204 -4802953
XY 186159 -3750192 -4934598
XY 186167 -5066047 -5000246
XY 186175 -4737128 -4079183
XY 186183 -4737246 -5066004
XY 186191 -4934633 -4802912
XY 186199 -3750327 -5000194
XY 186207 -5066034 -5000217
XY 186215 -4737097 -4079224
XY 186223 -4802994 -5065991
XY 186231 -4934607 -4802877
XY 186239 -3881751 -5000252
XY 186247 -5066032 -5000197
XY 186255 -4671448 -4079358
XY 186263 -4868652 -5000446
XY 186271 -4934578 -4802846
XY 186279 -3947535 -5000299
XY 186287 -5066030 -4934633
XY 186295 -4671357 -4144936
XY 186303 -4868787 -5000438
XY 186311 -4934552 -4802827
XY 186319 -4013389 -5000352
XY 186327 -5066020 -4934606
XY 186335 -4605647 -4145064
XY 186343 -4934488 -5000433
XY 186351 -4934526 -4737248
XY 186359 -4013562 -5000385
XY 186367 -5066017 -4934583
XY 186375 -4605505 -4210773
XY 186383 -4934606 -5000430
XY 186391 -4934504 -4737198
XY 186400 -4079354 -5000415
XY 186408 -5066011 -4934559
XY 186416 -4539698 -4210933
XY 186424 -5000253 -5000426
XY 186432 -4934473 -4737115
XY 186440 -4210799 -5000443
XY 186448 -5066001 -4934536
XY 186456 -4473995 -4276635
XY 186464 -5000349 -5000424
XY 186472 -4934443 -4737042
XY 186480 -4210916 -5065992
XY 186488 -5065989 -4934517
XY 186496 -4408132 -4342369
XY 186504 -5000434 -5000416
XY 186512 -4868863 -4671363
XY 186520 -4342319 -5066002
XY 186528 -5000434 -4934490
XY 186536 -4342389 -4408080
XY 186544 -5066033 -5000407
XY 186552 -4868828 -4671252
XY 186560 -4408080 -5066007
XY 186568 -5000421 -4934473
XY 186576 -4276528 -4473882
XY 186584 -5066072 -5000402
XY 186592 -4868775 -4605544
XY 186600 -4342508 -5066010
XY 186608 -5000400 -4934435
XY 186616 -4210689 -4474053
XY 186624 -5066094 -5000385
XY 186632 -4868740 -4539870
XY 186640 -4473880 -5066012
XY 186648 -5000385 -4934407
XY 186656 -4079213 -4539801
XY 186664 -5066094 -5000377
XY 186672 -4868681 -4539706
XY 186680 -4473859 -5066016
XY 186688 -5000368 -4868830
XY 186696 -4013339 -4605575
XY 186705 -5066095 -5000358
XY 186713 -4868635 -4474029
XY 186721 -4474027 -5066012
XY 186729 -5000348 -4868796
XY 186737 -3881825 -4671319
XY 186745 -5066090 -5000346
XY 186753 -4803036 -4473868
XY 186761 -4539684 -5066015
XY 186769 -5000329 -4868747
XY 186777 -3816004 -4737032
XY 186785 -5066077 -5000330
XY 186793 -4802986 -4408174
XY 186801 -4539880 -5066012
XY 186809 -5000319 -4868713
XY 186817 -3684519 -4737239
XY 186825 -5066073 -5000312
XY 186833 -4802924 -4342405
XY 186841 -4605476 -5066014
XY 186849 -5000300 -4868667
XY 186857 -3618816 -4802950
XY 186865 -5066063 -5000297
XY 186873 -4802883 -4276710
XY 186881 -4605635 -5066010
XY 186889 -5000288 -4868619
XY 186897 -3618570 -4868634
XY 186905 -5066059 -5000281
XY 186913 -4802819 -4210828
XY 186921 -4671316 -5066003
XY 186929 -5000249 -4803036
XY 186937 -3618611 -4868744
XY 186945 -5066050 -5000269
XY 186953 -4737249 -4145112
XY 186961 -4671307 -5065997
XY 186969 -5000233 -4803003
XY 186977 -3618701 -4934425
XY 186985 -5066040 -5000257
XY 186993 -4737194 -4079284
XY 187001 -4671406 -5065991
XY 187010 -5000195 -4802958
XY 187018 -3684363 -4934500
XY 187026 -5066028 -5000235
XY 187034 -4737157 -4079176
XY 187042 -4737086 -5000447
XY 187050 -4934634 -4802923
XY 187058 -3750146 -4934590
XY 187066 -5066018 -5000213
XY 187074 -4737100 -4079167
XY 187082 -4802839 -5000441
XY 187090 -4934605 -4802886
XY 187098 -3750380 -4934650
XY 187106 -5066009 -4934652
XY 187114 -4737069 -4079169
XY 187122 -4802949 -5000434
XY 187130 -4934581 -4802853
XY 187138 -3881750 -5000238
XY 187146 -5066010 -4934629
XY 187154 -4671416 -4079306
XY 187162 -4868638 -5000422
XY 187170 -4934547 -4802828
XY 187178 -3881976 -5000288
XY 187186 -5066003 -4934604
XY 187194 -4671338 -4144953
XY 187202 -4868785 -5000415
XY 187210 -4934525 -4737263
XY 187218 -4013421 -5000341
XY 187226 -5066001 -4934577
XY 187234 -4605607 -4145069
XY 187242 -4934486 -5000407
XY 187250 -4934500 -4737223
XY 187258 -4079223 -5000364
XY 187266 -5065996 -4934551
XY 187274 -4605444 -4210742
XY 187282 -4934645 -5000404
XY 187290 -4934477 -4737166
XY 187298 -4144919 -5000396
XY 187306 -5065985 -4934533
XY 187315 -4539697 -4276487
XY 187322 -5000259 -5000401
XY 187331 -4934446 -4737073
XY 187339 -4210692 -5000419
XY 187347 -5000439 -4934511
XY 187355 -4473934 -4276619
XY 187363 -5000349 -5000400
XY 187371 -4934414 -4671465
XY 187379 -4276487 -5000437
XY 187387 -5000426 -4934491
XY 187395 -4408086 -4342397
XY 187403 -5000424 -5000391
XY 187411 -4868837 -4671324
XY 187419 -4276694 -5000443
XY 187427 -5000412 -4934465
XY 187435 -4342344 -4408108
XY 187443 -5066013 -5000386
XY 187451 -4868800 -4605679
XY 187459 -4342376 -5065988
XY 187467 -5000396 -4934439
XY 187475 -4210921 -4408308
XY 187483 -5066058 -5000379
XY 187491 -4868750 -4605497
### phase: stop 'STOP - HOLD STILL' at 2026-10-01T22:06:55.7935272+03:00
XY 187499 -4408128 -5065989
XY 187507 -5000376 -4934413
XY 187515 -4145090 -4474076
XY 187523 -5066072 -5000363
XY 187531 -4868702 -4539839
XY 187539 -4408227 -5065995
XY 187547 -5000362 -4868841
XY 187555 -4079135 -4539841
XY 187563 -5066073 -5000350
XY 187571 -4868649 -4539663
XY 187579 -4473962 -5065994
XY 187587 -5000344 -4868807
XY 187595 -3947758 -4605560
XY 187603 -5066073 -5000336
XY 187611 -4868610 -4474005
XY 187619 -4539650 -5065994
XY 187627 -5000325 -4868768
XY 187636 -3881771 -4671350
XY 187644 -5066065 -5000322
XY 187652 -4803005 -4408291
XY 187660 -4539716 -5065993
XY 187668 -5000304 -4868722
XY 187676 -3750397 -4737041
XY 187684 -5066057 -5000308
XY 187692 -4802962 -4408146
XY 187700 -4539869 -5065991
XY 187708 -5000295 -4868685
XY 187716 -3684480 -4737242
XY 187724 -5066045 -5000289
XY 187732 -4802890 -4342378
XY 187740 -4605485 -5065994
XY 187748 -5000278 -4868636
XY 187756 -3684376 -4802940
XY 187764 -5066037 -5000272
XY 187772 -4802850 -4276636
XY 187780 -4605595 -5065992
XY 187788 -5000261 -4803065
XY 187796 -3618584 -4868628
XY 187804 -5066038 -5000261
XY 187812 -4737262 -4210789
XY 187820 -4671317 -5000448
XY 187828 -5000229 -4803012
XY 187836 -3618635 -4868754
XY 187844 -5066026 -5000248
XY 187852 -4737218 -4145054
XY 187860 -4671304 -5000439
XY 187868 -5000204 -4802975
XY 187876 -3618672 -4934414
XY 187884 -5066020 -5000237
XY 187892 -4737165 -4079263
XY 187900 -4671401 -5000434
XY 187908 -4934635 -4802928
XY 187916 -3684363 -4934493
XY 187924 -5066006 -5000214
XY 187932 -4737131 -4079156
XY 187941 -4737096 -5000427
XY 187949 -4934611 -4802898
XY 187957 -3750185 -4934572
XY 187965 -5065996 -5000193
XY 187973 -4737073 -4079155
XY 187981 -4737243 -5000419
XY 187989 -4934578 -4802867
XY 187997 -3750364 -4934638
XY 188005 -5065990 -4934632
XY 188013 -4737036 -4079172
XY 188021 -4802930 -5000411
XY 188029 -4934556 -4802834
XY 188037 -3881788 -5000229
XY 188045 -5065985 -4934609
XY 188053 -4671389 -4079317
XY 188061 -4868644 -5000406
XY 188069 -4934527 -4737271
XY 188077 -3947609 -5000272
XY 188085 -5000447 -4934583
XY 188093 -4671307 -4144957
XY 188101 -4868848 -5000393
XY 188109 -4934501 -4737244
XY 188117 -4013399 -5000319
XY 188125 -5000446 -4934558
XY 188133 -4605581 -4145091
XY 188141 -4934482 -5000389
XY 188149 -4934477 -4737194
XY 188157 -4079105 -5000350
XY 188165 -5000437 -4934527
XY 188173 -4539880 -4210796
XY 188181 -4934592 -5000383
XY 188189 -4934458 -4737145
XY 188197 -4144951 -5000378
XY 188205 -5000430 -4934510
XY 188213 -4474095 -4210930
XY 188221 -5000239 -5000382
XY 188229 -4934421 -4737059
XY 188237 -4210738 -5000403
XY 188246 -5000415 -4934485
XY 188254 -4473863 -4276675
XY 188262 -5000340 -5000379
XY 188270 -4868853 -4671434
XY 188278 -4276489 -5000420
XY 188286 -5000405 -4934471
XY 188294 -4342498 -4342390
XY 188302 -5000407 -5000372
XY 188310 -4868809 -4671310
XY 188318 -4276703 -5000421
XY 188326 -5000387 -4934444
XY 188334 -4342309 -4408115
XY 188342 -5066001 -5000362
XY 188350 -4868772 -4605651
XY 188358 -4342409 -5000426
XY 188366 -5000373 -4934415
XY 188374 -4210889 -4473884
XY 188382 -5066036 -5000356
XY 188390 -4868726 -4605497
XY 188398 -4342524 -5000431
XY 188406 -5000353 -4868849
XY 188414 -4145134 -4539651
XY 188422 -5066053 -5000342
XY 188430 -4868679 -4539802
XY 188438 -4408225 -5000433
XY 188446 -5000337 -4868819
XY 188454 -4013555 -4539885
XY 188462 -5066056 -5000326
XY 188470 -4868627 -4474084
XY 188478 -4473942 -5000440
XY 188486 -5000318 -4868778
XY 188494 -3947701 -4605566
XY 188502 -5066049 -5000312
XY 188510 -4803042 -4473972
XY 188518 -4474047 -5000441
XY 188526 -5000302 -4868744
XY 188534 -3816176 -4671336
XY 188542 -5066043 -5000301
XY 188551 -4802983 -4408238
XY 188559 -4539715 -5000437
XY 188567 -5000282 -4868699
XY 188575 -3815992 -4737051
XY 188583 -5066033 -5000284
XY 188591 -4802935 -4408101
XY 188599 -4539877 -5000437
XY 188607 -5000269 -4868660
XY 188615 -3684552 -4737259
XY 188623 -5066025 -5000269
XY 188631 -4802870 -4342330
XY 188639 -4605490 -5000437
XY 188647 -5000253 -4868617
XY 188655 -3618706 -4802949
XY 188663 -5066019 -5000253
XY 188671 -4802827 -4276590
XY 188679 -4605594 -5000432
XY 188687 -5000235 -4803044
XY 188695 -3618563 -4868620
XY 188703 -5066009 -5000238
XY 188711 -4737226 -4210753
XY 188719 -4671244 -5000426
XY 188727 -5000201 -4802989
XY 188735 -3618653 -4868751
XY 188743 -5066002 -5000224
XY 188751 -4737188 -4145015
XY 188759 -4671375 -5000421
XY 188767 -4934647 -4802957
XY 188775 -3618787 -4934410
XY 188783 -5065996 -5000212
XY 188791 -4737147 -4079270
XY 188799 -4671414 -5000413
XY 188807 -4934611 -4802910
XY 188815 -3684512 -4934495
XY 188823 -5065985 -4934653
XY 188831 -4737111 -4079159
XY 188839 -4737072 -5000407
XY 188847 -4934588 -4802876
XY 188856 -3750166 -4934568
XY 188864 -5000439 -4934633
XY 188872 -4737060 -4079148
XY 188880 -4737263 -5000400
XY 188888 -4934555 -4802840
XY 188896 -3815944 -4934620
XY 188904 -5000434 -4934606
XY 188912 -4671468 -4079195
XY 188920 -4802944 -5000388
XY 188928 -4934529 -4737276
XY 188936 -3881949 -5000219
XY 188944 -5000429 -4934581
XY 188952 -4671346 -4079327
XY 188960 -4868655 -5000381
XY 188968 -4934496 -4737240
XY 188976 -3947609 -5000262
XY 188984 -5000422 -4934556
XY 188992 -4671247 -4144955
XY 189000 -4868811 -5000369
XY 189008 -4934478 -4737212
XY 189016 -4013404 -5000312
XY 189024 -5000424 -4934532
XY 189032 -4605521 -4145105
XY 189040 -4934486 -5000367
XY 189048 -4934447 -4737158
XY 189056 -4079207 -5000332
XY 189064 -5000414 -4934509
XY 189072 -4539820 -4210816
XY 189080 -4934597 -5000363
XY 189088 -4934429 -4737102
XY 189096 -4144995 -5000369
XY 189104 -5000406 -4934489
XY 189112 -4474021 -4276504
XY 189120 -5000248 -5000362
XY 189128 -4868855 -4671472
XY 189136 -4210774 -5000385
XY 189144 -5000394 -4934463
XY 189152 -4408284 -4276700
XY 189161 -5000340 -5000359
XY 189169 -4868834 -4671388
XY 189177 -4276532 -5000399
XY 189185 -5000379 -4934445
XY 189193 -4342434 -4342393
XY 189201 -5000401 -5000350
XY 189209 -4868783 -4671258
XY 189217 -4342358 -5000408
XY 189225 -5000366 -4934417
XY 189233 -4276686 -4408152
XY 189241 -5065989 -5000342
XY 189249 -4868747 -4605602
XY 189257 -4342443 -5000414
XY 189265 -5000351 -4868860
XY 189273 -4210771 -4473900
XY 189281 -5066024 -5000332
XY 189289 -4868692 -4539898
XY 189297 -4408074 -5000414
XY 189305 -5000329 -4868828
XY 189313 -4144955 -4539663
XY 189321 -5066036 -5000318
XY 189329 -4868649 -4539750
XY 189337 -4473867 -5000419
XY 189345 -5000318 -4868793
XY 189353 -4013460 -4539891
XY 189361 -5066033 -5000307
XY 189369 -4803059 -4474073
XY 189377 -4473905 -5000419
XY 189385 -5000293 -4868756
XY 189393 -3947583 -4605602
XY 189401 -5066034 -5000292
XY 189409 -4803014 -4473930
XY 189417 -4474048 -5000422
XY 189425 -5000284 -4868712
XY 189433 -3881754 -4671383
XY 189441 -5066025 -5000278
XY 189449 -4802950 -4408197
XY 189457 -4539724 -5000418
XY 189466 -5000261 -4868673
XY 189473 -3750289 -4737074
XY 189482 -5066014 -5000259
XY 189490 -4802897 -4342501
XY 189498 -4539871 -5000421
XY 189506 -5000249 -4868638
XY 189514 -3684364 -4737256
XY 189522 -5066007 -5000247
XY 189530 -4802839 -4342281
XY 189538 -4605487 -5000417
XY 189546 -5000230 -4803053
XY 189554 -3618686 -4802963
XY 189562 -5066001 -5000232
XY 189570 -4737259 -4276536
XY 189578 -4605582 -5000411
XY 189586 -5000212 -4803012
XY 189594 -3553010 -4868632
XY 189602 -5065992 -5000218
XY 189610 -4737203 -4210691
XY 189618 -4605673 -5000405
XY 189626 -4934646 -4802961
XY 189634 -3618584 -4868757
XY 189642 -5000448 -5000203
XY 189650 -4737165 -4079354
XY 189658 -4671320 -5000396
XY 189666 -4934622 -4802922
XY 189674 -3618705 -4934411
XY 189682 -5000439 -4934653
XY 189690 -4737114 -4079152
XY 189698 -4671420 -5000391
XY 189706 -4934585 -4802878
XY 189714 -3684392 -4934483
XY 189722 -5000425 -4934630
XY 189730 -4737084 -4013559
XY 189738 -4737099 -5000388
XY 189746 -4934564 -4802849
XY 189754 -3750240 -4934563
XY 189762 -5000417 -4934611
XY 189770 -4737031 -4079119
XY 189778 -4737265 -5000379
XY 189787 -4934529 -4737274
XY 189795 -3816004 -4934619
XY 189803 -5000413 -4934581
XY 189811 -4671442 -4079215
XY 189819 -4802955 -5000370
XY 189827 -4934507 -4737251
XY 189835 -3881830 -5000209
XY 189843 -5000413 -4934559
XY 189851 -4671315 -4079288
XY 189859 -4868660 -5000360
XY 189867 -4934478 -4737217
XY 189875 -3947595 -5000258
XY 189883 -5000406 -4934533
XY 189891 -4605663 -4144947
XY 189899 -4868813 -5000355
XY 189907 -4934455 -4737198
XY 189915 -4013397 -5000298
XY 189923 -5000400 -4934511
XY 189931 -4605480 -4145094
XY 189939 -4934511 -5000348
XY 189947 -4934428 -4737136
XY 189955 -4079202 -5000326
XY 189963 -5000393 -4934483
XY 189971 -4539780 -4210811
XY 189979 -4934604 -5000346
XY 189987 -4934404 -4737074
XY 189995 -4145038 -5000357
XY 190003 -5000390 -4934466
XY 190011 -4473967 -4276514
XY 190019 -5000252 -5000343
XY 190027 -4868836 -4671438
XY 190035 -4210790 -5000373
XY 190043 -5000374 -4934437
XY 190051 -4408197 -4276697
XY 190059 -5000332 -5000337
XY 190067 -4868808 -4671362
XY 190075 -4276543 -5000389
XY 190083 -5000361 -4934423
XY 190092 -4342374 -4342435
XY 190100 -5000398 -5000332
XY 190108 -4868761 -4605677
XY 190116 -4276703 -5000392
XY 190124 -5000345 -4868863
XY 190132 -4276588 -4408195
XY 190140 -5000447 -5000327
XY 190148 -4868720 -4605551
XY 190156 -4342412 -5000397
XY 190164 -5000332 -4868840
XY 190172 -4210711 -4473943
XY 190180 -5066011 -5000316
XY 190188 -4868665 -4539842
XY 190196 -4408104 -5000401
XY 190204 -5000310 -4868803
XY 190212 -4079353 -4539672
XY 190220 -5066019 -5000300
XY 190228 -4868620 -4539710
XY 190236 -4408261 -5000402
XY 190244 -5000295 -4868775
XY 190252 -4013360 -4605453
XY 190260 -5066019 -5000288
XY 190268 -4803032 -4474019
XY 190276 -4473902 -5000402
XY 190284 -5000277 -4868727
XY 190292 -3947542 -4605644
XY 190300 -5066014 -5000272
XY 190308 -4802994 -4473897
XY 190316 -4474062 -5000403
XY 190324 -5000265 -4868695
XY 190332 -3816014 -4671369
XY 190340 -5066008 -5000259
XY 190348 -4802927 -4408173
XY 190356 -4539870 -5000401
XY 190364 -5000245 -4868649
XY 190372 -3750207 -4737119
XY 190380 -5065994 -5000243
XY 190388 -4802874 -4342441
XY 190397 -4539869 -5000404
XY 190405 -5000232 -4868614
XY 190413 -3618783 -4802821
XY 190421 -5065990 -5000230
XY 190429 -4737277 -4276662
XY 190437 -4605502 -5000402
XY 190445 -5000212 -4803025
XY 190453 -3618626 -4802973
XY 190461 -5000448 -5000211
XY 190469 -4737239 -4210928
XY 190477 -4605573 -5000394
XY 190485 -4934655 -4802990
XY 190493 -3618591 -4868650
XY 190501 -5000441 -5000198
XY 190509 -4737176 -4145102
XY 190517 -4605684 -5000388
XY 190525 -4934625 -4802937
XY 190533 -3618627 -4868769
XY 190541 -5000431 -4934652
XY 190549 -4737142 -4079322
XY 190557 -4671304 -5000382
XY 190565 -4934602 -4802895
XY 190573 -3618717 -4934405
XY 190581 -5000423 -4934635
XY 190589 -4737088 -4079128
XY 190597 -4671423 -5000376
XY 190605 -4934566 -4802852
XY 190613 -3684544 -4934480
XY 190621 -5000412 -4934615
XY 190629 -4737051 -4013553
XY 190637 -4737140 -5000367
XY 190645 -4934542 -4802821
XY 190653 -3750295 -4934556
XY 190661 -5000400 -4934594
XY 190669 -4671464 -4079158
XY 190677 -4802832 -5000364
XY 190685 -4934512 -4737253
XY 190693 -3816136 -4934607
XY 190702 -5000399 -4934562
XY 190710 -4671403 -4079209
XY 190718 -4803007 -5000348
XY 190726 -4934487 -4737233
XY 190734 -3881912 -5000209
XY 190742 -5000391 -4934541
XY 190750 -4671282 -4079322
XY 190758 -4868674 -5000346
XY 190766 -4934458 -4737198
XY 190774 -3947632 -5000244
XY 190782 -5000390 -4934512
XY 190790 -4605624 -4144972
XY 190798 -4868830 -5000335
XY 190806 -4934432 -4737170
XY 190814 -4013466 -5000287
XY 190822 -5000386 -4934490
XY 190830 -4539898 -4145145
XY 190838 -4934496 -5000331
XY 190846 -4934408 -4737116
XY 190854 -4079286 -5000313
XY 190862 -5000379 -4934463
XY 190870 -4539733 -4210835
XY 190878 -4934602 -5000329
XY 190886 -4868847 -4737036
XY 190894 -4145128 -5000343
XY 190902 -5000369 -4934447
XY 190910 -4473914 -4276519
XY 190918 -5000249 -5000326
XY 190926 -4868818 -4671406
XY 190934 -4210808 -5000357
XY 190942 -5000357 -4934422
XY 190950 -4408135 -4276734
XY 190958 -5000335 -5000323
XY 190966 -4868786 -4671319
XY 190974 -4276573 -5000374
XY 190982 -5000338 -4934408
XY 190990 -4342296 -4342437
XY 190998 -5000392 -5000318
XY 191007 -4868736 -4605638
XY 191015 -4276732 -5000379
XY 191023 -5000329 -4868840
XY 191031 -4276539 -4408220
XY 191039 -5000439 -5000307
XY 191047 -4868700 -4605520
XY 191055 -4342439 -5000379
XY 191063 -5000314 -4868817
XY 191071 -4145104 -4473983
XY 191079 -5066000 -5000297
XY 191087 -4868642 -4539795
XY 191095 -4408144 -5000385
XY 191103 -5000295 -4868781
XY 191111 -4079278 -4539699
XY 191119 -5066003 -5000281
XY 191127 -4803066 -4539683
XY 191135 -4408265 -5000387
XY 191143 -5000278 -4868750
XY 191151 -3947742 -4605462
XY 191159 -5066001 -5000270
XY 191167 -4803010 -4473987
XY 191175 -4474073 -5000385
XY 191183 -5000255 -4868711
XY 191191 -3881904 -4605685
XY 191199 -5065998 -5000254
XY 191207 -4802963 -4408311
XY 191215 -4474097 -5000385
XY 191223 -5000246 -4868669
XY 191231 -3750385 -4671428
XY 191239 -5065987 -5000239
XY 191247 -4802903 -4408112
XY 191255 -4539770 -5000385
XY 191263 -5000229 -4868622
XY 191271 -3684593 -4737127
XY 191279 -5000443 -5000226
XY 191287 -4802849 -4342386
XY 191295 -4539881 -5000388
XY 191303 -5000212 -4803050
XY 191312 -3618732 -4802845
XY 191320 -5000435 -5000212
XY 191328 -4737256 -4276602
XY 191336 -4605506 -5000386
XY 191344 -4934654 -4803002
XY 191352 -3618577 -4802990
XY 191360 -5000431 -5000193
XY 191368 -4737211 -4210756
XY 191376 -4605600 -5000380
XY 191384 -4934634 -4802965
XY 191392 -3552999 -4868661
XY 191400 -5000426 -4934646
XY 191408 -4737151 -4145025
XY 191416 -4671248 -5000372
XY 191424 -4934605 -4802911
XY 191432 -3618741 -4868777
XY 191440 -5000414 -4934630
XY 191448 -4737119 -4079283
XY 191456 -4671312 -5000368
XY 191464 -4934580 -4802874
XY 191472 -3618768 -4934422
