# EXP02 capture  port=COM8  start=2026-10-01T21:56:11.8848454+03:00
355840[0m
[00:00:16.172,149] [0m<inf> exp02_logging: XY 16172[0m<inf> exp02_logging: XY 17905 -8289852 -8355840[0m
[00:00:17.913,787] [0m<inf> exp02_logging: XY 17913 -8355840 -8355840[0m
[00:00:17.921,844] [0m<inf> exp02_logging: XY 17921 -8355840 -8355840[0m
[00:00:17.929,840] [0m<inf> exp02_logging: XY 17929 -8355840 -8355840[0m
[00:00:17.937,896] [0m<inf> exp02_logging: XY 17937 -8355840 -8355840[0m
[00:00:17.945,922] [0m<inf> exp02_logging: XY 17945 -8289979 -8355840[0m
[00:00:17.953,948] [0m<inf> exp02_logging: XY 17953 -8355840 -8355840[0m
[00:00:17.961,944] [0m<inf> exp02_logging: XY 17961 -8355840 -8355840[0m
[00:00:17.970,001] [0m<inf> exp02_logging: XY 17969 -8355840 -8355840[0m
[00:00:17.977,996] [0m<inf> exp02_logging: XY 17977 -8355840 -8355840[0m
[00:00:17.986,053] [0m<inf> exp02_logging: XY 17986 -8289937 -8355840[0m
[00:00:17.994,079] [0m<inf> exp02_logging: XY 17994 -8355840 -8355840[0m
[00:00:18.002,105] [0m<inf> exp02_logging: XY 18002 -8355840 -8355840[0m
[00:00:18.010,101] [0m<inf> exp02_logging: XY 18010 -8355840 -8355840[0m
[00:00:18.018,157] [0m<inf> exp02_logging: XY 18018 -8355840 -8355840[0m
[00:00:18.026,184] [0m<inf> exp02_logging: XY 18026 -8289937 -8355840[0m
[00:00:18.034,210] [0m<inf> exp02_logging: XY 18034 -8355840 -8355840[0m
[00:00:18.042,205] [0m<inf> exp02_logging: XY 18042 -8355840 -8355840[0m
[00:00:18.050,262] [0m<inf> exp02_logging: XY 18050 -8355840 -8355840[0m
[00:00:18.058,258] [0m<inf> exp02_logging: XY 18058 -8355840 -8355840[0m
[00:00:18.066,314] [0m<inf> exp02_logging: XY 18066 -8355643 -8355840[0m
[00:00:18.074,340] [0m<inf> exp02_logging: XY 18074 -8355840 -8355840[0m
[00:00:18.082,366] [0m<inf> exp02_logging: XY 18082 -8355840 -8355840[0m
[00:00:18.090,362] [0m<inf> exp02_logging: XY 18090 -8355840 -8355840[0m
[00:00:18.098,419] [0m<inf> exp02_logging: XY 18098 -8355840 -8355840[0m
[00:00:18.106,414] [0m<inf> exp02_logging: XY 18106 -8355600 -8355840[0m
[00:00:18.114,471] [0m<inf> exp02_logging: XY 18114 -8355840 -8355840[0m
[00:00:18.122,467] [0m<inf> exp02_logging: XY 18122 -8355840 -8355840[0m
[00:00:18.130,523] [0m<inf> exp02_logging: XY 18130 -8355840 -8355840[0m
[00:00:18.138,549] [0m<inf> exp02_logging: XY 18138 -8355840 -8355840[0m
[00:00:18.146,575] [0m<inf> exp02_logging: XY 18146 -8355643 -8355840[0m
[00:00:18.154,571] [0m<inf> exp02_logging: XY 18154 -8355840 -8355840[0m
[00:00:18.162,628] [0m<inf> exp02_logging: XY 18162 -8355840 -8355840[0m
[00:00:18.170,623] [0m<inf> exp02_logging: XY 18170 -8355840 -8355840[0m
[00:00:18.178,680] [0m<inf> exp02_logging: XY 18178 -8355840 -8355840[0m
[00:0gging: XY 16453 -8355840 -8355840[0m
[00:00:16.461,090] [0m<inf> exp02_logging: XY 16461 -8355840 -8355840[0m
[00:00:16.469,085] [0m<inf> exp02_logging: XY 16469 -8355840 -8355840[0m
[00:00:16.477,142] [0m<inf> exp02_logging: XY 16477 -8355840 -8355840[0m
[00:00:16.485,168] [0m<inf> exp02_logging: XY 16485 -8355840 -8355840[0m
[00:00:16.493,194] [0m<inf> exp02_logging: XY 16493 -8355840 -8355840[0m
[00:00:16.501,190] [0m<inf> exp02_logging: XY 16501 -8355840 -8355840[0m
[00:00:16.509,246] [0m<inf> exp02_logging: XY 16509 -8355840 -8355840[0m
[00:00:16.517,242] [0m<inf> exp02_logging: XY 16517 -8355840 -8355840[0m
[00:00:16.525,299] [0m<inf> exp02_logging: XY 16525 -8355840 -8355840[0m
[00:00:16.533,325] [0m<inf> exp02_logging: XY 16533 -8355840 -8355840[0m
[00:00:16.541,351] [0m<inf> exp02_logging: XY 16541 -8355840 -8355840[0m
[00:00:16.549,346] [0m<inf> exp02_logging: XY 16549 -8355840 -8355840[0m
[00:00:16.557,403] [0m<inf> exp02_logging: XY 16557 -8355840 -8355840[0m
[00:00:16.565,429] [0m<inf> exp02_logging: XY 16565 -8355840 -8355840[0m
[00:00:16.573,455] [0m<inf> exp02_logging: XY 16573 -8355840 -8355840[0m
[00:00:16.581,481] [0m<inf> exp02_logging: XY 16581 -8355840 -8355840[0m
[00:00:16.589,508] [0m<inf> exp02_logging: XY 16589 -8355840 -8355840[0m
[00:00:16.597,503] [0m<inf> exp02_logging: XY 16597 -8355840 -8355840[0m
[00:00:16.605,560] [0m<inf> exp02_logging: XY 16605 -8355840 -8355840[0m
[00:00:16.613,555] [0m<inf> exp02_logging: XY 16613 -8355840 -8355840[0m
[00:00:16.621,612] [0m<inf> exp02_logging: XY 16621 -8355840 -8355840[0m
[00:00:16.629,638] [0m<inf> exp02_logging: XY 16629 -8355840 -8355840[0m
[00:00:16.637,664] [0m<inf> exp02_logging: XY 16637 -8355840 -8355840[0m
[00:00:16.645,660] [0m<inf> exp02_logging: XY 16645 -8355840 -8355840[0m
[00:00:16.653,717] [0m<inf> exp02_logging: XY 16653 -8355840 -8355840[0m
[00:00:16.661,712] [0m<inf> exp02_logging: XY 16661 -8355840 -8355840[0m
[00:00:16.669,769] [0m<inf> exp02_logging: XY 16669 -8355840 -8355840[0m
[00:00:16.677,764] [0m<inf> exp02_logging: XY 16677 -8355840 -8355840[0m
[00:00:16.685,821] [0m<inf> exp02_logging: XY 16685 -8355840 -8355840[0m
[00:00:16.693,817] [0m<inf> exp02_logging: XY 16693 -8355840 -8355840[0m
[00:00:16.701,873] [0m<inf> exp02_logging: XY 16701 -8355840 -8355840[0m
[00:00:16.709,869] [0m<inf> exp02_logging: XY 16709 -8355840 -8355840[0m
[00:00:16.717,926] [0m<inf> exp02_logging: XY 16717 -8355840 -8355840[0m
[00:00:16.725,952] [0m<inf> exp02_logging: XY 16725 -8355840 -8355840[0m
[00:00:16.733,978] [0m<inf> exp02_logging: XY 16733 -8355840 -8355840[0m
[00:00:16.741,973] [0m<inf> exp02_logging: XY 16741 -8355840 -8355840[0m
[00:00:16.750,030] [0m<inf> exp02_logging: XY 16750 -8355840 -8355840[0m
[00:00:16.758,056] [0m<inf> exp02_logging: XY 16758 -8355840 -8355840[0m
[00:00:16.766,082] [0m<inf> exp02_logging: XY 16766 -8355600 -8355840[0m
[00:00:16.774,078] [0m<inf> exp02_logging: XY 16774 -8355840 -8355840[0m
[00:00:16.782,135] [0m<inf> exp02_logging: XY 16782 -8355840 -8355840[0m
[00:00:16.790,222] [0m<inf> exp02_logging: XY 16790 -8355840 -8355840[0m
[00:00:16.798,187] [0m<inf> exp02_logging: XY 16798 -8355840 -8355840[0m
[00:00:16.806,182] [0m<inf> exp02_logging: XY 16806 -8289979 -8355840[0m
[00:00:16.814,239] [0m<inf> exp02_logging: XY 16814 -8355840 -8355840[0m
[00:00:16.822,265] [0m<inf> exp02_logging: XY 16822 -8355840 -8355840[0m
[00:00:16.830,291] [0m<inf> exp02_logging: XY 16830 -8355840 -8355840[0m
[00:00:16.838,317] [0m<inf> exp02_logging: XY 16838 -8355840 -8355840[0m
[00:00:16.846,343] [0m<inf> exp02_logging: XY 16846 -8289894 -8355840[0m
[00:00:16.854,339] [0m<inf> exp02_logging: XY 16854 -8355840 -8355840[0m
[00:00:16.862,396] [0m<inf> exp02_logging: XY 16862 -8355840 -8355840[0m
[00:00:16.870,422] [0m<inf> exp02_logging: XY 16870 -8355840 -8355840[0m
[00:00:16.878,448] [0m<inf> exp02_logging: XY 16878 -8355840 -8355840[0m
[00:00:16.886,444] [0m<inf> exp02_logging: XY 16886 -8289894 -8355840[0m
[00:00:16.894,500] [0m<inf> exp02_logging: XY 16894 -8355840 -8355840[0m
[00:00:16.902,526] [0m<inf> exp02_logging: XY 16902 -8355840 -8355840[0m
[00:00:16.910,552] [0m<inf> exp02_logging: XY 16910 -8355840 -8355840[0m
[00:00:16.918,548] [0m<inf> exp02_logging: XY 16918 -8355840 -8355840[0m
[00:00:16.926,605] [0m<inf> exp02_logging: XY 16926 -8289852 -8355840[0m
[00:00:16.934,631] [0m<inf> exp02_logging: XY 16934 -8355840 -8355840[0m
[00:00:16.942,657] [0m<inf> exp02_logging: XY 16942 -8355840 -8355840[0m
[00:00:16.950,653] [0m<inf> exp02_logging: XY 16950 -8355840 -8355840[0m
[00:00:16.958,709] [0m<inf> exp02_logging: XY 16958 -8355840 -8355840[0m
[00:00:16.966,735] [0m<inf> exp02_logging: XY 16966 -8289852 -8355840[0m
[00:00:16.974,761] [0m<inf> exp02_logging: XY 16974 -8355840 -8355840[0m
[00:00:16.982,757] [0m<inf> exp02_logging: XY 16982 -8355840 -8355840[0m
[00:00:16.990,814] [0m<inf> exp02_logging: XY 16990 -8355840 -8355840[0m
[00:00:16.998,809] [0m<inf> exp02_logging: XY 16998 -8355840 -8355840[0m
[00:00:17.006,866] [0m<inf> exp02_logging: XY 17006 -8289894 -8355840[0m
[00:00:17.014,862] [0m<inf> exp02_logging: XY 17014 -8355840 -8355840[0m
[00:00:17.022,918] [0m<inf> exp02_logging: XY 17022 -8355840 -8355840[0m
[00:00:17.030,944] [0m<inf> exp02_logging: XY 17030 -8355840 -8355840[0m
[00:00:17.038,970] [0m<inf> exp02_logging: XY 17038 -8355840 -8355840[0m
[00:00:17.046,966] [0m<inf> exp02_logging: XY 17046 -8289979 -8355840[0m
[00:00:17.055,023] [0m<inf> exp02_logging: XY 17054 -8355840 -8355840[0m
[00:00:17.063,049] [0m<inf> exp02_logging: XY 17063 -8355840 -8355840[0m
[00:00:17.071,075] [0m<inf> exp02_logging: XY 17071 -8355840 -8355840[0m
[00:00:17.079,071] [0m<inf> exp02_logging: XY 17079 -8355840 -8355840[0m
[00:00:17.087,127] [0m<inf> exp02_logging: XY 17087 -8355685 -8355840[0m
[00:00:17.095,153] [0m<inf> exp02_logging: XY 17095 -8355840 -8355840[0m
[00:00:17.103,179] [0m<inf> exp02_logging: XY 17103 -8355840 -8355840[0m
[00:00:17.111,175] [0m<inf> exp02_logging: XY 17111 -8355840 -8355840[0m
[00:00:17.119,232] [0m<inf> exp02_logging: XY 17119 -8355840 -8355840[0m
[00:00:17.127,258] [0m<inf> exp02_logging: XY 17127 -8355643 -8355840[0m
[00:00:17.135,284] [0m<inf> exp02_logging: XY 17135 -8355840 -8355840[0m
[00:00:17.143,280] [0m<inf> exp02_logging: XY 17143 -8355840 -8355840[0m
[00:00:17.151,336] [0m<inf> exp02_logging: XY 17151 -8355840 -8355840[0m
[00:00:17.159,362] [0m<inf> exp02_logging: XY 17159 -8355840 -8355840[0m
[00:00:17.167,388] [0m<inf> exp02_logging: XY 17167 -8355685 -8355840[0m
[00:00:17.175,384] [0m<inf> exp02_logging: XY 17175 -8355840 -8355840[0m
[00:00:17.183,441] [0m<inf> exp02_logging: XY 17183 -8355840 -8355840[0m
[00:00:17.191,436] [0m<inf> exp02_logging: XY 17191 -8355840 -8355840[0m
[00:00:17.199,493] [0m<inf> exp02_logging: XY 17199 -8355840 -8355840[0m
[00:00:17.207,489] [0m<inf> exp02_logging: XY 17207 -8355685 -8355840[0m
[00:00:17.215,545] [0m<inf> exp02_logging: XY 17215 -8355840 -8355840[0m
[00:00:17.223,541] [0m<inf> exp02_logging: XY 17223 -8355840 -8355840[0m
[00:00:17.231,597] [0m<inf> exp02_logging: XY 17231 -8355840 -8355840[0m
[00:00:17.239,624] [0m<inf> exp02_logging: XY 17239 -8355840 -8355840[0m
[00:00:17.247,650] [0m<inf> exp02_logging: XY 17247 -8355770 -8355840[0m
[00:00:17.255,645] [0m<inf> exp02_logging: XY 17255 -8355840 -8355840[0m
[00:00:17.263,702] [0m<inf> exp02_logging: XY 17263 -8355840 -8355840[0m
[00:00:17.271,697] [0m<inf> exp02_logging: XY 17271 -8355840 -8355840[0m
[00:00:17.279,754] [0m<inf> exp02_logging: XY 17279 -8355840 -8355840[0m
[00:00:17.287,750] [0m<inf> exp02_logging: XY 17287 -8355770 -8355840[0m
[00:00:17.295,806] [0m<inf> exp02_logging: XY 17295 -8355840 -8355840[0m
[00:00:17.303,802] [0m<inf> exp02_logging: XY 17303 -8355840 -8355840[0m
[00:00:17.311,859] [0m<inf> exp02_logging: XY 17311 -8355840 -8355840[0m
[00:00:17.319,885] [0m<inf> exp02_logging: XY 17319 -8355840 -8355840[0m
[00:00:17.327,911] [0m<inf> exp02_logging: XY 17327 -8355840 -8355840[0m
[00:00:17.335,906] [0m<inf> exp02_logging: XY 17335 -8355840 -8355840[0m
[00:00:17.343,963] [0m<inf> exp02_logging: XY 17343 -8355840 -8355840[0m
[00:00:17.351,959] [0m<inf> exp02_logging: XY 17351 -8355840 -8355840[0m
[00:00:17.360,015] [0m<inf> exp02_logging: XY 17359 -8355840 -8355840[0m
[00:00:17.368,011] [0m<inf> exp02_logging: XY 17368 -8355840 -8355840[0m
[00:00:17.376,068] [0m<inf> exp02_logging: XY 17376 -8355840 -8355840[0m
[00:00:17.384,063] [0m<inf> exp02_logging: XY 17384 -8355840 -8355840[0m
[00:00:17.392,120] [0m<inf> exp02_logging: XY 17392 -8355840 -8355840[0m
[00:00:17.400,146] [0m<inf> exp02_logging: XY 17400 -8355840 -8355840[0m
[00:00:17.408,172] [0m<inf> exp02_logging: XY 17408 -8355840 -8355840[0m
[00:00:17.416,168] [0m<inf> exp02_logging: XY 17416 -8355840 -8355840[0m
[00:00:17.424,224] [0m<inf> exp02_logging: XY 17424 -8355840 -8355840[0m
[00:00:17.432,220] [0m<inf> exp02_logging: XY 17432 -8355840 -8355840[0m
[00:00:17.440,277] [0m<inf> exp02_logging: XY 17440 -8355840 -8355840[0m
[00:00:17.448,303] [0m<inf> exp02_logging: XY 17448 -8355840 -8355840[0m
[00:00:17.456,329] [0m<inf> exp02_logging: XY 17456 -8355840 -8355840[0m
[00:00:17.464,324] [0m<inf> exp02_logging: XY 17464 -8355840 -8355840[0m
[00:00:17.472,381] [0m<inf> exp02_logging: XY 17472 -8355840 -8355840[0m
[00:00:17.480,407] [0m<inf> exp02_logging: XY 17480 -8355840 -8355840[0m
[00:00:17.488,433] [0m<inf> exp02_logging: XY 17488 -8355840 -8355840[0m
[00:00:17.496,429] [0m<inf> exp02_logging: XY 17496 -8355840 -8355840[0m
[00:00:17.504,486] [0m<inf> exp02_logging: XY 17504 -8355840 -8355840[0m
[00:00:17.512,512] [0m<inf> exp02_logging: XY 17512 -8355840 -8355840[0m
[00:00:17.520,538] [0m<inf> exp02_logging: XY 17520 -8355840 -8355840[0m
[00:00:17.528,533] [0m<inf> exp02_logging: XY 17528 -8355840 -8355840[0m
[00:00:17.536,590] [0m<inf> exp02_logging: XY 17536 -8355840 -8355840[0m
[00:00:17.544,616] [0m<inf> exp02_logging: XY 17544 -8355840 -8355840[0m
[00:00:17.552,642] [0m<inf> exp02_logging: XY 17552 -8355840 -8355840[0m
[00:00:17.560,668] [0m<inf> exp02_logging: XY 17560 -8355840 -8355840[0m
[00:00:17.568,695] [0m<inf> exp02_logging: XY 17568 -8355840 -8355840[0m
[00:00:17.576,690] [0m<inf> exp02_logging: XY 17576 -8355840 -8355840[0m
[00:00:17.584,747] [0m<inf> exp02_logging: XY 17584 -8355840 -8355840[0m
[00:00:17.592,742] [0m<inf> exp02_logging: XY 17592 -8355840 -8355840[0m
[00:00:17.600,799] [0m<inf> exp02_logging: XY 17600 -8355840 -8355840[0m
[00:00:17.608,795] [0m<inf> exp02_logging: XY 17608 -8355840 -8355840[0m
[00:00:17.616,851] [0m<inf> exp02_logging: XY 17616 -8355840 -8355840[0m
[00:00:17.624,877] [0m<inf> exp02_logging: XY 17624 -8355840 -8355840[0m
[00:00:17.632,904] [0m<inf> exp02_logging: XY 17632 -8355840 -8355840[0m
[00:00:17.640,930] [0m<inf> exp02_logging: XY 17640 -8355840 -8355840[0m
[00:00:17.648,956] [0m<inf> exp02_logging: XY 17648 -8355840 -8355840[0m
[00:00:17.656,951] [0m<inf> exp02_logging: XY 17656 -8355840 -8355840[0m
[00:00:17.665,008] [0m<inf> exp02_logging: XY 17664 -8355840 -8355840[0m
[00:00:17.673,034] [0m<inf> exp02_logging: XY 17673 -8355840 -8355840[0m
[00:00:17.681,060] [0m<inf> exp02_logging: XY 17681 -8355840 -8355840[0m
[00:00:17.689,086] [0m<inf> exp02_logging: XY 17689 -8355840 -8355840[0m
[00:00:17.697,113] [0m<inf> exp02_logging: XY 17697 -8355840 -8355840[0m
[00:00:17.705,108] [0m<inf> exp02_logging: XY 17705 -8355813 -8355840[0m
[00:00:17.713,165] [0m<inf> exp02_logging: XY 17713 -8355840 -8355840[0m
[00:00:17.721,191] [0m<inf> exp02_logging: XY 17721 -8355840 -8355840[0m
[00:00:17.729,217] [0m<inf> exp02_logging: XY 17729 -8355840 -8355840[0m
[00:00:17.737,213] [0m<inf> exp02_logging: XY 17737 -8355840 -8355840[0m
[00:00:17.745,269] [0m<inf> exp02_logging: XY 17745 -8355685 -8355840[0m
[00:00:17.753,295] [0m<inf> exp02_logging: XY 17753 -8355840 -8355840[0m
[00:00:17.761,322] [0m<inf> exp02_logging: XY 17761 -8355840 -8355840[0m
[00:00:17.769,317] [0m<inf> exp02_logging: XY 17769 -8355840 -8355840[0m
[00:00:17.777,374] [0m<inf> exp02_logging: XY 17777 -8355840 -8355840[0m
[00:00:17.785,400] [0m<inf> exp02_logging: XY 17785 -8290022 -8355840[0m
[00:00:17.793,426] [0m<inf> exp02_logging: XY 17793 -8355840 -8355840[0m
[00:00:17.801,422] [0m<inf> exp02_logging: XY 17801 -8355840 -8355840[0m
[00:00:17.809,478] [0m<inf> exp02_logging: XY 17809 -8355840 -8355840[0m
[00:00:17.817,504] [0m<inf> exp02_logging: XY 17817 -8355840 -8355840[0m
[00:00:17.825,531] [0m<inf> exp02_logging: XY 17825 -8289937 -8355840[0m
[00:00:17.833,526] [0m<inf> exp02_logging: XY 17833 -8355840 -8355840[0m
[00:00:17.841,583] [0m<inf> exp02_logging: XY 17841 -8355840 -8355840[0m
[00:00:17.849,578] [0m<inf> exp02_logging: XY 17849 -8355840 -8355840[0m
[00:00:17.857,635] [0m<inf> exp02_logging: XY 17857 -8355840 -8355840[0m
[00:00:17.865,661] [0m<inf> exp02_logging: XY 17865 -8289979 -8355840[0m
[00:00:17.873,687] [0m<inf> exp02_logging: XY 17873 -8355840 -8355840[0m
[00:00:17.881,683] [0m<inf> exp02_logging: XY 17881 -8355840 -8355840[0m
[00:00:17.889,739] [0m<inf> exp02_logging: XY 17889 -8355840 -8355840[0m
[00:00:17.897,766] [0m<inf> exp02_logging: XY 17897 -8355840 -8355840[0m
[00:00:17.905,792] [0m<inf> exp02_logging: XY 17905 -8289852 -8355840[0m
[00:00:17.913,787] [0m<inf> exp02_logging: XY 17913 -8355840 -8355840[0m
[00:00:17.921,844] [0m<inf> exp02_logging: XY 17921 -8355840 -8355840[0m
[00:00:17.929,840] [0m<inf> exp02_logging: XY 17929 -8355840 -8355840[0m
[00:00:17.937,896] [0m<inf> exp02_logging: XY 17937 -8355840 -8355840[0m
[00:00:17.945,922] [0m<inf> exp02_logging: XY 17945 -8289979 -8355840[0m
[00:00:17.953,948] [0m<inf> exp02_logging: XY 17953 -8355840 -8355840[0m
[00:00:17.961,944] [0m<inf> exp02_logging: XY 17961 -8355840 -8355840[0m
[00:00:17.970,001] [0m<inf> exp02_logging: XY 17969 -8355840 -8355840[0m
[00:00:17.977,996] [0m<inf> exp02_logging: XY 17977 -8355840 -8355840[0m
[00:00:17.986,053] [0m<inf> exp02_logging: XY 17986 -8289937 -8355840[0m
[00:00:17.994,079] [0m<inf> exp02_logging: XY 17994 -8355840 -8355840[0m
[00:00:18.002,105] [0m<inf> exp02_logging: XY 18002 -8355840 -8355840[0m
[00:00:18.010,101] [0m<inf> exp02_logging: XY 18010 -8355840 -8355840[0m
[00:00:18.018,157] [0m<inf> exp02_logging: XY 18018 -8355840 -8355840[0m
[00:00:18.026,184] [0m<inf> exp02_logging: XY 18026 -8289937 -8355840[0m
[00:00:18.034,210] [0m<inf> exp02_logging: XY 18034 -8355840 -8355840[0m
[00:00:18.042,205] [0m<inf> exp02_logging: XY 18042 -8355840 -8355840[0m
[00:00:18.050,262] [0m<inf> exp02_logging: XY 18050 -8355840 -8355840[0m
[00:00:18.058,258] [0m<inf> exp02_logging: XY 18058 -8355840 -8355840[0m
[00:00:18.066,314] [0m<inf> exp02_logging: XY 18066 -8355643 -8355840[0m
[00:00:18.074,340] [0m<inf> exp02_logging: XY 18074 -8355840 -8355840[0m
[00:00:18.082,366] [0m<inf> exp02_logging: XY 18082 -8355840 -8355840[0m
[00:00:18.090,362] [0m<inf> exp02_logging: XY 18090 -8355840 -8355840[0m
[00:00:18.098,419] [0m<inf> exp02_logging: XY 18098 -8355840 -8355840[0m
[00:00:18.106,414] [0m<inf> exp02_logging: XY 18106 -8355600 -8355840[0m
[00:00:18.114,471] [0m<inf> exp02_logging: XY 18114 -8355840 -8355840[0m
[00:00:18.122,467] [0m<inf> exp02_logging: XY 18122 -8355840 -8355840[0m
[00:00:18.130,523] [0m<inf> exp02_logging: XY 18130 -8355840 -8355840[0m
[00:00:18.138,549] [0m<inf> exp02_logging: XY 18138 -8355840 -8355840[0m
[00:00:18.146,575] [0m<inf> exp02_logging: XY 18146 -8355643 -8355840[0m
[00:00:18.154,571] [0m<inf> exp02_logging: XY 18154 -8355840 -8355840[0m
[00:00:18.162,628] [0m<inf> exp02_logging: XY 18162 -8355840 -8355840[0m
[00:00:18.170,623] [0m<inf> exp02_logging: XY 18170 -8355840 -8355840[0m
[00:00:18.178,680] [0m<inf> exp02_logging: XY 18178 -8355840 -8355840[0m
[00:0gging: XY 25065 -8355840 -8355840[0m
[00:00:25.073,638] [0m<inf> exp02_logging: XY 25073 -8355840 -8355840[0m
[00:00:25.081,268] [0m<inf> exp02_logging: XY 25081 -8355728 -8355840[0m
[00:00:25.089,294] [0m<inf> exp02_logging: XY 25089 -8355840 -8355840[0m
[00:00:25.097,198] [0m<inf> exp02_logging: XY 25097 -8355840 -8355840[0m
[00:00:25.105,224] [0m<inf> exp02_logging: XY 25105 -8355840 -8355840[0m
[00:00:25.113,250] [0m<inf> exp02_logging: XY 25113 -8355840 -8355840[0m
[00:00:25.121,307] [0m<inf> exp02_logging: XY 25121 -8355643 -8355840[0m
[00:00:25.129,333] [0m<inf> exp02_logging: XY 25129 -8355840 -8355840[0m
[00:00:25.137,298] [0m<inf> exp02_logging: XY 25137 -8355840 -8355840[0m
[00:00:25.145,355] [0m<inf> exp02_logging: XY 25145 -8355840 -8355840[0m
[00:00:25.153,381] [0m<inf> exp02_logging: XY 25153 -8355840 -8355840[0m
[00:00:25.161,407] [0m<inf> exp02_logging: XY 25161 -8355728 -8355840[0m
[00:00:25.169,433] [0m<inf> exp02_logging: XY 25169 -8355840 -8355840[0m
[00:00:25.177,459] [0m<inf> exp02_logging: XY 25177 -8355840 -8355840[0m
[00:00:25.185,455] [0m<inf> exp02_logging: XY 25185 -8355840 -8355840[0m
[00:00:25.193,511] [0m<inf> exp02_logging: XY 25193 -8355840 -8355840[0m
[00:00:25.201,507] [0m<inf> exp02_logging: XY 25201 -8355770 -8355840[0m
[00:00:25.209,564] [0m<inf> exp02_logging: XY 25209 -8355840 -8355840[0m
[00:00:25.217,559] [0m<inf> exp02_logging: XY 25217 -8355840 -8355840[0m
[00:00:25.225,616] [0m<inf> exp02_logging: XY 25225 -8355840 -8355840[0m
[00:00:25.233,642] [0m<inf> exp02_logging: XY 25233 -8355840 -8355840[0m
[00:00:25.241,668] [0m<inf> exp02_logging: XY 25241 -8355840 -8355840[0m
[00:00:25.249,694] [0m<inf> exp02_logging: XY 25249 -8355840 -8355840[0m
[00:00:25.257,720] [0m<inf> exp02_logging: XY 25257 -8355840 -8355840[0m
[00:00:25.265,747] [0m<inf> exp02_logging: XY 25265 -8355840 -8355840[0m
[00:00:25.273,773] [0m<inf> exp02_logging: XY 25273 -8355840 -8355840[0m
[00:00:25.281,799] [0m<inf> exp02_logging: XY 25281 -8355840 -8355840[0m
[00:00:25.289,825] [0m<inf> exp02_logging: XY 25289 -8355840 -8355840[0m
[00:00:25.297,851] [0m<inf> exp02_logging: XY 25297 -8355840 -8355840[0m
[00:00:25.305,877] [0m<inf> exp02_logging: XY 25305 -8355840 -8355840[0m
[00:00:25.313,873] [0m<inf> exp02_logging: XY 25313 -8355840 -8355840[0m
[00:00:25.321,929] [0m<inf> exp02_logging: XY 25321 -8355840 -8355840[0m
[00:00:25.329,925] [0m<inf> exp02_logging: XY 25329 -8355840 -8355840[0m
[00:00:25.337,982] [0m<inf> exp02_logging: XY 25337 -8355840 -8355840[0m
[00:00:25.345,977] [0m<inf> exp02_logging: XY 25345 -8355840 -8355840[0m
[00:00:25.354,034] [0m<inf> exp02_logging: XY 25354 -8355840 -8355840[0m
[00:00:25.362,060] [0m<inf> exp02_logging: XY 25362 -8355840 -8355840[0m
[00:00:25.370,147] [0m<inf> exp02_logging: XY 25370 -8355840 -8355840[0m
[00:00:25.378,112] [0m<inf> exp02_logging: XY 25378 -8355840 -8355840[0m
[00:00:25.386,138] [0m<inf> exp02_logging: XY 25386 -8355840 -8355840[0m
[00:00:25.394,165] [0m<inf> exp02_logging: XY 25394 -8355840 -8355840[0m
[00:00:25.402,191] [0m<inf> exp02_logging: XY 25402 -8355840 -8355840[0m
[00:00:25.410,217] [0m<inf> exp02_logging: XY 25410 -8355840 -8355840[0m
[00:00:25.418,243] [0m<inf> exp02_logging: XY 25418 -8355840 -8355840[0m
[00:00:25.426,269] [0m<inf> exp02_logging: XY 25426 -8355840 -8355840[0m
[00:00:25.434,295] [0m<inf> exp02_logging: XY 25434 -8355840 -8355840[0m
[00:00:25.442,321] [0m<inf> exp02_logging: XY 25442 -8355840 -8355840[0m
[00:00:25.450,347] [0m<inf> exp02_logging: XY 25450 -8355840 -8355840[0m
[00:00:25.458,374] [0m<inf> exp02_logging: XY 25458 -8355840 -8355840[0m
[00:00:25.466,400] [0m<inf> exp02_logging: XY 25466 -8355840 -8355840[0m
[00:00:25.474,426] [0m<inf> exp02_logging: XY 25474 -8355840 -8355840[0m
[00:00:25.482,452] [0m<inf> exp02_logging: XY 25482 -8355840 -8355840[0m
[00:00:25.490,447] [0m<inf> exp02_logging: XY 25490 -8355840 -8355840[0m
[00:00:25.498,504] [0m<inf> exp02_logging: XY 25498 -8355840 -8355840[0m
[00:00:25.506,530] [0m<inf> exp02_logging: XY 25506 -8355840 -8355840[0m
[00:00:25.514,556] [0m<inf> exp02_logging: XY 25514 -8355840 -8355840[0m
[00:00:25.522,583] [0m<inf> exp02_logging: XY 25522 -8355840 -8355840[0m
[00:00:25.530,609] [0m<inf> exp02_logging: XY 25530 -8355840 -8355840[0m
[00:00:25.538,635] [0m<inf> exp02_logging: XY 25538 -8355840 -8355840[0m
[00:00:25.546,661] [0m<inf> exp02_logging: XY 25546 -8355840 -8355840[0m
[00:00:25.554,687] [0m<inf> exp02_logging: XY 25554 -8355840 -8355840[0m
[00:00:25.562,713] [0m<inf> exp02_logging: XY 25562 -8355840 -8355840[0m
[00:00:25.570,739] [0m<inf> exp02_logging: XY 25570 -8355840 -8355840[0m
[00:00:25.578,765] [0m<inf> exp02_logging: XY 25578 -8355840 -8355840[0m
[00:00:25.586,791] [0m<inf> exp02_logging: XY 25586 -8355840 -8355840[0m
[00:00:25.594,818] [0m<inf> exp02_logging: XY 25594 -8355840 -8355840[0m
[00:00:25.602,844] [0m<inf> exp02_logging: XY 25602 -8355840 -8355840[0m
[00:00:25.610,870] [0m<inf> exp02_logging: XY 25610 -8355840 -8355840[0m
[00:00:25.618,896] [0m<inf> exp02_logging: XY 25618 -8355840 -8355840[0m
[00:00:25.626,922] [0m<inf> exp02_logging: XY 25626 -8355840 -8355840[0m
[00:00:25.634,948] [0m<inf> exp02_logging: XY 25634 -8355840 -8355840[0m
[00:00:25.642,974] [0m<inf> exp02_logging: XY 25642 -8355840 -8355840[0m
[00:00:25.650,970] [0m<inf> exp02_logging: XY 25650 -8355840 -8355840[0m
[00:00:25.659,027] [0m<inf> exp02_logging: XY 25659 -8355728 -8355840[0m
[00:00:25.667,022] [0m<inf> exp02_logging: XY 25667 -8355840 -8355840[0m
[00:00:25.675,079] [0m<inf> exp02_logging: XY 25675 -8355840 -8355840[0m
[00:00:25.683,105] [0m<inf> exp02_logging: XY 25683 -8355840 -8355840[0m
[00:00:25.691,131] [0m<inf> exp02_logging: XY 25691 -8355840 -8355840[0m
[00:00:25.699,157] [0m<inf> exp02_logging: XY 25699 -8355600 -8355840[0m
[00:00:25.707,183] [0m<inf> exp02_logging: XY 25707 -8355840 -8355840[0m
[00:00:25.715,209] [0m<inf> exp02_logging: XY 25715 -8355840 -8355840[0m
[00:00:25.723,236] [0m<inf> exp02_logging: XY 25723 -8355840 -8355840[0m
[00:00:25.731,231] [0m<inf> exp02_logging: XY 25731 -8355840 -8355840[0m
[00:00:25.739,288] [0m<inf> exp02_logging: XY 25739 -8289979 -8355840[0m
[00:00:25.747,283] [0m<inf> exp02_logging: XY 25747 -8355840 -8355840[0m
[00:00:25.755,340] [0m<inf> exp02_logging: XY 25755 -8355840 -8355840[0m
[00:00:25.763,366] [0m<inf> exp02_logging: XY 25763 -8355840 -8355840[0m
[00:00:25.771,392] [0m<inf> exp02_logging: XY 25771 -8355840 -8355840[0m
[00:00:25.779,388] [0m<inf> exp02_logging: XY 25779 -8289894 -8355840[0m
[00:00:25.787,445] [0m<inf> exp02_logging: XY 25787 -8355840 -8355840[0m
[00:00:25.795,471] [0m<inf> exp02_logging: XY 25795 -8355840 -8355840[0m
[00:00:25.803,497] [0m<inf> exp02_logging: XY 25803 -8355840 -8355840[0m
[00:00:25.811,492] [0m<inf> exp02_logging: XY 25811 -8355840 -8355840[0m
[00:00:25.819,549] [0m<inf> exp02_logging: XY 25819 -8289852 -8355840[0m
[00:00:25.827,545] [0m<inf> exp02_logging: XY 25827 -8355840 -8355840[0m
[00:00:25.835,601] [0m<inf> exp02_logging: XY 25835 -8355840 -8355840[0m
[00:00:25.843,627] [0m<inf> exp02_logging: XY 25843 -8355840 -8355840[0m
[00:00:25.851,654] [0m<inf> exp02_logging: XY 25851 -8355840 -8355840[0m
[00:00:25.859,680] [0m<inf> exp02_logging: XY 25859 -8289852 -8355840[0m
[00:00:25.867,706] [0m<inf> exp02_logging: XY 25867 -8355840 -8355840[0m
[00:00:25.875,732] [0m<inf> exp02_logging: XY 25875 -8355840 -8355840[0m
[00:00:25.883,758] [0m<inf> exp02_logging: XY 25883 -8355840 -8355840[0m
[00:00:25.891,784] [0m<inf> exp02_logging: XY 25891 -8355840 -8355840[0m
[00:00:25.899,810] [0m<inf> exp02_logging: XY 25899 -8289894 -8355840[0m
[00:00:25.907,806] [0m<inf> exp02_logging: XY 25907 -8355840 -8355840[0m
[00:00:25.915,863] [0m<inf> exp02_logging: XY 25915 -8355840 -8355840[0m
[00:00:25.923,858] [0m<inf> exp02_logging: XY 25923 -8355840 -8355840[0m
[00:00:25.931,915] [0m<inf> exp02_logging: XY 25931 -8355840 -8355840[0m
[00:00:25.939,941] [0m<inf> exp02_logging: XY 25939 -8289937 -8355840[0m
[00:00:25.947,967] [0m<inf> exp02_logging: XY 25947 -8355840 -8355840[0m
[00:00:25.955,993] [0m<inf> exp02_logging: XY 25955 -8355840 -8355840[0m
[00:00:25.964,019] [0m<inf> exp02_logging: XY 25963 -8355840 -8355840[0m
[00:00:25.972,015] [0m<inf> exp02_logging: XY 25972 -8355840 -8355840[0m
[00:00:25.980,072] [0m<inf> exp02_logging: XY 25980 -8355600 -8355840[0m
[00:00:25.988,067] [0m<inf> exp02_logging: XY 25988 -8355840 -8355840[0m
[00:00:25.996,124] [0m<inf> exp02_logging: XY 25996 -8355840 -8355840[0m
[00:00:26.004,119] [0m<inf> exp02_logging: XY 26004 -8355840 -8355840[0m
[00:00:26.012,176] [0m<inf> exp02_logging: XY 26012 -8355840 -8355840[0m
[00:00:26.020,202] [0m<inf> exp02_logging: XY 26020 -8290022 -8355840[0m
[00:00:26.028,228] [0m<inf> exp02_logging: XY 26028 -8355840 -8355840[0m
[00:00:26.036,254] [0m<inf> exp02_logging: XY 26036 -8355840 -8355840[0m
[00:00:26.044,281] [0m<inf> exp02_logging: XY 26044 -8355840 -8355840[0m
[00:00:26.052,307] [0m<inf> exp02_logging: XY 26052 -8355840 -8355840[0m
[00:00:26.060,333] [0m<inf> exp02_logging: XY 26060 -8355643 -8355840[0m
[00:00:26.068,359] [0m<inf> exp02_logging: XY 26068 -8355840 -8355840[0m
[00:00:26.076,385] [0m<inf> exp02_logging: XY 26076 -8355840 -8355840[0m
[00:00:26.084,381] [0m<inf> exp02_logging: XY 26084 -8355840 -8355840[0m
[00:00:26.092,437] [0m<inf> exp02_logging: XY 26092 -8355840 -8355840[0m
[00:00:26.100,463] [0m<inf> exp02_logging: XY 26100 -8355685 -8355840[0m
[00:00:26.108,489] [0m<inf> exp02_logging: XY 26108 -8355840 -8355840[0m
[00:00:26.116,516] [0m<inf> exp02_logging: XY 26116 -8355840 -8355840[0m
[00:00:26.124,542] [0m<inf> exp02_logging: XY 26124 -8355840 -8355840[0m
[00:00:26.132,537] [0m<inf> exp02_logging: XY 26132 -8355840 -8355840[0m
[00:00:26.140,594] [0m<inf> exp02_logging: XY 26140 -8355770 -8355840[0m
[00:00:26.148,590] [0m<inf> exp02_logging: XY 26148 -8355840 -8355840[0m
[00:00:26.156,646] [0m<inf> exp02_logging: XY 26156 -8355840 -8355840[0m
[00:00:26.164,672] [0m<inf> exp02_logging: XY 26164 -8355840 -8355840[0m
[00:00:26.172,698] [0m<inf> exp02_logging: XY 26172 -8355840 -8355840[0m
[00:00:26.180,725] [0m<inf> exp02_logging: XY 26180 -8355770 -8355840[0m
[00:00:26.188,751] [0m<inf> exp02_logging: XY 26188 -8355840 -8355840[0m
[00:00:26.196,777] [0m<inf> exp02_logging: XY 26196 -8355840 -8355840[0m
[00:00:26.204,803] [0m<inf> exp02_logging: XY 26204 -8355840 -8355840[0m
[00:00:26.212,799] [0m<inf> exp02_logging: XY 26212 -8355840 -8355840[0m
[00:00:26.220,855] [0m<inf> exp02_logging: XY 26220 -8355840 -8355840[0m
[00:00:26.228,881] [0m<inf> exp02_logging: XY 26228 -8355840 -8355840[0m
[00:00:26.236,907] [0m<inf> exp02_logging: XY 26236 -8355840 -8355840[0m
[00:00:26.244,934] [0m<inf> exp02_logging: XY 26244 -8355840 -8355840[0m
[00:00:26.252,960] [0m<inf> exp02_logging: XY 26252 -8355840 -8355840[0m
[00:00:26.260,986] [0m<inf> exp02_logging: XY 26260 -8355840 -8355840[0m
[00:00:26.269,012] [0m<inf> exp02_logging: XY 26268 -8355840 -8355840[0m
[00:00:26.277,038] [0m<inf> exp02_logging: XY 26277 -8355840 -8355840[0m
[00:00:26.285,064] [0m<inf> exp02_logging: XY 26285 -8355840 -8355840[0m
[00:00:26.293,060] [0m<inf> exp02_logging: XY 26293 -8355840 -8355840[0m
[00:00:26.301,116] [0m<inf> exp02_logging: XY 26301 -8355840 -8355840[0m
[00:00:26.309,112] [0m<inf> exp02_logging: XY 26309 -8355840 -8355840[0m
[00:00:26.317,169] [0m<inf> exp02_logging: XY 26317 -8355840 -8355840[0m
[00:00:26.325,195] [0m<inf> exp02_logging: XY 26325 -8355840 -8355840[0m
[00:00:26.333,221] [0m<inf> exp02_logging: XY 26333 -8355840 -8355840[0m
[00:00:26.341,247] [0m<inf> exp02_logging: XY 26341 -8355840 -8355840[0m
[00:00:26.349,273] [0m<inf> exp02_logging: XY 26349 -8355840 -8355840[0m
[00:00:26.357,269] [0m<inf> exp02_logging: XY 26357 -8355840 -8355840[0m
[00:00:26.365,325] [0m<inf> exp02_logging: XY 26365 -8355840 -8355840[0m
[00:00:26.373,382] [0m<inf> exp02_logging: XY 26373 -8355840 -8355840[0m
[00:00:26.381,347] [0m<inf> exp02_logging: XY 26381 -8355840 -8355840[0m
[00:00:26.389,404] [0m<inf> exp02_logging: XY 26389 -8355840 -8355840[0m
[00:00:26.397,430] [0m<inf> exp02_logging: XY 26397 -8355840 -8355840[0m
[00:00:26.405,456] [0m<inf> exp02_logging: XY 26405 -8355840 -8355840[0m
[00:00:26.413,482] [0m<inf> exp02_logging: XY 26413 -8355840 -8355840[0m
[00:00:26.421,508] [0m<inf> exp02_logging: XY 26421 -8355840 -8355840[0m
[00:00:26.429,534] [0m<inf> exp02_logging: XY 26429 -8355840 -8355840[0m
[00:00:26.437,530] [0m<inf> exp02_logging: XY 26437 -8355840 -8355840[0m
[00:00:26.445,587] [0m<inf> exp02_logging: XY 26445 -8355840 -8355840[0m
[00:00:26.453,613] [0m<inf> exp02_logging: XY 26453 -8355840 -8355840[0m
[00:00:26.461,639] [0m<inf> exp02_logging: XY 26461 -8355840 -8355840[0m
[00:00:26.469,665] [0m<inf> exp02_logging: XY 26469 -8355840 -8355840[0m
[00:00:26.477,691] [0m<inf> exp02_logging: XY 26477 -8355840 -8355840[0m
[00:00:26.485,687] [0m<inf> exp02_logging: XY 26485 -8355840 -8355840[0m
[00:00:26.493,743] [0m<inf> exp02_logging: XY 26493 -8355840 -8355840[0m
[00:00:26.501,739] [0m<inf> exp02_logging: XY 26501 -8355840 -8355840[0m
[00:00:26.509,796] [0m<inf> exp02_logging: XY 26509 -8355840 -8355840[0m
[00:00:26.517,822] [0m<inf> exp02_logging: XY 26517 -8355840 -8355840[0m
[00:00:26.525,848] [0m<inf> exp02_logging: XY 26525 -8355840 -8355840[0m
[00:00:26.533,874] [0m<inf> exp02_logging: XY 26533 -8355840 -8355840[0m
[00:00:26.541,900] [0m<inf> exp02_logging: XY 26541 -8355840 -8355840[0m
[00:00:26.549,926] [0m<inf> exp02_logging: XY 26549 -8355840 -8355840[0m
[00:00:26.557,952] [0m<inf> exp02_logging: XY 26557 -8355840 -8355840[0m
[00:00:26.565,948] [0m<inf> exp02_logging: XY 26565 -8355840 -8355840[0m
[00:00:26.574,005] [0m<inf> exp02_logging: XY 26573 -8355840 -8355840[0m
[00:00:26.582,031] [0m<inf> exp02_logging: XY 26582 -8355840 -8355840[0m
[00:00:26.590,057] [0m<inf> exp02_logging: XY 26590 -8355840 -8355840[0m
[00:00:26.598,083] [0m<inf> exp02_logging: XY 26598 -8355840 -8355840[0m
[00:00:26.606,109] [0m<inf> exp02_logging: XY 26606 -8355840 -8355840[0m
[00:00:26.614,105] [0m<inf> exp02_logging: XY 26614 -8355840 -8355840[0m
[00:00:26.622,161] [0m<inf> exp02_logging: XY 26622 -8355840 -8355840[0m
[00:00:26.630,187] [0m<inf> exp02_logging: XY 26630 -8355840 -8355840[0m
[00:00:26.638,214] [0m<inf> exp02_logging: XY 26638 -8355643 -8355840[0m
[00:00:26.646,240] [0m<inf> exp02_logging: XY 26646 -8355840 -8355840[0m
[00:00:26.654,266] [0m<inf> exp02_logging: XY 26654 -8355840 -8355840[0m
[00:00:26.662,292] [0m<inf> exp02_logging: XY 26662 -8355840 -8355840[0m
[00:00:26.670,318] [0m<inf> exp02_logging: XY 26670 -8355840 -8355840[0m
[00:00:26.678,344] [0m<inf> exp02_logging: XY 26678 -8355600 -8355840[0m
[00:00:26.686,370] [0m<inf> exp02_logging: XY 26686 -8355840 -8355840[0m
[00:00:26.694,396] [0m<inf> exp02_logging: XY 26694 -8355840 -8355840[0m
[00:00:26.702,423] [0m<inf> exp02_logging: XY 26702 -8355840 -8355840[0m
[00:00:26.710,449] [0m<inf> exp02_logging: XY 26710 -8355840 -8355840[0m
[00:00:26.718,475] [0m<inf> exp02_logging: XY 26718 -8355600 -8355840[0m
[00:00:26.726,470] [0m<inf> exp02_logging: XY 26726 -8355840 -8355840[0m
[00:00:26.734,527] [0m<inf> exp02_logging: XY 26734 -8355840 -8355840[0m
[00:00:26.742,553] [0m<inf> exp02_logging: XY 26742 -8355840 -8355840[0m
[00:00:26.750,579] [0m<inf> exp02_logging: XY 26750 -8355840 -8355840[0m
[00:00:26.758,605] [0m<inf> exp02_logging: XY 26758 -8289894 -8355840[0m
[00:00:26.766,632] [0m<inf> exp02_logging: XY 26766 -8355840 -8355840[0m
[00:00:26.774,627] [0m<inf> exp02_logging: XY 26774 -8355840 -8355840[0m
[00:00:26.782,684] [0m<inf> exp02_logging: XY 26782 -8355840 -8355840[0m
[00:00:26.790,710] [0m<inf> exp02_logging: XY 26790 -8355840 -8355840[0m
[00:00:26.798,736] [0m<inf> exp02_logging: XY 26798 -8289852 -8355840[0m
[00:00:26.806,762] [0m<inf> exp02_logging: XY 26806 -8355840 -8355840[0m
[00:00:26.814,788] [0m<inf> exp02_logging: XY 26814 -8355840 -8355840[0m
[00:00:26.822,814] [0m<inf> exp02_logging: XY 26822 -8355840 -8355840[0m
[00:00:26.830,841] [0m<inf> exp02_logging: XY 26830 -8355840 -8355840[0m
[00:00:26.838,867] [0m<inf> exp02_logging: XY 26838 -8289852 -8355840[0m
[00:00:26.846,893] [0m<inf> exp02_logging: XY 26846 -8355840 -8355840[0m
[00:00:26.854,888] [0m<inf> exp02_logging: XY 26854 -8355840 -8355840[0m
[00:00:26.862,945] [0m<inf> exp02_logging: XY 26862 -8355840 -8355840[0m
[00:00:26.870,971] [0m<inf> exp02_logging: XY 26870 -8355840 -8355840[0m
[00:00:26.878,997] [0m<inf> exp02_logging: XY 26878 -8289894 -8355840[0m
[00:00:26.887,023] [0m<inf> exp02_logging: XY 26886 -8355840 -8355840[0m
[00:00:26.895,050] [0m<inf> exp02_logging: XY 26895 -8355840 -8355840[0m
[00:00:26.903,076] [0m<inf> exp02_logging: XY 26903 -8355840 -8355840[0m
[00:00:26.911,102] [0m<inf> exp02_logging: XY 26911 -8355840 -8355840[0m
[00:00:26.919,097] [0m<inf> exp02_logging: XY 26919 -8289937 -8355840[0m
[00:00:26.927,154] [0m<inf> exp02_logging: XY 26927 -8355840 -8355840[0m
[00:00:26.935,150] [0m<inf> exp02_logging: XY 26935 -8355840 -8355840[0m
[00:00:26.943,206] [0m<inf> exp02_logging: XY 26943 -8355840 -8355840[0m
[00:00:26.951,202] [0m<inf> exp02_logging: XY 26951 -8355840 -8355840[0m
[00:00:26.959,259] [0m<inf> exp02_logging: XY 26959 -8290022 -8355840[0m
[00:00:26.967,254] [0m<inf> exp02_logging: XY 26967 -8355840 -8355840[0m
[00:00:26.975,311] [0m<inf> exp02_logging: XY 26975 -8355840 -8355840[0m
[00:00:26.983,337] [0m<inf> exp02_logging: XY 26983 -8355840 -8355840[0m
[00:00:26.991,363] [0m<inf> exp02_logging: XY 26991 -8355840 -8355840[0m
[00:00:26.999,389] [0m<inf> exp02_logging: XY 26999 -8355600 -8355840[0m
[00:00:27.007,415] [0m<inf> exp02_logging: XY 27007 -8355840 -8355840[0m
[00:00:27.015,441] [0m<inf> exp02_logging: XY 27015 -8355840 -8355840[0m
[00:00:27.023,468] [0m<inf> exp02_logging: XY 27023 -8355840 -8355840[0m
[00:00:27.031,494] [0m<inf> exp02_logging: XY 27031 -8355840 -8355840[0m
[00:00:27.039,520] [0m<inf> exp02_logging: XY 27039 -8355643 -8355840[0m
[00:00:27.047,546] [0m<inf> exp02_logging: XY 27047 -8355840 -8355840[0m
[00:00:27.055,572] [0m<inf> exp02_logging: XY 27055 -8355840 -8355840[0m
[00:00:27.063,598] [0m<inf> exp02_logging: XY 27063 -8355840 -8355840[0m
[00:00:27.071,624] [0m<inf> exp02_logging: XY 27071 -8355840 -8355840[0m
[00:00:27.079,650] [0m<inf> exp02_logging: XY 27079 -8355770 -8355840[0m
[00:00:27.087,677] [0m<inf> exp02_logging: XY 27087 -8355840 -8355840[0m
[00:00:27.095,703] [0m<inf> exp02_logging: XY 27095 -8355840 -8355840[0m
[00:00:27.103,729] [0m<inf> exp02_logging: XY 27103 -8355840 -8355840[0m
[00:00:27.111,724] [0m<inf> exp02_logging: XY 27111 -8355840 -8355840[0m
[00:00:27.119,781] [0m<inf> exp02_logging: XY 27119 -8355728 -8355840[0m
[00:00:27.127,807] [0m<inf> exp02_logging: XY 27127 -8355840 -8355840[0m
[00:00:27.135,833] [0m<inf> exp02_logging: XY 27135 -8355840 -8355840[0m
[00:00:27.143,859] [0m<inf> exp02_logging: XY 27143 -8355840 -8355840[0m
[00:00:27.151,885] [0m<inf> exp02_logging: XY 27151 -8355840 -8355840[0m
[00:00:27.159,912] [0m<inf> exp02_logging: XY 27159 -8355770 -8355840[0m
[00:00:27.167,938] [0m<inf> exp02_logging: XY 27167 -8355840 -8355840[0m
[00:00:27.175,933] [0m<inf> exp02_logging: XY 27175 -8355840 -8355840[0m
[00:00:27.183,990] [0m<inf> exp02_logging: XY 27183 -8355840 -8355840[0m
[00:00:27.191,986] [0m<inf> exp02_logging: XY 27191 -8355840 -8355840[0m
[00:00:27.200,042] [0m<inf> exp02_logging: XY 27200 -8355840 -8355840[0m
[00:00:27.208,068] [0m<inf> exp02_logging: XY 27208 -8355840 -8355840[0m
[00:00:27.216,094] [0m<inf> exp02_logging: XY 27216 -8355840 -8355840[0m
[00:00:27.224,121] [0m<inf> exp02_logging: XY 27224 -8355840 -8355840[0m
[00:00:27.232,147] [0m<inf> exp02_logging: XY 27232 -8355840 -8355840[0m
[00:00:27.240,173] [0m<inf> exp02_logging: XY 27240 -8355840 -8355840[0m
[00:00:27.248,199] [0m<inf> exp02_logging: XY 27248 -8355840 -8355840[0m
[00:00:27.256,225] [0m<inf> exp02_logging: XY 27256 -8355840 -8355840[0m
[00:00:27.264,251] [0m<inf> exp02_logging: XY 27264 -8355840 -8355840[0m
[00:00:27.272,247] [0m<inf> exp02_logging: XY 27272 -8355840 -8355840[0m
[00:00:27.280,303] [0m<inf> exp02_logging: XY 27280 -8355840 -8355840[0m
[00:00:27.288,330] [0m<inf> exp02_logging: XY 27288 -8355840 -8355840[0m
[00:00:27.296,356] [0m<inf> exp02_logging: XY 27296 -8355840 -8355840[0m
[00:00:27.304,382] [0m<inf> exp02_logging: XY 27304 -8355840 -8355840[0m
[00:00:27.312,408] [0m<inf> exp02_logging: XY 27312 -8355840 -8355840[0m
[00:00:27.320,434] [0m<inf> exp02_logging: XY 27320 -8355840 -8355840[0m
[00:00:27.328,460] [0m<inf> exp02_logging: XY 27328 -8355840 -8355840[0m
[00:00:27.336,456] [0m<inf> exp02_logging: XY 27336 -8355840 -8355840[0m
[00:00:27.344,512] [0m<inf> exp02_logging: XY 27344 -8355840 -8355840[0m
[00:00:27.352,508] [0m<inf> exp02_logging: XY 27352 -8355840 -8355840[0m
[00:00:27.360,565] [0m<inf> exp02_logging: XY 27360 -8355840 -8355840[0m
[00:00:27.368,591] [0m<inf> exp02_logging: XY 27368 -8355840 -8355840[0m
[00:00:27.376,617] [0m<inf> exp02_logging: XY 27376 -8355840 -8355840[0m
[00:00:27.384,643] [0m<inf> exp02_logging: XY 27384 -8355840 -8355840[0m
[00:00:27.392,669] [0m<inf> exp02_logging: XY 27392 -8355840 -8355840[0m
[00:00:27.400,695] [0m<inf> exp02_logging: XY 27400 -8355840 -8355840[0m
[00:00:27.408,721] [0m<inf> exp02_logging: XY 27408 -8355840 -8355840[0m
[00:00:27.416,748] [0m<inf> exp02_logging: XY 27416 -8355840 -8355840[0m
[00:00:27.424,774] [0m<inf> exp02_logging: XY 27424 -8355840 -8355840[0m
[00:00:27.432,769] [0m<inf> exp02_logging: XY 27432 -8355840 -8355840[0m
[00:00:27.440,826] [0m<inf> exp02_logging: XY 27440 -8355840 -8355840[0m
[00:00:27.448,822] [0m<inf> exp02_logging: XY 27448 -8355840 -8355840[0m
[00:00:27.456,878] [0m<inf> exp02_logging: XY 27456 -8355840 -8355840[0m
[00:00:27.464,904] [0m<inf> exp02_logging: XY 27464 -8355840 -8355840[0m
[00:00:27.472,930] [0m<inf> exp02_logging: XY 27472 -8355840 -8355840[0m
[00:00:27.480,957] [0m<inf> exp02_logging: XY 27480 -8355840 -8355840[0m
[00:00:27.488,983] [0m<inf> exp02_logging: XY 27488 -8355840 -8355840[0m
[00:00:27.497,009] [0m<inf> exp02_logging: XY 27496 -8355840 -8355840[0m
[00:00:27.505,035] [0m<inf> exp02_logging: XY 27505 -8355840 -8355840[0m
[00:00:27.513,061] [0m<inf> exp02_logging: XY 27513 -8355840 -8355840[0m
[00:00:27.521,087] [0m<inf> exp02_logging: XY 27521 -8355840 -8355840[0m
[00:00:27.529,113] [0m<inf> exp02_logging: XY 27529 -8355840 -8355840[0m
[00:00:27.537,139] [0m<inf> exp02_logging: XY 27537 -8355840 -8355840[0m
[00:00:27.545,135] [0m<inf> exp02_logging: XY 27545 -8355840 -8355840[0m
[00:00:27.553,192] [0m<inf> exp02_logging: XY 27553 -8355840 -8355840[0m
[00:00:27.561,187] [0m<inf> exp02_logging: XY 27561 -8355840 -8355840[0m
[00:00:27.569,244] [0m<inf> exp02_logging: XY 27569 -8355840 -8355840[0m
[00:00:27.577,239] [0m<inf> exp02_logging: XY 27577 -8355813 -8355840[0m
[00:00:27.585,296] [0m<inf> exp02_logging: XY 27585 -8355840 -8355840[0m
[00:00:27.593,322] [0m<inf> exp02_logging: XY 27593 -8355840 -8355840[0m
[00:00:27.601,348] [0m<inf> exp02_logging: XY 27601 -8355840 -8355840[0m
[00:00:27.609,375] [0m<inf> exp02_logging: XY 27609 -8355840 -8355840[0m
[00:00:27.617,401] [0m<inf> exp02_logging: XY 27617 -8355643 -8355840[0m
[00:00:27.625,427] [0m<inf> exp02_logging: XY 27625 -8355840 -8355840[0m
[00:00:27.633,453] [0m<inf> exp02_logging: XY 27633 -8355840 -8355840[0m
[00:00:27.641,479] [0m<inf> exp02_logging: XY 27641 -8355840 -8355840[0m
[00:00:27.649,505] [0m<inf> exp02_logging: XY 27649 -8355840 -8355840[0m
[00:00:27.657,531] [0m<inf> exp02_logging: XY 27657 -8355600 -8355840[0m
[00:00:27.665,557] [0m<inf> exp02_logging: XY 27665 -8355840 -8355840[0m
[00:00:27.673,583] [0m<inf> exp02_logging: XY 27673 -8355840 -8355840[0m
[00:00:27.681,610] [0m<inf> exp02_logging: XY 27681 -8355840 -8355840[0m
[00:00:27.689,636] [0m<inf> exp02_logging: XY 27689 -8355840 -8355840[0m
[00:00:27.697,662] [0m<inf> exp02_logging: XY 27697 -8290022 -8355840[0m
[00:00:27.705,657] [0m<inf> exp02_logging: XY 27705 -8355840 -8355840[0m
[00:00:27.713,714] [0m<inf> exp02_logging: XY 27713 -8355840 -8355840[0m
[00:00:27.721,740] [0m<inf> exp02_logging: XY 27721 -8355840 -8355840[0m
[00:00:27.729,766] [0m<inf> exp02_logging: XY 27729 -8355840 -8355840[0m
[00:00:27.737,792] [0m<inf> exp02_logging: XY 27737 -8289894 -8355840[0m
[00:00:27.745,819] [0m<inf> exp02_logging: XY 27745 -8355840 -8355840[0m
[00:00:27.753,845] [0m<inf> exp02_logging: XY 27753 -8355840 -8355840[0m
[00:00:27.761,871] [0m<inf> exp02_logging: XY 27761 -8355840 -8355840[0m
[00:00:27.769,897] [0m<inf> exp02_logging: XY 27769 -8355840 -8355840[0m
[00:00:27.777,923] [0m<inf> exp02_logging: XY 27777 -8289809 -8355840[0m
[00:00:27.785,949] [0m<inf> exp02_logging: XY 27785 -8355840 -8355840[0m
[00:00:27.793,975] [0m<inf> exp02_logging: XY 27793 -8355840 -8355840[0m
[00:00:27.802,001] [0m<inf> exp02_logging: XY 27801 -8355840 -8355840[0m
[00:00:27.810,028] [0m<inf> exp02_logging: XY 27809 -8355840 -8355840[0m
[00:00:27.818,054] [0m<inf> exp02_logging: XY 27818 -8289852 -8355840[0m
[00:00:27.826,080] [0m<inf> exp02_logging: XY 27826 -8355840 -8355840[0m
[00:00:27.834,106] [0m<inf> exp02_logging: XY 27834 -8355840 -8355840[0m
[00:00:27.842,132] [0m<inf> exp02_logging: XY 27842 -8355840 -8355840[0m
[00:00:27.850,158] [0m<inf> exp02_logging: XY 27850 -8355840 -8355840[0m
[00:00:27.858,184] [0m<inf> exp02_logging: XY 27858 -8289852 -8355840[0m
[00:00:27.866,210] [0m<inf> exp02_logging: XY 27866 -8355840 -8355840[0m
[00:00:27.874,237] [0m<inf> exp02_logging: XY 27874 -8355840 -8355840[0m
[00:00:27.882,263] [0m<inf> exp02_logging: XY 27882 -8355840 -8355840[0m
[00:00:27.890,289] [0m<inf> exp02_logging: XY 27890 -8355840 -8355840[0m
[00:00:27.898,315] [0m<inf> exp02_logging: XY 27898 -8289979 -8355840[0m
[00:00:27.906,341] [0m<inf> exp02_logging: XY 27906 -8355840 -8355840[0m
[00:00:27.914,367] [0m<inf> exp02_logging: XY 27914 -8355840 -8355840[0m
[00:00:27.922,393] [0m<inf> exp02_logging: XY 27922 -8355840 -8355840[0m
[00:00:27.930,389] [0m<inf> exp02_logging: XY 27930 -8355840 -8355840[0m
[00:00:27.938,446] [0m<inf> exp02_logging: XY 27938 -8290022 -8355840[0m
[00:00:27.946,441] [0m<inf> exp02_logging: XY 27946 -8355840 -8355840[0m
[00:00:27.954,498] [0m<inf> exp02_logging: XY 27954 -8355840 -8355840[0m
[00:00:27.962,493] [0m<inf> exp02_logging: XY 27962 -8355840 -8355840[0m
[00:00:27.970,550] [0m<inf> exp02_logging: XY 27970 -8355840 -8355840[0m
[00:00:27.978,546] [0m<inf> exp02_logging: XY 27978 -8290022 -8355840[0m
[00:00:27.986,602] [0m<inf> exp02_logging: XY 27986 -8355840 -8355840[0m
[00:00:27.994,598] [0m<inf> exp02_logging: XY 27994 -8355840 -8355840[0m
[00:00:28.002,655] [0m<inf> exp02_logging: XY 28002 -8355840 -8355840[0m
[00:00:28.010,650] [0m<inf> exp02_logging: XY 28010 -8355840 -8355840[0m
[00:00:28.018,707] [0m<inf> exp02_logging: XY 28018 -8355600 -8355840[0m
[00:00:28.026,702] [0m<inf> exp02_logging: XY 28026 -8355840 -8355840[0m
[00:00:28.034,759] [0m<inf> exp02_logging: XY 28034 -8355840 -8355840[0m
[00:00:28.042,785] [0m<inf> exp02_logging: XY 28042 -8355840 -8355840[0m
[00:00:28.050,811] [0m<inf> exp02_logging: XY 28050 -8355840 -8355840[0m
[00:00:28.058,837] [0m<inf> exp02_logging: XY 28058 -8355685 -8355840[0m
[00:00:28.066,864] [0m<inf> exp02_logging: XY 28066 -8355840 -8355840[0m
[00:00:28.074,890] [0m<inf> exp02_logging: XY 28074 -8355840 -8355840[0m
[00:00:28.082,916] [0m<inf> exp02_logging: XY 28082 -8355840 -8355840[0m
[00:00:28.090,942] [0m<inf> exp02_logging: XY 28090 -8355840 -8355840[0m
[00:00:28.098,968] [0m<inf> exp02_logging: XY 28098 -8355728 -8355840[0m
[00:00:28.106,994] [0m<inf> exp02_logging: XY 28106 -8355840 -8355840[0m
[00:00:28.115,020] [0m<inf> exp02_logging: XY 28114 -8355840 -8355840[0m
[00:00:28.123,016] [0m<inf> exp02_logging: XY 28123 -8355840 -8355840[0m
[00:00:28.131,072] [0m<inf> exp02_logging: XY 28131 -8355840 -8355840[0m
[00:00:28.139,099] [0m<inf> exp02_logging: XY 28139 -8355770 -8355840[0m
[00:00:28.147,125] [0m<inf> exp02_logging: XY 28147 -8355840 -8355840[0m
[00:00:28.155,151] [0m<inf> exp02_logging: XY 28155 -8355840 -8355840[0m
[00:00:28.163,177] [0m<inf> exp02_logging: XY 28163 -8355840 -8355840[0m
[00:00:28.171,203] [0m<inf> exp02_logging: XY 28171 -8355840 -8355840[0m
[00:00:28.179,229] [0m<inf> exp02_logging: XY 28179 -8355840 -8355840[0m
[00:00:28.187,225] [0m<inf> exp02_logging: XY 28187 -8355840 -8355840[0m
[00:00:28.195,281] [0m<inf> exp02_logging: XY 28195 -8355840 -8355840[0m
[00:00:28.203,277] [0m<inf> exp02_logging: XY 28203 -8355840 -8355840[0m
[00:00:28.211,334] [0m<inf> exp02_logging: XY 28211 -8355840 -8355840[0m
[00:00:28.219,360] [0m<inf> exp02_logging: XY 28219 -8355840 -8355840[0m
[00:00:28.227,386] [0m<inf> exp02_logging: XY 28227 -8355840 -8355840[0m
[00:00:28.235,412] [0m<inf> exp02_logging: XY 28235 -8355840 -8355840[0m
[00:00:28.243,438] [0m<inf> exp02_logging: XY 28243 -8355840 -8355840[0m
[00:00:28.251,434] [0m<inf> exp02_logging: XY 28251 -8355840 -8355840[0m
[00:00:28.259,490] [0m<inf> exp02_logging: XY 28259 -8355840 -8355840[0m
[00:00:28.267,517] [0m<inf> exp02_logging: XY 28267 -8355840 -8355840[0m
[00:00:28.275,543] [0m<inf> exp02_logging: XY 28275 -8355840 -8355840[0m
[00:00:28.283,569] [0m<inf> exp02_logging: XY 28283 -8355840 -8355840[0m
[00:00:28.291,595] [0m<inf> exp02_logging: XY 28291 -8355840 -8355840[0m
[00:00:28.299,621] [0m<inf> exp02_logging: XY 28299 -8355840 -8355840[0m
[00:00:28.307,647] [0m<inf> exp02_logging: XY 28307 -8355840 -8355840[0m
[00:00:28.315,643] [0m<inf> exp02_logging: XY 28315 -8355840 -8355840[0m
[00:00:28.323,699] [0m<inf> exp02_logging: XY 28323 -8355840 -8355840[0m
[00:00:28.331,695] [0m<inf> exp02_logging: XY 28331 -8355840 -8355840[0m
[00:00:28.339,752] [0m<inf> exp02_logging: XY 28339 -8355840 -8355840[0m
[00:00:28.347,778] [0m<inf> exp02_logging: XY 28347 -8355840 -8355840[0m
[00:00:28.355,804] [0m<inf> exp02_logging: XY 28355 -8355840 -8355840[0m
[00:00:28.363,830] [0m<inf> exp02_logging: XY 28363 -8355840 -8355840[0m
[00:00:28.371,856] [0m<inf> exp02_logging: XY 28371 -8355840 -8355840[0m
[00:00:28.379,882] [0m<inf> exp02_logging: XY 28379 -8355840 -8355840[0m
[00:00:28.387,908] [0m<inf> exp02_logging: XY 28387 -8355840 -8355840[0m
[00:00:28.395,935] [0m<inf> exp02_logging: XY 28395 -8355840 -8355840[0m
[00:00:28.403,961] [0m<inf> exp02_logging: XY 28403 -8355840 -8355840[0m
[00:00:28.411,987] [0m<inf> exp02_logging: XY 28411 -8355840 -8355840[0m
[00:00:28.420,013] [0m<inf> exp02_logging: XY 28419 -8355840 -8355840[0m
[00:00:28.428,039] [0m<inf> exp02_logging: XY 28428 -8355840 -8355840[0m
[00:00:28.436,065] [0m<inf> exp02_logging: XY 28436 -8355840 -8355840[0m
[00:00:28.444,091] [0m<inf> exp02_logging: XY 28444 -8355840 -8355840[0m
[00:00:28.452,117] [0m<inf> exp02_logging: XY 28452 -8355840 -8355840[0m
[00:00:28.460,144] [0m<inf> exp02_logging: XY 28460 -8355840 -8355840[0m
[00:00:28.468,170] [0m<inf> exp02_logging: XY 28468 -8355840 -8355840[0m
[00:00:28.476,196] [0m<inf> exp02_logging: XY 28476 -8355840 -8355840[0m
[00:00:28.484,222] [0m<inf> exp02_logging: XY 28484 -8355840 -8355840[0m
[00:00:28.492,248] [0m<inf> exp02_logging: XY 28492 -8355840 -8355840[0m
[00:00:28.500,274] [0m<inf> exp02_logging: XY 28500 -8355840 -8355840[0m
[00:00:28.508,300] [0m<inf> exp02_logging: XY 28508 -8355840 -8355840[0m
[00:00:28.516,326] [0m<inf> exp02_logging: XY 28516 -8355840 -8355840[0m
[00:00:28.524,353] [0m<inf> exp02_logging: XY 28524 -8355840 -8355840[0m
[00:00:28.532,379] [0m<inf> exp02_logging: XY 28532 -8355840 -8355840[0m
[00:00:28.540,405] [0m<inf> exp02_logging: XY 28540 -8355840 -8355840[0m
[00:00:28.548,431] [0m<inf> exp02_logging: XY 28548 -8355840 -8355840[0m
[00:00:28.556,457] [0m<inf> exp02_logging: XY 28556 -8355840 -8355840[0m
[00:00:28.564,483] [0m<inf> exp02_logging: XY 28564 -8355840 -8355840[0m
[00:00:28.572,509] [0m<inf> exp02_logging: XY 28572 -8355840 -8355840[0m
[00:00:28.580,535] [0m<inf> exp02_logging: XY 28580 -8355840 -8355840[0m
[00:00:28.588,562] [0m<inf> exp02_logging: XY 28588 -8355840 -8355840[0m
[00:00:28.596,588] [0m<inf> exp02_logging: XY 28596 -8355643 -8355840[0m
[00:00:28.604,614] [0m<inf> exp02_logging: XY 28604 -8355840 -8355840[0m
[00:00:28.612,640] [0m<inf> exp02_logging: XY 28612 -8355840 -8355840[0m
[00:00:28.620,666] [0m<inf> exp02_logging: XY 28620 -8355840 -8355840[0m
[00:00:28.628,692] [0m<inf> exp02_logging: XY 28628 -8355840 -8355840[0m
[00:00:28.636,718] [0m<inf> exp02_logging: XY 28636 -8355600 -8355840[0m
[00:00:28.644,744] [0m<inf> exp02_logging: XY 28644 -8355840 -8355840[0m
[00:00:28.652,770] [0m<inf> exp02_logging: XY 28652 -8355840 -8355840[0m
[00:00:28.660,797] [0m<inf> exp02_logging: XY 28660 -8355840 -8355840[0m
[00:00:28.668,792] [0m<inf> exp02_logging: XY 28668 -8355840 -8355840[0m
[00:00:28.676,849] [0m<inf> exp02_logging: XY 28676 -8289894 -8355840[0m
[00:00:28.684,875] [0m<inf> exp02_logging: XY 28684 -8355840 -8355840[0m
[00:00:28.692,901] [0m<inf> exp02_logging: XY 28692 -8355840 -8355840[0m
[00:00:28.700,927] [0m<inf> exp02_logging: XY 28700 -8355840 -8355840[0m
[00:00:28.708,953] [0m<inf> exp02_logging: XY 28708 -8355840 -8355840[0m
[00:00:28.716,979] [0m<inf> exp02_logging: XY 28716 -8289894 -8355840[0m
[00:00:28.725,006] [0m<inf> exp02_logging: XY 28724 -8355840 -8355840[0m
[00:00:28.733,032] [0m<inf> exp02_logging: XY 28733 -8355840 -8355840[0m
[00:00:28.741,058] [0m<inf> exp02_logging: XY 28741 -8355840 -8355840[0m
[00:00:28.749,084] [0m<inf> exp02_logging: XY 28749 -8355840 -8355840[0m
[00:00:28.757,110] [0m<inf> exp02_logging: XY 28757 -8289809 -8355840[0m
[00:00:28.765,106] [0m<inf> exp02_logging: XY 28765 -8355840 -8355840[0m
[00:00:28.773,162] [0m<inf> exp02_logging: XY 28773 -8355840 -8355840[0m
[00:00:28.781,158] [0m<inf> exp02_logging: XY 28781 -8355840 -8355840[0m
[00:00:28.789,215] [0m<inf> exp02_logging: XY 28789 -8355840 -8355840[0m
[00:00:28.797,210] [0m<inf> exp02_logging: XY 28797 -8289852 -8355840[0m
[00:00:28.805,267] [0m<inf> exp02_logging: XY 28805 -8355840 -8355840[0m
[00:00:28.813,262] [0m<inf> exp02_logging: XY 28813 -8355840 -8355840[0m
[00:00:28.821,319] [0m<inf> exp02_logging: XY 28821 -8355840 -8355840[0m
[00:00:28.829,315] [0m<inf> exp02_logging: XY 28829 -8355840 -8355840[0m
[00:00:28.837,371] [0m<inf> exp02_logging: XY 28837 -8289937 -8355840[0m
[00:00:28.845,397] [0m<inf> exp02_logging: XY 28845 -8355840 -8355840[0m
[00:00:28.853,424] [0m<inf> exp02_logging: XY 28853 -8355840 -8355840[0m
[00:00:28.861,450] [0m<inf> exp02_logging: XY 28861 -8355840 -8355840[0m
[00:00:28.869,476] [0m<inf> exp02_logging: XY 28869 -8355840 -8355840[0m
[00:00:28.877,502] [0m<inf> exp02_logging: XY 28877 -8289937 -8355840[0m
[00:00:28.885,528] [0m<inf> exp02_logging: XY 28885 -8355840 -8355840[0m
[00:00:28.893,554] [0m<inf> exp02_logging: XY 28893 -8355840 -8355840[0m
[00:00:28.901,580] [0m<inf> exp02_logging: XY 28901 -8355840 -8355840[0m
[00:00:28.909,606] [0m<inf> exp02_logging: XY 28909 -8355840 -8355840[0m
[00:00:28.917,633] [0m<inf> exp02_logging: XY 28917 -8290022 -8355840[0m
[00:00:28.925,659] [0m<inf> exp02_logging: XY 28925 -8355840 -8355840[0m
[00:00:28.933,685] [0m<inf> exp02_logging: XY 28933 -8355840 -8355840[0m
[00:00:28.941,711] [0m<inf> exp02_logging: XY 28941 -8355840 -8355840[0m
[00:00:28.949,737] [0m<inf> exp02_logging: XY 28949 -8355840 -8355840[0m
[00:00:28.957,763] [0m<inf> exp02_logging: XY 28957 -8355685 -8355840[0m
[00:00:28.965,789] [0m<inf> exp02_logging: XY 28965 -8355840 -8355840[0m
[00:00:28.973,815] [0m<inf> exp02_logging: XY 28973 -8355840 -8355840[0m
[00:00:28.981,842] [0m<inf> exp02_logging: XY 28981 -8355840 -8355840[0m
[00:00:28.989,837] [0m<inf> exp02_logging: XY 28989 -8355840 -8355840[0m
[00:00:28.997,894] [0m<inf> exp02_logging: XY 28997 -8355685 -8355840[0m
[00:00:29.005,889] [0m<inf> exp02_logging: XY 29005 -8355840 -8355840[0m
[00:00:29.013,946] [0m<inf> exp02_logging: XY 29013 -8355840 -8355840[0m
[00:00:29.021,972] [0m<inf> exp02_logging: XY 29021 -8355840 -8355840[0m
[00:00:29.029,998] [0m<inf> exp02_logging: XY 29029 -8355840 -8355840[0m
[00:00:29.038,024] [0m<inf> exp02_logging: XY 29037 -8355685 -8355840[0m
[00:00:29.046,051] [0m<inf> exp02_logging: XY 29046 -8355840 -8355840[0m
[00:00:29.054,077] [0m<inf> exp02_logging: XY 29054 -8355840 -8355840[0m
[00:00:29.062,103] [0m<inf> exp02_logging: XY 29062 -8355840 -8355840[0m
[00:00:29.070,098] [0m<inf> exp02_logging: XY 29070 -8355840 -8355840[0m
[00:00:29.078,155] [0m<inf> exp02_logging: XY 29078 -8355813 -8355840[0m
[00:00:29.086,151] [0m<inf> exp02_logging: XY 29086 -8355840 -8355840[0m
[00:00:29.094,207] [0m<inf> exp02_logging: XY 29094 -8355840 -8355840[0m
[00:00:29.102,203] [0m<inf> exp02_logging: XY 29102 -8355840 -8355840[0m
[00:00:29.110,260] [0m<inf> exp02_logging: XY 29110 -8355840 -8355840[0m
[00:00:29.118,255] [0m<inf> exp02_logging: XY 29118 -8355770 -8355840[0m
[00:00:29.126,312] [0m<inf> exp02_logging: XY 29126 -8355840 -8355840[0m
[00:00:29.134,338] [0m<inf> exp02_logging: XY 29134 -8355840 -8355840[0m
[00:00:29.142,364] [0m<inf> exp02_logging: XY 29142 -8355840 -8355840[0m
[00:00:29.150,390] [0m<inf> exp02_logging: XY 29150 -8355840 -8355840[0m
[00:00:29.158,416] [0m<inf> exp02_logging: XY 29158 -8355840 -8355840[0m
[00:00:29.166,442] [0m<inf> exp02_logging: XY 29166 -8355840 -8355840[0m
[00:00:29.174,468] [0m<inf> exp02_logging: XY 29174 -8355840 -8355840[0m
[00:00:29.182,495] [0m<inf> exp02_logging: XY 29182 -8355840 -8355840[0m
[00:00:29.190,521] [0m<inf> exp02_logging: XY 29190 -8355840 -8355840[0m
[00:00:29.198,547] [0m<inf> exp02_logging: XY 29198 -8355840 -8355840[0m
[00:00:29.206,573] [0m<inf> exp02_logging: XY 29206 -8355840 -8355840[0m
[00:00:29.214,599] [0m<inf> exp02_logging: XY 29214 -8355840 -8355840[0m
[00:00:29.222,625] [0m<inf> exp02_logging: XY 29222 -8355840 -8355840[0m
[00:00:29.230,651] [0m<inf> exp02_logging: XY 29230 -8355840 -8355840[0m
[00:00:29.238,677] [0m<inf> exp02_logging: XY 29238 -8355840 -8355840[0m
[00:00:29.246,704] [0m<inf> exp02_logging: XY 29246 -8355840 -8355840[0m
[00:00:29.254,730] [0m<inf> exp02_logging: XY 29254 -8355840 -8355840[0m
[00:00:29.262,756] [0m<inf> exp02_logging: XY 29262 -8355840 -8355840[0m
[00:00:29.270,782] [0m<inf> exp02_logging: XY 29270 -8355840 -8355840[0m
[00:00:29.278,808] [0m<inf> exp02_logging: XY 29278 -8355840 -8355840[0m
[00:00:29.286,834] [0m<inf> exp02_logging: XY 29286 -8355840 -8355840[0m
[00:00:29.294,830] [0m<inf> exp02_logging: XY 29294 -8355840 -8355840[0m
[00:00:29.302,886] [0m<inf> exp02_logging: XY 29302 -8355840 -8355840[0m
[00:00:29.310,913] [0m<inf> exp02_logging: XY 29310 -8355840 -8355840[0m
[00:00:29.318,939] [0m<inf> exp02_logging: XY 29318 -8355840 -8355840[0m
[00:00:29.326,965] [0m<inf> exp02_logging: XY 29326 -8355840 -8355840[0m
[00:00:29.334,991] [0m<inf> exp02_logging: XY 29334 -8355840 -8355840[0m
[00:00:29.343,017] [0m<inf> exp02_logging: XY 29342 -8355840 -8355840[0m
[00:00:29.351,043] [0m<inf> exp02_logging: XY 29351 -8355840 -8355840[0m
[00:00:29.359,039] [0m<inf> exp02_logging: XY 29359 -8355840 -8355840[0m
[00:00:29.367,095] [0m<inf> exp02_logging: XY 29367 -8355840 -8355840[0m
[00:00:29.375,091] [0m<inf> exp02_logging: XY 29375 -8355840 -8355840[0m
[00:00:29.383,148] [0m<inf> exp02_logging: XY 29383 -8355840 -8355840[0m
[00:00:29.391,143] [0m<inf> exp02_logging: XY 29391 -8355840 -8355840[0m
[00:00:29.399,200] [0m<inf> exp02_logging: XY 29399 -8355840 -8355840[0m
[00:00:29.407,196] [0m<inf> exp02_logging: XY 29407 -8355840 -8355840[0m
[00:00:29.415,252] [0m<inf> exp02_logging: XY 29415 -8355840 -8355840[0m
[00:00:29.423,278] [0m<inf> exp02_logging: XY 29423 -8355840 -8355840[0m
[00:00:29.431,304] [0m<inf> exp02_logging: XY 29431 -8355840 -8355840[0m
[00:00:29.439,331] [0m<inf> exp02_logging: XY 29439 -8355840 -8355840[0m
[00:00:29.447,357] [0m<inf> exp02_logging: XY 29447 -8355840 -8355840[0m
[00:00:29.455,383] [0m<inf> exp02_logging: XY 29455 -8355840 -8355840[0m
[00:00:29.463,409] [0m<inf> exp02_logging: XY 29463 -8355840 -8355840[0m
[00:00:29.471,435] [0m<inf> exp02_logging: XY 29471 -8355840 -8355840[0m
[00:00:29.479,461] [0m<inf> exp02_logging: XY 29479 -8355840 -8355840[0m
[00:00:29.487,487] [0m<inf> exp02_logging: XY 29487 -8355840 -8355840[0m
[00:00:29.495,513] [0m<inf> exp02_logging: XY 29495 -8355840 -8355840[0m
[00:00:29.503,509] [0m<inf> exp02_logging: XY 29503 -8355840 -8355840[0m
[00:00:29.511,566] [0m<inf> exp02_logging: XY 29511 -8355840 -8355840[0m
[00:00:29.519,561] [0m<inf> exp02_logging: XY 29519 -8355840 -8355840[0m
[00:00:29.527,618] [0m<inf> exp02_logging: XY 29527 -8355840 -8355840[0m
[00:00:29.535,644] [0m<inf> exp02_logging: XY 29535 -8355813 -8355840[0m
[00:00:29.543,670] [0m<inf> exp02_logging: XY 29543 -8355840 -8355840[0m
[00:00:29.551,696] [0m<inf> exp02_logging: XY 29551 -8355840 -8355840[0m
[00:00:29.559,722] [0m<inf> exp02_logging: XY 29559 -8355840 -8355840[0m
[00:00:29.567,749] [0m<inf> exp02_logging: XY 29567 -8355840 -8355840[0m
[00:00:29.575,775] [0m<inf> exp02_logging: XY 29575 -8355600 -8355840[0m
[00:00:29.583,801] [0m<inf> exp02_logging: XY 29583 -8355840 -8355840[0m
[00:00:29.591,827] [0m<inf> exp02_logging: XY 29591 -8355840 -8355840[0m
[00:00:29.599,853] [0m<inf> exp02_logging: XY 29599 -8355840 -8355840[0m
[00:00:29.607,879] [0m<inf> exp02_logging: XY 29607 -8355840 -8355840[0m
[00:00:29.615,905] [0m<inf> exp02_logging: XY 29615 -8290022 -8355840[0m
[00:00:29.623,931] [0m<inf> exp02_logging: XY 29623 -8355840 -8355840[0m
[00:00:29.631,958] [0m<inf> exp02_logging: XY 29631 -8355840 -8355840[0m
[00:00:29.639,984] [0m<inf> exp02_logging: XY 29639 -8355840 -8355840[0m
[00:00:29.648,010] [0m<inf> exp02_logging: XY 29647 -8355840 -8355840[0m
[00:00:29.656,036] [0m<inf> exp02_logging: XY 29656 -8289894 -8355840[0m
[00:00:29.664,062] [0m<inf> exp02_logging: XY 29664 -8355840 -8355840[0m
[00:00:29.672,088] [0m<inf> exp02_logging: XY 29672 -8355840 -8355840[0m
[00:00:29.680,114] [0m<inf> exp02_logging: XY 29680 -8355840 -8355840[0m
[00:00:29.688,140] [0m<inf> exp02_logging: XY 29688 -8355840 -8355840[0m
[00:00:29.696,166] [0m<inf> exp02_logging: XY 29696 -8289894 -8355840[0m
[00:00:29.704,193] [0m<inf> exp02_logging: XY 29704 -8355840 -8355840[0m
[00:00:29.712,219] [0m<inf> exp02_logging: XY 29712 -8355840 -8355840[0m
[00:00:29.720,245] [0m<inf> exp02_logging: XY 29720 -8355840 -8355840[0m
[00:00:29.728,271] [0m<inf> exp02_logging: XY 29728 -8355840 -8355840[0m
[00:00:29.736,297] [0m<inf> exp02_logging: XY 29736 -8289852 -8355840[0m
[00:00:29.744,323] [0m<inf> exp02_logging: XY 29744 -8355840 -8355840[0m
[00:00:29.752,349] [0m<inf> exp02_logging: XY 29752 -8355840 -8355840[0m
[00:00:29.760,375] [0m<inf> exp02_logging: XY 29760 -8355840 -8355840[0m
[00:00:29.768,402] [0m<inf> exp02_logging: XY 29768 -8355840 -8355840[0m
[00:00:29.776,428] [0m<inf> exp02_logging: XY 29776 -8289852 -8355840[0m
[00:00:29.784,454] [0m<inf> exp02_logging: XY 29784 -8355840 -8355840[0m
[00:00:29.792,480] [0m<inf> exp02_logging: XY 29792 -8355840 -8355840[0m
[00:00:29.800,506] [0m<inf> exp02_logging: XY 29800 -8355840 -8355840[0m
[00:00:29.808,502] [0m<inf> exp02_logging: XY 29808 -8355840 -8355840[0m
[00:00:29.816,558] [0m<inf> exp02_logging: XY 29816 -8289894 -8355840[0m
[00:00:29.824,554] [0m<inf> exp02_logging: XY 29824 -8355840 -8355840[0m
[00:00:29.832,611] [0m<inf> exp02_logging: XY 29832 -8355840 -8355840[0m
[00:00:29.840,637] [0m<inf> exp02_logging: XY 29840 -8355840 -8355840[0m
[00:00:29.848,663] [0m<inf> exp02_logging: XY 29848 -8355840 -8355840[0m
[00:00:29.856,689] [0m<inf> exp02_logging: XY 29856 -8290022 -8355840[0m
[00:00:29.864,715] [0m<inf> exp02_logging: XY 29864 -8355840 -8355840[0m
[00:00:29.872,741] [0m<inf> exp02_logging: XY 29872 -8355840 -8355840[0m
[00:00:29.880,767] [0m<inf> exp02_logging: XY 29880 -8355840 -8355840[0m
[00:00:29.888,793] [0m<inf> exp02_logging: XY 29888 -8355840 -8355840[0m
[00:00:29.896,820] [0m<inf> exp02_logging: XY 29896 -8290022 -8355840[0m
[00:00:29.904,846] [0m<inf> exp02_logging: XY 29904 -8355840 -8355840[0m
[00:00:29.912,872] [0m<inf> exp02_logging: XY 29912 -8355840 -8355840[0m
[00:00:29.920,898] [0m<inf> exp02_logging: XY 29920 -8355840 -8355840[0m
[00:00:29.928,924] [0m<inf> exp02_logging: XY 29928 -8355840 -8355840[0m
[00:00:29.936,950] [0m<inf> exp02_logging: XY 29936 -8355600 -8355840[0m
[00:00:29.944,976] [0m<inf> exp02_logging: XY 29944 -8355840 -8355840[0m
[00:00:29.953,002] [0m<inf> exp02_logging: XY 29952 -8355840 -8355840[0m
[00:00:29.961,029] [0m<inf> exp02_logging: XY 29960 -8355840 -8355840[0m
[00:00:29.969,055] [0m<inf> exp02_logging: XY 29969 -8355840 -8355840[0m
[00:00:29.977,081] [0m<inf> exp02_logging: XY 29977 -8355643 -8355840[0m
[00:00:29.985,107] [0m<inf> exp02_logging: XY 29985 -8355840 -8355840[0m
[00:00:29.993,133] [0m<inf> exp02_logging: XY 29993 -8355840 -8355840[0m
[00:00:30.001,159] [0m<inf> exp02_logging: XY 30001 -8355840 -8355840[0m
[00:00:30.009,185] [0m<inf> exp02_logging: XY 30009 -8355840 -8355840[0m
[00:00:30.017,211] [0m<inf> exp02_logging: XY 30017 -8355685 -8355840[0m
[00:00:30.025,238] [0m<inf> exp02_logging: XY 30025 -8355840 -8355840[0m
[00:00:30.033,264] [0m<inf> exp02_logging: XY 30033 -8355840 -8355840[0m
[00:00:30.041,290] [0m<inf> exp02_logging: XY 30041 -8355840 -8355840[0m
[00:00:30.049,316] [0m<inf> exp02_logging: XY 30049 -8355840 -8355840[0m
[00:00:30.057,342] [0m<inf> exp02_logging: XY 30057 -8355728 -8355840[0m
[00:00:30.065,368] [0m<inf> exp02_logging: XY 30065 -8355840 -8355840[0m
[00:00:30.073,394] [0m<inf> exp02_logging: XY 30073 -8355840 -8355840[0m
[00:00:30.081,420] [0m<inf> exp02_logging: XY 30081 -8355840 -8355840[0m
[00:00:30.089,447] [0m<inf> exp02_logging: XY 30089 -8355840 -8355840[0m
[00:00:30.097,473] [0m<inf> exp02_logging: XY 30097 -8355770 -8355840[0m
[00:00:30.105,499] [0m<inf> exp02_logging: XY 30105 -8355840 -8355840[0m
[00:00:30.113,525] [0m<inf> exp02_logging: XY 30113 -8355840 -8355840[0m
[00:00:30.121,551] [0m<inf> exp02_logging: XY 30121 -8355840 -8355840[0m
[00:00:30.129,577] [0m<inf> exp02_logging: XY 30129 -8355840 -8355840[0m
[00:00:30.137,603] [0m<inf> exp02_logging: XY 30137 -8355840 -8355840[0m
[00:00:30.145,629] [0m<inf> exp02_logging: XY 30145 -8355840 -8355840[0m
[00:00:30.153,656] [0m<inf> exp02_logging: XY 30153 -8355840 -8355840[0m
[00:00:30.161,651] [0m<inf> exp02_logging: XY 30161 -8355840 -8355840[0m
[00:00:30.169,708] [0m<inf> exp02_logging: XY 30169 -8355840 -8355840[0m
[00:00:30.177,703] [0m<inf> exp02_logging: XY 30177 -8355840 -8355840[0m
[00:00:30.185,760] [0m<inf> exp02_logging: XY 30185 -8355840 -8355840[0m
[00:00:30.193,756] [0m<inf> exp02_logging: XY 30193 -8355840 -8355840[0m
[00:00:30.201,812] [0m<inf> exp02_logging: XY 30201 -8355840 -8355840[0m
[00:00:30.209,808] [0m<inf> exp02_logging: XY 30209 -8355840 -8355840[0m
[00:00:30.217,864] [0m<inf> exp02_logging: XY 30217 -8355840 -8355840[0m
[00:00:30.225,860] [0m<inf> exp02_logging: XY 30225 -8355840 -8355840[0m
[00:00:30.233,917] [0m<inf> exp02_logging: XY 30233 -8355840 -8355840[0m
[00:00:30.241,912] [0m<inf> exp02_logging: XY 30241 -8355840 -8355840[0m
[00:00:30.249,969] [0m<inf> exp02_logging: XY 30249 -8355840 -8355840[0m
[00:00:30.257,995] [0m<inf> exp02_logging: XY 30257 -8355840 -8355840[0m
[00:00:30.266,021] [0m<inf> exp02_logging: XY 30265 -8355840 -8355840[0m
[00:00:30.274,108] [0m<inf> exp02_logging: XY 30274 -8355840 -8355840[0m
[00:00:30.282,073] [0m<inf> exp02_logging: XY 30282 -8355840 -8355840[0m
[00:00:30.290,100] [0m<inf> exp02_logging: XY 30290 -8355840 -8355840[0m
[00:00:30.298,126] [0m<inf> exp02_logging: XY 30298 -8355840 -8355840[0m
[00:00:30.306,121] [0m<inf> exp02_logging: XY 30306 -8355840 -8355840[0m
[00:00:30.314,178] [0m<inf> exp02_logging: XY 30314 -8355840 -8355840[0m
[00:00:30.322,174] [0m<inf> exp02_logging: XY 30322 -8355840 -8355840[0m
[00:00:30.330,230] [0m<inf> exp02_logging: XY 30330 -8355840 -8355840[0m
[00:00:30.338,226] [0m<inf> exp02_logging: XY 30338 -8355840 -8355840[0m
[00:00:30.346,282] [0m<inf> exp02_logging: XY 30346 -8355840 -8355840[0m
[00:00:30.354,309] [0m<inf> exp02_logging: XY 30354 -8355840 -8355840[0m
[00:00:30.362,335] [0m<inf> exp02_logging: XY 30362 -8355840 -8355840[0m
[00:00:30.370,361] [0m<inf> exp02_logging: XY 30370 -8355840 -8355840[0m
[00:00:30.378,356] [0m<inf> exp02_logging: XY 30378 -8355840 -8355840[0m
[00:00:30.386,413] [0m<inf> exp02_logging: XY 30386 -8355840 -8355840[0m
[00:00:30.394,439] [0m<inf> exp02_logging: XY 30394 -8355840 -8355840[0m
[00:00:30.402,465] [0m<inf> exp02_logging: XY 30402 -8355840 -8355840[0m
[00:00:30.410,491] [0m<inf> exp02_logging: XY 30410 -8355840 -8355840[0m
[00:00:30.418,518] [0m<inf> exp02_logging: XY 30418 -8355840 -8355840[0m
[00:00:30.426,544] [0m<inf> exp02_logging: XY 30426 -8355840 -8355840[0m
[00:00:30.434,570] [0m<inf> exp02_logging: XY 30434 -8355840 -8355840[0m
[00:00:30.442,596] [0m<inf> exp02_logging: XY 30442 -8355840 -8355840[0m
[00:00:30.450,622] [0m<inf> exp02_logging: XY 30450 -8355840 -8355840[0m
[00:00:30.458,648] [0m<inf> exp02_logging: XY 30458 -8355840 -8355840[0m
[00:00:30.466,674] [0m<inf> exp02_logging: XY 30466 -8355840 -8355840[0m
[00:00:30.474,700] [0m<inf> exp02_logging: XY 30474 -8355840 -8355840[0m
[00:00:30.482,696] [0m<inf> exp02_logging: XY 30482 -8355840 -8355840[0m
[00:00:30.490,753] [0m<inf> exp02_logging: XY 30490 -8355840 -8355840[0m
[00:00:30.498,748] [0m<inf> exp02_logging: XY 30498 -8355840 -8355840[0m
[00:00:30.506,805] [0m<inf> exp02_logging: XY 30506 -8355840 -8355840[0m
[00:00:30.514,831] [0m<inf> exp02_logging: XY 30514 -8355840 -8355840[0m
[00:00:30.522,857] [0m<inf> exp02_logging: XY 30522 -8355840 -8355840[0m
[00:00:30.530,883] [0m<inf> exp02_logging: XY 30530 -8355840 -8355840[0m
[00:00:30.538,909] [0m<inf> exp02_logging: XY 30538 -8355840 -8355840[0m
[00:00:30.546,936] [0m<inf> exp02_logging: XY 30546 -8355840 -8355840[0m
[00:00:30.554,962] [0m<inf> exp02_logging: XY 30554 -8355600 -8355840[0m
[00:00:30.562,988] [0m<inf> exp02_logging: XY 30562 -8355840 -8355840[0m
[00:00:30.571,014] [0m<inf> exp02_logging: XY 30570 -8355840 -8355840[0m
[00:00:30.579,040] [0m<inf> exp02_logging: XY 30579 -8355840 -8355840[0m
[00:00:30.587,066] [0m<inf> exp02_logging: XY 30587 -8355840 -8355840[0m
[00:00:30.595,062] [0m<inf> exp02_logging: XY 30595 -8289979 -8355840[0m
[00:00:30.603,118] [0m<inf> exp02_logging: XY 30603 -8355840 -8355840[0m
[00:00:30.611,114] [0m<inf> exp02_logging: XY 30611 -8355840 -8355840[0m
[00:00:30.619,171] [0m<inf> exp02_logging: XY 30619 -8355840 -8355840[0m
[00:00:30.627,197] [0m<inf> exp02_logging: XY 30627 -8355840 -8355840[0m
[00:00:30.635,223] [0m<inf> exp02_logging: XY 30635 -8289894 -8355840[0m
[00:00:30.643,218] [0m<inf> exp02_logging: XY 30643 -8355840 -8355840[0m
[00:00:30.651,275] [0m<inf> exp02_logging: XY 30651 -8355840 -8355840[0m
[00:00:30.659,271] [0m<inf> exp02_logging: XY 30659 -8355840 -8355840[0m
[00:00:30.667,327] [0m<inf> exp02_logging: XY 30667 -8355840 -8355840[0m
[00:00:30.675,354] [0m<inf> exp02_logging: XY 30675 -8289979 -8355840[0m
[00:00:30.683,380] [0m<inf> exp02_logging: XY 30683 -8355840 -8355840[0m
[00:00:30.691,406] [0m<inf> exp02_logging: XY 30691 -8355840 -8355840[0m
[00:00:30.699,432] [0m<inf> exp02_logging: XY 30699 -8355840 -8355840[0m
[00:00:30.707,458] [0m<inf> exp02_logging: XY 30707 -8355840 -8355840[0m
[00:00:30.715,484] [0m<inf> exp02_logging: XY 30715 -8289809 -8355840[0m
[00:00:30.723,480] [0m<inf> exp02_logging: XY 30723 -8355840 -8355840[0m
[00:00:30.731,536] [0m<inf> exp02_logging: XY 30731 -8355840 -8355840[0m
[00:00:30.739,532] [0m<inf> exp02_logging: XY 30739 -8355840 -8355840[0m
[00:00:30.747,589] [0m<inf> exp02_logging: XY 30747 -8355840 -8355840[0m
[00:00:30.755,615] [0m<inf> exp02_logging: XY 30755 -8289852 -8355840[0m
[00:00:30.763,641] [0m<inf> exp02_logging: XY 30763 -8355840 -8355840[0m
[00:00:30.771,667] [0m<inf> exp02_logging: XY 30771 -8355840 -8355840[0m
[00:00:30.779,693] [0m<inf> exp02_logging: XY 30779 -8355840 -8355840[0m
[00:00:30.787,719] [0m<inf> exp02_logging: XY 30787 -8355840 -8355840[0m
[00:00:30.795,745] [0m<inf> exp02_logging: XY 30795 -8289894 -8355840[0m
[00:00:30.803,771] [0m<inf> exp02_logging: XY 30803 -8355840 -8355840[0m
[00:00:30.811,798] [0m<inf> exp02_logging: XY 30811 -8355840 -8355840[0m
[00:00:30.819,824] [0m<inf> exp02_logging: XY 30819 -8355840 -8355840[0m
[00:00:30.827,850] [0m<inf> exp02_logging: XY 30827 -8355840 -8355840[0m
[00:00:30.835,876] [0m<inf> exp02_logging: XY 30835 -8290022 -8355840[0m
[00:00:30.843,902] [0m<inf> exp02_logging: XY 30843 -8355840 -8355840[0m
[00:00:30.851,928] [0m<inf> exp02_logging: XY 30851 -8355840 -8355840[0m
[00:00:30.859,954] [0m<inf> exp02_logging: XY 30859 -8355840 -8355840[0m
[00:00:30.867,980] [0m<inf> exp02_logging: XY 30867 -8355840 -8355840[0m
[00:00:30.876,007] [0m<inf> exp02_logging: XY 30875 -8290022 -8355840[0m
[00:00:30.884,033] [0m<inf> exp02_logging: XY 30884 -8355840 -8355840[0m
[00:00:30.892,059] [0m<inf> exp02_logging: XY 30892 -8355840 -8355840[0m
[00:00:30.900,085] [0m<inf> exp02_logging: XY 30900 -8355840 -8355840[0m
[00:00:30.908,111] [0m<inf> exp02_logging: XY 30908 -8355840 -8355840[0m
[00:00:30.916,137] [0m<inf> exp02_logging: XY 30916 -8355600 -8355840[0m
[00:00:30.924,163] [0m<inf> exp02_logging: XY 30924 -8355840 -8355840[0m
[00:00:30.932,189] [0m<inf> exp02_logging: XY 30932 -8355840 -8355840[0m
[00:00:30.940,216] [0m<inf> exp02_logging: XY 30940 -8355840 -8355840[0m
[00:00:30.948,242] [0m<inf> exp02_logging: XY 30948 -8355840 -8355840[0m
[00:00:30.956,268] [0m<inf> exp02_logging: XY 30956 -8355643 -8355840[0m
[00:00:30.964,294] [0m<inf> exp02_logging: XY 30964 -8355840 -8355840[0m
[00:00:30.972,320] [0m<inf> exp02_logging: XY 30972 -8355840 -8355840[0m
[00:00:30.980,346] [0m<inf> exp02_logging: XY 30980 -8355840 -8355840[0m
[00:00:30.988,372] [0m<inf> exp02_logging: XY 30988 -8355840 -8355840[0m
[00:00:30.996,398] [0m<inf> exp02_logging: XY 30996 -8355813 -8355840[0m
[00:00:31.004,425] [0m<inf> exp02_logging: XY 31004 -8355840 -8355840[0m
[00:00:31.012,451] [0m<inf> exp02_logging: XY 31012 -8355840 -8355840[0m
[00:00:31.020,477] [0m<inf> exp02_logging: XY 31020 -8355840 -8355840[0m
[00:00:31.028,503] [0m<inf> exp02_logging: XY 31028 -8355840 -8355840[0m
[00:00:31.036,529] [0m<inf> exp02_logging: XY 31036 -8355728 -8355840[0m

# end=2026-10-01T21:56:17.9180768+03:00
