# EXP02 capture  port=COM8  start=2026-10-01T21:50:45.4367576+03:00
[00:00:34.251,190] [0m<inf> exp02_logging: XY 34251 -8355840 -802_logging: XY 35984 -8355840 -8355840[ exp02_logging: XY 34259 -8355840 -8355840[0m
[00:00:34.267,242] [0m<inf> exp02_logging: XY 34267 -8355840 -8355840[0m
[00:00:34.275,299] [0m<inf> exp02_logging: XY 34275 -8355840 -8355840[0m
[00:00:34.283,294] [0m<inf> exp02_logging: XY 34283 -8355840 -8355840[0m
[00:00:34.291,351] [0m<inf> exp02_logging: XY 34291 -8355840 -8355840[0m
[00:00:34.299,346] [0m<inf> exp02_logging: XY 34299 -8355840 -8355840[0m
[00:00:34.307,403] [0m<inf> exp02_logging: XY 34307 -8355840 -8355840[0m
[00:00:34.315,399] [0m<inf> exp02_logging: XY 34315 -8355840 -8355840[0m
[00:00:34.323,455] [0m<inf> exp02_logging: XY 34323 -8355840 -8355840[0m
[00:00:34.331,451] [0m<inf> exp02_logging: XY 34331 -8355840 -8355840[0m
[00:00:34.339,508] [0m<inf> exp02_logging: XY 34339 -8355840 -8355840[0m
[00:00:34.347,503] [0m<inf> exp02_logging: XY 34347 -8355840 -8355840[0m
[00:00:34.355,560] [0m<inf> exp02_logging: XY 34355 -8355840 -8355840[0m
[00:00:34.363,555] [0m<inf> exp02_logging: XY 34363 -8355840 -8355840[0m
[00:00:34.371,612] [0m<inf> exp02_logging: XY 34371 -8355840 -8355840[0m
[00:00:34.379,608] [0m<inf> exp02_logging: XY 34379 -8355840 -8355840[0m
[00:00:34.387,664] [0m<inf> exp02_logging: XY 34387 -8355840 -8355840[0m
[00:00:34.395,660] [0m<inf> exp02_logging: XY 34395 -8355840 -8355840[0m
[00:00:34.403,717] [0m<inf> exp02_logging: XY 34403 -8355840 -8355840[0m
[00:00:34.411,712] [0m<inf> exp02_logging: XY 34411 -8355840 -8355840[0m
[00:00:34.419,769] [0m<inf> exp02_logging: XY 34419 -8355840 -8355840[0m
[00:00:34.427,764] [0m<inf> exp02_logging: XY 34427 -8355840 -8355840[0m
[00:00:34.435,821] [0m<inf> exp02_logging: XY 34435 -8355840 -8355840[0m
[00:00:34.443,817] [0m<inf> exp02_logging: XY 34443 -8355840 -8355840[0m
[00:00:34.451,873] [0m<inf> exp02_logging: XY 34451 -8355840 -8355840[0m
[00:00:34.459,869] [0m<inf> exp02_logging: XY 34459 -8355840 -8355840[0m
[00:00:34.467,926] [0m<inf> exp02_logging: XY 34467 -8355840 -8355840[0m
[00:00:34.475,921] [0m<inf> exp02_logging: XY 34475 -8355840 -8355840[0m
[00:00:34.483,978] [0m<inf> exp02_logging: XY 34483 -8355840 -8355840[0m
[00:00:34.491,973] [0m<inf> exp02_logging: XY 34491 -8355840 -8355840[0m
[00:00:34.500,030] [0m<inf> exp02_logging: XY 34500 -8355840 -8355840[0m
[00:00:34.508,026] [0m<inf> exp02_logging: XY 34508 -8355840 -8355840[0m
[00:00:34.516,082] [0m<inf> exp02_logging: XY 34516 -8355840 -8355840[0m
[00:00:34.524,078] [0m<inf> exp02_logging: XY 34524 -8355840 -8355840[0m
[00:00:34.532,135] [0m<inf> exp02_logging: XY 34532 -8355840 -8355840[0m
[00:00:34.540,130] [0m<inf> exp02_logging: XY 34540 -8355840 -8355840[0m
[00:00:34.548,187] [0m<inf> exp02_logging: XY 34548 -8355840 -8355840[0m
[00:00:34.556,182] [0m<inf> exp02_logging: XY 34556 -8355840 -8355840[0m
[00:00:34.564,239] [0m<inf> exp02_logging: XY 34564 -8355840 -8355840[0m
[00:00:34.572,235] [0m<inf> exp02_logging: XY 34572 -8355840 -8355840[0m
[00:00:34.580,291] [0m<inf> exp02_logging: XY 34580 -8355840 -8355840[0m
[00:00:34.588,287] [0m<inf> exp02_logging: XY 34588 -8355840 -8355840[0m
[00:00:34.596,343] [0m<inf> exp02_logging: XY 34596 -8355840 -8355840[0m
[00:00:34.604,339] [0m<inf> exp02_logging: XY 34604 -8355840 -8355840[0m
[00:00:34.612,396] [0m<inf> exp02_logging: XY 34612 -8355840 -8355840[0m
[00:00:34.620,391] [0m<inf> exp02_logging: XY 34620 -8355840 -8355840[0m
[00:00:34.628,448] [0m<inf> exp02_logging: XY 34628 -8355840 -8355840[0m
[00:00:34.636,444] [0m<inf> exp02_logging: XY 34636 -8355840 -8355840[0m
[00:00:34.644,500] [0m<inf> exp02_logging: XY 34644 -8355840 -8355840[0m
[00:00:34.652,496] [0m<inf> exp02_logging: XY 34652 -8355840 -8355840[0m
[00:00:34.660,552] [0m<inf> exp02_logging: XY 34660 -8355840 -8355840[0m
[00:00:34.668,548] [0m<inf> exp02_logging: XY 34668 -8355840 -8355840[0m
[00:00:34.676,605] [0m<inf> exp02_logging: XY 34676 -8355840 -8355840[0m
[00:00:34.684,600] [0m<inf> exp02_logging: XY 34684 -8355840 -8355840[0m
[00:00:34.692,657] [0m<inf> exp02_logging: XY 34692 -8355840 -8355840[0m
[00:00:34.700,653] [0m<inf> exp02_logging: XY 34700 -8355840 -8355840[0m
[00:00:34.708,679] [0m<inf> exp02_logging: XY 34708 -8355840 -8355840[0m
[00:00:34.716,705] [0m<inf> exp02_logging: XY 34716 -8355840 -8355840[0m
[00:00:34.724,761] [0m<inf> exp02_logging: XY 34724 -8355840 -8355840[0m
[00:00:34.732,757] [0m<inf> exp02_logging: XY 34732 -8355840 -8355840[0m
[00:00:34.740,814] [0m<inf> exp02_logging: XY 34740 -8355840 -8355840[0m
[00:00:34.748,809] [0m<inf> exp02_logging: XY 34748 -8355840 -8355840[0m
[00:00:34.756,866] [0m<inf> exp02_logging: XY 34756 -8355840 -8355840[0m
[00:00:34.764,862] [0m<inf> exp02_logging: XY 34764 -8355840 -8355840[0m
[00:00:34.772,918] [0m<inf> exp02_logging: XY 34772 -8355840 -8355840[0m
[00:00:34.780,914] [0m<inf> exp02_logging: XY 34780 -8355840 -8355840[0m
[00:00:34.788,970] [0m<inf> exp02_logging: XY 34788 -8355840 -8355840[0m
[00:00:34.796,966] [0m<inf> exp02_logging: XY 34796 -8355840 -8355840[0m
[00:00:34.805,023] [0m<inf> exp02_logging: XY 34804 -8355840 -8355840[0m
[00:00:34.813,018] [0m<inf> exp02_logging: XY 34813 -8355840 -8355840[0m
[00:00:34.821,075] [0m<inf> exp02_logging: XY 34821 -8355840 -8355840[0m
[00:00:34.829,071] [0m<inf> exp02_logging: XY 34829 -8355840 -8355840[0m
[00:00:34.837,127] [0m<inf> exp02_logging: XY 34837 -8355840 -8355840[0m
[00:00:34.845,123] [0m<inf> exp02_logging: XY 34845 -8355840 -8355840[0m
[00:00:34.853,179] [0m<inf> exp02_logging: XY 34853 -8355840 -8355840[0m
[00:00:34.861,175] [0m<inf> exp02_logging: XY 34861 -8355840 -8355840[0m
[00:00:34.869,232] [0m<inf> exp02_logging: XY 34869 -8355840 -8355840[0m
[00:00:34.877,227] [0m<inf> exp02_logging: XY 34877 -8355840 -8355840[0m
[00:00:34.885,284] [0m<inf> exp02_logging: XY 34885 -8355840 -8355840[0m
[00:00:34.893,280] [0m<inf> exp02_logging: XY 34893 -8355840 -8355840[0m
[00:00:34.901,336] [0m<inf> exp02_logging: XY 34901 -8355840 -8355840[0m
[00:00:34.909,332] [0m<inf> exp02_logging: XY 34909 -8355840 -8355840[0m
[00:00:34.917,388] [0m<inf> exp02_logging: XY 34917 -8355840 -8355840[0m
[00:00:34.925,384] [0m<inf> exp02_logging: XY 34925 -8355840 -8355840[0m
[00:00:34.933,441] [0m<inf> exp02_logging: XY 34933 -8355840 -8355840[0m
[00:00:34.941,436] [0m<inf> exp02_logging: XY 34941 -8355840 -8355840[0m
[00:00:34.949,493] [0m<inf> exp02_logging: XY 34949 -8355840 -8355840[0m
[00:00:34.957,489] [0m<inf> exp02_logging: XY 34957 -8355840 -8355840[0m
[00:00:34.965,545] [0m<inf> exp02_logging: XY 34965 -8355840 -8355840[0m
[00:00:34.973,541] [0m<inf> exp02_logging: XY 34973 -8355840 -8355840[0m
[00:00:34.981,597] [0m<inf> exp02_logging: XY 34981 -8355840 -8355840[0m
[00:00:34.989,593] [0m<inf> exp02_logging: XY 34989 -8355840 -8355840[0m
[00:00:34.997,650] [0m<inf> exp02_logging: XY 34997 -8355840 -8355840[0m
[00:00:35.005,645] [0m<inf> exp02_logging: XY 35005 -8355840 -8355840[0m
[00:00:35.013,702] [0m<inf> exp02_logging: XY 35013 -8355840 -8355840[0m
[00:00:35.021,697] [0m<inf> exp02_logging: XY 35021 -8355840 -8355840[0m
[00:00:35.029,754] [0m<inf> exp02_logging: XY 35029 -8355840 -8355840[0m
[00:00:35.037,750] [0m<inf> exp02_logging: XY 35037 -8355840 -8355840[0m
[00:00:35.045,806] [0m<inf> exp02_logging: XY 35045 -8355840 -8355840[0m
[00:00:35.053,802] [0m<inf> exp02_logging: XY 35053 -8355840 -8355840[0m
[00:00:35.061,859] [0m<inf> exp02_logging: XY 35061 -8355840 -8355840[0m
[00:00:35.069,854] [0m<inf> exp02_logging: XY 35069 -8355840 -8355840[0m
[00:00:35.077,911] [0m<inf> exp02_logging: XY 35077 -8355840 -8355840[0m
[00:00:35.085,906] [0m<inf> exp02_logging: XY 35085 -8355840 -8355840[0m
[00:00:35.093,963] [0m<inf> exp02_logging: XY 35093 -8355840 -8355840[0m
[00:00:35.101,959] [0m<inf> exp02_logging: XY 35101 -8355840 -8355840[0m
[00:00:35.110,015] [0m<inf> exp02_logging: XY 35109 -8355840 -8355840[0m
[00:00:35.118,011] [0m<inf> exp02_logging: XY 35118 -8355840 -8355840[0m
[00:00:35.126,068] [0m<inf> exp02_logging: XY 35126 -8355840 -8355840[0m
[00:00:35.134,063] [0m<inf> exp02_logging: XY 35134 -8355840 -8355840[0m
[00:00:35.142,120] [0m<inf> exp02_logging: XY 35142 -8355840 -8355840[0m
[00:00:35.150,115] [0m<inf> exp02_logging: XY 35150 -8355840 -8355840[0m
[00:00:35.158,172] [0m<inf> exp02_logging: XY 35158 -8355840 -8355840[0m
[00:00:35.166,168] [0m<inf> exp02_logging: XY 35166 -8355840 -8355840[0m
[00:00:35.174,224] [0m<inf> exp02_logging: XY 35174 -8355840 -8355840[0m
[00:00:35.182,220] [0m<inf> exp02_logging: XY 35182 -8355840 -8355840[0m
[00:00:35.190,277] [0m<inf> exp02_logging: XY 35190 -8355840 -8355840[0m
[00:00:35.198,272] [0m<inf> exp02_logging: XY 35198 -8355840 -8355840[0m
[00:00:35.206,329] [0m<inf> exp02_logging: XY 35206 -8355840 -8355840[0m
[00:00:35.214,324] [0m<inf> exp02_logging: XY 35214 -8355840 -8355840[0m
[00:00:35.222,381] [0m<inf> exp02_logging: XY 35222 -8355840 -8355840[0m
[00:00:35.230,377] [0m<inf> exp02_logging: XY 35230 -8355840 -8355840[0m
[00:00:35.238,403] [0m<inf> exp02_logging: XY 35238 -8355840 -8355840[0m
[00:00:35.246,429] [0m<inf> exp02_logging: XY 35246 -8355840 -8355840[0m
[00:00:35.254,486] [0m<inf> exp02_logging: XY 35254 -8355840 -8355840[0m
[00:00:35.262,481] [0m<inf> exp02_logging: XY 35262 -8355840 -8355840[0m
[00:00:35.270,538] [0m<inf> exp02_logging: XY 35270 -8355840 -8355840[0m
[00:00:35.278,533] [0m<inf> exp02_logging: XY 35278 -8355840 -8355840[0m
[00:00:35.286,590] [0m<inf> exp02_logging: XY 35286 -8355840 -8355840[0m
[00:00:35.294,586] [0m<inf> exp02_logging: XY 35294 -8355840 -8355840[0m
[00:00:35.302,642] [0m<inf> exp02_logging: XY 35302 -8355840 -8355840[0m
[00:00:35.310,638] [0m<inf> exp02_logging: XY 35310 -8355840 -8355840[0m
[00:00:35.318,695] [0m<inf> exp02_logging: XY 35318 -8355840 -8355840[0m
[00:00:35.326,690] [0m<inf> exp02_logging: XY 35326 -8355840 -8355840[0m
[00:00:35.334,747] [0m<inf> exp02_logging: XY 35334 -8355840 -8355840[0m
[00:00:35.342,742] [0m<inf> exp02_logging: XY 35342 -8355840 -8355840[0m
[00:00:35.350,799] [0m<inf> exp02_logging: XY 35350 -8355840 -8355840[0m
[00:00:35.358,795] [0m<inf> exp02_logging: XY 35358 -8355840 -8355840[0m
[00:00:35.366,851] [0m<inf> exp02_logging: XY 35366 -8355840 -8355840[0m
[00:00:35.374,847] [0m<inf> exp02_logging: XY 35374 -8355840 -8355840[0m
[00:00:35.382,904] [0m<inf> exp02_logging: XY 35382 -8355840 -8355840[0m
[00:00:35.390,899] [0m<inf> exp02_logging: XY 35390 -8355840 -8355840[0m
[00:00:35.398,956] [0m<inf> exp02_logging: XY 35398 -8355840 -8355840[0m
[00:00:35.406,951] [0m<inf> exp02_logging: XY 35406 -8355840 -8355840[0m
[00:00:35.415,008] [0m<inf> exp02_logging: XY 35414 -8355840 -8355840[0m
[00:00:35.423,004] [0m<inf> exp02_logging: XY 35423 -8355840 -8355840[0m
[00:00:35.431,060] [0m<inf> exp02_logging: XY 35431 -8355840 -8355840[0m
[00:00:35.439,056] [0m<inf> exp02_logging: XY 35439 -8355840 -8355840[0m
[00:00:35.447,113] [0m<inf> exp02_logging: XY 35447 -8355840 -8355840[0m
[00:00:35.455,108] [0m<inf> exp02_logging: XY 35455 -8355840 -8355840[0m
[00:00:35.463,165] [0m<inf> exp02_logging: XY 35463 -8355840 -8355840[0m
[00:00:35.471,160] [0m<inf> exp02_logging: XY 35471 -8355840 -8355840[0m
[00:00:35.479,217] [0m<inf> exp02_logging: XY 35479 -8355840 -8355840[0m
[00:00:35.487,213] [0m<inf> exp02_logging: XY 35487 -8355840 -8355840[0m
[00:00:35.495,269] [0m<inf> exp02_logging: XY 35495 -8355840 -8355840[0m
[00:00:35.503,265] [0m<inf> exp02_logging: XY 35503 -8355840 -8355840[0m
[00:00:35.511,322] [0m<inf> exp02_logging: XY 35511 -8355840 -8355840[0m
[00:00:35.519,317] [0m<inf> exp02_logging: XY 35519 -8355840 -8355840[0m
[00:00:35.527,374] [0m<inf> exp02_logging: XY 35527 -8355840 -8355840[0m
[00:00:35.535,369] [0m<inf> exp02_logging: XY 35535 -8355840 -8355840[0m
[00:00:35.543,426] [0m<inf> exp02_logging: XY 35543 -8355840 -8355840[0m
[00:00:35.551,422] [0m<inf> exp02_logging: XY 35551 -8355840 -8355840[0m
[00:00:35.559,478] [0m<inf> exp02_logging: XY 35559 -8355840 -8355840[0m
[00:00:35.567,474] [0m<inf> exp02_logging: XY 35567 -8355840 -8355840[0m
[00:00:35.575,531] [0m<inf> exp02_logging: XY 35575 -8355840 -8355840[0m
[00:00:35.583,526] [0m<inf> exp02_logging: XY 35583 -8355840 -8355840[0m
[00:00:35.591,583] [0m<inf> exp02_logging: XY 35591 -8355840 -8355840[0m
[00:00:35.599,578] [0m<inf> exp02_logging: XY 35599 -8355840 -8355840[0m
[00:00:35.607,635] [0m<inf> exp02_logging: XY 35607 -8355840 -8355840[0m
[00:00:35.615,631] [0m<inf> exp02_logging: XY 35615 -8355840 -8355840[0m
[00:00:35.623,687] [0m<inf> exp02_logging: XY 35623 -8355840 -8355840[0m
[00:00:35.631,683] [0m<inf> exp02_logging: XY 35631 -8355840 -8355840[0m
[00:00:35.639,739] [0m<inf> exp02_logging: XY 35639 -8355840 -8355840[0m
[00:00:35.647,735] [0m<inf> exp02_logging: XY 35647 -8355840 -8355840[0m
[00:00:35.655,792] [0m<inf> exp02_logging: XY 35655 -8355840 -8355840[0m
[00:00:35.663,787] [0m<inf> exp02_logging: XY 35663 -8355840 -8355840[0m
[00:00:35.671,844] [0m<inf> exp02_logging: XY 35671 -8355840 -8355840[0m
[00:00:35.679,840] [0m<inf> exp02_logging: XY 35679 -8355840 -8355840[0m
[00:00:35.687,896] [0m<inf> exp02_logging: XY 35687 -8355840 -8355840[0m
[00:00:35.695,892] [0m<inf> exp02_logging: XY 35695 -8355840 -8355840[0m
[00:00:35.703,948] [0m<inf> exp02_logging: XY 35703 -8355840 -8355840[0m
[00:00:35.711,944] [0m<inf> exp02_logging: XY 35711 -8355840 -8355840[0m
[00:00:35.720,001] [0m<inf> exp02_logging: XY 35719 -8355840 -8355840[0m
[00:00:35.727,996] [0m<inf> exp02_logging: XY 35727 -8355840 -8355840[0m
[00:00:35.736,053] [0m<inf> exp02_logging: XY 35736 -8355840 -8355840[0m
[00:00:35.744,049] [0m<inf> exp02_logging: XY 35744 -8355840 -8355840[0m
[00:00:35.752,105] [0m<inf> exp02_logging: XY 35752 -8355840 -8355840[0m
[00:00:35.760,101] [0m<inf> exp02_logging: XY 35760 -8355840 -8355840[0m
[00:00:35.768,157] [0m<inf> exp02_logging: XY 35768 -8355840 -8355840[0m
[00:00:35.776,153] [0m<inf> exp02_logging: XY 35776 -8355840 -8355840[0m
[00:00:35.784,210] [0m<inf> exp02_logging: XY 35784 -8355840 -8355840[0m
[00:00:35.792,205] [0m<inf> exp02_logging: XY 35792 -8355840 -8355840[0m
[00:00:35.800,262] [0m<inf> exp02_logging: XY 35800 -8355840 -8355840[0m
[00:00:35.808,258] [0m<inf> exp02_logging: XY 35808 -8355840 -8355840[0m
[00:00:35.816,314] [0m<inf> exp02_logging: XY 35816 -8355840 -8355840[0m
[00:00:35.824,310] [0m<inf> exp02_logging: XY 35824 -8355840 -8355840[0m
[00:00:35.832,366] [0m<inf> exp02_logging: XY 35832 -8355840 -8355840[0m
[00:00:35.840,362] [0m<inf> exp02_logging: XY 35840 -8355840 -8355840[0m
[00:00:35.848,419] [0m<inf> exp02_logging: XY 35848 -8355840 -8355840[0m
[00:00:35.856,414] [0m<inf> exp02_logging: XY 35856 -8355840 -8355840[0m
[00:00:35.864,471] [0m<inf> exp02_logging: XY 35864 -8355840 -8355840[0m
[00:00:35.872,467] [0m<inf> exp02_logging: XY 35872 -8355840 -8355840[0m
[00:00:35.880,523] [0m<inf> exp02_logging: XY 35880 -8355840 -8355840[0m
[00:00:35.888,519] [0m<inf> exp02_logging: XY 35888 -8355840 -8355840[0m
[00:00:35.896,575] [0m<inf> exp02_logging: XY 35896 -8355840 -8355840[0m
[00:00:35.904,571] [0m<inf28] [0m<inf> exp02_logging: XY 35912 -8355840 -8355840[0m
[00:00:35.920,623] [0m<inf> exp02_logging: XY 35920 -8355840 -8355840[0m
[00:00:35.928,680] [0m<inf> exp02_logging: XY 35928 -8355840 -8355840[0m
[00:00:35.936,676] [0m<inf> exp02_logging: XY 35936 -8355840 -8355840[0m
[00:00:35.944,732] [0m<inf> exp02_logging: XY 35944 -8355840 -8355840[0m
[00:00:35.952,728] [0m<inf> exp02_logging: XY 35952 -8355840 -8355840[0m
[00:00:35.960,784] [0m<inf> exp02_logging: XY 35960 -8355840 -8355840[0m
[00:00:35.968,780] [0m<inf> exp02_logging: XY 35968 -8355840 -8355840[0m
[00:00:35.976,837] [0m<inf> exp02_logging: XY 35976 -8355840 -8355840[0m
[00:00:35.984,832] [0m<inf> exp02_logging: XY 35984 -8355840 -8355840[[00:00:39.115,020] [0m<inf> exp02_logging: XY 39115 -8355840 -8355840[0m
[00:00:39.123,077] [0m<inf> exp02_logging: XY 39123 -8355840 -8355840[0m
[00:00:39.131,591] [0m<inf> exp02_logging: XY 39131 -8355840 -8355840[0m
[00:00:39.139,221] [0m<inf> exp02_logging: XY 39139 -8355840 -8355840[0m
[00:00:39.147,186] [0m<inf> exp02_logging: XY 39147 -8355840 -8355840[0m
[00:00:39.155,151] [0m<inf> exp02_logging: XY 39155 -8355840 -8355840[0m
[00:00:39.163,208] [0m<inf> exp02_logging: XY 39163 -8355840 -8355840[0m
[00:00:39.171,295] [0m<inf> exp02_logging: XY 39171 -8355840 -8355840[0m
[00:00:39.179,229] [0m<inf> exp02_logging: XY 39179 -8355840 -8355840[0m
[00:00:39.187,286] [0m<inf> exp02_logging: XY 39187 -8355840 -8355840[0m
[00:00:39.195,281] [0m<inf> exp02_logging: XY 39195 -8355840 -8355840[0m
[00:00:39.203,338] [0m<inf> exp02_logging: XY 39203 -8355840 -8355840[0m
[00:00:39.211,334] [0m<inf> exp02_logging: XY 39211 -8355840 -8355840[0m
[00:00:39.219,390] [0m<inf> exp02_logging: XY 39219 -8355840 -8355840[0m
[00:00:39.227,386] [0m<inf> exp02_logging: XY 39227 -8355840 -8355840[0m
[00:00:39.235,443] [0m<inf> exp02_logging: XY 39235 -8355840 -8355840[0m
[00:00:39.243,438] [0m<inf> exp02_logging: XY 39243 -8355840 -8355840[0m
[00:00:39.251,495] [0m<inf> exp02_logging: XY 39251 -8355840 -8355840[0m
[00:00:39.259,490] [0m<inf> exp02_logging: XY 39259 -8355840 -8355840[0m
[00:00:39.267,547] [0m<inf> exp02_logging: XY 39267 -8355840 -8355840[0m
[00:00:39.275,543] [0m<inf> exp02_logging: XY 39275 -8355840 -8355840[0m
[00:00:39.283,599] [0m<inf> exp02_logging: XY 39283 -8355840 -8355840[0m
[00:00:39.291,595] [0m<inf> exp02_logging: XY 39291 -8355840 -8355840[0m
[00:00:39.299,652] [0m<inf> exp02_logging: XY 39299 -8355840 -8355840[0m
[00:00:39.307,647] [0m<inf> exp02_logging: XY 39307 -8355840 -8355840[0m
[00:00:39.315,704] [0m<inf> exp02_logging: XY 39315 -8355840 -8355840[0m
[00:00:39.323,699] [0m<inf> exp02_logging: XY 39323 -8355840 -8355840[0m
[00:00:39.331,756] [0m<inf> exp02_logging: XY 39331 -8355840 -8355840[0m
[00:00:39.339,752] [0m<inf> exp02_logging: XY 39339 -8355840 -8355840[0m
[00:00:39.347,808] [0m<inf> exp02_logging: XY 39347 -8355840 -8355840[0m
[00:00:39.355,804] [0m<inf> exp02_logging: XY 39355 -8355840 -8355840[0m
[00:00:39.363,861] [0m<inf> exp02_logging: XY 39363 -8355840 -8355840[0m
[00:00:39.371,856] [0m<inf> exp02_logging: XY 39371 -8355840 -8355840[0m
[00:00:39.379,913] [0m<inf> exp02_logging: XY 39379 -8355840 -8355840[0m
[00:00:39.387,908] [0m<inf> exp02_logging: XY 39387 -8355840 -8355840[0m
[00:00:39.395,965] [0m<inf> exp02_logging: XY 39395 -8355840 -8355840[0m
[00:00:39.403,961] [0m<inf> exp02_logging: XY 39403 -8355840 -8355840[0m
[00:00:39.412,017] [0m<inf> exp02_logging: XY 39411 -8355840 -8355840[0m
[00:00:39.420,013] [0m<inf> exp02_logging: XY 39420 -8355840 -8355840[0m
[00:00:39.428,070] [0m<inf> exp02_logging: XY 39428 -8355840 -8355840[0m
[00:00:39.436,065] [0m<inf> exp02_logging: XY 39436 -8355840 -8355840[0m
[00:00:39.444,122] [0m<inf> exp02_logging: XY 39444 -8355840 -8355840[0m
[00:00:39.452,117] [0m<inf> exp02_logging: XY 39452 -8355840 -8355840[0m
[00:00:39.460,174] [0m<inf> exp02_logging: XY 39460 -8355840 -8355840[0m
[00:00:39.468,170] [0m<inf> exp02_logging: XY 39468 -8355840 -8355840[0m
[00:00:39.476,226] [0m<inf> exp02_logging: XY 39476 -8355840 -8355840[0m
[00:00:39.484,222] [0m<inf> exp02_logging: XY 39484 -8355840 -8355840[0m
[00:00:39.492,279] [0m<inf> exp02_logging: XY 39492 -8355840 -8355840[0m
[00:00:39.500,274] [0m<inf> exp02_logging: XY 39500 -8355840 -8355840[0m
[00:00:39.508,331] [0m<inf> exp02_logging: XY 39508 -8355840 -8355840[0m
[00:00:39.516,326] [0m<inf> exp02_logging: XY 39516 -8355840 -8355840[0m
[00:00:39.524,383] [0m<inf> exp02_logging: XY 39524 -8355840 -8355840[0m
[00:00:39.532,379] [0m<inf> exp02_logging: XY 39532 -8355840 -8355840[0m
[00:00:39.540,435] [0m<inf> exp02_logging: XY 39540 -8355840 -8355840[0m
[00:00:39.548,431] [0m<inf> exp02_logging: XY 39548 -8355840 -8355840[0m
[00:00:39.556,488] [0m<inf> exp02_logging: XY 39556 -8355840 -8355840[0m
[00:00:39.564,483] [0m<inf> exp02_logging: XY 39564 -8355840 -8355840[0m
[00:00:39.572,540] [0m<inf> exp02_logging: XY 39572 -8355840 -8355840[0m
[00:00:39.580,535] [0m<inf> exp02_logging: XY 39580 -8355840 -8355840[0m
[00:00:39.588,592] [0m<inf> exp02_logging: XY 39588 -8355840 -8355840[0m
[00:00:39.596,588] [0m<inf> exp02_logging: XY 39596 -8355840 -8355840[0m
[00:00:39.604,644] [0m<inf> exp02_logging: XY 39604 -8355840 -8355840[0m
[00:00:39.612,640] [0m<inf> exp02_logging: XY 39612 -8355840 -8355840[0m
[00:00:39.620,697] [0m<inf> exp02_logging: XY 39620 -8355840 -8355840[0m
[00:00:39.628,692] [0m<inf> exp02_logging: XY 39628 -8355840 -8355840[0m
[00:00:39.636,749] [0m<inf> exp02_logging: XY 39636 -8355840 -8355840[0m
[00:00:39.644,744] [0m<inf> exp02_logging: XY 39644 -8355840 -8355840[0m
[00:00:39.652,801] [0m<inf> exp02_logging: XY 39652 -8355840 -8355840[0m
[00:00:39.660,797] [0m<inf> exp02_logging: XY 39660 -8355840 -8355840[0m
[00:00:39.668,853] [0m<inf> exp02_logging: XY 39668 -8355840 -8355840[0m
[00:00:39.676,849] [0m<inf> exp02_logging: XY 39676 -8355840 -8355840[0m
[00:00:39.684,906] [0m<inf> exp02_logging: XY 39684 -8355840 -8355840[0m
[00:00:39.692,901] [0m<inf> exp02_logging: XY 39692 -8355840 -8355840[0m
[00:00:39.700,958] [0m<inf> exp02_logging: XY 39700 -8355840 -8355840[0m
[00:00:39.708,953] [0m<inf> exp02_logging: XY 39708 -8355840 -8355840[0m
[00:00:39.717,010] [0m<inf> exp02_logging: XY 39716 -8355840 -8355840[0m
[00:00:39.725,006] [0m<inf> exp02_logging: XY 39725 -8355840 -8355840[0m
[00:00:39.733,062] [0m<inf> exp02_logging: XY 39733 -8355840 -8355840[0m
[00:00:39.741,058] [0m<inf> exp02_logging: XY 39741 -8355840 -8355840[0m
[00:00:39.749,114] [0m<inf> exp02_logging: XY 39749 -8355840 -8355840[0m
[00:00:39.757,110] [0m<inf> exp02_logging: XY 39757 -8355840 -8355840[0m
[00:00:39.765,167] [0m<inf> exp02_logging: XY 39765 -8355840 -8355840[0m
[00:00:39.773,162] [0m<inf> exp02_logging: XY 39773 -8355840 -8355840[0m
[00:00:39.781,219] [0m<inf> exp02_logging: XY 39781 -8355840 -8355840[0m
[00:00:39.789,215] [0m<inf> exp02_logging: XY 39789 -8355840 -8355840[0m
[00:00:39.797,271] [0m<inf> exp02_logging: XY 39797 -8355840 -8355840[0m
[00:00:39.805,267] [0m<inf> exp02_logging: XY 39805 -8355840 -8355840[0m
[00:00:39.813,323] [0m<inf> exp02_logging: XY 39813 -8355840 -8355840[0m
[00:00:39.821,319] [0m<inf> exp02_logging: XY 39821 -8355840 -8355840[0m
[00:00:39.829,376] [0m<inf> exp02_logging: XY 39829 -8355840 -8355840[0m
[00:00:39.837,371] [0m<inf> exp02_logging: XY 39837 -8355840 -8355840[0m
[00:00:39.845,428] [0m<inf> exp02_logging: XY 39845 -8355840 -8355840[0m
[00:00:39.853,424] [0m<inf> exp02_logging: XY 39853 -8355840 -8355840[0m
[00:00:39.861,480] [0m<inf> exp02_logging: XY 39861 -8355840 -8355840[0m
[00:00:39.869,476] [0m<inf> exp02_logging: XY 39869 -8355840 -8355840[0m
[00:00:39.877,532] [0m<inf> exp02_logging: XY 39877 -8355840 -8355840[0m
[00:00:39.885,528] [0m<inf> exp02_logging: XY 39885 -8355840 -8355840[0m
[00:00:39.893,585] [0m<inf> exp02_logging: XY 39893 -8355840 -8355840[0m
[00:00:39.901,580] [0m<inf> exp02_logging: XY 39901 -8355840 -8355840[0m
[00:00:39.909,637] [0m<inf> exp02_logging: XY 39909 -8355840 -8355840[0m
[00:00:39.917,633] [0m<inf> exp02_logging: XY 39917 -8355840 -8355840[0m
[00:00:39.925,689] [0m<inf> exp02_logging: XY 39925 -8355840 -8355840[0m
[00:00:39.933,685] [0m<inf> exp02_logging: XY 39933 -8355840 -8355840[0m
[00:00:39.941,741] [0m<inf> exp02_logging: XY 39941 -8355840 -8355840[0m
[00:00:39.949,737] [0m<inf> exp02_logging: XY 39949 -8355840 -8355840[0m
[00:00:39.957,794] [0m<inf> exp02_logging: XY 39957 -8355840 -8355840[0m
[00:00:39.965,789] [0m<inf> exp02_logging: XY 39965 -8355840 -8355840[0m
[00:00:39.973,846] [0m<inf> exp02_logging: XY 39973 -8355840 -8355840[0m
[00:00:39.981,842] [0m<inf> exp02_logging: XY 39981 -8355840 -8355840[0m
[00:00:39.989,898] [0m<inf> exp02_logging: XY 39989 -8355840 -8355840[0m
[00:00:39.997,894] [0m<inf> exp02_logging: XY 39997 -8355840 -8355840[0m
[00:00:40.005,950] [0m<inf> exp02_logging: XY 40005 -8355840 -8355840[0m
[00:00:40.013,946] [0m<inf> exp02_logging: XY 40013 -8355840 -8355840[0m
[00:00:40.022,003] [0m<inf> exp02_logging: XY 40021 -8355840 -8355840[0m
[00:00:40.029,998] [0m<inf> exp02_logging: XY 40029 -8355840 -8355840[0m
[00:00:40.038,055] [0m<inf> exp02_logging: XY 40038 -8355840 -8355840[0m
[00:00:40.046,051] [0m<inf> exp02_logging: XY 40046 -8355840 -8355840[0m
[00:00:40.054,107] [0m<inf> exp02_logging: XY 40054 -8355840 -8355840[0m
[00:00:40.062,103] [0m<inf> exp02_logging: XY 40062 -8355840 -8355840[0m
[00:00:40.070,159] [0m<inf> exp02_logging: XY 40070 -8355840 -8355840[0m
[00:00:40.078,155] [0m<inf> exp02_logging: XY 40078 -8355840 -8355840[0m
[00:00:40.086,212] [0m<inf> exp02_logging: XY 40086 -8355840 -8355840[0m
[00:00:40.094,207] [0m<inf> exp02_logging: XY 40094 -8355840 -8355840[0m
[00:00:40.102,264] [0m<inf> exp02_logging: XY 40102 -8355840 -8355840[0m
[00:00:40.110,260] [0m<inf> exp02_logging: XY 40110 -8355840 -8355840[0m
[00:00:40.118,316] [0m<inf> exp02_logging: XY 40118 -8355840 -8355840[0m
[00:00:40.126,312] [0m<inf> exp02_logging: XY 40126 -8355840 -8355840[0m
[00:00:40.134,368] [0m<inf> exp02_logging: XY 40134 -8355840 -8355840[0m
[00:00:40.142,364] [0m<inf> exp02_logging: XY 40142 -8355840 -8355840[0m
[00:00:40.150,421] [0m<inf> exp02_logging: XY 40150 -8355840 -8355840[0m
[00:00:40.158,416] [0m<inf> exp02_logging: XY 40158 -8355840 -8355840[0m
[00:00:40.166,473] [0m<inf> exp02_logging: XY 40166 -8355840 -8355840[0m
[00:00:40.174,468] [0m<inf> exp02_logging: XY 40174 -8355840 -8355840[0m
[00:00:40.182,525] [0m<inf> exp02_logging: XY 40182 -8355840 -8355840[0m
[00:00:40.190,521] [0m<inf> exp02_logging: XY 40190 -8355840 -8355840[0m
[00:00:40.198,577] [0m<inf> exp02_logging: XY 40198 -8355840 -8355840[0m
[00:00:40.206,573] [0m<inf> exp02_logging: XY 40206 -8355840 -8355840[0m
[00:00:40.214,599] [0m<inf> exp02_logging: XY 40214 -8355840 -8355840[0m
[00:00:40.222,625] [0m<inf> exp02_logging: XY 40222 -8355840 -8355840[0m
[00:00:40.230,682] [0m<inf> exp02_logging: XY 40230 -8355840 -8355840[0m
[00:00:40.238,677] [0m<inf> exp02_logging: XY 40238 -8355840 -8355840[0m
[00:00:40.246,734] [0m<inf> exp02_logging: XY 40246 -8355840 -8355840[0m
[00:00:40.254,730] [0m<inf> exp02_logging: XY 40254 -8355840 -8355840[0m
[00:00:40.262,786] [0m<inf> exp02_logging: XY 40262 -8355840 -8355840[0m
[00:00:40.270,782] [0m<inf> exp02_logging: XY 40270 -8355840 -8355840[0m
[00:00:40.278,839] [0m<inf> exp02_logging: XY 40278 -8355840 -8355840[0m
[00:00:40.286,834] [0m<inf> exp02_logging: XY 40286 -8355840 -8355840[0m
[00:00:40.294,891] [0m<inf> exp02_logging: XY 40294 -8355840 -8355840[0m
[00:00:40.302,886] [0m<inf> exp02_logging: XY 40302 -8355840 -8355840[0m
[00:00:40.310,943] [0m<inf> exp02_logging: XY 40310 -8355840 -8355840[0m
[00:00:40.318,939] [0m<inf> exp02_logging: XY 40318 -8355840 -8355840[0m
[00:00:40.326,965] [0m<inf> exp02_logging: XY 40326 -8355840 -8355840[0m
[00:00:40.334,991] [0m<inf> exp02_logging: XY 40334 -8355840 -8355840[0m
[00:00:40.343,017] [0m<inf> exp02_logging: XY 40343 -8355840 -8355840[0m
[00:00:40.351,043] [0m<inf> exp02_logging: XY 40351 -8355840 -8355840[0m
[00:00:40.359,100] [0m<inf> exp02_logging: XY 40359 -8355840 -8355840[0m
[00:00:40.367,095] [0m<inf> exp02_logging: XY 40367 -8355840 -8355840[0m
[00:00:40.375,152] [0m<inf> exp02_logging: XY 40375 -8355840 -8355840[0m
[00:00:40.383,148] [0m<inf> exp02_logging: XY 40383 -8355840 -8355840[0m
[00:00:40.391,174] [0m<inf> exp02_logging: XY 40391 -8355840 -8355840[0m
[00:00:40.399,200] [0m<inf> exp02_logging: XY 40399 -8355840 -8355840[0m
[00:00:40.407,257] [0m<inf> exp02_logging: XY 40407 -8355840 -8355840[0m
[00:00:40.415,252] [0m<inf> exp02_logging: XY 40415 -8355840 -8355840[0m
[00:00:40.423,309] [0m<inf> exp02_logging: XY 40423 -8355840 -8355840[0m
[00:00:40.431,304] [0m<inf> exp02_logging: XY 40431 -8355840 -8355840[0m
[00:00:40.439,361] [0m<inf> exp02_logging: XY 40439 -8355840 -8355840[0m
[00:00:40.447,357] [0m<inf> exp02_logging: XY 40447 -8355840 -8355840[0m
[00:00:40.455,413] [0m<inf> exp02_logging: XY 40455 -8355840 -8355840[0m
[00:00:40.463,409] [0m<inf> exp02_logging: XY 40463 -8355840 -8355840[0m
[00:00:40.471,466] [0m<inf> exp02_logging: XY 40471 -8355840 -8355840[0m
[00:00:40.479,461] [0m<inf> exp02_logging: XY 40479 -8355840 -8355840[0m
[00:00:40.487,518] [0m<inf> exp02_logging: XY 40487 -8355840 -8355840[0m
[00:00:40.495,513] [0m<inf> exp02_logging: XY 40495 -8355840 -8355840[0m
[00:00:40.503,570] [0m<inf> exp02_logging: XY 40503 -8355840 -8355840[0m
[00:00:40.511,566] [0m<inf> exp02_logging: XY 40511 -8355840 -8355840[0m
[00:00:40.519,622] [0m<inf> exp02_logging: XY 40519 -8355840 -8355840[0m
[00:00:40.527,618] [0m<inf> exp02_logging: XY 40527 -8355840 -8355840[0m
[00:00:40.535,675] [0m<inf> exp02_logging: XY 40535 -8355840 -8355840[0m
[00:00:40.543,670] [0m<inf> exp02_logging: XY 40543 -8355840 -8355840[0m
[00:00:40.551,727] [0m<inf> exp02_logging: XY 40551 -8355840 -8355840[0m
[00:00:40.559,722] [0m<inf> exp02_logging: XY 40559 -8355840 -8355840[0m
[00:00:40.567,779] [0m<inf> exp02_logging: XY 40567 -8355840 -8355840[0m
[00:00:40.575,775] [0m<inf> exp02_logging: XY 40575 -8355840 -8355840[0m
[00:00:40.583,831] [0m<inf> exp02_logging: XY 40583 -8355840 -8355840[0m
[00:00:40.591,827] [0m<inf> exp02_logging: XY 40591 -8355840 -8355840[0m
[00:00:40.599,884] [0m<inf> exp02_logging: XY 40599 -8355840 -8355840[0m
[00:00:40.607,879] [0m<inf> exp02_logging: XY 40607 -8355840 -8355840[0m
[00:00:40.615,936] [0m<inf> exp02_logging: XY 40615 -8355840 -8355840[0m
[00:00:40.623,931] [0m<inf> exp02_logging: XY 40623 -8355840 -8355840[0m
[00:00:40.631,988] [0m<inf> exp02_logging: XY 40631 -8355840 -8355840[0m
[00:00:40.639,984] [0m<inf> exp02_logging: XY 40639 -8355840 -8355840[0m
[00:00:40.648,040] [0m<inf> exp02_logging: XY 40648 -8355840 -8355840[0m
[00:00:40.656,036] [0m<inf> exp02_logging: XY 40656 -8355840 -8355840[0m
[00:00:40.664,093] [0m<inf> exp02_logging: XY 40664 -8355840 -8355840[0m
[00:00:40.672,088] [0m<inf> exp02_logging: XY 40672 -8355840 -8355840[0m
[00:00:40.680,145] [0m<inf> exp02_logging: XY 40680 -8355840 -8355840[0m
[00:00:40.688,140] [0m<inf> exp02_logging: XY 40688 -8355840 -8355840[0m
[00:00:40.696,197] [0m<inf> exp02_logging: XY 40696 -8355840 -8355840[0m
[00:00:40.704,193] [0m<inf> exp02_logging: XY 40704 -8355840 -8355840[0m
[00:00:40.712,249] [0m<inf> exp02_logging: XY 40712 -8355840 -8355840[0m
[00:00:40.720,245] [0m<inf> exp02_logging: XY 40720 -8355840 -8355840[0m
[00:00:40.728,302] [0m<inf> exp02_logging: XY 40728 -8355840 -8355840[0m
[00:00:40.736,297] [0m<inf> exp02_logging: XY 40736 -8355840 -8355840[0m
[00:00:40.744,354] [0m<inf> exp02_logging: XY 40744 -8355840 -8355840[0m
[00:00:40.752,349] [0m<inf> exp02_logging: XY 40752 -8355840 -8355840[0m
[00:00:40.760,406] [0m<inf> exp02_logging: XY 40760 -8355840 -8355840[0m
[00:00:40.768,402] [0m<inf> exp02_logging: XY 40768 -8355840 -8355840[0m
[00:00:40.776,458] [0m<inf> exp02_logging: XY 40776 -8355840 -8355840[0m
[00:00:40.784,454] [0m<inf> exp02_logging: XY 40784 -8355840 -8355840[0m
[00:00:40.792,510] [0m<inf> exp02_logging: XY 40792 -8355840 -8355840[0m
[00:00:40.800,506] [0m<inf> exp02_logging: XY 40800 -8355840 -8355840[0m
[00:00:40.808,563] [0m<inf> exp02_logging: XY 40808 -8355840 -8355840[0m
[00:00:40.816,558] [0m<inf> exp02_logging: XY 40816 -8355840 -8355840[0m
[00:00:40.824,615] [0m<inf> exp02_logging: XY 40824 -8355840 -8355840[0m
[00:00:40.832,611] [0m<inf> exp02_logging: XY 40832 -8355840 -8355840[0m
[00:00:40.840,667] [0m<inf> exp02_logging: XY 40840 -8355840 -8355840[0m
[00:00:40.848,663] [0m<inf> exp02_logging: XY 40848 -8355840 -8355840[0m
[00:00:40.856,719] [0m<inf> exp02_logging: XY 40856 -8355840 -8355840[0m
[00:00:40.864,715] [0m<inf> exp02_logging: XY 40864 -8355840 -8355840[0m
[00:00:40.872,772] [0m<inf> exp02_logging: XY 40872 -8355840 -8355840[0m
[00:00:40.880,767] [0m<inf> exp02_logging: XY 40880 -8355840 -8355840[0m
[00:00:40.888,824] [0m<inf> exp02_logging: XY 40888 -8355840 -8355840[0m
[00:00:40.896,820] [0m<inf> exp02_logging: XY 40896 -8355840 -8355840[0m
[00:00:40.904,876] [0m<inf> exp02_logging: XY 40904 -8355840 -8355840[0m
[00:00:40.912,872] [0m<inf> exp02_logging: XY 40912 -8355840 -8355840[0m
[00:00:40.920,928] [0m<inf> exp02_logging: XY 40920 -8355840 -8355840[0m
[00:00:40.928,924] [0m<inf> exp02_logging: XY 40928 -8355840 -8355840[0m
[00:00:40.936,981] [0m<inf> exp02_logging: XY 40936 -8355840 -8355840[0m
[00:00:40.944,976] [0m<inf> exp02_logging: XY 40944 -8355840 -8355840[0m
[00:00:40.953,033] [0m<inf> exp02_logging: XY 40953 -8355840 -8355840[0m
[00:00:40.961,029] [0m<inf> exp02_logging: XY 40961 -8355840 -8355840[0m
[00:00:40.969,085] [0m<inf> exp02_logging: XY 40969 -8355840 -8355840[0m
[00:00:40.977,081] [0m<inf> exp02_logging: XY 40977 -8355840 -8355840[0m
[00:00:40.985,137] [0m<inf> exp02_logging: XY 40985 -8355840 -8355840[0m
[00:00:40.993,133] [0m<inf> exp02_logging: XY 40993 -8355840 -8355840[0m
[00:00:41.001,190] [0m<inf> exp02_logging: XY 41001 -8355840 -8355840[0m
[00:00:41.009,185] [0m<inf> exp02_logging: XY 41009 -8355840 -8355840[0m
[00:00:41.017,242] [0m<inf> exp02_logging: XY 41017 -8355840 -8355840[0m
[00:00:41.025,238] [0m<inf> exp02_logging: XY 41025 -8355840 -8355840[0m
[00:00:41.033,294] [0m<inf> exp02_logging: XY 41033 -8355840 -8355840[0m
[00:00:41.041,290] [0m<inf> exp02_logging: XY 41041 -8355840 -8355840[0m
[00:00:41.049,346] [0m<inf> exp02_logging: XY 41049 -8355840 -8355840[0m
[00:00:41.057,342] [0m<inf> exp02_logging: XY 41057 -8355840 -8355840[0m
[00:00:41.065,399] [0m<inf> exp02_logging: XY 41065 -8355840 -8355840[0m
[00:00:41.073,394] [0m<inf> exp02_logging: XY 41073 -8355840 -8355840[0m
[00:00:41.081,451] [0m<inf> exp02_logging: XY 41081 -8355840 -8355840[0m
[00:00:41.089,447] [0m<inf> exp02_logging: XY 41089 -8355840 -8355840[0m
[00:00:41.097,503] [0m<inf> exp02_logging: XY 41097 -8355840 -8355840[0m
[00:00:41.105,499] [0m<inf> exp02_logging: XY 41105 -8355840 -8355840[0m
[00:00:41.113,555] [0m<inf> exp02_logging: XY 41113 -8355840 -8355840[0m
[00:00:41.121,551] [0m<inf> exp02_logging: XY 41121 -8355840 -8355840[0m
[00:00:41.129,608] [0m<inf> exp02_logging: XY 41129 -8355840 -8355840[0m
[00:00:41.137,603] [0m<inf> exp02_logging: XY 41137 -8355840 -8355840[0m
[00:00:41.145,660] [0m<inf> exp02_logging: XY 41145 -8355840 -8355840[0m
[00:00:41.153,656] [0m<inf> exp02_logging: XY 41153 -8355840 -8355840[0m
[00:00:41.161,712] [0m<inf> exp02_logging: XY 41161 -8355840 -8355840[0m
[00:00:41.169,708] [0m<inf> exp02_logging: XY 41169 -8355840 -8355840[0m
[00:00:41.177,764] [0m<inf> exp02_logging: XY 41177 -8355840 -8355840[0m
[00:00:41.185,760] [0m<inf> exp02_logging: XY 41185 -8355840 -8355840[0m
[00:00:41.193,817] [0m<inf> exp02_logging: XY 41193 -8355840 -8355840[0m
[00:00:41.201,812] [0m<inf> exp02_logging: XY 41201 -8355840 -8355840[0m
[00:00:41.209,838] [0m<inf> exp02_logging: XY 41209 -8355840 -8355840[0m
[00:00:41.217,864] [0m<inf> exp02_logging: XY 41217 -8355840 -8355840[0m
[00:00:41.225,921] [0m<inf> exp02_logging: XY 41225 -8355840 -8355840[0m
[00:00:41.233,917] [0m<inf> exp02_logging: XY 41233 -8355840 -8355840[0m
[00:00:41.241,912] [0m<inf> exp02_logging: XY 41241 -8355840 -8355840[0m
[00:00:41.249,969] [0m<inf> exp02_logging: XY 41249 -8355840 -8355840[0m
[00:00:41.257,995] [0m<inf> exp02_logging: XY 41257 -8355840 -8355840[0m
[00:00:41.266,021] [0m<inf> exp02_logging: XY 41266 -8355840 -8355840[0m
[00:00:41.274,078] [0m<inf> exp02_logging: XY 41274 -8355840 -8355840[0m
[00:00:41.282,073] [0m<inf> exp02_logging: XY 41282 -8355840 -8355840[0m
[00:00:41.290,130] [0m<inf> exp02_logging: XY 41290 -8355840 -8355840[0m
[00:00:41.298,126] [0m<inf> exp02_logging: XY 41298 -8355840 -8355840[0m
[00:00:41.306,152] [0m<inf> exp02_logging: XY 41306 -8355840 -8355840[0m
[00:00:41.314,178] [0m<inf> exp02_logging: XY 41314 -8355840 -8355840[0m
[00:00:41.322,204] [0m<inf> exp02_logging: XY 41322 -8355840 -8355840[0m
[00:00:41.330,230] [0m<inf> exp02_logging: XY 41330 -8355840 -8355840[0m
[00:00:41.338,287] [0m<inf> exp02_logging: XY 41338 -8355840 -8355840[0m
[00:00:41.346,282] [0m<inf> exp02_logging: XY 41346 -8355840 -8355840[0m
[00:00:41.354,309] [0m<inf> exp02_logging: XY 41354 -8355840 -8355840[0m
[00:00:41.362,335] [0m<inf> exp02_logging: XY 41362 -8355840 -8355840[0m
[00:00:41.370,391] [0m<inf> exp02_logging: XY 41370 -8355840 -8355840[0m
[00:00:41.378,387] [0m<inf> exp02_logging: XY 41378 -8355840 -8355840[0m
[00:00:41.386,444] [0m<inf> exp02_logging: XY 41386 -8355840 -8355840[0m
[00:00:41.394,439] [0m<inf> exp02_logging: XY 41394 -8355840 -8355840[0m
[00:00:41.402,496] [0m<inf> exp02_logging: XY 41402 -8355840 -8355840[0m
[00:00:41.410,491] [0m<inf> exp02_logging: XY 41410 -8355840 -8355840[0m
[00:00:41.418,548] [0m<inf> exp02_logging: XY 41418 -8355840 -8355840[0m
[00:00:41.426,544] [0m<inf> exp02_logging: XY 41426 -8355840 -8355840[0m
[00:00:41.434,600] [0m<inf> exp02_logging: XY 41434 -8355840 -8355840[0m
[00:00:41.442,596] [0m<inf> exp02_logging: XY 41442 -8355840 -8355840[0m
[00:00:41.450,653] [0m<inf> exp02_logging: XY 41450 -8355840 -8355840[0m
[00:00:41.458,648] [0m<inf> exp02_logging: XY 41458 -8355840 -8355840[0m
[00:00:41.466,705] [0m<inf> exp02_logging: XY 41466 -8355840 -8355840[0m
[00:00:41.474,700] [0m<inf> exp02_logging: XY 41474 -8355840 -8355840[0m
[00:00:41.482,757] [0m<inf> exp02_logging: XY 41482 -8355840 -8355840[0m
[00:00:41.490,753] [0m<inf> exp02_logging: XY 41490 -8355840 -8355840[0m
[00:00:41.498,809] [0m<inf> exp02_logging: XY 41498 -8355840 -8355840[0m
[00:00:41.506,805] [0m<inf> exp02_logging: XY 41506 -8355840 -8355840[0m
[00:00:41.514,862] [0m<inf> exp02_logging: XY 41514 -8355840 -8355840[0m
[00:00:41.522,857] [0m<inf> exp02_logging: XY 41522 -8355840 -8355840[0m
[00:00:41.530,914] [0m<inf> exp02_logging: XY 41530 -8355840 -8355840[0m
[00:00:41.538,909] [0m<inf> exp02_logging: XY 41538 -8355840 -8355840[0m
[00:00:41.546,966] [0m<inf> exp02_logging: XY 41546 -8355840 -8355840[0m
[00:00:41.554,962] [0m<inf> exp02_logging: XY 41554 -8355840 -8355840[0m
[00:00:41.563,018] [0m<inf> exp02_logging: XY 41562 -8355840 -8355840[0m
[00:00:41.571,014] [0m<inf> exp02_logging: XY 41571 -8355840 -8355840[0m
[00:00:41.579,071] [0m<inf> exp02_logging: XY 41579 -8355840 -8355840[0m
[00:00:41.587,066] [0m<inf> exp02_logging: XY 41587 -8355840 -8355840[0m
[00:00:41.595,123] [0m<inf> exp02_logging: XY 41595 -8355840 -8355840[0m
[00:00:41.603,118] [0m<inf> exp02_logging: XY 41603 -8355840 -8355840[0m
[00:00:41.611,175] [0m<inf> exp02_logging: XY 41611 -8355840 -8355840[0m
[00:00:41.619,171] [0m<inf> exp02_logging: XY 41619 -8355840 -8355840[0m
[00:00:41.627,227] [0m<inf> exp02_logging: XY 41627 -8355840 -8355840[0m
[00:00:41.635,223] [0m<inf> exp02_logging: XY 41635 -8355840 -8355840[0m
[00:00:41.643,280] [0m<inf> exp02_logging: XY 41643 -8355840 -8355840[0m
[00:00:41.651,275] [0m<inf> exp02_logging: XY 41651 -8355840 -8355840[0m
[00:00:41.659,332] [0m<inf> exp02_logging: XY 41659 -8355840 -8355840[0m
[00:00:41.667,327] [0m<inf> exp02_logging: XY 41667 -8355840 -8355840[0m
[00:00:41.675,384] [0m<inf> exp02_logging: XY 41675 -8355840 -8355840[0m
[00:00:41.683,380] [0m<inf> exp02_logging: XY 41683 -8355840 -8355840[0m
[00:00:41.691,436] [0m<inf> exp02_logging: XY 41691 -8355840 -8355840[0m
[00:00:41.699,432] [0m<inf> exp02_logging: XY 41699 -8355840 -8355840[0m
[00:00:41.707,489] [0m<inf> exp02_logging: XY 41707 -8355840 -8355840[0m
[00:00:41.715,484] [0m<inf> exp02_logging: XY 41715 -8355840 -8355840[0m
[00:00:41.723,541] [0m<inf> exp02_logging: XY 41723 -8355840 -8355840[0m
[00:00:41.731,536] [0m<inf> exp02_logging: XY 41731 -8355840 -8355840[0m
[00:00:41.739,593] [0m<inf> exp02_logging: XY 41739 -8355840 -8355840[0m
[00:00:41.747,589] [0m<inf> exp02_logging: XY 41747 -8355840 -8355840[0m
[00:00:41.755,645] [0m<inf> exp02_logging: XY 41755 -8355840 -8355840[0m
[00:00:41.763,641] [0m<inf> exp02_logging: XY 41763 -8355840 -8355840[0m
[00:00:41.771,697] [0m<inf> exp02_logging: XY 41771 -8355840 -8355840[0m
[00:00:41.779,693] [0m<inf> exp02_logging: XY 41779 -8355840 -8355840[0m
[00:00:41.787,750] [0m<inf> exp02_logging: XY 41787 -8355840 -8355840[0m
[00:00:41.795,745] [0m<inf> exp02_logging: XY 41795 -8355840 -8355840[0m
[00:00:41.803,802] [0m<inf> exp02_logging: XY 41803 -8355840 -8355840[0m
[00:00:41.811,798] [0m<inf> exp02_logging: XY 41811 -8355840 -8355840[0m
[00:00:41.819,854] [0m<inf> exp02_logging: XY 41819 -8355840 -8355840[0m
[00:00:41.827,850] [0m<inf> exp02_logging: XY 41827 -8355840 -8355840[0m
[00:00:41.835,906] [0m<inf> exp02_logging: XY 41835 -8355840 -8355840[0m
[00:00:41.843,902] [0m<inf> exp02_logging: XY 41843 -8355840 -8355840[0m
[00:00:41.851,959] [0m<inf> exp02_logging: XY 41851 -8355840 -8355840[0m
[00:00:41.859,954] [0m<inf> exp02_logging: XY 41859 -8355840 -8355840[0m
[00:00:41.868,011] [0m<inf> exp02_logging: XY 41867 -8355840 -8355840[0m
[00:00:41.876,007] [0m<inf> exp02_logging: XY 41876 -8355840 -8355840[0m
[00:00:41.884,063] [0m<inf> exp02_logging: XY 41884 -8355840 -8355840[0m
[00:00:41.892,059] [0m<inf> exp02_logging: XY 41892 -8355840 -8355840[0m
[00:00:41.900,115] [0m<inf> exp02_logging: XY 41900 -8355840 -8355840[0m
[00:00:41.908,111] [0m<inf> exp02_logging: XY 41908 -8355840 -8355840[0m
[00:00:41.916,168] [0m<inf> exp02_logging: XY 41916 -8355840 -8355840[0m
[00:00:41.924,163] [0m<inf> exp02_logging: XY 41924 -8355840 -8355840[0m
[00:00:41.932,220] [0m<inf> exp02_logging: XY 41932 -8355840 -8355840[0m
[00:00:41.940,216] [0m<inf> exp02_logging: XY 41940 -8355840 -8355840[0m
[00:00:41.948,272] [0m<inf> exp02_logging: XY 41948 -8355840 -8355840[0m
[00:00:41.956,268] [0m<inf> exp02_logging: XY 41956 -8355840 -8355840[0m
[00:00:41.964,324] [0m<inf> exp02_logging: XY 41964 -8355840 -8355840[0m
[00:00:41.972,320] [0m<inf> exp02_logging: XY 41972 -8355840 -8355840[0m
[00:00:41.980,377] [0m<inf> exp02_logging: XY 41980 -8355840 -8355840[0m
[00:00:41.988,372] [0m<inf> exp02_logging: XY 41988 -8355840 -8355840[0m
[00:00:41.996,429] [0m<inf> exp02_logging: XY 41996 -8355840 -8355840[0m
[00:00:42.004,425] [0m<inf> exp02_logging: XY 42004 -8355840 -8355840[0m
[00:00:42.012,481] [0m<inf> exp02_logging: XY 42012 -8355840 -8355840[0m
[00:00:42.020,477] [0m<inf> exp02_logging: XY 42020 -8355840 -8355840[0m
[00:00:42.028,533] [0m<inf> exp02_logging: XY 42028 -8355840 -8355840[0m
[00:00:42.036,529] [0m<inf> exp02_logging: XY 42036 -8355840 -8355840[0m
[00:00:42.044,586] [0m<inf> exp02_logging: XY 42044 -8355840 -8355840[0m
[00:00:42.052,581] [0m<inf> exp02_logging: XY 42052 -8355840 -8355840[0m
[00:00:42.060,638] [0m<inf> exp02_logging: XY 42060 -8355840 -8355840[0m
[00:00:42.068,634] [0m<inf> exp02_logging: XY 42068 -8355840 -8355840[0m
[00:00:42.076,690] [0m<inf> exp02_logging: XY 42076 -8355840 -8355840[0m
[00:00:42.084,686] [0m<inf> exp02_logging: XY 42084 -8355840 -8355840[0m
[00:00:42.092,742] [0m<inf> exp02_logging: XY 42092 -8355840 -8355840[0m
[00:00:42.100,738] [0m<inf> exp02_logging: XY 42100 -8355840 -8355840[0m
[00:00:42.108,795] [0m<inf> exp02_logging: XY 42108 -8355840 -8355840[0m
[00:00:42.116,790] [0m<inf> exp02_logging: XY 42116 -8355840 -8355840[0m
[00:00:42.124,847] [0m<inf> exp02_logging: XY 42124 -8355840 -8355840[0m
[00:00:42.132,843] [0m<inf> exp02_logging: XY 42132 -8355840 -8355840[0m
[00:00:42.140,899] [0m<inf> exp02_logging: XY 42140 -8355840 -8355840[0m
[00:00:42.148,895] [0m<inf> exp02_logging: XY 42148 -8355840 -8355840[0m
[00:00:42.156,951] [0m<inf> exp02_logging: XY 42156 -8355840 -8355840[0m
[00:00:42.164,947] [0m<inf> exp02_logging: XY 42164 -8355840 -8355840[0m
[00:00:42.173,004] [0m<inf> exp02_logging: XY 42172 -8355840 -8355840[0m
[00:00:42.180,999] [0m<inf> exp02_logging: XY 42180 -8355840 -8355840[0m
[00:00:42.189,056] [0m<inf> exp02_logging: XY 42189 -8355840 -8355840[0m
[00:00:42.197,052] [0m<inf> exp02_logging: XY 42197 -8355840 -8355840[0m
[00:00:42.205,078] [0m<inf> exp02_logging: XY 42205 -8355840 -8355840[0m
[00:00:42.213,104] [0m<inf> exp02_logging: XY 42213 -8355840 -8355840[0m
[00:00:42.221,130] [0m<inf> exp02_logging: XY 42221 -8355840 -8355840[0m
[00:00:42.229,156] [0m<inf> exp02_logging: XY 42229 -8355840 -8355840[0m
[00:00:42.237,213] [0m<inf> exp02_logging: XY 42237 -8355840 -8355840[0m
[00:00:42.245,208] [0m<inf> exp02_logging: XY 42245 -8355840 -8355840[0m
[00:00:42.253,265] [0m<inf> exp02_logging: XY 42253 -8355840 -8355840[0m
[00:00:42.261,260] [0m<inf> exp02_logging: XY 42261 -8355840 -8355840[0m
[00:00:42.269,317] [0m<inf> exp02_logging: XY 42269 -8355840 -8355840[0m
[00:00:42.277,313] [0m<inf> exp02_logging: XY 42277 -8355840 -8355840[0m
[00:00:42.285,369] [0m<inf> exp02_logging: XY 42285 -8355840 -8355840[0m
[00:00:42.293,365] [0m<inf> exp02_logging: XY 42293 -8355840 -8355840[0m
[00:00:42.301,422] [0m<inf> exp02_logging: XY 42301 -8355840 -8355840[0m
[00:00:42.309,417] [0m<inf> exp02_logging: XY 42309 -8355840 -8355840[0m
[00:00:42.317,443] [0m<inf> exp02_logging: XY 42317 -8355840 -8355840[0m
[00:00:42.325,469] [0m<inf> exp02_logging: XY 42325 -8355840 -8355840[0m
[00:00:42.333,496] [0m<inf> exp02_logging: XY 42333 -8355840 -8355840[0m
[00:00:42.341,522] [0m<inf> exp02_logging: XY 42341 -8355840 -8355840[0m
[00:00:42.349,578] [0m<inf> exp02_logging: XY 42349 -8355840 -8355840[0m
[00:00:42.357,574] [0m<inf> exp02_logging: XY 42357 -8355840 -8355840[0m
[00:00:42.365,631] [0m<inf> exp02_logging: XY 42365 -8355840 -8355840[0m
[00:00:42.373,626] [0m<inf> exp02_logging: XY 42373 -8355840 -8355840[0m
[00:00:42.381,683] [0m<inf> exp02_logging: XY 42381 -8355840 -8355840[0m
[00:00:42.389,678] [0m<inf> exp02_logging: XY 42389 -8355840 -8355840[0m
[00:00:42.397,735] [0m<inf> exp02_logging: XY 42397 -8355840 -8355840[0m
[00:00:42.405,731] [0m<inf> exp02_logging: XY 42405 -8355840 -8355840[0m
[00:00:42.413,787] [0m<inf> exp02_logging: XY 42413 -8355840 -8355840[0m
[00:00:42.421,783] [0m<inf> exp02_logging: XY 42421 -8355840 -8355840[0m
[00:00:42.429,840] [0m<inf> exp02_logging: XY 42429 -8355840 -8355840[0m
[00:00:42.437,835] [0m<inf> exp02_logging: XY 42437 -8355840 -8355840[0m
[00:00:42.445,892] [0m<inf> exp02_logging: XY 42445 -8355840 -8355840[0m
[00:00:42.453,887] [0m<inf> exp02_logging: XY 42453 -8355840 -8355840[0m
[00:00:42.461,944] [0m<inf> exp02_logging: XY 42461 -8355840 -8355840[0m
[00:00:42.469,940] [0m<inf> exp02_logging: XY 42469 -8355840 -8355840[0m
[00:00:42.477,996] [0m<inf> exp02_logging: XY 42477 -8355840 -8355840[0m
[00:00:42.485,992] [0m<inf> exp02_logging: XY 42485 -8355840 -8355840[0m
[00:00:42.494,049] [0m<inf> exp02_logging: XY 42494 -8355840 -8355840[0m
[00:00:42.502,044] [0m<inf> exp02_logging: XY 42502 -8355840 -8355840[0m
[00:00:42.510,101] [0m<inf> exp02_logging: XY 42510 -8355840 -8355840[0m
[00:00:42.518,096] [0m<inf> exp02_logging: XY 42518 -8355840 -8355840[0m
[00:00:42.526,153] [0m<inf> exp02_logging: XY 42526 -8355840 -8355840[0m
[00:00:42.534,149] [0m<inf> exp02_logging: XY 42534 -8355840 -8355840[0m
[00:00:42.542,205] [0m<inf> exp02_logging: XY 42542 -8355840 -8355840[0m
[00:00:42.550,201] [0m<inf> exp02_logging: XY 42550 -8355840 -8355840[0m
[00:00:42.558,258] [0m<inf> exp02_logging: XY 42558 -8355840 -8355840[0m
[00:00:42.566,253] [0m<inf> exp02_logging: XY 42566 -8355840 -8355840[0m
[00:00:42.574,310] [0m<inf> exp02_logging: XY 42574 -8355840 -8355840[0m
[00:00:42.582,305] [0m<inf> exp02_logging: XY 42582 -8355840 -8355840[0m
[00:00:42.590,362] [0m<inf> exp02_logging: XY 42590 -8355840 -8355840[0m
[00:00:42.598,358] [0m<inf> exp02_logging: XY 42598 -8355840 -8355840[0m
[00:00:42.606,414] [0m<inf> exp02_logging: XY 42606 -8355840 -8355840[0m
[00:00:42.614,410] [0m<inf> exp02_logging: XY 42614 -8355840 -8355840[0m
[00:00:42.622,467] [0m<inf> exp02_logging: XY 42622 -8355840 -8355840[0m
[00:00:42.630,462] [0m<inf> exp02_logging: XY 42630 -8355840 -8355840[0m
[00:00:42.638,519] [0m<inf> exp02_logging: XY 42638 -8355840 -8355840[0m
[00:00:42.646,514] [0m<inf> exp02_logging: XY 42646 -8355840 -8355840[0m
[00:00:42.654,571] [0m<inf> exp02_logging: XY 42654 -8355840 -8355840[0m
[00:00:42.662,567] [0m<inf> exp02_logging: XY 42662 -8355840 -8355840[0m
[00:00:42.670,623] [0m<inf> exp02_logging: XY 42670 -8355840 -8355840[0m
[00:00:42.678,619] [0m<inf> exp02_logging: XY 42678 -8355840 -8355840[0m
[00:00:42.686,645] [0m<inf> exp02_logging: XY 42686 -8355840 -8355840[0m
[00:00:42.694,671] [0m<inf> exp02_logging: XY 42694 -8355840 -8355840[0m
[00:00:42.702,728] [0m<inf> exp02_logging: XY 42702 -8355840 -8355840[0m
[00:00:42.710,723] [0m<inf> exp02_logging: XY 42710 -8355840 -8355840[0m
[00:00:42.718,780] [0m<inf> exp02_logging: XY 42718 -8355840 -8355840[0m
[00:00:42.726,776] [0m<inf> exp02_logging: XY 42726 -8355840 -8355840[0m
[00:00:42.734,832] [0m<inf> exp02_logging: XY 42734 -8355840 -8355840[0m
[00:00:42.742,828] [0m<inf> exp02_logging: XY 42742 -8355840 -8355840[0m
[00:00:42.750,885] [0m<inf> exp02_logging: XY 42750 -8355840 -8355840[0m
[00:00:42.758,880] [0m<inf> exp02_logging: XY 42758 -8355840 -8355840[0m
[00:00:42.766,937] [0m<inf> exp02_logging: XY 42766 -8355840 -8355840[0m
[00:00:42.774,932] [0m<inf> exp02_logging: XY 42774 -8355840 -8355840[0m
[00:00:42.782,989] [0m<inf> exp02_logging: XY 42782 -8355840 -8355840[0m
[00:00:42.790,985] [0m<inf> exp02_logging: XY 42790 -8355840 -8355840[0m
[00:00:42.799,041] [0m<inf> exp02_logging: XY 42799 -8355840 -8355840[0m
[00:00:42.807,037] [0m<inf> exp02_logging: XY 42807 -8355840 -8355840[0m
[00:00:42.815,093] [0m<inf> exp02_logging: XY 42815 -8355840 -8355840[0m
[00:00:42.823,089] [0m<inf> exp02_logging: XY 42823 -8355840 -8355840[0m
[00:00:42.831,146] [0m<inf> exp02_logging: XY 42831 -8355840 -8355840[0m
[00:00:42.839,141] [0m<inf> exp02_logging: XY 42839 -8355840 -8355840[0m
[00:00:42.847,198] [0m<inf> exp02_logging: XY 42847 -8355840 -8355840[0m
[00:00:42.855,194] [0m<inf> exp02_logging: XY 42855 -8355840 -8355840[0m
[00:00:42.863,250] [0m<inf> exp02_logging: XY 42863 -8355840 -8355840[0m
[00:00:42.871,246] [0m<inf> exp02_logging: XY 42871 -8355840 -8355840[0m
[00:00:42.879,302] [0m<inf> exp02_logging: XY 42879 -8355840 -8355840[0m
[00:00:42.887,298] [0m<inf> exp02_logging: XY 42887 -8355840 -8355840[0m
[00:00:42.895,355] [0m<inf> exp02_logging: XY 42895 -8355840 -8355840[0m
[00:00:42.903,350] [0m<inf> exp02_logging: XY 42903 -8355840 -8355840[0m
[00:00:42.911,407] [0m<inf> exp02_logging: XY 42911 -8355840 -8355840[0m
[00:00:42.919,403] [0m<inf> exp02_logging: XY 42919 -8355840 -8355840[0m
[00:00:42.927,459] [0m<inf> exp02_logging: XY 42927 -8355840 -8355840[0m
[00:00:42.935,455] [0m<inf> exp02_logging: XY 42935 -8355840 -8355840[0m
[00:00:42.943,511] [0m<inf> exp02_logging: XY 42943 -8355840 -8355840[0m
[00:00:42.951,507] [0m<inf> exp02_logging: XY 42951 -8355840 -8355840[0m
[00:00:42.959,564] [0m<inf> exp02_logging: XY 42959 -8355840 -8355840[0m
[00:00:42.967,559] [0m<inf> exp02_logging: XY 42967 -8355840 -8355840[0m
[00:00:42.975,616] [0m<inf> exp02_logging: XY 42975 -8355840 -8355840[0m
[00:00:42.983,612] [0m<inf> exp02_logging: XY 42983 -8355840 -8355840[0m
[00:00:42.991,668] [0m<inf> exp02_logging: XY 42991 -8355840 -8355840[0m
[00:00:42.999,664] [0m<inf> exp02_logging: XY 42999 -8355840 -8355840[0m
[00:00:43.007,720] [0m<inf> exp02_logging: XY 43007 -8355840 -8355840[0m
[00:00:43.015,716] [0m<inf> exp02_logging: XY 43015 -8355840 -8355840[0m
[00:00:43.023,773] [0m<inf> exp02_logging: XY 43023 -8355840 -8355840[0m
[00:00:43.031,768] [0m<inf> exp02_logging: XY 43031 -8355840 -8355840[0m
[00:00:43.039,825] [0m<inf> exp02_logging: XY 43039 -8355840 -8355840[0m
[00:00:43.047,821] [0m<inf> exp02_logging: XY 43047 -8355840 -8355840[0m
[00:00:43.055,877] [0m<inf> exp02_logging: XY 43055 -8355840 -8355840[0m
[00:00:43.063,873] [0m<inf> exp02_logging: XY 43063 -8355840 -8355840[0m
[00:00:43.071,929] [0m<inf> exp02_logging: XY 43071 -8355840 -8355840[0m
[00:00:43.079,925] [0m<inf> exp02_logging: XY 43079 -8355840 -8355840[0m
[00:00:43.087,982] [0m<inf> exp02_logging: XY 43087 -8355840 -8355840[0m
[00:00:43.095,977] [0m<inf> exp02_logging: XY 43095 -8355840 -8355840[0m
[00:00:43.104,034] [0m<inf> exp02_logging: XY 43104 -8355840 -8355840[0m
[00:00:43.112,030] [0m<inf> exp02_logging: XY 43112 -8355840 -8355840[0m
[00:00:43.120,086] [0m<inf> exp02_logging: XY 43120 -8355840 -8355840[0m
[00:00:43.128,082] [0m<inf> exp02_logging: XY 43128 -8355840 -8355840[0m
[00:00:43.136,138] [0m<inf> exp02_logging: XY 43136 -8355840 -8355840[0m
[00:00:43.144,134] [0m<inf> exp02_logging: XY 43144 -8355840 -8355840[0m
[00:00:43.152,191] [0m<inf> exp02_logging: XY 43152 -8355840 -8355840[0m
[00:00:43.160,186] [0m<inf> exp02_logging: XY 43160 -8355840 -8355840[0m
[00:00:43.168,243] [0m<inf> exp02_logging: XY 43168 -8355840 -8355840[0m
[00:00:43.176,239] [0m<inf> exp02_logging: XY 43176 -8355840 -8355840[0m
[00:00:43.184,295] [0m<inf> exp02_logging: XY 43184 -8355840 -8355840[0m
[00:00:43.192,291] [0m<inf> exp02_logging: XY 43192 -8355840 -8355840[0m
[00:00:43.200,347] [0m<inf> exp02_logging: XY 43200 -8355840 -8355840[0m
[00:00:43.208,343] [0m<inf> exp02_logging: XY 43208 -8355840 -8355840[0m
[00:00:43.216,400] [0m<inf> exp02_logging: XY 43216 -8355840 -8355840[0m
[00:00:43.224,395] [0m<inf> exp02_logging: XY 43224 -8355840 -8355840[0m
[00:00:43.232,452] [0m<inf> exp02_logging: XY 43232 -8355840 -8355840[0m
[00:00:43.240,447] [0m<inf> exp02_logging: XY 43240 -8355840 -8355840[0m
[00:00:43.248,504] [0m<inf> exp02_logging: XY 43248 -8355840 -8355840[0m
[00:00:43.256,500] [0m<inf> exp02_logging: XY 43256 -8355840 -8355840[0m
[00:00:43.264,556] [0m<inf> exp02_logging: XY 43264 -8355840 -8355840[0m
[00:00:43.272,552] [0m<inf> exp02_logging: XY 43272 -8355840 -8355840[0m
[00:00:43.280,578] [0m<inf> exp02_logging: XY 43280 -8355840 -8355840[0m
[00:00:43.288,604] [0m<inf> exp02_logging: XY 43288 -8355840 -8355840[0m
[00:00:43.296,630] [0m<inf> exp02_logging: XY 43296 -8355840 -8355840[0m
[00:00:43.304,656] [0m<inf> exp02_logging: XY 43304 -8355840 -8355840[0m
[00:00:43.312,713] [0m<inf> exp02_logging: XY 43312 -8355840 -8355840[0m
[00:00:43.320,709] [0m<inf> exp02_logging: XY 43320 -8355840 -8355840[0m
[00:00:43.328,765] [0m<inf> exp02_logging: XY 43328 -8355840 -8355840[0m
[00:00:43.336,761] [0m<inf> exp02_logging: XY 43336 -8355840 -8355840[0m
[00:00:43.344,818] [0m<inf> exp02_logging: XY 43344 -8355840 -8355840[0m
[00:00:43.352,813] [0m<inf> exp02_logging: XY 43352 -8355840 -8355840[0m
[00:00:43.360,870] [0m<inf> exp02_logging: XY 43360 -8355840 -8355840[0m
[00:00:43.368,896] [0m<inf> exp02_logging: XY 43368 -8355840 -8355840[0m
[00:00:43.376,922] [0m<inf> exp02_logging: XY 43376 -8355840 -8355840[0m
[00:00:43.384,918] [0m<inf> exp02_logging: XY 43384 -8355840 -8355840[0m
[00:00:43.392,944] [0m<inf> exp02_logging: XY 43392 -8355840 -8355840[0m
[00:00:43.400,970] [0m<inf> exp02_logging: XY 43400 -8355840 -8355840[0m
[00:00:43.409,027] [0m<inf> exp02_logging: XY 43408 -8355840 -8355840[0m
[00:00:43.417,022] [0m<inf> exp02_logging: XY 43417 -8355840 -8355840[0m
[00:00:43.425,079] [0m<inf> exp02_logging: XY 43425 -8355840 -8355840[0m
[00:00:43.433,074] [0m<inf> exp02_logging: XY 43433 -8355840 -8355840[0m
[00:00:43.441,131] [0m<inf> exp02_logging: XY 43441 -8355840 -8355840[0m
[00:00:43.449,127] [0m<inf> exp02_logging: XY 43449 -8355840 -8355840[0m
[00:00:43.457,183] [0m<inf> exp02_logging: XY 43457 -8355840 -8355840[0m
[00:00:43.465,179] [0m<inf> exp02_logging: XY 43465 -8355840 -8355840[0m
[00:00:43.473,236] [0m<inf> exp02_logging: XY 43473 -8355840 -8355840[0m
[00:00:43.481,231] [0m<inf> exp02_logging: XY 43481 -8355840 -8355840[0m
[00:00:43.489,288] [0m<inf> exp02_logging: XY 43489 -8355840 -8355840[0m
[00:00:43.497,283] [0m<inf> exp02_logging: XY 43497 -8355840 -8355840[0m
[00:00:43.505,340] [0m<inf> exp02_logging: XY 43505 -8355840 -8355840[0m
[00:00:43.513,336] [0m<inf> exp02_logging: XY 43513 -8355840 -8355840[0m
[00:00:43.521,392] [0m<inf> exp02_logging: XY 43521 -8355840 -8355840[0m
[00:00:43.529,388] [0m<inf> exp02_logging: XY 43529 -8355840 -8355840[0m
[00:00:43.537,445] [0m<inf> exp02_logging: XY 43537 -8355840 -8355840[0m
[00:00:43.545,440] [0m<inf> exp02_logging: XY 43545 -8355840 -8355840[0m
[00:00:43.553,497] [0m<inf> exp02_logging: XY 43553 -8355840 -8355840[0m
[00:00:43.561,492] [0m<inf> exp02_logging: XY 43561 -8355840 -8355840[0m
[00:00:43.569,549] [0m<inf> exp02_logging: XY 43569 -8355840 -8355840[0m
[00:00:43.577,545] [0m<inf> exp02_logging: XY 43577 -8355840 -8355840[0m
[00:00:43.585,601] [0m<inf> exp02_logging: XY 43585 -8355840 -8355840[0m
[00:00:43.593,597] [0m<inf> exp02_logging: XY 43593 -8355840 -8355840[0m
[00:00:43.601,654] [0m<inf> exp02_logging: XY 43601 -8355840 -8355840[0m
[00:00:43.609,649] [0m<inf> exp02_logging: XY 43609 -8355840 -8355840[0m
[00:00:43.617,706] [0m<inf> exp02_logging: XY 43617 -8355840 -8355840[0m
[00:00:43.625,701] [0m<inf> exp02_logging: XY 43625 -8355840 -8355840[0m
[00:00:43.633,758] [0m<inf> exp02_logging: XY 43633 -8355840 -8355840[0m
[00:00:43.641,754] [0m<inf> exp02_logging: XY 43641 -8355840 -8355840[0m
[00:00:43.649,810] [0m<inf> exp02_logging: XY 43649 -8355840 -8355840[0m
[00:00:43.657,806] [0m<inf> exp02_logging: XY 43657 -8355840 -8355840[0m
[00:00:43.665,863] [0m<inf> exp02_logging: XY 43665 -8355840 -8355840[0m
[00:00:43.673,858] [0m<inf> exp02_logging: XY 43673 -8355840 -8355840[0m
[00:00:43.681,915] [0m<inf> exp02_logging: XY 43681 -8355840 -8355840[0m
[00:00:43.689,910] [0m<inf> exp02_logging: XY 43689 -8355840 -8355840[0m
[00:00:43.697,967] [0m<inf> exp02_logging: XY 43697 -8355840 -8355840[0m
[00:00:43.705,963] [0m<inf> exp02_logging: XY 43705 -8355840 -8355840[0m
[00:00:43.714,019] [0m<inf> exp02_logging: XY 43713 -8355840 -8355840[0m
[00:00:43.722,015] [0m<inf> exp02_logging: XY 43722 -8355840 -8355840[0m
[00:00:43.730,072] [0m<inf> exp02_logging: XY 43730 -8355840 -8355840[0m
[00:00:43.738,067] [0m<inf> exp02_logging: XY 43738 -8355840 -8355840[0m
[00:00:43.746,124] [0m<inf> exp02_logging: XY 43746 -8355840 -8355840[0m
[00:00:43.754,119] [0m<inf> exp02_logging: XY 43754 -8355840 -8355840[0m
[00:00:43.762,176] [0m<inf> exp02_logging: XY 43762 -8355840 -8355840[0m
[00:00:43.770,172] [0m<inf> exp02_logging: XY 43770 -8355840 -8355840[0m
[00:00:43.778,228] [0m<inf> exp02_logging: XY 43778 -8355840 -8355840[0m
[00:00:43.786,224] [0m<inf> exp02_logging: XY 43786 -8355840 -8355840[0m
[00:00:43.794,281] [0m<inf> exp02_logging: XY 43794 -8355840 -8355840[0m
[00:00:43.802,276] [0m<inf> exp02_logging: XY 43802 -8355840 -8355840[0m
[00:00:43.810,333] [0m<inf> exp02_logging: XY 43810 -8355840 -8355840[0m
[00:00:43.818,328] [0m<inf> exp02_logging: XY 43818 -8355840 -8355840[0m
[00:00:43.826,385] [0m<inf> exp02_logging: XY 43826 -8355840 -8355840[0m
[00:00:43.834,381] [0m<inf> exp02_logging: XY 43834 -8355840 -8355840[0m
[00:00:43.842,437] [0m<inf> exp02_logging: XY 43842 -8355840 -8355840[0m
[00:00:43.850,433] [0m<inf> exp02_logging: XY 43850 -8355840 -8355840[0m
[00:00:43.858,489] [0m<inf> exp02_logging: XY 43858 -8355840 -8355840[0m
[00:00:43.866,485] [0m<inf> exp02_logging: XY 43866 -8355840 -8355840[0m
[00:00:43.874,542] [0m<inf> exp02_logging: XY 43874 -8355840 -8355840[0m
[00:00:43.882,537] [0m<inf> exp02_logging: XY 43882 -8355840 -8355840[0m
[00:00:43.890,594] [0m<inf> exp02_logging: XY 43890 -8355840 -8355840[0m
[00:00:43.898,590] [0m<inf> exp02_logging: XY 43898 -8355840 -8355840[0m
[00:00:43.906,646] [0m<inf> exp02_logging: XY 43906 -8355840 -8355840[0m
[00:00:43.914,642] [0m<inf> exp02_logging: XY 43914 -8355840 -8355840[0m
[00:00:43.922,698] [0m<inf> exp02_logging: XY 43922 -8355840 -8355840[0m
[00:00:43.930,694] [0m<inf> exp02_logging: XY 43930 -8355840 -8355840[0m
[00:00:43.938,751] [0m<inf> exp02_logging: XY 43938 -8355840 -8355840[0m
[00:00:43.946,746] [0m<inf> exp02_logging: XY 43946 -8355840 -8355840[0m
[00:00:43.954,803] [0m<inf> exp02_logging: XY 43954 -8355840 -8355840[0m
[00:00:43.962,799] [0m<inf> exp02_logging: XY 43962 -8355840 -8355840[0m
[00:00:43.970,855] [0m<inf> exp02_logging: XY 43970 -8355840 -8355840[0m
[00:00:43.978,851] [0m<inf> exp02_logging: XY 43978 -8355840 -8355840[0m
[00:00:43.986,907] [0m<inf> exp02_logging: XY 43986 -8355840 -8355840[0m
[00:00:43.994,903] [0m<inf> exp02_logging: XY 43994 -8355840 -8355840[0m
[00:00:44.002,960] [0m<inf> exp02_logging: XY 44002 -8355840 -8355840[0m
[00:00:44.010,955] [0m<inf> exp02_logging: XY 44010 -8355840 -8355840[0m
[00:00:44.019,012] [0m<inf> exp02_logging: XY 44018 -8355840 -8355840[0m
[00:00:44.027,008] [0m<inf> exp02_logging: XY 44026 -8355840 -8355840[0m
[00:00:44.035,064] [0m<inf> exp02_logging: XY 44035 -8355840 -8355840[0m
[00:00:44.043,060] [0m<inf> exp02_logging: XY 44043 -8355840 -8355840[0m
[00:00:44.051,086] [0m<inf> exp02_logging: XY 44051 -8355840 -8355840[0m
[00:00:44.059,112] [0m<inf> exp02_logging: XY 44059 -8355840 -8355840[0m
[00:00:44.067,169] [0m<inf> exp02_logging: XY 44067 -8355840 -8355840[0m
[00:00:44.075,164] [0m<inf> exp02_logging: XY 44075 -8355840 -8355840[0m
[00:00:44.083,221] [0m<inf> exp02_logging: XY 44083 -8355840 -8355840[0m
[00:00:44.091,217] [0m<inf> exp02_logging: XY 44091 -8355840 -8355840[0m
[00:00:44.099,273] [0m<inf> exp02_logging: XY 44099 -8355840 -8355840[0m
[00:00:44.107,269] [0m<inf> exp02_logging: XY 44107 -8355840 -8355840[0m
[00:00:44.115,325] [0m<inf> exp02_logging: XY 44115 -8355840 -8355840[0m
[00:00:44.123,321] [0m<inf> exp02_logging: XY 44123 -8355840 -8355840[0m
[00:00:44.131,378] [0m<inf> exp02_logging: XY 44131 -8355840 -8355840[0m
[00:00:44.139,373] [0m<inf> exp02_logging: XY 44139 -8355840 -8355840[0m
[00:00:44.147,430] [0m<inf> exp02_logging: XY 44147 -8355840 -8355840[0m
[00:00:44.155,426] [0m<inf> exp02_logging: XY 44155 -8355840 -8355840[0m
[00:00:44.163,482] [0m<inf> exp02_logging: XY 44163 -8355840 -8355840[0m
[00:00:44.171,478] [0m<inf> exp02_logging: XY 44171 -8355840 -8355840[0m
[00:00:44.179,534] [0m<inf> exp02_logging: XY 44179 -8355840 -8355840[0m
[00:00:44.187,530] [0m<inf> exp02_logging: XY 44187 -8355840 -8355840[0m
[00:00:44.195,587] [0m<inf> exp02_logging: XY 44195 -8355840 -8355840[0m
[00:00:44.203,582] [0m<inf> exp02_logging: XY 44203 -8355840 -8355840[0m
[00:00:44.211,608] [0m<inf> exp02_logging: XY 44211 -8355840 -8355840[0m
[00:00:44.219,635] [0m<inf> exp02_logging: XY 44219 -8355840 -8355840[0m
[00:00:44.227,661] [0m<inf> exp02_logging: XY 44227 -8355840 -8355840[0m
[00:00:44.235,687] [0m<inf> exp02_logging: XY 44235 -8355840 -8355840[0m
[00:00:44.243,743] [0m<inf> exp02_logging: XY 44243 -8355840 -8355840[0m
[00:00:44.251,739] [0m<inf> exp02_logging: XY 44251 -8355840 -8355840[0m
[00:00:44.259,796] [0m<inf> exp02_logging: XY 44259 -8355840 -8355840[0m
[00:00:44.267,791] [0m<inf> exp02_logging: XY 44267 -8355840 -8355840[0m
[00:00:44.275,817] [0m<inf> exp02_logging: XY 44275 -8355840 -8355840[0m
[00:00:44.283,843] [0m<inf> exp02_logging: XY 44283 -8355840 -8355840[0m
[00:00:44.291,900] [0m<inf> exp02_logging: XY 44291 -8355840 -8355840[0m
[00:00:44.299,896] [0m<inf> exp02_logging: XY 44299 -8355840 -8355840[0m
[00:00:44.307,922] [0m<inf> exp02_logging: XY 44307 -8355840 -8355840[0m
[00:00:44.315,948] [0m<inf> exp02_logging: XY 44315 -8355840 -8355840[0m
[00:00:44.324,005] [0m<inf> exp02_logging: XY 44323 -8355840 -8355840[0m
[00:00:44.332,000] [0m<inf> exp02_logging: XY 44332 -8355840 -8355840[0m
[00:00:44.340,057] [0m<inf> exp02_logging: XY 44340 -8355840 -8355840[0m
[00:00:44.348,052] [0m<inf> exp02_logging: XY 44348 -8355840 -8355840[0m
[00:00:44.356,109] [0m<inf> exp02_logging: XY 44356 -8355840 -8355840[0m
[00:00:44.364,105] [0m<inf> exp02_logging: XY 44364 -8355840 -8355840[0m
[00:00:44.372,161] [0m<inf> exp02_logging: XY 44372 -8355840 -8355840[0m
[00:00:44.380,157] [0m<inf> exp02_logging: XY 44380 -8355840 -8355840[0m
[00:00:44.388,214] [0m<inf> exp02_logging: XY 44388 -8355840 -8355840[0m
[00:00:44.396,209] [0m<inf> exp02_logging: XY 44396 -8355840 -8355840[0m
[00:00:44.404,266] [0m<inf> exp02_logging: XY 44404 -8355840 -8355840[0m
[00:00:44.412,261] [0m<inf> exp02_logging: XY 44412 -8355840 -8355840[0m
[00:00:44.420,318] [0m<inf> exp02_logging: XY 44420 -8355840 -8355840[0m
[00:00:44.428,314] [0m<inf> exp02_logging: XY 44428 -8355840 -8355840[0m
[00:00:44.436,370] [0m<inf> exp02_logging: XY 44436 -8355840 -8355840[0m
[00:00:44.444,366] [0m<inf> exp02_logging: XY 44444 -8355840 -8355840[0m
[00:00:44.452,423] [0m<inf> exp02_logging: XY 44452 -8355840 -8355840[0m
[00:00:44.460,418] [0m<inf> exp02_logging: XY 44460 -8355840 -8355840[0m
[00:00:44.468,475] [0m<inf> exp02_logging: XY 44468 -8355840 -8355840[0m
[00:00:44.476,470] [0m<inf> exp02_logging: XY 44476 -8355840 -8355840[0m
[00:00:44.484,527] [0m<inf> exp02_logging: XY 44484 -8355840 -8355840[0m
[00:00:44.492,523] [0m<inf> exp02_logging: XY 44492 -8355840 -8355840[0m
[00:00:44.500,579] [0m<inf> exp02_logging: XY 44500 -8355840 -8355840[0m
[00:00:44.508,575] [0m<inf> exp02_logging: XY 44508 -8355840 -8355840[0m
[00:00:44.516,632] [0m<inf> exp02_logging: XY 44516 -8355840 -8355840[0m
[00:00:44.524,627] [0m<inf> exp02_logging: XY 44524 -8355840 -8355840[0m
[00:00:44.532,684] [0m<inf> exp02_logging: XY 44532 -8355840 -8355840[0m
[00:00:44.540,679] [0m<inf> exp02_logging: XY 44540 -8355840 -8355840[0m
[00:00:44.548,736] [0m<inf> exp02_logging: XY 44548 -8355840 -8355840[0m
[00:00:44.556,732] [0m<inf> exp02_logging: XY 44556 -8355840 -8355840[0m
[00:00:44.564,788] [0m<inf> exp02_logging: XY 44564 -8355840 -8355840[0m
[00:00:44.572,784] [0m<inf> exp02_logging: XY 44572 -8355840 -8355840[0m
[00:00:44.580,841] [0m<inf> exp02_logging: XY 44580 -8355840 -8355840[0m
[00:00:44.588,836] [0m<inf> exp02_logging: XY 44588 -8355840 -8355840[0m
[00:00:44.596,893] [0m<inf> exp02_logging: XY 44596 -8355840 -8355840[0m
[00:00:44.604,888] [0m<inf> exp02_logging: XY 44604 -8355840 -8355840[0m
[00:00:44.612,945] [0m<inf> exp02_logging: XY 44612 -8355840 -8355840[0m
[00:00:44.620,941] [0m<inf> exp02_logging: XY 44620 -8355840 -8355840[0m
[00:00:44.628,997] [0m<inf> exp02_logging: XY 44628 -8355840 -8355840[0m
[00:00:44.636,993] [0m<inf> exp02_logging: XY 44636 -8355840 -8355840[0m
[00:00:44.645,050] [0m<inf> exp02_logging: XY 44645 -8355840 -8355840[0m
[00:00:44.653,045] [0m<inf> exp02_logging: XY 44653 -8355840 -8355840[0m
[00:00:44.661,102] [0m<inf> exp02_logging: XY 44661 -8355840 -8355840[0m
[00:00:44.669,097] [0m<inf> exp02_logging: XY 44669 -8355840 -8355840[0m
[00:00:44.677,154] [0m<inf> exp02_logging: XY 44677 -8355840 -8355840[0m
[00:00:44.685,150] [0m<inf> exp02_logging: XY 44685 -8355840 -8355840[0m
[00:00:44.693,206] [0m<inf> exp02_logging: XY 44693 -8355840 -8355840[0m
[00:00:44.701,202] [0m<inf> exp02_logging: XY 44701 -8355840 -8355840[0m
[00:00:44.709,259] [0m<inf> exp02_logging: XY 44709 -8355840 -8355840[0m
[00:00:44.717,254] [0m<inf> exp02_logging: XY 44717 -8355840 -8355840[0m
[00:00:44.725,311] [0m<inf> exp02_logging: XY 44725 -8355840 -8355840[0m
[00:00:44.733,306] [0m<inf> exp02_logging: XY 44733 -8355840 -8355840[0m
[00:00:44.741,363] [0m<inf> exp02_logging: XY 44741 -8355840 -8355840[0m
[00:00:44.749,359] [0m<inf> exp02_logging: XY 44749 -8355840 -8355840[0m
[00:00:44.757,415] [0m<inf> exp02_logging: XY 44757 -8355840 -8355840[0m
[00:00:44.765,411] [0m<inf> exp02_logging: XY 44765 -8355840 -8355840[0m
[00:00:44.773,468] [0m<inf> exp02_logging: XY 44773 -8355840 -8355840[0m
[00:00:44.781,463] [0m<inf> exp02_logging: XY 44781 -8355840 -8355840[0m
[00:00:44.789,520] [0m<inf> exp02_logging: XY 44789 -8355840 -8355840[0m
[00:00:44.797,515] [0m<inf> exp02_logging: XY 44797 -8355840 -8355840[0m
[00:00:44.805,572] [0m<inf> exp02_logging: XY 44805 -8355840 -8355840[0m
[00:00:44.813,568] [0m<inf> exp02_logging: XY 44813 -8355840 -8355840[0m
[00:00:44.821,624] [0m<inf> exp02_logging: XY 44821 -8355840 -8355840[0m
[00:00:44.829,620] [0m<inf> exp02_logging: XY 44829 -8355840 -8355840[0m
[00:00:44.837,677] [0m<inf> exp02_logging: XY 44837 -8355840 -8355840[0m
[00:00:44.845,672] [0m<inf> exp02_logging: XY 44845 -8355840 -8355840[0m
[00:00:44.853,729] [0m<inf> exp02_logging: XY 44853 -8355840 -8355840[0m
[00:00:44.861,724] [0m<inf> exp02_logging: XY 44861 -8355840 -8355840[0m
[00:00:44.869,781] [0m<inf> exp02_logging: XY 44869 -8355840 -8355840[0m
[00:00:44.877,777] [0m<inf> exp02_logging: XY 44877 -8355840 -8355840[0m
[00:00:44.885,833] [0m<inf> exp02_logging: XY 44885 -8355840 -8355840[0m
[00:00:44.893,829] [0m<inf> exp02_logging: XY 44893 -8355840 -8355840[0m
[00:00:44.901,885] [0m<inf> exp02_logging: XY 44901 -8355840 -8355840[0m
[00:00:44.909,881] [0m<inf> exp02_logging: XY 44909 -8355840 -8355840[0m
[00:00:44.917,938] [0m<inf> exp02_logging: XY 44917 -8355840 -8355840[0m
[00:00:44.925,933] [0m<inf> exp02_logging: XY 44925 -8355840 -8355840[0m
[00:00:44.933,990] [0m<inf> exp02_logging: XY 44933 -8355840 -8355840[0m
[00:00:44.941,986] [0m<inf> exp02_logging: XY 44941 -8355840 -8355840[0m
[00:00:44.950,042] [0m<inf> exp02_logging: XY 44950 -8355840 -8355840[0m
[00:00:44.958,038] [0m<inf> exp02_logging: XY 44958 -8355840 -8355840[0m
[00:00:44.966,094] [0m<inf> exp02_logging: XY 44966 -8355840 -8355840[0m
[00:00:44.974,090] [0m<inf> exp02_logging: XY 44974 -8355840 -8355840[0m
[00:00:44.982,147] [0m<inf> exp02_logging: XY 44982 -8355840 -8355840[0m
[00:00:44.990,142] [0m<inf> exp02_logging: XY 44990 -8355840 -8355840[0m
[00:00:44.998,199] [0m<inf> exp02_logging: XY 44998 -8355840 -8355840[0m
[00:00:45.006,195] [0m<inf> exp02_logging: XY 45006 -8355840 -8355840[0m
[00:00:45.014,251] [0m<inf> exp02_logging: XY 45014 -8355840 -8355840[0m
[00:00:45.022,247] [0m<inf> exp02_logging: XY 45022 -8355840 -8355840[0m
[00:00:45.030,303] [0m<inf> exp02_logging: XY 45030 -8355840 -8355840[0m
[00:00:45.038,299] [0m<inf> exp02_logging: XY 45038 -8355840 -8355840[0m
[00:00:45.046,356] [0m<inf> exp02_logging: XY 45046 -8355840 -8355840[0m
[00:00:45.054,351] [0m<inf> exp02_logging: XY 45054 -8355840 -8355840[0m
[00:00:45.062,408] [0m<inf> exp02_logging: XY 45062 -8355840 -8355840[0m
[00:00:45.070,404] [0m<inf> exp02_logging: XY 45070 -8355840 -8355840[0m
[00:00:45.078,460] [0m<inf> exp02_logging: XY 45078 -8355840 -8355840[0m
[00:00:45.086,517] [0m<inf> exp02_logging: XY 45086 -8355840 -8355840[0m
[00:00:45.094,512] [0m<inf> exp02_logging: XY 45094 -8355840 -8355840[0m

# end=2026-10-01T21:50:51.4982860+03:00
