XY 24720 -8355840 -802
XY 24736 -8355840 -8355840
XY 24744 -8355840 -8355840
XY 24752 -8355840 -8355840
XY 24760 -8355840 -8355840
XY 24768 -8355840 -8355840
XY 24776 -8355840 -8355840
XY 24784 -8355840 -8355840
XY 24792 -8355840 -8355840
XY 24800 -8355840 -8355840
XY 24808 -8355840 -8355840
XY 24816 -8355840 -8355840
XY 24825 -8355840 -8355840
XY 24833 -8355840 -8355840
XY 24841 -8355840 -8355840
XY 24849 -8355840 -8355840
XY 24857 -8355840 -8355840
XY 24865 -8355840 -8355840
XY 24873 -8355840 -8355840
XY 24881 -8355840 -8355840
XY 24889 -8355840 -8355840
XY 24897 -8355840 -8355840
XY 24905 -8355840 -8355840
XY 24913 -8355840 -8355840
XY 24921 -8355840 -8355840
XY 24929 -8355840 -8355840
XY 24937 -8355840 -8355840
XY 24945 -8355840 -8355840
XY 24953 -8355840 -8355840
XY 24961 -8355840 -8355840
XY 24969 -8355840 -8355840
XY 24977 -8355840 -8355840
XY 24985 -8355840 -8355840
XY 24993 -8355840 -8355840
XY 25001 -8355840 -8355840
XY 25009 -8355840 -8355840
XY 25017 -8355840 -8355840
XY 25025 -8355840 -8355840
XY 25033 -8355840 -8355840
XY 25041 -8355840 -8355840
XY 25049 -8355840 -8355840
XY 25057 -8355840 -8355840
XY 25065 -8355840 -8355840
XY 25073 -8355840 -8355840
XY 25081 -8355840 -8355840
XY 25089 -8355840 -8355840
XY 25097 -8355840 -8355840
XY 25105 -8355840 -8355840
XY 25113 -8355840 -8355840
XY 25121 -8355840 -8355840
XY 25130 -8355840 -8355840
XY 25138 -8355840 -8355840
XY 25146 -8355840 -8355840
XY 25154 -8355840 -8355840
XY 25162 -8355840 -8355840
XY 25170 -8355840 -8355840
XY 25178 -8355840 -8355840
XY 25186 -8355840 -8355840
XY 25194 -8355840 -8355840
XY 25202 -8355840 -8355840
XY 25210 -8355840 -8355840
XY 25218 -8355840 -8355840
XY 25226 -8355840 -8355840
XY 25234 -8355840 -8355840
XY 25242 -8355840 -8355840
XY 25250 -8355840 -8355840
XY 25258 -8355840 -8355840
XY 25266 -8355840 -8355840
XY 25274 -8355840 -8355840
XY 25282 -8355840 -8355840
XY 25290 -8355840 -8355840
XY 25298 -8355840 -8355840
XY 25306 -8355840 -8355840
XY 25314 -8355840 -8355840
XY 25322 -8355840 -8355840
XY 25330 -8355840 -8355840
XY 25338 -8355840 -8355840
XY 25346 -8355840 -8355840
XY 25354 -8355840 -8355840
XY 25362 -8355840 -8355840
XY 25370 -8355840 -8355840
XY 25378 -8355840 -8355840
XY 25386 -8355840 -8355840
XY 25394 -8355840 -8355840
XY 25402 -8355840 -8355840
XY 25410 -8355840 -8355840
XY 25418 -8355840 -8355840
XY 25426 -8355840 -8355840
XY 25434 -8355840 -8355840
XY 25442 -8355840 -8355840
XY 25451 -8355840 -8355840
XY 25459 -8355840 -8355840
XY 25467 -8355840 -8355840
XY 25475 -8355840 -8355840
XY 25483 -8355840 -8355840
XY 25491 -8355840 -8355840
XY 25499 -8355840 -8355840
XY 25507 -8355840 -8355840
XY 25515 -8355840 -8355840
XY 25523 -8355840 -8355840
XY 25531 -8355840 -8355840
XY 25539 -8355840 -8355840
XY 25547 -8355840 -8355840
XY 25555 -8355840 -8355840
XY 25563 -8355840 -8355840
XY 25571 -8355840 -8355840
XY 25579 -8355840 -8355840
XY 25587 -8355840 -8355840
XY 25595 -8355840 -8355840
XY 25603 -8355840 -8355840
XY 25611 -8355840 -8355840
XY 25619 -8355840 -8355840
XY 25627 -8355840 -8355840
XY 25635 -8355840 -8355840
XY 25643 -8355840 -8355840
XY 25651 -8355840 -8355840
XY 25659 -8355840 -8355840
XY 25667 -8355840 -8355840
XY 25675 -8355840 -8355840
XY 25683 -8355840 -8355840
XY 25691 -8355840 -8355840
XY 25699 -8355840 -8355840
XY 25707 -8355840 -8355840
XY 25715 -8355840 -8355840
XY 25723 -8355840 -8355840
XY 25731 -8355840 -8355840
XY 25739 -8355840 -8355840
XY 25747 -8355840 -8355840
XY 25756 -8355840 -8355840
XY 25764 -8355840 -8355840
XY 25772 -8355840 -8355840
XY 25780 -8355840 -8355840
XY 25788 -8355840 -8355840
XY 25796 -8355840 -8355840
XY 25804 -8355840 -8355840
XY 25812 -8355840 -8355840
XY 25820 -8355840 -8355840
XY 25828 -8355840 -8355840
XY 25836 -8355840 -8355840
XY 25844 -8355840 -8355840
XY 25852 -8355840 -8355840
XY 25860 -8355840 -8355840
XY 25868 -8355840 -8355840
XY 25876 -8355840 -8355840
XY 25884 -8355840 -8355840
XY 25892 -8355840 -8355840
XY 25900 -8355840 -8355840
XY 25908 -8355840 -8355840
XY 25916 -8355840 -8355840
XY 25924 -8355840 -8355840
XY 25932 -8355840 -8355840
XY 25940 -8355840 -8355840
XY 25948 -8355840 -8355840
XY 25956 -8355840 -8355840
XY 25964 -8355840 -8355840
XY 25972 -8355840 -8355840
XY 25980 -8355840 -8355840
XY 25988 -8355840 -8355840
XY 25996 -8355840 -8355840
XY 26004 -8355840 -8355840
XY 26012 -8355840 -8355840
XY 26020 -8355840 -8355840
XY 26028 -8355840 -8355840840
XY 26044 -8355840 -8355840
XY 26052 -8355840 -8355840
XY 26061 -8355840 -8355840
XY 26069 -8355840 -8355840
XY 26077 -8355840 -8355840
XY 26085 -8355840 -8355840
XY 26093 -8355840 -8355840
XY 26101 -8355840 -8355840
XY 26109 -8355840 -8355840
XY 26117 -8355840 -8355840
XY 26125 -8355840 -8355840
XY 26133 -8355840 -8355840
XY 26141 -8355840 -8355840
XY 26149 -8355840 -8355840
XY 26157 -8355840 -8355840
XY 26165 -8355840 -8355840
XY 26173 -8355840 -8355840
XY 26181 -8355840 -8355840
XY 26189 -8355840 -8355840
XY 26197 -8355840 -8355840
XY 26205 -8355840 -8355840
XY 26213 -8355840 -8355840
XY 26221 -8355840 -8355840
XY 26229 -8355840 -8355840
XY 26237 -8355840 -8355840
XY 26245 -8355840 -8355840
XY 26253 -8355840 -8355840
XY 26261 -8355840 -8355840
XY 26269 -8355840 -8355840
XY 26277 -8355840 -8355840
XY 26285 -8355840 -8355840
XY 26293 -8355840 -8355840
XY 26301 -8355840 -8355840
XY 26309 -8355840 -8355840
XY 26317 -8355840 -8355840
XY 26325 -8355840 -8355840
XY 26333 -8355840 -8355840
XY 26341 -8355840 -8355840
XY 26349 -8355840 -8355840
XY 26357 -8355840 -8355840
XY 26365 -8355840 -8355840
XY 26374 -8355840 -8355840
XY 26382 -8355840 -8355840
XY 26390 -8355840 -8355840
XY 26398 -8355840 -8355840
XY 26406 -8355840 -8355840
XY 26414 -8355840 -8355840
XY 26422 -8355840 -8355840
XY 26430 -8355840 -8355840
XY 26438 -8355840 -8355840
XY 26446 -8355840 -8355840
XY 26454 -8355840 -8355840
XY 65148 -8355840 -8355840
XY 65156 -8224198 -2500326
XY 65164 -8355840 -8355840
XY 65172 -8355840 -8355840
XY 65180 -1250110 -8355840
XY 65188 -8355840 -8355840
XY 65196 -8158309 -2302779
XY 65204 -8355840 -8355840
XY 65212 -8355840 -8355840
XY 65220 -1052920 -8355840
XY 65228 -8355840 -8355840
XY 65236 -7895203 -2105412
XY 65244 -8355840 -8355840
XY 65252 -8355840 -8355840
XY 65260 -1052743 -8355840
XY 65268 -8355840 -8355840
XY 65276 -7632021 -1052925
XY 65284 -8355840 -8355840
XY 65292 -8355840 -8355840
XY 65300 -1315919 -8355840
XY 65308 -8355840 -8355840
XY 65316 -7302920 -1118504
XY 65324 -8355840 -8355840
XY 65332 -8355840 -8355840
XY 65340 -1842211 -8355840
XY 65348 -8355840 -8355840
XY 65356 -6710997 -1052730
XY 65364 -8355840 -8355840
XY 65372 -8355840 -8224065
XY 65380 -2105460 -8355840
XY 65388 -8355840 -8355840
XY 65397 -6447765 -1184442
XY 65405 -8355840 -8355840
XY 65413 -8355840 -8026756
XY 65421 -2631789 -8355840
XY 65429 -8355840 -8355840
XY 65437 -6184518 -1381642
XY 65445 -8355840 -8355840
XY 65453 -8355840 -7697751
XY 65461 -2829248 -8355840
XY 65469 -8355840 -8355840
XY 65477 -4079342 -1776547
XY 65485 -8355840 -8355840
XY 65493 -8355840 -7303105
XY 65501 -3421240 -8355840
XY 65509 -8355840 -8355840
XY 65517 -3421257 -2434331
XY 65525 -8355840 -8355840
XY 65533 -8355840 -6974074
XY 65541 -3947569 -8355840
XY 65549 -8355840 -8355840
XY 65557 -3026461 -2566041
XY 65565 -8355840 -8355840
XY 65573 -8355840 -6250276
XY 65581 -3881820 -8355840
XY 65589 -8355840 -8355840
XY 65597 -2368721 -2960702
XY 65605 -8355840 -8355840
XY 65613 -8355840 -5724131
XY 65621 -4605608 -8355840
XY 65629 -8355840 -8355840
XY 65637 -921304 -3421410
XY 65645 -8355840 -8355840
XY 65653 -8355840 -5197819
XY 65661 -4934606 -8355840
XY 65669 -8355840 -8355840
XY 65677 -921169 -3684532
XY 65686 -8355840 -8355840
XY 65693 -8355840 -2763349
XY 65701 -4934521 -8355840
XY 65710 -8355840 -8355840
XY 65718 -855331 -4013488
XY 65726 -8355840 -8355840
XY 65734 -8355840 -1579128
XY 65742 -5395186 -8355840
XY 65750 -8355840 -8355840
XY 65758 -789545 -4408319
XY 65766 -8355840 -8355840
XY 65774 -8355840 -1118679
XY 65782 -5921472 -8355840
XY 65790 -8355840 -8355840
XY 65798 -658045 -4539689
XY 65806 -8355840 -8355840
XY 65814 -8355840 -921156
XY 65822 -6118761 -8355840
XY 65830 -8355840 -8355840
XY 65838 -657942 -5066145
XY 65846 -8355840 -8355840
XY 65854 -8355839 -855469
XY 65862 -6645047 -8355840
XY 65870 -8355840 -8355840
XY 65878 -657957 -5789933
XY 65886 -8355840 -8355840
XY 65894 -8158378 -855323
XY 65902 -7171461 -8355840
XY 65910 -8355840 -8355840
XY 65918 -592238 -5855681
XY 65926 -8355840 -8355840
XY 65934 -7631929 -789636
XY 65942 -7434540 -8355840
XY 65950 -8355840 -8355840
XY 65958 -526432 -6316219
XY 65966 -8355840 -8355840
XY 65974 -7039925 -723808
XY 65982 -8355616 -8355840
XY 65990 -8355840 -8355840
XY 65999 -526452 -6645089
XY 66006 -8355840 -8355840
XY 66015 -6710797 -723810
XY 66023 -8355840 -8355840
XY 66031 -8355840 -8355791
XY 66039 -526450 -6974088
XY 66047 -8355840 -8355840
XY 66055 -6382051 -723793
XY 66063 -8355840 -8355840
XY 66071 -8355840 -8355633
XY 66079 -592248 -8289825
XY 66087 -8355840 -8355840
XY 66095 -6316084 -789639
XY 66103 -8355840 -8355840
XY 66111 -8355840 -8289878
XY 66119 -657970 -8355616
XY 66127 -8355840 -8355840
XY 66135 -6184632 -855342
XY 66143 -8355840 -8355840
XY 66151 -8355840 -8158240
XY 66159 -657995 -8355786
XY 66167 -8355840 -8355840
XY 66175 -5855510 -789626
XY 66183 -8355840 -8355840
XY 66191 -8355840 -7763546
XY 66199 -658061 -8355840
XY 66207 -8355840 -8355840
XY 66215 -5592359 -789669
XY 66223 -8355840 -8355840
XY 66231 -8355840 -7829310
XY 66239 -855528 -8355840
XY 66247 -8355840 -8355840
XY 66255 -5460986 -789755
XY 66263 -8355840 -8355840
XY 66271 -8355840 -7697710
XY 66279 -1579174 -8355840
XY 66287 -8355840 -8355840
XY 66295 -5197776 -789619
XY 66303 -8355840 -8355840
XY 66312 -8355840 -7500454
XY 66320 -1908129 -8355840
XY 66328 -8355840 -8355840
XY 66336 -4934508 -1052877
XY 66344 -8355840 -8355840
XY 66352 -8355840 -7697798
XY 66360 -2434331 -8355840
XY 66368 -8355840 -8355840
XY 66376 -4802872 -1250178
XY 66384 -8355840 -8355840
XY 66392 -8355840 -7632051
XY 66400 -2763456 -8355840
XY 66408 -8355840 -8355840
XY 66416 -4539780 -1710756
XY 66424 -8355840 -8355840
XY 66432 -8355840 -7632092
XY 66440 -3355576 -8355840
XY 66448 -8355840 -8355840
XY 66456 -5789746 -2368582
XY 66464 -8355840 -8355840
XY 66472 -8355840 -7763492
XY 66480 -3881905 -8355840
XY 66488 -8355840 -8355840
XY 66496 -5526678 -2565913
XY 66504 -8355840 -8355840
XY 66512 -8355840 -7829413
XY 66520 -4079279 -8355840
XY 66528 -8355840 -8355840
XY 66536 -5329199 -3026578
XY 66544 -8355840 -8355840
XY 66552 -8355840 -7895158
XY 66560 -4605693 -8355840
XY 66568 -8355840 -8355840
XY 66576 -4868724 -3684489
XY 66584 -8355840 -8355840
XY 66592 -8355840 -7961083
XY 66601 -5131894 -8355840
XY 66608 -8355840 -8355840
XY 66616 -5132012 -3816157
XY 66625 -8355840 -8355840
XY 66633 -8355840 -7829485
XY 66641 -5460892 -8355840
XY 66649 -8355840 -8355840
XY 66657 -4934559 -4342528
XY 66665 -8355840 -8355840
XY 66673 -8355840 -7303163
XY 66681 -6052884 -8355840
XY 66689 -8355840 -8355840
XY 66697 -4671329 -4868772
XY 66705 -8355840 -8355840
XY 66713 -8355840 -7237204
XY 66721 -6447759 -8355840
XY 66729 -8355840 -8355840
XY 66737 -987134 -5132021
XY 66745 -8355840 -8355840
XY 66753 -8355840 -6842418
XY 66761 -6776757 -8355840
XY 66769 -8355840 -8355840
XY 66777 -1052876 -5658138
XY 66785 -8355840 -8355840
XY 66793 -8355840 -6184641
XY 66801 -7171333 -8355840
XY 66809 -8355840 -8355840
XY 66817 -3487109 -6184637
XY 66825 -8355840 -8355840
XY 66833 -8355840 -5789868
XY 66841 -8289910 -8355840
XY 66849 -8355840 -8355840
XY 66857 -3421283 -6382053
XY 66865 -8355840 -8355840
XY 66873 -8355840 -4934477
XY 66881 -8355701 -8355840
XY 66889 -8355840 -8355840
XY 66897 -2829061 -6842463
XY 66905 -8355840 -8355840
XY 66913 -8355840 -1052726
XY 66921 -8355840 -8355840
XY 66930 -8355840 -8355840
XY 66938 -2368686 -6974173
XY 66946 -8355840 -8355840
XY 66954 -8355840 -3289642
XY 66962 -8355840 -8355840
XY 66970 -8355840 -8355840
XY 66978 -1973914 -7368707
XY 66986 -8355840 -8355840
XY 66994 -8355840 -1052711
XY 67002 -8355840 -8355840
XY 67010 -8355840 -8355840
XY 67018 -1513308 -8355616
XY 67026 -8355840 -8355840
XY 67034 -8224117 -986989
XY 67042 -8355840 -8355840
XY 67050 -8355840 -8355840
XY 67058 -789677 -8355701
XY 67066 -8355840 -8355840
XY 67074 -7895234 -1118491
XY 67082 -8355840 -8355840
XY 67090 -8355840 -8355840
XY 67098 -921105 -8355840
XY 67106 -8355840 -8355840
XY 67114 -7434684 -921139
XY 67122 -8355840 -8355840
XY 67130 -8355840 -8355840
XY 67138 -789695 -8355840
XY 67146 -8355840 -8355840
XY 67154 -6974199 -921316
XY 67162 -8355840 -8355840
XY 67170 -8355840 -8289935
XY 67178 -1118621 -8355840
XY 67186 -8355840 -8355840
XY 67194 -6579203 -855407
XY 67202 -8355840 -8355840
XY 67210 -8355840 -8092443
XY 67219 -1644837 -8355840
XY 67226 -8355840 -8355840
XY 67234 -5263437 -789613
XY 67243 -8355840 -8355840
XY 67251 -8355840 -7434642
XY 67259 -1644837 -8355840
XY 67267 -8355840 -8355840
XY 67275 -4473911 -789535
XY 67283 -8355840 -8355840
XY 67291 -8355840 -6184637
XY 67299 -2105503 -8355840
XY 67307 -8355840 -8355840
XY 67315 -3618628 -987080
XY 67323 -8355840 -8355840
XY 67331 -8355840 -5724020
XY 67339 -2631747 -8355840
XY 67347 -8355840 -8355840
XY 67355 -3223879 -1381679
XY 67363 -8355840 -8355840
XY 67371 -8355840 -5000394
XY 67379 -2829077 -8355840
XY 67387 -8355840 -8355840
XY 67395 -2631773 -1579131
XY 67403 -8355840 -8355840
XY 67411 -8355840 -4145013
XY 67419 -3158118 -8355840
XY 67427 -8355840 -8355840
XY 67435 -1973772 -2105460
XY 67443 -8355840 -8355840
XY 67451 -8355840 -3552898
XY 67459 -3618613 -8355840
XY 67467 -8355840 -8355840
XY 67475 -987113 -2105588
XY 67483 -8355840 -8355840
XY 67491 -8355840 -2697498
XY 67499 -3816114 -8355840
XY 67507 -8355840 -8355840
XY 67515 -855360 -2434501
XY 67523 -8355840 -8355840
XY 67532 -8355840 -1184267
XY 67539 -4276482 -8355840
XY 67548 -8355840 -8355840
XY 67556 -658169 -2960787
XY 67564 -8355840 -8355840
XY 67572 -8355840 -789593
XY 67580 -4868644 -8355840
XY 67588 -8355840 -8355840
XY 67596 -592299 -3289615
XY 67604 -8355840 -8355840
XY 67612 -8355840 -658142
XY 67620 -5066230 -8355840
XY 67628 -8355840 -8355840
XY 67636 -394788 -3816029
XY 67644 -8355840 -8355840
XY 67652 -8026755 -394959
XY 67660 -5460977 -8355840
XY 67668 -8355840 -8355840
XY 67676 -263293 -4144985
XY 67684 -8355840 -8355840
XY 67692 -7368939 -329044
XY 67700 -5855681 -8355840
XY 67708 -8355840 -8355840
XY 67716 -197587 -4408234
XY 67724 -8355840 -8355840
XY 67732 -6645016 -328974
XY 67740 -6184679 -8355840
XY 67748 -8355840 -8092448
XY 67756 -197608 -5000227
XY 67764 -8355840 -8355840
XY 67772 -6447710 -329107
XY 67780 -6710923 -8355840
XY 67788 -8355840 -8289932
XY 67796 -263349 -5723929
XY 67804 -8355840 -8355840
XY 67812 -6513471 -526554
XY 67820 -7171461 -8355840
XY 67828 -8355840 -8224044
XY 67836 -394975 -5855639
XY 67845 -8355840 -8355840
XY 67852 -6447654 -592358
XY 67861 -7566335 -8355840
XY 67869 -8355840 -8224072
XY 67877 -526337 -6381840
XY 67885 -8355840 -8355840
XY 67893 -6645029 -723747
XY 67901 -8355786 -8355840
XY 67909 -8355840 -8355840
XY 67917 -526532 -7105627
XY 67925 -8355840 -8355840
XY 67933 -6579328 -789625
XY 67941 -8355840 -8355840
XY 67949 -8355840 -8355767
XY 67957 -592255 -7500544
XY 67965 -8355840 -8355840
XY 67973 -6381904 -789711
XY 67981 -8355840 -8355840
XY 67989 -8355840 -8355671
XY 67997 -657944 -8355616
XY 68005 -8355840 -8355840
XY 68013 -6184463 -789589
XY 68021 -8355840 -8355840
XY 68029 -8355840 -8289797
XY 68037 -658022 -8355840
XY 68045 -8355840 -8355840
XY 68053 -6053065 -855310
XY 68061 -8355840 -8355840
XY 68069 -8355840 -8158308
XY 68077 -658141 -8355840
XY 68085 -8355840 -8355840
XY 68093 -5855647 -855349
XY 68101 -8355840 -8355840
XY 68109 -8355840 -7960929
XY 68117 -855496 -8355840
XY 68125 -8355840 -8355840
XY 68134 -5658181 -789691
XY 68141 -8355840 -8355840
XY 68149 -8355840 -8092435
XY 68158 -1447592 -8355840
XY 68166 -8355840 -8355840
XY 68174 -5526657 -855348
XY 68182 -8355840 -8355840
XY 68190 -8355840 -7895233
XY 68198 -1908044 -8355840
XY 68206 -8355840 -8355840
XY 68214 -5131821 -921207
XY 68222 -8355840 -8355840
XY 68230 -8355840 -7829311
XY 68238 -2236957 -8355840
XY 68246 -8355840 -8355840
XY 68254 -5000266 -1381694
XY 68262 -8355840 -8355840
XY 68270 -8355840 -7961069
XY 68278 -2895081 -8355840
XY 68286 -8355840 -8355840
XY 68294 -6447664 -1710671
XY 68302 -8355840 -8355840
XY 68310 -8355840 -8158315
XY 68318 -3289700 -8355840
XY 68326 -8355840 -8355840
XY 68334 -6250342 -2171166
XY 68342 -8355840 -8355840
XY 68350 -8355840 -7961025
XY 68358 -3750366 -8355840
XY 68366 -8355840 -8355840
XY 68374 -5789703 -2697665
XY 68382 -8355840 -8355840
XY 68390 -8355840 -8092653
XY 68398 -4276694 -8355840
XY 68406 -8355840 -8355840
XY 68414 -5526601 -2960745
XY 68422 -8355840 -8355840
XY 68430 -8355840 -8158413
XY 68438 -4539731 -8355840
XY 68446 -8355840 -8355840
XY 68454 -5131819 -3421368
XY 68462 -8355840 -8355840
XY 68471 -8355840 -7961087
XY 68479 -5066103 -8355840
XY 68487 -8355840 -8355840
XY 68495 -4671306 -4013317
XY 68503 -8355840 -8355840
XY 68511 -8355840 -7697695
XY 68519 -5526683 -8355840
XY 68527 -8355840 -8355840
XY 68535 -4144933 -4079321
XY 68543 -8355840 -8355840
XY 68551 -8355840 -6842378
XY 68559 -5724141 -8355840
XY 68567 -8355840 -8355840
XY 68575 -3355602 -4737232
XY 68583 -8355840 -8355840
XY 68591 -8355840 -5789792
XY 68599 -5987263 -8355840
XY 68607 -8355840 -8355840
XY 68615 -855407 -5131936
XY 68623 -8355840 -8355840
XY 68631 -8355840 -4802860
XY 68639 -6579298 -8355840
XY 68647 -8355840 -8355840
XY 68655 -855428 -5329225
XY 68663 -8355840 -8355840
XY 68671 -8355840 -1710764
XY 68679 -6513550 -8355840
XY 68687 -8355840 -8355840
XY 68695 -855538 -5789933
XY 68703 -8355840 -8355840
XY 68711 -8355840 -921090
XY 68719 -7237295 -8355840
XY 68727 -8355840 -8355840
XY 68735 -855347 -6381840
XY 68743 -8355840 -8355840
XY 68751 -8355840 -921189
XY 68760 -8289825 -8355840
XY 68767 -8355840 -8355840
XY 68776 -789747 -6710796
XY 68784 -8355840 -8355840
XY 68792 -8355840 -921210
XY 68800 -8355786 -8355840
XY 68808 -8355840 -8355840
XY 68816 -789553 -6842505
XY 68824 -8355840 -8355840
XY 68832 -8289960 -855534
XY 68840 -8355840 -8355840
XY 68848 -8355840 -8355840
XY 68856 -789654 -7039836
XY 68864 -8355840 -8355840
XY 68872 -7961009 -855507
XY 68880 -8355840 -8355840
XY 68888 -8355840 -8355840
XY 68896 -789544 -7237124
XY 68904 -8355840 -8355840
XY 68912 -7303150 -789727
XY 68920 -8355840 -8355840
XY 68928 -8355840 -8355840
XY 68936 -658011 -8355616
XY 68944 -8355840 -8355840
XY 68952 -6579378 -789713
XY 68960 -8355840 -8355840
XY 68968 -8355840 -8289948
XY 68976 -592373 -8355743
XY 68984 -8355840 -8355840
XY 68992 -5789799 -789754
XY 69000 -8355840 -8355840
XY 69008 -8355840 -8092512
XY 69016 -592242 -8355840
XY 69024 -8355840 -8355840
XY 69032 -5395101 -789621
XY 69040 -8355840 -8355840
XY 69048 -8355840 -7566113
XY 69056 -592148 -8355840
XY 69065 -8355840 -8355840
XY 69072 -4934406 -723904
XY 69080 -8355840 -8355840
XY 69089 -8355840 -6776814
XY 69097 -1052777 -8355840
XY 69105 -8355840 -8355840
XY 69113 -4276722 -723855
XY 69121 -8355840 -8355840
XY 69129 -8355840 -6447626
XY 69137 -1250261 -8355840
XY 69145 -8355840 -8355840
XY 69153 -3947618 -658095
XY 69161 -8355840 -8355840
XY 69169 -8355840 -5460981
XY 69177 -1381758 -8355840
XY 69185 -8355840 -8355840
XY 69193 -3355464 -723727
XY 69201 -8355840 -8355840
XY 69209 -8355840 -4737173
### phase: cue 'CIRCLE THE NUB NOW' at 2026-10-01T21:19:12.3093491+03:00
XY 69217 -2236957 -8355840
XY 69225 -8355840 -8355840
XY 69233 -2566067 -789684
XY 69241 -8355840 -8355840
XY 69249 -8355840 -4079210
XY 69257 -2368540 -8355840
XY 69265 -8355840 -8355840
XY 69273 -1973958 -789562
XY 69281 -8355840 -8355840
XY 69289 -8355840 -3158253
XY 69297 -2631747 -8355840
XY 69305 -8355840 -8355840
XY 69313 -921213 -1250176
XY 69321 -8355840 -8355840
XY 69329 -8355840 -2566030
XY 69337 -3092412 -8355840
XY 69345 -8355840 -8355840
XY 69353 -789676 -1908044
XY 69361 -8355840 -8355840
XY 69369 -8355840 -2302754
XY 69377 -3618656 -8355840
XY 69385 -8355840 -8355840
XY 69394 -789550 -2105503
XY 69402 -8355840 -8355840
XY 69410 -8355840 -1579026
XY 69418 -3947696 -8355840
XY 69426 -8355840 -8355840
XY 69434 -657984 -2631789
XY 69442 -8355840 -8355840
XY 69450 -8355840 -921247
XY 69458 -4474110 -8355840
XY 69466 -8355840 -8355840
XY 69474 -592237 -3158246
XY 69482 -8355840 -8355840
XY 69490 -8355840 -855320
XY 69498 -5066230 -8355840
XY 69506 -8355840 -8355840
XY 69514 -592168 -3552865
XY 69522 -8355840 -8355840
XY 69530 -8355840 -921250
XY 69538 -5395101 -8355840
XY 69546 -8355840 -8355840
XY 69554 -658079 -4210818
XY 69562 -8355840 -8355840
XY 69570 -8355840 -986960
XY 69578 -5855554 -8355840
XY 69586 -8355840 -8355840
XY 69594 -658001 -4934521
XY 69602 -8355840 -8355840
XY 69610 -8355840 -921242
XY 69618 -6316219 -8355840
XY 69626 -8355840 -8355840
XY 69634 -723810 -5395143
XY 69642 -8355840 -8355840
XY 69650 -8355840 -921253
XY 69658 -6645217 -8355840
XY 69666 -8355840 -8355840
XY 69674 -723942 -5789848
XY 69682 -8355840 -8355840
XY 69691 -8355734 -921106
XY 69699 -7105670 -8355840
XY 69707 -8355840 -8355840
XY 69715 -723873 -6579426
XY 69723 -8355840 -8355840
XY 69731 -8289885 -855549
XY 69739 -8355658 -8355840
XY 69747 -8355840 -8355840
XY 69755 -789552 -6579426
XY 69763 -8355840 -8355840
XY 69771 -8158312 -921104
XY 69779 -8355786 -8355840
XY 69787 -8355840 -8355840
XY 69795 -789747 -6842548
XY 69803 -8355840 -8355840
XY 69811 -7960998 -855468
XY 69819 -8355840 -8355840
XY 69827 -8355840 -8355840
XY 69835 -1250051 -7697875
XY 69843 -8355840 -8355840
XY 69851 -7697802 -921224
XY 69859 -8355840 -8355840
XY 69867 -8355840 -8355840
XY 69875 -789516 -8355616
XY 69883 -8355840 -8355840
XY 69891 -7434519 -921137
XY 69899 -8355840 -8355840
XY 69907 -8355840 -8355840
XY 69915 -789560 -8355840
XY 69923 -8355840 -8355840
XY 69931 -7039952 -921283
XY 69939 -8355840 -8355840
XY 69947 -8355840 -8355840
XY 69955 -723947 -8355840
XY 69963 -8355840 -8355840
XY 69971 -6579364 -921144
XY 69979 -8355840 -8355840
XY 69988 -8355840 -8355784
XY 69996 -789651 -8355840
XY 70004 -8355840 -8355840
XY 70012 -6052957 -921248
XY 70020 -8355840 -8355840
XY 70028 -8355840 -8158386
XY 70036 -1184409 -8355840
XY 70044 -8355840 -8355840
XY 70052 -5526570 -855423
XY 70060 -8355840 -8355840
XY 70068 -8355840 -8026731
XY 70076 -1908044 -8355840
XY 70084 -8355840 -8355840
XY 70092 -5197664 -855351
XY 70100 -8355840 -8355840
XY 70108 -8355840 -7829275
XY 70116 -2237085 -8355840
XY 70124 -8355840 -8355840
XY 70132 -4802855 -1118513
XY 70140 -8355840 -8355840
XY 70148 -8355840 -7697860
XY 70156 -2631704 -8355840
XY 70164 -8355840 -8355840
XY 70172 -4342491 -1579131
XY 70180 -8355840 -8355840
XY 70188 -8355840 -7632075
XY 70196 -3092242 -8355840
XY 70204 -8355840 -8355840
XY 70212 -4013503 -1842296
XY 70220 -8355840 -8355840
XY 70228 -8355840 -7434500
XY 70236 -3421410 -8355840
XY 70244 -8355840 -8355840
XY 70252 -3486977 -2302919
XY 70260 -8355840 -8355840
XY 70268 -8355840 -6974191
XY 70276 -3881905 -8355840
XY 70284 -8355840 -8355840
XY 70292 -2894995 -2829248
XY 70300 -8355840 -8355840
XY 70308 -8355840 -6513481
XY 70317 -4276482 -8355840
XY 70325 -8355840 -8355840
XY 70333 -2500344 -3158161
XY 70341 -8355840 -8355840
XY 70349 -8355840 -6118834
XY 70357 -4605522 -8355840
XY 70365 -8355840 -8355840
XY 70373 -2039665 -3487201
XY 70381 -8355840 -8355840
XY 70389 -8355840 -5460738
XY 70397 -4868814 -8355840
XY 70405 -8355840 -8355840
XY 70413 -1184474 -4144900
XY 70421 -8355840 -8355840
XY 70429 -8355840 -4868693
XY 70437 -5724014 -8355840
XY 70445 -8355840 -8355840
XY 70453 -855538 -4276482
XY 70461 -8355840 -8355840
XY 70469 -8355840 -2171384
XY 70477 -5723971 -8355840
XY 70485 -8355840 -8355840
XY 70493 -723950 -4539859
XY 70501 -8355840 -8355840
XY 70509 -8355840 -986893
XY 70517 -5987221 -8355840
XY 70525 -8355840 -8355840
XY 70533 -789676 -5197600
XY 70541 -8355840 -8355840
XY 70549 -8355840 -921209
XY 70557 -6316176 -8355840
XY 70565 -8355840 -8355840
XY 70573 -658121 -5460892
XY 70581 -8355840 -8355840
XY 70589 -8355840 -855531
XY 70597 -6710966 -8355840
XY 70606 -8355840 -8355840
XY 70613 -658043 -5526598
XY 70622 -8355840 -8355840
XY 70630 -8026872 -789659
XY 70638 -7039836 -8355840
XY 70646 -8355840 -8355840
XY 70654 -526552 -6513465
XY 70662 -8355840 -8355840
XY 70670 -7697751 -789592
XY 70678 -8224246 -8355840
XY 70686 -8355840 -8355840
XY 70694 -526485 -6447631
XY 70702 -8355840 -8355840
XY 70710 -7171494 -723872
XY 70718 -8289995 -8355840
XY 70726 -8355840 -8355840
XY 70734 -526418 -6645217
XY 70742 -8355840 -8355840
XY 70750 -6579361 -723737
XY 70758 -8355840 -8355840
XY 70766 -8355840 -8355769
XY 70774 -526365 -7171333
XY 70782 -8355840 -8355840
XY 70790 -5987209 -592341
XY 70798 -8355840 -8355840
XY 70806 -8355840 -8026800
XY 70814 -460608 -7697790
XY 70822 -8355840 -8355840
XY 70830 -5592568 -592148
XY 70838 -8355840 -8355840
XY 70846 -8355840 -7368855
XY 70854 -460550 -8355701
XY 70862 -8355840 -8355840
XY 70870 -4934561 -592219
XY 70878 -8355840 -8355840
XY 70886 -8355840 -6645213
XY 70894 -394896 -8355840
XY 70902 -8355840 -8355840
XY 70911 -4539691 -592160
XY 70918 -8355840 -8355840
XY 70927 -8355840 -6382068
XY 70935 -460782 -8355840
XY 70943 -8355840 -8355840
XY 70951 -4210864 -526555
XY 70959 -8355840 -8355840
XY 70967 -8355840 -5723953
XY 70975 -526410 -8355840
XY 70983 -8355840 -8355840
XY 70991 -3618695 -460800
XY 70999 -8355840 -8355840
XY 71007 -8355840 -4934626
XY 71015 -723842 -8355840
XY 71023 -8355840 -8355840
XY 71031 -2960860 -460729
XY 71039 -8355840 -8355840
XY 71047 -8355840 -4737085
XY 71055 -1250133 -8355840
XY 71063 -8355840 -8355840
XY 71071 -2829074 -460747
XY 71079 -8355840 -8355840
XY 71087 -8355840 -4210738
XY 71095 -1579174 -8355840
XY 71103 -8355840 -8355840
XY 71111 -2237167 -526461
XY 71119 -8355840 -8355840
XY 71127 -8355840 -3421429
XY 71135 -2039754 -8355840
XY 71143 -8355840 -8355840
XY 71151 -1513329 -855320
XY 71159 -8355840 -8355840
XY 71167 -8355840 -3224023
XY 71175 -2697580 -8355840
XY 71183 -8355840 -8355840
XY 71191 -1250277 -1184385
XY 71199 -8355840 -8355840
XY 71207 -8355840 -2895061
XY 71215 -3092369 -8355840
XY 71224 -8355840 -8355840
XY 71232 -921233 -1776420
XY 71240 -8355840 -8355840
XY 71248 -8355840 -2631700
XY 71256 -3552865 -8355840
XY 71264 -8355840 -8355840
XY 71272 -921162 -2500164
XY 71280 -8355840 -8355840
XY 71288 -8355840 -2697496
XY 71296 -4079321 -8355840
XY 71304 -8355840 -8355840
XY 71312 -855418 -2960830
XY 71320 -8355840 -8355840
XY 71328 -8355840 -2434372
XY 71336 -4539689 -8355840
XY 71344 -8355840 -8355840
XY 71352 -855322 -3684447
XY 71360 -8355840 -8355840
XY 71368 -8355840 -2039652
XY 71376 -5132021 -8355840
XY 71384 -8355840 -8355840
XY 71392 -789578 -4210776
XY 71400 -8355840 -8355840
XY 71408 -8355840 -2105453
XY 71416 -5658180 -8355840
XY 71424 -8355840 -8355840
XY 71432 -789710 -4408107
XY 71440 -8355840 -8355840
XY 71448 -8355840 -1579156
XY 71456 -5987263 -8355840
XY 71464 -8355840 -8355840
XY 71472 -855298 -4934563
XY 71480 -8355840 -8355840
XY 71488 -8355840 -1184265
XY 71496 -6447759 -8355840
XY 71504 -8355840 -8355840
XY 71513 -789681 -5460849
XY 71520 -8355840 -8355840
XY 71528 -8355840 -921314
XY 71537 -6776799 -8355840
XY 71545 -8355840 -8355840
XY 71553 -789664 -5855596
XY 71561 -8355840 -8355840
XY 71569 -8355840 -855548
XY 71577 -7039836 -8355840
XY 71585 -8355840 -8355840
XY 71593 -723835 -6184637
XY 71601 -8355840 -8355840
XY 71609 -8092668 -855342
XY 71617 -8289995 -8355840
XY 71625 -8355840 -8355840
XY 71633 -723756 -6710796
XY 71641 -8355840 -8355840
XY 71649 -7895276 -855484
XY 71657 -8355828 -8355840
XY 71665 -8355840 -8355840
XY 71673 -658042 -6974088
XY 71681 -8355840 -8355840
XY 71689 -7566218 -855469
XY 71697 -8355840 -8355840
XY 71705 -8355840 -8355840
XY 71713 -658110 -7105712
XY 71721 -8355840 -8355840
XY 71729 -7171375 -855351
XY 71737 -8355840 -8355840
XY 71745 -8355840 -8355840
XY 71753 -658041 -8290037
XY 71761 -8355840 -8355840
XY 71769 -6710796 -855343
XY 71777 -8355840 -8355840
XY 71785 -8355840 -8355840
XY 71793 -592326 -8355701
XY 71801 -8355840 -8355840
XY 71809 -5987279 -789736
XY 71817 -8355840 -8355840
XY 71825 -8355840 -8092484
XY 71833 -592228 -8355840
XY 71841 -8355840 -8355840
XY 71850 -5329377 -789661
XY 71858 -8355840 -8355840
XY 71866 -8355840 -7697672
XY 71874 -592216 -8355840
XY 71882 -8355840 -8355840
XY 71890 -4934464 -789519
XY 71898 -8355840 -8355840
XY 71906 -8355840 -6908189
XY 71914 -657929 -8355840
XY 71922 -8355840 -8355840
XY 71930 -4342285 -723826
XY 71938 -8355840 -8355840
XY 71946 -8355840 -6184501
XY 71954 -1052787 -8355840
XY 71962 -8355840 -8355840
XY 71970 -3684394 -658160
XY 71978 -8355840 -8355840
XY 71986 -8355840 -5592551
XY 71994 -1842211 -8355840
XY 72002 -8355840 -8355840
XY 72010 -3223926 -657960
XY 72018 -8355840 -8355840
XY 72026 -8355840 -4934526
XY 72034 -1776505 -8355840
XY 72042 -8355840 -8355840
XY 72050 -2697654 -723875
XY 72058 -8355840 -8355840
XY 72066 -8355840 -4079286
XY 72074 -2237042 -8355840
XY 72082 -8355840 -8355840
XY 72090 -2039769 -1250091
XY 72098 -8355840 -8355840
XY 72106 -8355840 -3684490
XY 72114 -2763499 -8355840
XY 72122 -8355840 -8355840
XY 72130 -1579083 -1250261
XY 72139 -8355840 -8355840
XY 72146 -8355840 -2960718
XY 72154 -3092327 -8355840
XY 72163 -8355840 -8355840
XY 72171 -789632 -1710841
XY 72179 -8355840 -8355840
XY 72187 -8355840 -2171371
XY 72195 -3552950 -8355840
XY 72203 -8355840 -8355840
XY 72211 -723951 -2368540
XY 72219 -8355840 -8355840
XY 72227 -8355840 -1908201
XY 72235 -4144985 -8355840
XY 72243 -8355840 -8355840
XY 72251 -723726 -2631747
XY 72259 -8355840 -8355840
XY 72267 -8355840 -1184495
XY 72275 -4473940 -8355840
XY 72283 -8355840 -8355840
XY 72291 -592304 -3223952
XY 72299 -8355840 -8355840
XY 72307 -8355840 -855431
XY 72315 -5000227 -8355840
XY 72323 -8355840 -8355840
XY 72331 -592333 -3750238
XY 72339 -8355840 -8355840
XY 72347 -8355840 -921142
XY 72355 -5526598 -8355840
XY 72363 -8355840 -8355840
XY 72371 -592264 -4013360
XY 72379 -8355840 -8355840
XY 72387 -8355840 -855330
XY 72395 -5789720 -8355840
XY 72403 -8355840 -8355840
XY 72411 -592277 -4473940
XY 72419 -8355840 -8355840
XY 72427 -8289947 -855309
XY 72435 -6184637 -8355840
XY 72443 -8355840 -8355840
XY 72452 -592350 -5197813
XY 72459 -8355840 -8355840
XY 72468 -8224199 -855316
XY 72476 -6776672 -8355840
XY 72484 -8355840 -8355840
XY 72492 -592346 -5460807
XY 72500 -8355840 -8355840
XY 72508 -8026668 -789664
XY 72516 -7039921 -8355840
XY 72524 -8355840 -8355840
XY 72532 -592216 -5987178
XY 72540 -8355840 -8355840
XY 72548 -7697772 -855438
XY 72556 -8289867 -8355840
XY 72564 -8355840 -8355840
XY 72572 -657934 -6579426
XY 72580 -8355840 -8355840
XY 72588 -7566101 -855434
XY 72596 -8355840 -8355840
XY 72604 -8355840 -8355840
XY 72612 -657961 -6776587
XY 72620 -8355840 -8355840
XY 72628 -7237315 -855449
XY 72636 -8355840 -8355840
XY 72644 -8355840 -8355840
XY 72652 -723791 -7105670
XY 72660 -8355840 -8355840
XY 72668 -7105552 -855427
XY 72676 -8355840 -8355840
XY 72684 -8355840 -8355840
XY 72692 -658115 -8290037
XY 72700 -8355840 -8355840
XY 72708 -6710938 -855415
XY 72716 -8355840 -8355840
XY 72724 -8355840 -8355840
XY 72732 -592367 -8355743
XY 72740 -8355840 -8355840
XY 72748 -6316262 -855396
XY 72756 -8355840 -8355840
XY 72765 -8355840 -8224251
XY 72773 -658067 -8355840
XY 72781 -8355840 -8355840
XY 72789 -5855737 -855344
XY 72797 -8355840 -8355840
XY 72805 -8355840 -8158288
XY 72813 -723838 -8355840
XY 72821 -8355840 -8355840
XY 72829 -5592566 -855371
XY 72837 -8355840 -8355840
XY 72845 -8355840 -7895074
XY 72853 -855534 -8355840
XY 72861 -8355840 -8355840
XY 72869 -5131969 -789666
XY 72877 -8355840 -8355840
XY 72885 -8355840 -7500399
XY 72893 -1513425 -8355840
XY 72901 -8355840 -8355840
XY 72909 -4671488 -789657
XY 72917 -8355840 -8355840
XY 72925 -8355840 -7303156
XY 72933 -1908087 -8355840
XY 72941 -8355840 -8355840
XY 72949 -4342369 -855343
XY 72957 -8355840 -8355840
XY 72965 -8355840 -6908212
XY 72973 -2237085 -8355840
XY 72981 -8355840 -8355840
XY 72989 -3684548 -1118709
XY 72997 -8355840 -8355840
XY 73005 -8355840 -6316067
XY 73013 -2631917 -8355840
XY 73021 -8355840 -8355840
XY 73029 -2960706 -1710714
XY 73037 -8355840 -8355840
XY 73045 -8355840 -4934499
XY 73054 -3223952 -8355840
XY 73061 -8355840 -8355840
XY 73069 -2434443 -1710841
XY 73078 -8355840 -8355840
XY 73086 -8355840 -4079179
XY 73094 -3487074 -8355840
XY 73102 -8355840 -8355840
XY 73110 -1513353 -2302749
XY 73118 -8355840 -8355840
XY 73126 -8355840 -3158250
XY 73134 -3881820 -8355840
XY 73142 -8355840 -8355840
XY 73150 -921294 -2763286
XY 73158 -8355840 -8355840
XY 73166 -8355840 -2631848
XY 73174 -4342273 -8355840
XY 73182 -8355840 -8355840
XY 73190 -855501 -2697708
XY 73198 -8355840 -8355840
XY 73206 -8355840 -1513461
XY 73214 -4737062 -8355840
XY 73222 -8355840 -8355840
XY 73230 -723875 -3355576
XY 73238 -8355840 -8355840
XY 73246 -8355840 -986932
XY 73254 -5395016 -8355840
XY 73262 -8355840 -8355840
XY 73270 -723758 -4013360
XY 73278 -8355840 -8355840
XY 73286 -8355840 -986948
XY 73294 -5658138 -8355840
XY 73302 -8355840 -8355840
XY 73310 -592338 -4145070
XY 73318 -8355840 -8355840
XY 73326 -8355840 -855497
XY 73334 -5987136 -8355840
XY 73342 -8355840 -8355840
XY 73350 -592156 -4737062
XY 73358 -8355840 -8355840
XY 73367 -8355588 -855393
XY 73374 -6381840 -8355840
XY 73382 -8355840 -8355840
XY 73391 -592194 -5329395
XY 73399 -8355840 -8355840
XY 73407 -8026833 -789571
XY 73415 -6776799 -8355840
XY 73423 -8355840 -8355840
XY 73431 -592149 -5526641
XY 73439 -8355840 -8355840
XY 73447 -7566092 -723719
XY 73455 -7171418 -8355840
XY 73463 -8355840 -8355840
XY 73471 -526398 -5987263
XY 73479 -8355840 -8355840
XY 73487 -6908341 -658018
XY 73495 -8224119 -8355840
XY 73503 -8355840 -8355840
XY 73511 -460662 -6513592
XY 73519 -8355840 -8355840
XY 73527 -6579346 -592350
XY 73535 -8355701 -8355840
XY 73543 -8355840 -8158444
XY 73551 -460675 -6645132
XY 73559 -8355840 -8355840
XY 73567 -6052878 -592283
XY 73575 -8355840 -8355840
XY 73583 -8355840 -7697862
XY 73591 -460755 -7171461
XY 73599 -8355840 -8355840
XY 73607 -5526719 -592234
XY 73615 -8355840 -8355840
XY 73623 -8355840 -7566199
XY 73631 -394988 -8224119
XY 73639 -8355840 -8355840
XY 73647 -5394971 -592321
XY 73655 -8355840 -8355840
XY 73663 -8355840 -7303026
XY 73671 -460650 -8290037
XY 73680 -8355840 -8355840
XY 73687 -5131889 -658052
XY 73696 -8355840 -8355840
XY 73704 -8355840 -6974058
XY 73712 -460755 -8355840
XY 73720 -8355840 -8355840
XY 73728 -4802945 -658056
XY 73736 -8355840 -8355840
XY 73744 -8355840 -6974162
XY 73752 -526377 -8355840
XY 73760 -8355840 -8355840
XY 73768 -4671486 -723922
XY 73776 -8355840 -8355840
XY 73784 -8355840 -6710973
XY 73792 -592335 -8355840
XY 73800 -8355840 -8355840
XY 73808 -4473977 -723962
XY 73816 -8355840 -8355840
XY 73824 -8355840 -6316194
XY 73832 -1184470 -8355840
XY 73840 -8355840 -8355840
XY 73848 -4079286 -789513
XY 73856 -8355840 -8355840
XY 73864 -8355840 -6316088
XY 73872 -1710629 -8355840
XY 73880 -8355840 -8355840
XY 73888 -4079253 -855304
XY 73896 -8355840 -8355840
XY 73904 -8355840 -6645082
XY 73912 -2105418 -8355840
XY 73920 -8355840 -8355840
XY 73928 -3750355 -1315910
XY 73936 -8355840 -8355840
XY 73944 -8355840 -6447702
XY 73952 -3026493 -8355840
XY 73960 -8355840 -8355840
XY 73968 -3421435 -2039754
XY 73976 -8355840 -8355840
XY 73984 -8355840 -6513544
XY 73993 -3355619 -8355840
XY 74001 -8355840 -8355840
XY 74009 -3223952 -2368752
XY 74017 -8355840 -8355840
XY 74025 -8355840 -6382031
XY 74033 -3750196 -8355840
XY 74041 -8355840 -8355840
XY 74049 -2829182 -2829290
XY 74057 -8355840 -8355840
XY 74065 -8355840 -6316250
XY 74073 -4408234 -8355840
XY 74081 -8355840 -8355840
XY 74089 -2434436 -3487159
XY 74097 -8355840 -8355840
XY 74105 -8355840 -6645237
XY 74113 -5000439 -8355840
XY 74121 -8355840 -8355840
XY 74129 -2105521 -3684574
XY 74137 -8355840 -8355840
XY 74145 -8355840 -6052973
XY 74153 -5395186 -8355840
XY 74161 -8355840 -8355840
XY 74169 -1316051 -4276694
XY 74177 -8355840 -8355840
XY 74185 -8355840 -5131861
XY 74193 -5658138 -8355840
XY 74201 -8355840 -8355840
XY 74209 -1118615 -4671441
XY 74217 -8355840 -8355840
XY 74225 -8355840 -4408171
XY 74233 -6053055 -8355840
XY 74241 -8355840 -8355840
XY 74249 -855474 -4934606
XY 74257 -8355840 -8355840
XY 74265 -8355840 -1579157
XY 74273 -6316134 -8355840
XY 74281 -8355840 -8355840
XY 74289 -855483 -5460977
XY 74297 -8355840 -8355840
XY 74306 -8355840 -921138
XY 74314 -6710966 -8355840
XY 74322 -8355840 -8355840
XY 74330 -789755 -5658350
XY 74338 -8355840 -8355840
XY 74346 -8355840 -723860
XY 74354 -7039921 -8355840
XY 74362 -8355840 -8355840
XY 74370 -723914 -5789848
XY 74378 -8355840 -8355840
XY 74386 -8355840 -592318
XY 74394 -7302916 -8355840
XY 74402 -8355840 -8355840
XY 74410 -723795 -6053055
XY 74418 -8355840 -8355840
XY 74426 -8224148 -526589
XY 74434 -8289952 -8355840
XY 74442 -8355840 -8355840
XY 74450 -723855 -6776629
XY 74458 -8355840 -8355840
XY 74466 -8026654 -658078
XY 74474 -8355840 -8355840
XY 74482 -8355840 -8355840
XY 74490 -723885 -7039879
XY 74498 -8355840 -8355840
XY 74506 -7500375 -723780
XY 74514 -8355840 -8355840
XY 74522 -8355840 -8355840
XY 74530 -723881 -8026745
XY 74538 -8355840 -8355840
XY 74546 -6908223 -789738
XY 74554 -8355840 -8355840
XY 74562 -8355840 -8355840
XY 74570 -658073 -8355658
XY 74578 -8355840 -8355840
XY 74586 -6382068 -855372
XY 74594 -8355840 -8355840
XY 74603 -8355840 -8224171
XY 74610 -658031 -8355840
XY 74619 -8355840 -8355840
XY 74627 -5723956 -789664
XY 74635 -8355840 -8355840
XY 74643 -8355840 -8092502
XY 74651 -658121 -8355840
XY 74659 -8355840 -8355840
XY 74667 -5394974 -789638
XY 74675 -8355840 -8355840
XY 74683 -8355840 -7631995
XY 74691 -723713 -8355840
XY 74699 -8355840 -8355840
XY 74707 -4868645 -789559
XY 74715 -8355840 -8355840
XY 74723 -8355840 -6710883
XY 74731 -987038 -8355840
XY 74739 -8355840 -8355840
XY 74747 -4144995 -723776
XY 74755 -8355840 -8355840
XY 74763 -8355840 -6250248
XY 74771 -1973963 -8355840
XY 74779 -8355840 -8355840
XY 74787 -3684539 -789515
XY 74795 -8355840 -8355840
XY 74803 -8355840 -5526532
XY 74811 -1710799 -8355840
XY 74819 -8355840 -8355840
XY 74827 -3092242 -921246
XY 74835 -8355840 -8355840
XY 74843 -8355840 -4473888
XY 74851 -2237000 -8355840
XY 74859 -8355840 -8355840
XY 74867 -2368722 -1579259
XY 74875 -8355840 -8355840
XY 74883 -8355840 -4079166
XY 74891 -2763456 -8355840
XY 74899 -8355840 -8355840
XY 74907 -1973945 -1513340
XY 74916 -8355840 -8355840
XY 74924 -8355840 -3421390
XY 74932 -3158076 -8355840
XY 74940 -8355840 -8355840
XY 74948 -1315872 -2237042
XY 74956 -8355840 -8355840
XY 74964 -8355840 -2763267
XY 74972 -3618571 -8355840
XY 74980 -8355840 -8355840
XY 74988 -855446 -2565955
XY 74996 -8355840 -8355840
XY 75004 -8355840 -2500346
XY 75012 -4079194 -8355840
XY 75020 -8355840 -8355840
XY 75028 -855339 -2631832
XY 75036 -8355840 -8355840
XY 75044 -8355840 -1973807
XY 75052 -4408192 -8355840
XY 75060 -8355840 -8355840
XY 75068 -723777 -3223867
XY 75076 -8355840 -8355840
XY 75084 -8355840 -1250181
XY 75092 -4934521 -8355840
XY 75100 -8355840 -8355840
XY 75108 -658042 -3750238
XY 75116 -8355840 -8355840
XY 75124 -8355840 -1052751
XY 75132 -5395186 -8355840
XY 75140 -8355840 -8355840
XY 75148 -592346 -4013402
XY 75156 -8355840 -8355840
XY 75164 -8355840 -921152
XY 75172 -5987136 -8355840
XY 75180 -8355840 -8355840
XY 75188 -592256 -4473983
XY 75196 -8355840 -8355840
XY 75204 -8289809 -855347
XY 75212 -6118803 -8355840
XY 75220 -8355840 -8355840
XY 75229 -592174 -5000397
XY 75237 -8355840 -8355840
XY 75245 -7961047 -789600
XY 75253 -6645089 -8355840
XY 75261 -8355840 -8355840
XY 75269 -592241 -5592347
XY 75277 -8355840 -8355840
XY 75285 -7631948 -789519
XY 75293 -6974088 -8355840
XY 75301 -8355840 -8355840
XY 75309 -526549 -5987263
XY 75317 -8355840 -8355840
XY 75325 -7303146 -723965
XY 75333 -8289995 -8355840
XY 75341 -8355840 -8355840
XY 75349 -526522 -6711008
XY 75357 -8355840 -8355840
XY 75365 -7237274 -789698
XY 75373 -8355743 -8355840
XY 75381 -8355840 -8355840
XY 75389 -592133 -6711008
XY 75397 -8355840 -8355840
XY 75405 -6973977 -855488
XY 75413 -8355840 -8355840
XY 75421 -8355840 -8355840
XY 75429 -592187 -7039964
XY 75437 -8355840 -8355840
XY 75445 -6645238 -855369
XY 75453 -8355840 -8355840
XY 75461 -8355840 -8290030
XY 75469 -592269 -8355658
XY 75477 -8355840 -8355840
XY 75485 -6250364 -789702
XY 75493 -8355840 -8355840
XY 75501 -8355840 -8289853
XY 75510 -657984 -8355786
XY 75517 -8355840 -8355840
XY 75525 -6052978 -855440
XY 75534 -8355840 -8355840
XY 75542 -8355840 -8092448
XY 75550 -592296 -8355840
XY 75558 -8355840 -8355840
XY 75566 -5724114 -855305
XY 75574 -8355840 -8355840
XY 75582 -8355840 -7829276
XY 75590 -658124 -8355840
XY 75598 -8355840 -8355840
XY 75606 -5460970 -789745
XY 75614 -8355840 -8355840
XY 75622 -8355840 -7763603
XY 75630 -986963 -8355840
XY 75638 -8355840 -8355840
XY 75646 -5329287 -789645
XY 75654 -8355840 -8355840
XY 75662 -8355840 -7566134
XY 75670 -1513298 -8355840
XY 75678 -8355840 -8355840
XY 75686 -4934589 -789704
XY 75694 -8355840 -8355840
XY 75702 -8355840 -7171569
XY 75710 -2039754 -8355840
XY 75718 -8355840 -8355840
XY 75726 -4473990 -1118567
XY 75734 -8355840 -8355840
XY 75742 -8355840 -7105605
XY 75750 -2566041 -8355840
XY 75758 -8355840 -8355840
XY 75766 -4210877 -1381743
XY 75774 -8355840 -8355840
XY 75782 -8355840 -6908294
XY 75790 -3026578 -8355840
XY 75798 -8355840 -8355840
XY 75806 -3816125 -1842253
XY 75814 -8355840 -8355840
XY 75822 -8355840 -6645235
XY 75830 -3421368 -8355840
XY 75838 -8355840 -8355840
XY 75847 -3289746 -2566126
XY 75855 -8355840 -8355840
XY 75863 -8355840 -6579238
XY 75871 -3947739 -8355840
XY 75879 -8355840 -8355840
XY 75887 -3026604 -2697495
XY 75895 -8355840 -8355840
XY 75903 -8355840 -6381849
XY 75911 -4210691 -8355840
XY 75919 -8355840 -8355840
XY 75927 -2500289 -3289658
XY 75935 -8355840 -8355840
XY 75943 -8355840 -5855624
XY 75951 -4605608 -8355840
XY 75959 -8355840 -8355840
XY 75967 -1973920 -3815987
XY 75975 -8355840 -8355840
XY 75983 -8355840 -5592350
XY 75991 -5066230 -8355840
XY 75999 -8355840 -8355840
XY 76007 -1184421 -4013402
XY 76015 -8355840 -8355840
XY 76023 -8355840 -5000309
XY 76031 -5592432 -8355840
XY 76039 -8355840 -8355840
XY 76047 -1250074 -4539774
XY 76055 -8355840 -8355840
XY 76063 -8355840 -4276600
XY 76071 -5855724 -8355840
XY 76079 -8355840 -8355840
XY 76087 -921090 -5066018
XY 76095 -8355840 -8355840
XY 76103 -8355840 -3881958
XY 76111 -6316176 -8355840
XY 76119 -8355840 -8355840
XY 76127 -855485 -5329352
XY 76136 -8355840 -8355840
XY 76143 -8355840 -1316027
XY 76152 -6973960 -8355840
XY 76160 -8355840 -8355840
XY 76168 -855383 -5855681
XY 76176 -8355840 -8355840
XY 76184 -8355840 -921218
XY 76192 -6908339 -8355840
XY 76200 -8355840 -8355840
XY 76208 -789663 -6184679
XY 76216 -8355840 -8355840
XY 76224 -8355840 -921136
XY 76232 -8224076 -8355840
XY 76240 -8355840 -8355840
XY 76248 -723762 -6316261
XY 76256 -8355840 -8355840
XY 76264 -8092445 -855454
XY 76272 -8355658 -8355840
XY 76280 -8355840 -8355840
XY 76288 -658059 -6645175
XY 76296 -8355840 -8355840
XY 76304 -7697689 -855356
XY 76312 -8355828 -8355840
XY 76320 -8355840 -8355840
XY 76328 -658028 -6842420
XY 76336 -8355840 -8355840
XY 76344 -6974074 -855309
XY 76352 -8355840 -8355840
XY 76360 -8355840 -8355840
XY 76368 -592300 -7302958
XY 76376 -8355840 -8355840
XY 76384 -6447674 -789600
XY 76392 -8355840 -8355840
XY 76400 -8355840 -8289812
XY 76408 -526507 -8289910
XY 76416 -8355840 -8355840
XY 76424 -5855729 -789611
XY 76432 -8355840 -8355840
XY 76440 -8355840 -8026785
XY 76449 -526387 -8355840
XY 76457 -8355840 -8355840
XY 76465 -5329327 -723862
XY 76473 -8355840 -8355840
XY 76481 -8355840 -7302920
XY 76489 -460783 -8355840
XY 76497 -8355840 -8355840
XY 76505 -4671343 -592334
XY 76513 -8355840 -8355840
XY 76521 -8355840 -6250344
XY 76529 -460762 -8355840
XY 76537 -8355840 -8355840
XY 76545 -4013378 -592217
XY 76553 -8355840 -8355840
XY 76561 -8355840 -5789741
XY 76569 -658003 -8355840
XY 76577 -8355840 -8355840
XY 76585 -3487118 -526382
XY 76593 -8355840 -8355840
XY 76601 -8355840 -4934585
XY 76609 -855503 -8355840
XY 76617 -8355840 -8355840
XY 76625 -2763481 -460799
XY 76633 -8355840 -8355840
XY 76641 -8355840 -4079228
XY 76649 -1447592 -8355840
XY 76657 -8355840 -8355840
XY 76665 -2105541 -526449
XY 76673 -8355840 -8355840
XY 76681 -8355840 -3750338
XY 76689 -1973921 -8355840
XY 76697 -8355840 -8355840
XY 76705 -1973803 -592196
XY 76713 -8355840 -8355840
XY 76721 -8355840 -3355640
XY 76729 -2302961 -8355840
XY 76737 -8355840 -8355840
XY 76745 -1316002 -1052802
XY 76753 -8355840 -8355840
XY 76762 -8355840 -2829244
XY 76770 -2894954 -8355840
XY 76778 -8355840 -8355840
XY 76786 -855541 -1645050
XY 76794 -8355840 -8355840
XY 76802 -8355840 -2763313
XY 76810 -3486989 -8355840
XY 76818 -8355840 -8355840
XY 76826 -855391 -1973835
XY 76834 -8355840 -8355840
XY 76842 -8355840 -2237163
XY 76850 -3816072 -8355840
XY 76858 -8355840 -8355840
XY 76866 -723908 -2500122
XY 76874 -8355840 -8355840
XY 76882 -8355840 -1645031
XY 76890 -4210903 -8355840
XY 76898 -8355840 -8355840
XY 76906 -723899 -3158118
XY 76914 -8355840 -8355840
XY 76922 -8355840 -1644857
XY 76930 -4868814 -8355840
XY 76938 -8355840 -8355840
XY 76946 -723877 -3750366
XY 76954 -8355840 -8355840
XY 76962 -8355840 -1315951
XY 76970 -5394973 -8355840
XY 76978 -8355840 -8355840
XY 76986 -723733 -4342443
XY 76994 -8355840 -8355840
XY 77002 -8355840 -1118534
XY 77010 -5724099 -8355840
XY 77018 -8355840 -8355840
XY 77026 -723736 -4737275
XY 77034 -8355840 -8355840
XY 77042 -8355840 -1118659
XY 77051 -6184679 -8355840
XY 77058 -8355840 -8355840
XY 77066 -789555 -5263604
XY 77075 -8355840 -8355840
XY 77083 -8355840 -921284
XY 77091 -6447801 -8355840
XY 77099 -8355840 -8355840
XY 77107 -855361 -5789805
XY 77115 -8355840 -8355840
XY 77123 -8355840 -921149
XY 77131 -7171333 -8355840
XY 77139 -8355840 -8355840
XY 77147 -789747 -6316134
XY 77155 -8355840 -8355840
XY 77163 -8355840 -921142
XY 77171 -8290037 -8355840
XY 77179 -8355840 -8355840
XY 77187 -789710 -6645004
XY 77195 -8355840 -8355840
XY 77203 -8355783 -855457
XY 77211 -8355743 -8355840
XY 77219 -8355840 -8355840
XY 77227 -789601 -6776757
XY 77235 -8355840 -8355840
XY 77243 -8224028 -855459
XY 77251 -8355840 -8355840
XY 77259 -8355840 -8355840
XY 77267 -1250215 -7237209
XY 77275 -8355840 -8355840
XY 77283 -7829447 -921289
XY 77291 -8355840 -8355840
XY 77299 -8355840 -8355840
XY 77307 -723926 -8290037
XY 77315 -8355840 -8355840
XY 77323 -7434514 -921188
XY 77331 -8355840 -8355840
XY 77339 -8355840 -8355840
XY 77347 -723945 -8355840
XY 77355 -8355840 -8355840
XY 77363 -6908239 -855536
XY 77371 -8355840 -8355840
XY 77380 -8355840 -8355840
XY 77388 -723870 -8355840
XY 77396 -8355840 -8355840
XY 77404 -6447655 -921142
XY 77412 -8355840 -8355840
XY 77420 -8355840 -8289948
XY 77428 -723915 -8355840
XY 77436 -8355840 -8355840
XY 77444 -5855603 -855400
XY 77452 -8355840 -8355840
XY 77460 -8355840 -8158324
XY 77468 -1052717 -8355840
XY 77476 -8355840 -8355840
XY 77484 -5526562 -855437
XY 77492 -8355840 -8355840
XY 77500 -8355840 -7829280
XY 77508 -1316094 -8355840
XY 77516 -8355840 -8355840
XY 77524 -5000265 -789660
XY 77532 -8355840 -8355840
XY 77540 -8355840 -7368836
XY 77548 -1842211 -8355840
XY 77556 -8355840 -8355840
XY 77564 -4473922 -987040
XY 77572 -8355840 -8355840
XY 77580 -8355840 -7171461
XY 77588 -2302961 -8355840
XY 77596 -8355840 -8355840
XY 77604 -4145021 -1184380
XY 77612 -8355840 -8355840
XY 77620 -8355840 -6710908
XY 77628 -2565998 -8355840
XY 77636 -8355840 -8355840
XY 77644 -3618600 -1645007
XY 77652 -8355840 -8355840
XY 77660 -8355840 -6381925
XY 77668 -3223867 -8355840
XY 77676 -8355840 -8355840
XY 77685 -2960709 -2237127
XY 77693 -8355840 -8355840
XY 77701 -8355840 -6052868
XY 77709 -3815944 -8355840
XY 77717 -8355840 -8355840
XY 77725 -2566050 -2302749
XY 77733 -8355840 -8355840
XY 77741 -8355840 -4276489
XY 77749 -4013317 -8355840
XY 77757 -8355840 -8355840
XY 77765 -1842268 -2697708
XY 77773 -8355840 -8355840
XY 77781 -8355840 -3355579
XY 77789 -4342401 -8355840
XY 77797 -8355840 -8355840
XY 77805 -921113 -3421325
XY 77813 -8355840 -8355840
XY 77821 -8355840 -2960774
XY 77829 -4868857 -8355840
XY 77837 -8355840 -8355840
XY 77845 -855409 -3552822
XY 77853 -8355840 -8355840
XY 77861 -8355840 -2171196
XY 77869 -4934648 -8355840
XY 77877 -8355840 -8355840
XY 77885 -855456 -3947739
XY 77893 -8355840 -8355840
XY 77901 -8355840 -1381840
XY 77909 -5592474 -8355840
XY 77917 -8355840 -8355840
XY 77925 -723751 -4671271
XY 77933 -8355840 -8355840
XY 77941 -8355840 -1118657
XY 77949 -5921515 -8355840
XY 77957 -8355840 -8355840
XY 77965 -723715 -4671441
XY 77973 -8355840 -8355840
XY 77981 -8355840 -921309
XY 77989 -6184594 -8355840
XY 77998 -8355840 -8355840
XY 78006 -723724 -5197600
XY 78014 -8355840 -8355840
XY 78022 -8355747 -855406
XY 78030 -6645089 -8355840
XY 78038 -8355840 -8355840
XY 78046 -657997 -5723971
XY 78054 -8355840 -8355840
XY 78062 -8092452 -855459
XY 78070 -7105755 -8355840
XY 78078 -8355840 -8355840
XY 78086 -526569 -5789848
XY 78094 -8355840 -8355840
XY 78102 -7434712 -789525
XY 78110 -7500501 -8355840
XY 78118 -8355840 -8355840
XY 78126 -526492 -6513550
XY 78134 -8355840 -8355840
XY 78142 -6908282 -723816
XY 78150 -8355658 -8355840
XY 78158 -8355840 -8355840
XY 78166 -526383 -6842378
XY 78174 -8355840 -8355840
XY 78182 -6447696 -723847
XY 78190 -8355840 -8355840
XY 78198 -8355840 -8224242
XY 78206 -460746 -7368834
XY 78214 -8355840 -8355840
XY 78222 -6052882 -658035
XY 78230 -8355840 -8355840
XY 78238 -8355840 -7697830
XY 78246 -460740 -7434710
XY 78254 -8355840 -8355840
XY 78262 -5460798 -592366
XY 78270 -8355840 -8355840
XY 78278 -8355840 -7105582
XY 78286 -460630 -8290037
XY 78294 -8355840 -8355840
XY 78303 -4934402 -592295
XY 78311 -8355840 -8355840
XY 78319 -8355840 -6710972
XY 78327 -460639 -8355840
XY 78335 -8355840 -8355840
XY 78343 -4671238 -592285
XY 78351 -8355840 -8355840
XY 78359 -8355840 -6382019
XY 78367 -526364 -8355840
XY 78375 -8355840 -8355840
XY 78383 -4342305 -658068
XY 78391 -8355840 -8355840
XY 78399 -8355840 -5789911
XY 78407 -526559 -8355840
XY 78415 -8355840 -8355840
XY 78423 -3881906 -592286
XY 78431 -8355840 -8355840
XY 78439 -8355840 -5723929
XY 78447 -1052717 -8355840
XY 78455 -8355840 -8355840
XY 78463 -3684434 -658072
XY 78471 -8355840 -8355840
XY 78479 -8355840 -5329274
XY 78487 -1381758 -8355840
XY 78495 -8355840 -8355840
XY 78503 -3421286 -723907
XY 78511 -8355840 -8355840
XY 78519 -8355840 -5131861
XY 78527 -2105460 -8355840
XY 78535 -8355840 -8355840
XY 78543 -3092436 -1052877
XY 78551 -8355840 -8355840
XY 78559 -8355840 -5131828
XY 78567 -2697708 -8355840
XY 78575 -8355840 -8355840
XY 78583 -3026545 -1579046
XY 78592 -8355840 -8355840
XY 78599 -8355840 -4737260
XY 78608 -2894869 -8355840
XY 78616 -8355840 -8355840
XY 78624 -2763412 -2039797
XY 78632 -8355840 -8355840
XY 78640 -8355840 -4276700
XY 78648 -3552865 -8355840
XY 78656 -8355840 -8355840
XY 78664 -2302938 -2631874
XY 78672 -8355840 -8355840
XY 78680 -8355840 -4210848
XY 78688 -4145070 -8355840
XY 78696 -8355840 -8355840
XY 78704 -2171360 -2763456
XY 78712 -8355840 -8355840
XY 78720 -8355840 -5395048
XY 78728 -4408107 -8355840
XY 78736 -8355840 -8355840
XY 78744 -921228 -3289658
XY 78752 -8355840 -8355840
XY 78760 -8355840 -4868646
XY 78768 -4934478 -8355840
XY 78776 -8355840 -8355840
XY 78784 -1315937 -4013317
XY 78792 -8355840 -8355840
XY 78800 -8355840 -4605668
XY 78808 -5460807 -8355840
XY 78816 -8355840 -8355840
XY 78824 -1118665 -4408149
XY 78832 -8355840 -8355840
XY 78840 -8355840 -2368760
XY 78848 -5658223 -8355840
XY 78856 -8355840 -8355840
XY 78864 -921162 -4737275
XY 78872 -8355840 -8355840
XY 78880 -8355840 -1710638
XY 78888 -6052927 -8355840
XY 78896 -8355840 -8355840
XY 78905 -855389 -5460935
XY 78912 -8355840 -8355840
XY 78921 -8355840 -1447531
XY 78929 -6579383 -8355840
XY 78937 -8355840 -8355840
XY 78945 -855460 -5658180
XY 78953 -8355840 -8355840
XY 78961 -8355840 -1052860
XY 78969 -6842463 -8355840
XY 78977 -8355840 -8355840
XY 78985 -855416 -6184594
XY 78993 -8355840 -8355840
XY 79001 -8355840 -921146
XY 79009 -8092494 -8355840
XY 79017 -8355840 -8355840
XY 79025 -789533 -6579256
XY 79033 -8355840 -8355840
XY 79041 -8355818 -855435
XY 79049 -8355828 -8355840
XY 79057 -8355840 -8355840
XY 79065 -789601 -6908381
XY 79073 -8355840 -8355840
XY 79081 -8092588 -855449
XY 79089 -8355840 -8355840
XY 79097 -8355840 -8355840
XY 79105 -789670 -6908169
XY 79113 -8355840 -8355840
XY 79121 -7632007 -855477
XY 79129 -8355840 -8355840
XY 79137 -8355840 -8355840
XY 79145 -723841 -7434625
XY 79153 -8355840 -8355840
XY 79161 -7105715 -855343
XY 79169 -8355840 -8355840
XY 79177 -8355840 -8355840
XY 79185 -658135 -8289995
XY 79193 -8355840 -8355840
XY 79201 -6579310 -855411
XY 79209 -8355840 -8355840
### phase: stop 'STOP - HOLD STILL' at 2026-10-01T21:19:22.3091442+03:00
XY 79218 -8355840 -8355809
XY 79226 -592380 -8355828
XY 79234 -8355840 -8355840
XY 79242 -6053052 -855342
XY 79250 -8355840 -8355840
XY 79258 -8355840 -8092518
XY 79266 -658027 -8355840
XY 79274 -8355840 -8355840
XY 79282 -5329365 -789747
XY 79290 -8355840 -8355840
XY 79298 -8355840 -7829265
XY 79306 -723730 -8355840
XY 79314 -8355840 -8355840
XY 79322 -4934528 -789665
XY 79330 -8355840 -8355840
XY 79338 -8355840 -6974040
XY 79346 -855324 -8355840
XY 79354 -8355840 -8355840
XY 79362 -4276610 -723967
XY 79370 -8355840 -8355840
XY 79378 -8355840 -6250428
XY 79386 -1381801 -8355840
XY 79394 -8355840 -8355840
XY 79402 -3750201 -723881
XY 79410 -8355840 -8355840
XY 79418 -8355840 -5658350
XY 79426 -1908002 -8355840
XY 79434 -8355840 -8355840
XY 79442 -3223845 -789579
XY 79450 -8355840 -8355840
XY 79458 -8355840 -4802889
XY 79466 -2171209 -8355840
XY 79474 -8355840 -8355840
XY 79482 -2697533 -921228
XY 79490 -8355840 -8355840
XY 79498 -8355840 -4013448
XY 79506 -2500334 -8355840
XY 79514 -8355840 -8355840
XY 79523 -2039599 -1513255
XY 79531 -8355840 -8355840
XY 79539 -8355840 -3618762
XY 79547 -3092412 -8355840
XY 79555 -8355840 -8355840
XY 79563 -1513270 -1710714
XY 79571 -8355840 -8355840
XY 79579 -8355840 -3092310
XY 79587 -3421325 -8355840
XY 79595 -8355840 -8355840
XY 79603 -921131 -2237042
XY 79611 -8355840 -8355840
XY 79619 -8355840 -2368688
XY 79627 -3881778 -8355840
XY 79635 -8355840 -8355840
XY 79643 -789575 -2697708
XY 79651 -8355840 -8355840
XY 79659 -8355840 -2105448
XY 79667 -4408192 -8355840
XY 79675 -8355840 -8355840
XY 79683 -723909 -3026493
XY 79691 -8355840 -8355840
XY 79699 -8355840 -1513402
XY 79707 -4737232 -8355840
XY 79715 -8355840 -8355840
XY 79723 -658146 -3487159
XY 79731 -8355840 -8355840
XY 79739 -8355840 -987117
XY 79747 -5460764 -8355840
XY 79755 -8355840 -8355840
XY 79763 -657932 -4145112
XY 79771 -8355840 -8355840
XY 79779 -8355840 -921244
XY 79787 -5789933 -8355840
XY 79795 -8355840 -8355840
XY 79803 -592332 -4408277
XY 79811 -8355840 -8355840
XY 79819 -8355806 -855518
XY 79827 -6316049 -8355840
XY 79836 -8355840 -8355840
XY 79844 -592218 -5066230
XY 79852 -8355840 -8355840
XY 79860 -8026838 -789709
XY 79868 -6579298 -8355840
XY 79876 -8355840 -8355840
XY 79884 -592318 -5658180
XY 79892 -8355840 -8355840
XY 79900 -7895071 -789673
XY 79908 -7237124 -8355840
XY 79916 -8355840 -8355840
XY 79924 -592268 -5921387
XY 79932 -8355840 -8355840
XY 79940 -7631892 -789676
XY 79948 -7368749 -8355840
XY 79956 -8355840 -8355840
XY 79964 -592144 -6382053
XY 79972 -8355840 -8355840
XY 79980 -7303105 -855459
XY 79988 -8355658 -8355840
XY 79996 -8355840 -8355840
XY 80004 -592380 -6711008
XY 80012 -8355840 -8355840
XY 80020 -7171508 -855482
XY 80028 -8355840 -8355840
XY 80036 -8355840 -8355840
XY 80044 -657967 -7171333
XY 80052 -8355840 -8355840
XY 80060 -6908306 -855333
XY 80068 -8355840 -8355840
XY 80076 -8355840 -8355840
XY 80084 -658071 -8289910
XY 80092 -8355840 -8355840
XY 80100 -6710892 -855345
XY 80108 -8355840 -8355840
XY 80116 -8355840 -8355840
XY 80125 -658094 -8355828
XY 80132 -8355840 -8355840
XY 80141 -6381918 -855361
XY 80149 -8355840 -8355840
XY 80157 -8355840 -8355756
XY 80165 -658167 -8355840
XY 80173 -8355840 -8355840
XY 80181 -6052877 -855345
XY 80189 -8355840 -8355840
XY 80197 -8355840 -8224152
XY 80205 -723735 -8355840
XY 80213 -8355840 -8355840
XY 80221 -5789931 -855450
XY 80229 -8355840 -8355840
XY 80237 -8355840 -7961066
XY 80245 -789706 -8355840
XY 80253 -8355840 -8355840
XY 80261 -5395155 -789695
XY 80269 -8355840 -8355840
XY 80277 -8355840 -7697721
XY 80285 -1315882 -8355840
XY 80293 -8355840 -8355840
XY 80301 -5000221 -789742
XY 80309 -8355840 -8355840
XY 80317 -8355840 -7566317
XY 80325 -1842253 -8355840
XY 80333 -8355840 -8355840
XY 80341 -4671431 -855394
XY 80349 -8355840 -8355840
XY 80357 -8355840 -7368771
XY 80365 -2171294 -8355840
XY 80373 -8355840 -8355840
XY 80381 -4210772 -1184288
XY 80389 -8355840 -8355840
XY 80397 -8355840 -6908357
XY 80405 -2566041 -8355840
XY 80413 -8355840 -8355840
XY 80421 -3684442 -1710714
XY 80429 -8355840 -8355840
XY 80437 -8355840 -6645160
XY 80446 -3092327 -8355840
XY 80454 -8355840 -8355840
XY 80462 -3223969 -1973835
XY 80470 -8355840 -8355840
XY 80478 -8355840 -6118905
XY 80486 -3355619 -8355840
XY 80494 -8355840 -8355840
XY 80502 -2631761 -2368582
XY 80510 -8355840 -8355840
XY 80518 -8355840 -5724077
XY 80526 -3947569 -8355840
XY 80534 -8355840 -8355840
XY 80542 -1908111 -2960787
XY 80550 -8355840 -8355840
XY 80558 -8355840 -3816073
XY 80566 -4408149 -8355840
XY 80574 -8355840 -8355840
XY 80582 -921191 -3092454
XY 80590 -8355840 -8355840
XY 80598 -8355840 -3158060
XY 80606 -4605522 -8355840
XY 80614 -8355840 -8355840
XY 80622 -921155 -3552780
XY 80630 -8355840 -8355840
XY 80638 -8355840 -2368687
XY 80646 -5197728 -8355840
XY 80654 -8355840 -8355840
XY 80662 -921111 -4276609
XY 80670 -8355840 -8355840
XY 80678 -8355840 -1776526
XY 80686 -5724099 -8355840
XY 80694 -8355840 -8355840
XY 80702 -723841 -4342358
XY 80710 -8355840 -8355840
XY 80718 -8355840 -1118529
XY 80726 -5921345 -8355840
XY 80734 -8355840 -8355840
XY 80742 -723957 -4802853
XY 80750 -8355840 -8355840
XY 80759 -8355840 -921179
XY 80767 -6316091 -8355840
XY 80775 -8355840 -8355840
XY 80783 -658023 -5592389
XY 80791 -8355840 -8355840
XY 80799 -8355840 -921207
XY 80807 -6776672 -8355840
XY 80815 -8355840 -8355840
XY 80823 -592383 -5592347
XY 80831 -8355840 -8355840
XY 80839 -8026730 -855300
XY 80847 -7237167 -8355840
XY 80855 -8355840 -8355840
XY 80863 -592211 -6053012
XY 80871 -8355840 -8355840
XY 80879 -7434699 -789688
XY 80887 -8289952 -8355840
XY 80895 -8355840 -8355840
XY 80903 -526481 -6513635
XY 80911 -8355840 -8355840
XY 80919 -7105645 -723856
XY 80927 -8355786 -8355840
XY 80935 -8355840 -8355840
XY 80943 -526509 -6776799
XY 80951 -8355840 -8355840
XY 80959 -6513588 -789574
XY 80967 -8355840 -8355840
XY 80975 -8355840 -8224254
XY 80983 -526422 -7171461
XY 80991 -8355840 -8355840
XY 80999 -5987155 -658112
XY 81007 -8355840 -8355840
XY 81015 -8355840 -8026820
XY 81023 -460776 -8289995
XY 81031 -8355840 -8355840
XY 81039 -5592384 -723756
XY 81048 -8355840 -8355840
XY 81055 -8355840 -7237207
XY 81063 -460654 -8355658
XY 81072 -8355840 -8355840
XY 81080 -4934512 -592289
XY 81088 -8355840 -8355840
XY 81096 -8355840 -6513497
XY 81104 -460599 -8355840
XY 81112 -8355840 -8355840
XY 81120 -4342438 -592253
XY 81128 -8355840 -8355840
XY 81136 -8355840 -6118659
XY 81144 -526346 -8355840
XY 81152 -8355840 -8355840
XY 81160 -3947711 -592186
XY 81168 -8355840 -8355840
XY 81176 -8355840 -5460910
XY 81184 -592255 -8355840
XY 81192 -8355840 -8355840
XY 81200 -3487055 -526381
XY 81208 -8355840 -8355840
XY 81216 -8355840 -4868679
XY 81224 -921211 -8355840
XY 81232 -8355840 -8355840
XY 81240 -3092375 -526506
XY 81248 -8355840 -8355840
XY 81256 -8355840 -4802939
XY 81264 -1513425 -8355840
XY 81272 -8355840 -8355840
XY 81280 -2829062 -592273
XY 81288 -8355840 -8355840
XY 81296 -8355840 -4408238
XY 81304 -1908002 -8355840
XY 81312 -8355840 -8355840
XY 81320 -2566064 -789726
XY 81328 -8355840 -8355840
XY 81336 -8355840 -4079285
XY 81344 -2500122 -8355840
XY 81352 -8355840 -8355840
XY 81361 -2237091 -1381886
XY 81368 -8355840 -8355840
XY 81377 -8355840 -3947680
XY 81385 -3026493 -8355840
XY 81393 -8355840 -8355840
XY 81401 -2039634 -1710714
XY 81409 -8355840 -8355840
XY 81417 -8355840 -3618605
XY 81425 -3289743 -8355840
XY 81433 -8355840 -8355840
XY 81441 -1644858 -2237127
XY 81449 -8355840 -8355840
XY 81457 -8355840 -3092265
XY 81465 -3881778 -8355840
XY 81473 -8355840 -8355840
XY 81481 -855543 -3026493
XY 81489 -8355840 -8355840
XY 81497 -8355840 -2894924
XY 81505 -4408234 -8355840
XY 81513 -8355840 -8355840
XY 81521 -855435 -3223994
XY 81529 -8355840 -8355840
XY 81537 -8355840 -2500287
XY 81545 -4737190 -8355840
XY 81553 -8355840 -8355840
XY 81561 -855447 -3684489
XY 81569 -8355840 -8355840
XY 81577 -8355840 -2105436
XY 81585 -5329267 -8355840
XY 81593 -8355840 -8355840
XY 81601 -789702 -4210818
XY 81609 -8355840 -8355840
XY 81617 -8355840 -1842348
XY 81625 -5724099 -8355840
XY 81633 -8355840 -8355840
XY 81641 -855449 -4408149
XY 81649 -8355840 -8355840
XY 81657 -8355840 -1381660
XY 81665 -6184594 -8355840
XY 81674 -8355840 -8355840
XY 81682 -789683 -5197600
XY 81690 -8355840 -8355840
XY 81698 -8355840 -1052744
XY 81706 -6579213 -8355840
XY 81714 -8355840 -8355840
XY 81722 -855478 -5724014
XY 81730 -8355840 -8355840
XY 81738 -8355840 -986965
XY 81746 -7105712 -8355840
XY 81754 -8355840 -8355840
XY 81762 -855320 -6118803
XY 81770 -8355840 -8355840
XY 81778 -8355840 -921237
XY 81786 -7434625 -8355840
XY 81794 -8355840 -8355840
XY 81802 -789661 -6447631
XY 81810 -8355840 -8355840
XY 81818 -8224152 -855490
XY 81826 -8355786 -8355840
XY 81834 -8355840 -8355840
XY 81842 -789514 -6908339
XY 81850 -8355840 -8355840
XY 81858 -7763618 -855460
XY 81866 -8355840 -8355840
XY 81874 -8355840 -8355840
XY 81882 -723777 -7302958
XY 81890 -8355840 -8355840
XY 81898 -7237204 -855338
XY 81906 -8355840 -8355840
XY 81914 -8355840 -8355840
XY 81922 -657982 -8289910
XY 81930 -8355840 -8355840
XY 81938 -6513627 -789740
XY 81946 -8355840 -8355840
XY 81954 -8355840 -8355840
XY 81963 -592301 -8355616
XY 81970 -8355840 -8355840
XY 81979 -5921525 -789715
XY 81987 -8355840 -8355840
XY 81995 -8355840 -8158339
XY 82003 -526565 -8355840
XY 82011 -8355840 -8355840
XY 82019 -5460855 -789518
XY 82027 -8355840 -8355840
XY 82035 -8355840 -7566128
XY 82043 -526405 -8355840
XY 82051 -8355840 -8355840
XY 82059 -4868795 -723910
XY 82067 -8355840 -8355840
XY 82075 -8355840 -6710995
XY 82083 -592144 -8355840
XY 82091 -8355840 -8355840
XY 82099 -4210721 -657948
XY 82107 -8355840 -8355840
XY 82115 -8355840 -6184593
XY 82123 -789701 -8355840
XY 82131 -8355840 -8355840
XY 82139 -3750338 -592379
XY 82147 -8355840 -8355840
XY 82155 -8355840 -5526651
XY 82163 -1184427 -8355840
XY 82171 -8355840 -8355840
XY 82179 -3355406 -657940
XY 82187 -8355840 -8355840
XY 82195 -8355840 -4802981
XY 82203 -1645050 -8355840
XY 82211 -8355840 -8355840
XY 82219 -2697624 -658034
XY 82227 -8355840 -8355840
XY 82235 -8355840 -4473867
XY 82243 -2237042 -8355840
XY 82251 -8355840 -8355840
XY 82259 -2368566 -855428
XY 82267 -8355840 -8355840
XY 82275 -8355840 -3881739
XY 82283 -2500292 -8355840
XY 82292 -8355840 -8355840
XY 82300 -1710743 -1316094
XY 82308 -8355840 -8355840
XY 82316 -8355840 -3026590
XY 82324 -3158033 -8355840
XY 82332 -8355840 -8355840
XY 82340 -921226 -1842423
XY 82348 -8355840 -8355840
XY 82356 -8355840 -2697633
XY 82364 -3618656 -8355840
XY 82372 -8355840 -8355840
XY 82380 -789737 -2105588
XY 82388 -8355840 -8355840
XY 82396 -8355840 -2171261
XY 82404 -3881863 -8355840
XY 82412 -8355840 -8355840
XY 82420 -723950 -2697538
XY 82428 -8355840 -8355840
XY 82436 -8355840 -1381728
XY 82444 -4342486 -8355840
XY 82452 -8355840 -8355840
XY 82460 -723751 -3223824
XY 82468 -8355840 -8355840
XY 82476 -8355840 -1184482
XY 82484 -5000397 -8355840
XY 82492 -8355840 -8355840
XY 82500 -657983 -3552822
XY 82508 -8355840 -8355840
XY 82516 -8355840 -921139
XY 82524 -5329182 -8355840
XY 82532 -8355840 -8355840
XY 82540 -592320 -4013317
XY 82548 -8355840 -8355840
XY 82556 -8355840 -789726
XY 82564 -5724056 -8355840
XY 82572 -8355840 -8355840
XY 82581 -592288 -4539901
XY 82588 -8355840 -8355840
XY 82596 -8289931 -855371
XY 82605 -6250300 -8355840
XY 82613 -8355840 -8355840
XY 82621 -592190 -4934478
XY 82629 -8355840 -8355840
XY 82637 -7895204 -789603
XY 82645 -6513507 -8355840
XY 82653 -8355840 -8355840
XY 82661 -592200 -5592517
XY 82669 -8355840 -8355840
XY 82677 -7434497 -723798
XY 82685 -6974130 -8355840
XY 82693 -8355840 -8355840
XY 82701 -526424 -6053097
XY 82709 -8355840 -8355840
XY 82717 -7237181 -723812
XY 82725 -8158285 -8355840
XY 82733 -8355840 -8355840
XY 82741 -526412 -6316091
XY 82749 -8355840 -8355840
XY 82757 -6908179 -658176
XY 82765 -8289952 -8355840
XY 82773 -8355840 -8355785
XY 82781 -526405 -6579426
XY 82789 -8355840 -8355840
XY 82797 -6513523 -789581
XY 82805 -8355840 -8355840
XY 82813 -8355840 -8355586
XY 82821 -526455 -7171418
XY 82829 -8355840 -8355840
XY 82837 -6184525 -723932
XY 82845 -8355840 -8355840
XY 82853 -8355840 -8224062
XY 82861 -526456 -8289952
XY 82869 -8355840 -8355840
XY 82877 -6053011 -789659
XY 82885 -8355840 -8355840
XY 82893 -8355840 -8092482
XY 82901 -526461 -8355658
XY 82910 -8355840 -8355840
XY 82918 -5723967 -789681
XY 82926 -8355840 -8355840
XY 82934 -8355840 -7763579
XY 82942 -592251 -8355840
XY 82950 -8355840 -8355840
XY 82958 -5395007 -789656
XY 82966 -8355840 -8355840
XY 82974 -8355840 -7697811
XY 82982 -658173 -8355840
XY 82990 -8355840 -8355840
XY 82998 -5263469 -855354
XY 83006 -8355840 -8355840
XY 83014 -8355840 -7500464
XY 83022 -921132 -8355840
XY 83030 -8355840 -8355840
XY 83038 -4934556 -789640
XY 83046 -8355840 -8355840
XY 83054 -8355840 -6974143
XY 83062 -1184500 -8355840
XY 83070 -8355840 -8355840
XY 83078 -4539890 -789629
XY 83086 -8355840 -8355840
XY 83094 -8355840 -7105595
XY 83102 -1776547 -8355840
XY 83110 -8355840 -8355840
XY 83118 -4276714 -855384
XY 83126 -8355840 -8355840
XY 83134 -8355840 -6776796
XY 83142 -2236957 -8355840
XY 83150 -8355840 -8355840
XY 83158 -3881731 -1052868
XY 83166 -8355840 -8355840
XY 83174 -8355840 -6447670
XY 83182 -2566083 -8355840
XY 83190 -8355840 -8355840
XY 83199 -3355590 -1710756
XY 83206 -8355840 -8355840
XY 83214 -8355840 -6250481
XY 83223 -3092327 -8355840
XY 83231 -8355840 -8355840
XY 83239 -3026656 -1973878
XY 83247 -8355840 -8355840
XY 83255 -8355840 -5987160
XY 83263 -3487116 -8355840
XY 83271 -8355840 -8355840
XY 83279 -2565953 -2368540
XY 83287 -8355840 -8355840
XY 83295 -8355840 -5724105
XY 83303 -3881820 -8355840
XY 83311 -8355840 -8355840
XY 83319 -2105382 -3092369
XY 83327 -8355840 -8355840
XY 83335 -8355840 -5460768
XY 83343 -4408234 -8355840
XY 83351 -8355840 -8355840
XY 83359 -921276 -3289658
XY 83367 -8355840 -8355840
XY 83375 -8355840 -3223877
XY 83383 -4737147 -8355840
XY 83391 -8355840 -8355840
XY 83399 -855550 -3618783
XY 83407 -8355840 -8355840
XY 83415 -8355840 -2368671
XY 83423 -5329267 -8355840
XY 83431 -8355840 -8355840
XY 83439 -855401 -4210861
XY 83447 -8355840 -8355840
XY 83455 -8355840 -1908110
XY 83463 -5789763 -8355840
XY 83471 -8355840 -8355840
XY 83479 -789658 -4408234
XY 83487 -8355840 -8355840
XY 83495 -8355840 -1118532
XY 83503 -5921472 -8355840
XY 83512 -8355840 -8355840
XY 83519 -789537 -5066230
XY 83528 -8355840 -8355840
XY 83536 -8355840 -921154
XY 83544 -6382053 -8355840
XY 83552 -8355840 -8355840
XY 83560 -723863 -5592389
XY 83568 -8355840 -8355840
XY 83576 -8355840 -921254
XY 83584 -6908381 -8355840
XY 83592 -8355840 -8355840
XY 83600 -723803 -5789848
XY 83608 -8355840 -8355840
XY 83616 -8158239 -855429
XY 83624 -7237124 -8355840
XY 83632 -8355840 -8355840
XY 83640 -592270 -6447674
XY 83648 -8355840 -8355840
XY 83656 -7500473 -789581
XY 83664 -8224034 -8355840
XY 83672 -8355840 -8355840
XY 83680 -526538 -6645132
XY 83688 -8355840 -8355840
XY 83696 -7039750 -789652
XY 83704 -8355786 -8355840
XY 83712 -8355840 -8355840
XY 83720 -526362 -6776757
XY 83728 -8355840 -8355840
XY 83736 -6316272 -658079
XY 83744 -8355840 -8355840
XY 83752 -8355840 -8092629
XY 83760 -460695 -7237167
XY 83768 -8355840 -8355840
XY 83776 -5724081 -657992
XY 83784 -8355840 -8355840
XY 83792 -8355840 -7763663
XY 83800 -460559 -8289995
XY 83808 -8355840 -8355840
XY 83816 -5329284 -657936
XY 83825 -8355840 -8355840
XY 83833 -8355840 -7171335
XY 83841 -394991 -8355701
XY 83849 -8355840 -8355840
XY 83857 -4802845 -592185
XY 83865 -8355840 -8355840
XY 83873 -8355840 -6381997
XY 83881 -460598 -8355840
XY 83889 -8355840 -8355840
XY 83897 -4210794 -592150
XY 83905 -8355840 -8355840
XY 83913 -8355840 -6053099
XY 83921 -460700 -8355840
XY 83929 -8355840 -8355840
XY 83937 -3816185 -526529
XY 83945 -8355840 -8355840
XY 83953 -8355840 -5526568
XY 83961 -723940 -8355840
XY 83969 -8355840 -8355840
XY 83977 -3421236 -526470
XY 83985 -8355840 -8355840
XY 83993 -8355840 -4737233
XY 84001 -1052802 -8355840
XY 84009 -8355840 -8355840
XY 84017 -2763370 -526340
XY 84025 -8355840 -8355840
XY 84033 -8355840 -4474098
XY 84041 -1579174 -8355840
XY 84049 -8355840 -8355840
XY 84057 -2500291 -592166
XY 84065 -8355840 -8355840
XY 84073 -8355840 -3947709
XY 84081 -2039669 -8355840
XY 84089 -8355840 -8355840
XY 84097 -1973990 -723962
XY 84105 -8355840 -8355840
XY 84113 -8355840 -3355627
XY 84121 -2500249 -8355840
XY 84129 -8355840 -8355840
XY 84138 -1513363 -1381758
XY 84146 -8355840 -8355840
XY 84154 -8355840 -3289679
XY 84162 -2960872 -8355840
XY 84170 -8355840 -8355840
XY 84178 -1250254 -1447549
XY 84186 -8355840 -8355840
XY 84194 -8355840 -2829177
XY 84202 -3421368 -8355840
XY 84210 -8355840 -8355840
XY 84218 -855503 -1974006
XY 84226 -8355840 -8355840
XY 84234 -8355840 -2368680
XY 84242 -3881735 -8355840
XY 84250 -8355840 -8355840
XY 84258 -789706 -2763371
XY 84266 -8355840 -8355840
XY 84274 -8355840 -2237037
XY 84282 -4473983 -8355840
XY 84290 -8355840 -8355840
XY 84298 -855301 -3158076
XY 84306 -8355840 -8355840
XY 84314 -8355840 -1842374
XY 84322 -4802853 -8355840
XY 84330 -8355840 -8355840
XY 84338 -789550 -3750238
XY 84346 -8355840 -8355840
XY 84354 -8355840 -1381659
XY 84362 -5329352 -8355840
XY 84370 -8355840 -8355840
XY 84378 -723876 -4276482
XY 84386 -8355840 -8355840
XY 84394 -8355840 -1315857
XY 84402 -5789763 -8355840
XY 84410 -8355840 -8355840
XY 84418 -789663 -4474110
XY 84427 -8355840 -8355840
XY 84434 -8355840 -1052893
XY 84442 -6053097 -8355840
XY 84451 -8355840 -8355840
XY 84459 -789542 -5066103
XY 84467 -8355840 -8355840
XY 84475 -8355840 -921118
XY 84483 -6579341 -8355840
XY 84491 -8355840 -8355840
XY 84499 -789660 -5658223
XY 84507 -8355840 -8355840
XY 84515 -8355840 -921293
XY 84523 -7105712 -8355840
XY 84531 -8355840 -8355840
XY 84539 -723915 -6052969
XY 84547 -8355840 -8355840
XY 84555 -8290032 -855466
XY 84563 -8224161 -8355840
XY 84571 -8355840 -8355840
XY 84579 -723854 -6513592
XY 84587 -8355840 -8355840
XY 84595 -8026872 -855482
XY 84603 -8355828 -8355840
XY 84611 -8355840 -8355840
XY 84619 -723904 -6842420
XY 84627 -8355840 -8355840
XY 84635 -7697775 -855526
XY 84643 -8355840 -8355840
XY 84651 -8355840 -8355840
XY 84659 -723905 -7368834
XY 84667 -8355840 -8355840
XY 84675 -7302955 -789755
XY 84683 -8355840 -8355840
XY 84691 -8355840 -8355840
XY 84699 -723812 -8355616
XY 84707 -8355840 -8355840
XY 84715 -6842417 -855403
XY 84723 -8355840 -8355840
XY 84731 -8355840 -8355840
XY 84740 -658078 -8355828
XY 84747 -8355840 -8355840
XY 84756 -6381828 -855385
XY 84764 -8355840 -8355840
XY 84772 -8355840 -8355802
XY 84780 -658010 -8355840
XY 84788 -8355840 -8355840
XY 84796 -5855653 -855310
XY 84804 -8355840 -8355840
XY 84812 -8355840 -8092634
XY 84820 -658122 -8355840
XY 84828 -8355840 -8355840
XY 84836 -5526701 -855344
XY 84844 -8355840 -8355840
XY 84852 -8355840 -7763635
XY 84860 -987024 -8355840
XY 84868 -8355840 -8355840
XY 84876 -5066128 -789561
XY 84884 -8355840 -8355840
XY 84892 -8355840 -7303127
XY 84900 -1184427 -8355840
XY 84908 -8355840 -8355840
XY 84916 -4539746 -789529
XY 84924 -8355840 -8355840
XY 84932 -8355840 -7105614
XY 84940 -1776547 -8355840
XY 84948 -8355840 -8355840
XY 84956 -4013539 -789537
XY 84964 -8355840 -8355840
XY 84972 -8355840 -5921292
XY 84980 -1973921 -8355840
XY 84988 -8355840 -8355840
XY 84996 -3355548 -921185
XY 85004 -8355840 -8355840
XY 85012 -8355840 -5066117
XY 85020 -2434501 -8355840
XY 85028 -8355840 -8355840
XY 85037 -2763451 -1513425
XY 85044 -8355840 -8355840
XY 85052 -8355840 -4605531
XY 85061 -2960872 -8355840
XY 85069 -8355840 -8355840
XY 85077 -2237037 -1710756
XY 85085 -8355840 -8355840
XY 85093 -8355840 -3750295
XY 85101 -3289658 -8355840
XY 85109 -8355840 -8355840
