XY 9446 -8355840 -8355840
XY 9454 -8355840 -8355840
XY 9463 -8355840 -8355840
XY 9471 -8355840 -8355840
XY 9479 -8355840 -8355840
XY 9487 -8355840 -8355840
XY 9495 -8355840 -8355840
XY 9503 -8355840 -8355840
XY 9511 -8355840 -8355840
XY 9519 -8355840 -8355840
XY 9527 -8355840 -8355840
XY 9535 -8355840 -8355840
XY 9543 -8355840 -8355840
XY 9551 -8355840 -8355840
XY 9559 -8355840 -8355840
XY 9567 -8355840 -8355840
XY 9575 -8355840 -8355840
XY 9583 -8355840 -8355840
XY 9591 -8355840 -8355840
XY 9599 -8355840 -8355840
XY 9607 -8355840 -8355840
XY 9615 -8355840 -8355840
XY 9623 -8355840 -8355840
XY 9631 -8355840 -8355840
XY 9639 -8355840 -8355840
XY 9647 -8355840 -8355840
XY 9655 -8355840 -8355840
XY 9663 -8355840 -8355840
XY 9671 -8355840 -8355840
XY 9679 -8355840 -8355840
XY 9687 -8355840 -8355840
XY 9695 -8355840 -8355840
XY 9703 -8355840 -8355840
XY 9711 -8355840 -8355840
XY 9719 -8355840 -8355840
XY 9727 -8355840 -8355840
XY 9735 -8355840 -8355840
XY 9743 -8355840 -8355840
XY 9751 -8355840 -8355840
XY 9759 -8355840 -8355840
XY 9768 -8355840 -8355840
XY 9776 -8355840 -8355840
XY 9784 -8355840 -8355840
XY 9792 -8355840 -8355840
XY 9800 -8355840 -8355840
XY 9808 -8355840 -8355840
XY 9816 -8355840 -8355840
XY 9824 -8355840 -8355840
XY 9832 -8355840 -8355840
XY 9840 -8355840 -8355840
XY 9848 -8355840 -8355840
XY 9856 -8355840 -8355840
XY 9864 -8355840 -8355840
XY 9872 -8355840 -8355840
XY 9880 -8355840 -8355840
XY 9888 -8355840 -8355840
XY 9896 -8355840 -8355840
XY 9904 -8355840 -8355840
XY 9912 -8355840 -8355840
XY 9920 -8355840 -8355840
XY 9928 -8355840 -8355840
XY 9936 -8355840 -8355840
XY 9944 -8355840 -8355840
XY 9952 -8355840 -8355840
XY 9960 -8355840 -8355840
XY 9968 -8355840 -8355840
XY 9976 -8355840 -8355840
XY 9984 -8355840 -8355840
XY 9992 -8355840 -8355840
XY 10000 -8355840 -8355840
XY 10008 -8355840 -8355840
XY 10016 -8355840 -8355840
XY 10024 -8355840 -8355840
XY 10032 -8355840 -8355840
XY 10040 -8355840 -8355840
XY 10048 -8355840 -8355840
XY 10056 -8355840 -8355840
XY 10064 -8355840 -8355840
XY 10072 -8355840 -8355840
XY 10080 -8355840 -8355840
XY 10089 -8355840 -8355840
XY 10097 -8355840 -8355840
XY 10105 -8355840 -8355840
XY 10113 -8355840 -8355840
XY 10121 -8355840 -8355840
XY 10129 -8355840 -8355840
XY 10137 -8355840 -8355840
XY 10145 -8355840 -8355840
XY 10153 -8355840 -8355840
XY 10161 -8355840 -8355840
XY 10169 -8355840 -8355840
XY 10177 -8355840 -8355840
XY 10185 -8355840 -8355840
XY 10193 -8355840 -8355840
XY 10201 -8355840 -8355840
XY 10209 -8355840 -8355840
XY 10217 -8355840 -8355840
XY 10225 -8355840 -8355840
XY 10233 -8355840 -8355840
XY 10241 -8355840 -8355840
XY 10249 -8355840 -8355840
XY 10257 -8355840 -8355840
XY 10265 -8355840 -8355840
XY 10273 -8355840 -8355840
XY 10281 -8355840 -8355840
XY 10289 -8355840 -8355840
XY 10297 -8355840 -8355840
XY 10305 -8355840 -8355840
XY 10313 -8355840 -8355840
XY 10321 -8355840 -8355840
XY 10329 -8355840 -8355840
XY 10337 -8355840 -8355840
XY 10345 -8355840 -8355840
XY 10353 -8355840 -8355840
XY 10361 -8355840 -8355840
XY 10369 -8355840 -8355840
XY 10377 -8355840 -8355840
XY 10385 -8355840 -8355840
XY 10394 -8355840 -8355840
XY 10402 -8355840 -8355840
XY 10410 -8355840 -8355840
XY 10418 -8355840 -8355840
XY 10426 -8355840 -8355840
XY 10434 -8355840 -8355840
XY 10442 -8355840 -8355840
XY 10450 -8355840 -8355840
XY 10458 -8355840 -8355840
XY 10466 -8355840 -8355840
XY 10474 -8355840 -8355840
XY 10482 -8355840 -8355840
XY 10490 -8355840 -8355840
XY 10498 -8355840 -8355840
XY 10506 -8355840 -8355840
XY 10514 -8355840 -8355840
XY 10522 -8355840 -8355840
XY 10530 -8355840 -8355840
XY 10538 -8355840 -8355840
XY 10546 -8355840 -8355840
XY 10554 -8355840 -8355840
XY 10562 -8355840 -8355840
XY 10570 -8355840 -8355840
XY 10578 -8355840 -8355840
XY 10586 -8355840 -8355840
XY 10594 -8355840 -8355840
XY 10602 -8355840 -8355840
XY 10610 -8355840 -8355840
XY 10618 -8355840 -8355840
XY 10626 -8355840 -8355840
XY 10634 -8355840 -8355840
XY 10642 -8355840 -8355840
XY 10650 -8355840 -8355840
XY 10658 -8355840 -8355840
XY 10666 -8355840 -8355840
XY 10674 -8355840 -8355840
XY 10682 -8355840 -8355840
XY 10690 -8355840 -8355840
XY 10699 -8355840 -8355840
XY 10707 -8355840 -8355840
XY 10715 -8355840 -8355840
XY 10723 -8355840 -8355840
XY 10731 -8355840 -8355840
XY 10739 -8355840 -8355840
XY 10747 -8355840 -8355840
XY 10755 -8355840 -8355840
XY 10763 -8355840 -8355840
XY 10771 -8355840 -8355840
XY 10779 -8355840 -8355840
XY 10787 -8355840 -8355840
XY 10795 -8355840 -8355840
XY 10803 -8355840 -8355840
XY 10811 -8355840 -8355840
XY 10819 -8355840 -8355840
XY 10827 -8355840 -8355840
XY 10835 -8355840 -8355840
XY 10843 -8355840 -8355840
XY 10851 -8355840 -8355840
XY 10859 -8355840 -8355840
XY 10867 -8355840 -8355840
XY 10875 -8355840 -8355840
XY 10883 -8355840 -8355840
XY 10891 -8355840 -8355840
XY 10899 -8355840 -8355840
XY 10907 -8355840 -8355840
XY 10915 -8355840 -8355840
XY 10923 -8355840 -8355840
XY 10931 -8355840 -8355840
XY 10939 -8355840 -8355840
XY 10947 -8355840 -8355840
XY 10955 -8355840 -8355840
XY 10963 -8355840 -8355840
XY 10971 -8355840 -8355840
XY 10979 -8355840 -8355840
XY 10987 -8355840 -8355840
XY 10995 -8355840 -8355840
XY 11004 -8355840 -8355840
XY 11012 -8355840 -8355840
XY 11020 -8355840 -8355840
XY 11028 -8355840 -8355840
XY 11036 -8355840 -8355840
XY 11044 -8355840 -8355840
XY 11052 -8355840 -8355840
XY 11060 -8355840 -8355840
XY 11068 -8355840 -8355840
XY 11076 -8355840 -8355840
XY 11084 -8355840 -8355840
XY 11092 -8355840 -8355840
XY 11100 -8355840 -8355840
XY 11108 -8355840 -8355840
XY 11116 -8355840 -8355840
XY 11124 -8355840 -8355840
XY 11132 -8355840 -8355840
XY 11140 -8355840 -8355840
XY 11148 -8355840 -8355840
XY 11156 -8355840 -8355840
XY 11164 -8355840 -8355840
XY 9438 -8355840 -8355840
XY 9446 -8355840 -8355840
XY 9454 -8355840 -8355840
XY 9463 -8355840 -8355840
XY 9471 -8355840 -8355840
XY 9479 -8355840 -8355840
XY 9487 -8355840 -8355840
XY 9495 -8355840 -8355840
XY 9503 -8355840 -8355840
XY 9511 -8355840 -8355840
XY 9519 -8355840 -8355840
XY 9527 -8355840 -8355840
XY 9535 -8355840 -8355840
XY 9543 -8355840 -8355840
XY 9551 -8355840 -8355840
XY 9559 -8355840 -8355840
XY 9567 -8355840 -8355840
XY 9575 -8355840 -8355840
XY 9583 -8355840 -8355840
XY 9591 -8355840 -8355840
XY 9599 -8355840 -8355840
XY 9607 -8355840 -8355840
XY 9615 -8355840 -8355840
XY 9623 -8355840 -8355840
XY 9631 -8355840 -8355840
XY 9639 -8355840 -8355840
XY 9647 -8355840 -8355840
XY 9655 -8355840 -8355840
XY 9663 -8355840 -8355840
XY 9671 -8355840 -8355840
XY 9679 -8355840 -8355840
XY 9687 -8355840 -8355840
XY 9695 -8355840 -8355840
XY 9703 -8355840 -8355840
XY 9711 -8355840 -8355840
XY 9719 -8355840 -8355840
XY 9727 -8355840 -8355840
XY 9735 -8355840 -8355840
XY 9743 -8355840 -8355840
XY 9751 -8355840 -8355840
XY 9759 -8355840 -8355840
XY 9768 -8355840 -8355840
XY 9776 -8355840 -8355840
XY 9784 -8355840 -8355840
XY 9792 -8355840 -8355840
XY 9800 -8355840 -8355840
XY 9808 -8355840 -8355840
XY 9816 -8355840 -8355840
XY 9824 -8355840 -8355840
XY 9832 -8355840 -8355840
XY 9840 -8355840 -8355840
XY 9848 -8355840 -8355840
XY 9856 -8355840 -8355840
XY 9864 -8355840 -8355840
XY 9872 -8355840 -8355840
XY 9880 -8355840 -8355840
XY 9888 -8355840 -8355840
XY 9896 -8355840 -8355840
XY 9904 -8355840 -8355840
XY 9912 -8355840 -8355840
XY 9920 -8355840 -8355840
XY 9928 -8355840 -8355840
XY 9936 -8355840 -8355840
XY 9944 -8355840 -8355840
XY 9952 -8355840 -8355840
XY 9960 -8355840 -8355840
XY 9968 -8355840 -8355840
XY 9976 -8355840 -8355840
XY 9984 -8355840 -8355840
XY 9992 -8355840 -8355840
XY 10000 -8355840 -8355840
XY 10008 -8355840 -8355840
XY 10016 -8355840 -8355840
XY 10024 -8355840 -8355840
XY 10032 -8355840 -8355840
XY 10040 -8355840 -8355840
XY 10048 -8355840 -8355840
XY 10056 -8355840 -8355840
XY 10064 -8355840 -8355840
XY 10072 -8355840 -8355840
XY 10080 -8355840 -8355840
XY 10089 -8355840 -8355840
XY 10097 -8355840 -8355840
XY 10105 -8355840 -8355840
XY 10113 -8355840 -8355840
XY 10121 -8355840 -8355840
XY 10129 -8355840 -8355840
XY 10137 -8355840 -8355840
XY 10145 -8355840 -8355840
XY 10153 -8355840 -8355840
XY 10161 -8355840 -8355840
XY 10169 -8355840 -8355840
XY 10177 -8355840 -8355840
XY 10185 -8355840 -8355840
XY 10193 -8355840 -8355840
XY 10201 -8355840 -8355840
XY 10209 -8355840 -8355840
XY 10217 -8355840 -8355840
XY 10225 -8355840 -8355840
XY 10233 -8355840 -8355840
XY 10241 -8355840 -8355840
XY 10249 -8355840 -8355840
XY 10257 -8355840 -8355840
XY 10265 -8355840 -8355840
XY 10273 -8355840 -8355840
XY 10281 -8355840 -8355840
XY 10289 -8355840 -8355840
XY 10297 -8355840 -8355840
XY 10305 -8355840 -8355840
XY 10313 -8355840 -8355840
XY 10321 -8355840 -8355840
XY 10329 -8355840 -8355840
XY 10337 -8355840 -8355840
XY 10345 -8355840 -8355840
XY 10353 -8355840 -8355840
XY 10361 -8355840 -8355840
XY 10369 -8355840 -8355840
XY 10377 -8355840 -8355840
XY 10385 -8355840 -8355840
XY 10394 -8355840 -8355840
XY 10402 -8355840 -8355840
XY 10410 -8355840 -8355840
XY 10418 -8355840 -8355840
XY 10426 -8355840 -8355840
XY 10434 -8355840 -8355840
XY 10442 -8355840 -8355840
XY 10450 -8355840 -8355840
XY 10458 -8355840 -8355840
XY 10466 -8355840 -8355840
XY 10474 -8355840 -8355840
XY 10482 -8355840 -8355840
XY 10490 -8355840 -8355840
XY 10498 -8355840 -8355840
XY 10506 -8355840 -8355840
XY 10514 -8355840 -8355840
XY 10522 -8355840 -8355840
XY 10530 -8355840 -8355840
XY 10538 -8355840 -8355840
XY 10546 -8355840 -8355840
XY 10554 -8355840 -8355840
XY 10562 -8355840 -8355840
XY 10570 -8355840 -8355840
XY 10578 -8355840 -8355840
XY 10586 -8355840 -8355840
XY 10594 -8355840 -8355840
XY 10602 -8355840 -8355840
XY 10610 -8355840 -8355840
XY 10618 -8355840 -8355840
XY 10626 -8355840 -8355840
XY 10634 -8355840 -8355840
XY 10642 -8355840 -8355840
XY 10650 -8355840 -8355840
XY 10658 -8355840 -8355840
XY 10666 -8355840 -8355840
XY 10674 -8355840 -8355840
XY 10682 -8355840 -8355840
XY 10690 -8355840 -8355840
XY 10699 -8355840 -8355840
XY 10707 -8355840 -8355840
XY 10715 -8355840 -8355840
XY 10723 -8355840 -8355840
XY 10731 -8355840 -8355840
XY 10747 -8355840 -8355840
XY 10755 -8355840 -8355840
XY 10763 -8355840 -8355840
XY 10771 -8355840 -8355840
XY 10779 -8355840 -8355840
XY 10787 -8355840 -8355840
XY 10795 -8355840 -8355840
XY 10803 -8355840 -8355840
XY 10811 -8355840 -8355840
XY 10819 -8355840 -8355840
XY 10827 -8355840 -8355840
XY 10835 -8355840 -8355840
XY 10843 -8355840 -8355840
XY 10851 -8355840 -8355840
XY 10859 -8355840 -8355840
XY 10867 -8355840 -8355840
XY 10875 -8355840 -8355840
XY 10883 -8355840 -8355840
XY 10891 -8355840 -8355840
XY 10899 -8355840 -8355840
XY 10907 -8355840 -8355840
XY 10915 -8355840 -8355840
XY 10923 -8355840 -8355840
XY 10931 -8355840 -8355840
XY 10939 -8355840 -8355840
XY 10947 -8355840 -8355840
XY 10955 -8355840 -8355840
XY 10963 -8355840 -8355840
XY 10971 -8355840 -8355840
XY 10979 -8355840 -8355840
XY 10987 -8355840 -8355840
XY 10995 -8355840 -8355840
XY 11004 -8355840 -8355840
XY 11012 -8355840 -8355840
XY 11020 -8355840 -8355840
XY 11028 -8355840 -8355840
XY 11036 -8355840 -8355840
XY 11044 -8355840 -8355840
XY 11052 -8355840 -8355840
XY 11060 -8355840 -8355840
XY 11068 -8355840 -8355840
XY 11076 -8355840 -8355840
XY 11084 -8355840 -8355840
XY 11092 -8355840 -8355840
XY 11100 -8355840 -8355840
XY 11108 -8355840 -8355840
XY 11116 -8355840 -8355840
XY 11124 -8355840 -8355840
XY 11132 -8355840 -8355840
XY 11140 -8355840 -8355840
XY 11148 -8355840 -8355840
XY 11156 -8355840 -8355840
XY 11164 -8355840 -8355840
XY 18685 -8355840 -8355840
XY 18693 -8355840 -8355840
XY 18701 -8355840 -8355840
XY 18709 -8355840 -8355840
XY 18717 -8355840 -8355840
XY 18725 -8355840 -8355840
XY 18733 -8355840 -8355840
XY 18741 -8355840 -8355840
XY 18749 -8355840 -8355840
XY 18757 -8355840 -8355840
XY 18765 -8355840 -8355840
XY 18773 -8355840 -8355840
XY 18781 -8355840 -8355840
XY 18789 -8355840 -8355840
XY 18797 -8355840 -8355840
XY 18805 -8355840 -8355840
XY 18813 -8355840 -8355840
XY 18821 -8355840 -8355840
XY 18829 -8355840 -8355840
XY 18837 -8355840 -8355840
XY 18845 -8355840 -8355840
XY 18853 -8355840 -8355840
XY 18861 -8355840 -8355840
XY 18869 -8355840 -8355840
XY 18877 -8355840 -8355840
XY 18885 -8355840 -8355840
XY 18893 -8355840 -8355840
XY 18901 -8355840 -8355840
XY 18909 -8355840 -8355840
XY 18917 -8355840 -8355840
XY 18925 -8355840 -8355840
XY 18933 -8355840 -8355840
XY 18941 -8355840 -8355840
XY 18949 -8355840 -8355840
XY 18957 -8355840 -8355840
XY 18965 -8355840 -8355840
XY 18973 -8355840 -8355840
XY 18981 -8355840 -8355840
XY 18989 -8355840 -8355840
XY 18998 -8355840 -8355840
XY 19006 -8355840 -8355840
XY 19014 -8355840 -8355840
XY 19022 -8355840 -8355840
XY 19030 -8355840 -8355840
XY 19038 -8355840 -8355840
XY 19046 -8355840 -8355840
XY 19054 -8355840 -8355840
XY 19062 -8355840 -8355840
XY 19070 -8355840 -8355840
XY 19078 -8355840 -8355840
XY 19086 -8355840 -8355840
XY 19094 -8355840 -8355840
XY 19102 -8355840 -8355840
XY 19110 -8355840 -8355840
XY 19118 -8355840 -8355840
XY 19126 -8355840 -8355840
XY 19134 -8355840 -8355840
XY 19142 -8355840 -8355840
XY 19150 -8355840 -8355840
XY 19158 -8355840 -8355840
XY 19166 -8355840 -8355840
XY 19174 -8355840 -8355840
XY 19182 -8355840 -8355840
XY 19190 -8355840 -8355840
XY 19198 -8355840 -8355840
XY 19206 -8355840 -8355840
XY 19214 -8355840 -8355840
XY 19222 -8355840 -8355840
XY 19230 -8355840 -8355840
XY 19238 -8355840 -8355840
XY 19246 -8355840 -8355840
XY 19254 -8355840 -8355840
XY 19262 -8355840 -8355840
XY 19270 -8355840 -8355840
XY 19278 -8355840 -8355840
XY 19286 -8355840 -8355840
XY 19294 -8355840 -8355840
XY 19303 -8355840 -8355840
XY 19311 -8355840 -8355840
XY 19319 -8355840 -8355840
XY 19327 -8355840 -8355840
XY 19335 -8355840 -8355840
XY 19343 -8355840 -8355840
XY 19351 -8355840 -8355840
XY 19359 -8355840 -8355840
XY 19367 -8355840 -8355840
XY 19375 -8355840 -8355840
XY 19383 -8355840 -8355840
XY 19391 -8355840 -8355840
XY 19399 -8355840 -8355840
XY 19407 -8355840 -8355840
XY 19415 -8355840 -8355840
XY 19423 -8355840 -8355840
XY 19431 -8355840 -8355840
XY 19439 -8355840 -8355840
XY 19447 -8355840 -8355840
XY 19455 -8355840 -8355840
XY 19463 -8355840 -8355840
XY 19471 -8355840 -8355840
XY 19479 -8355840 -8355840
XY 19487 -8355840 -8355840
XY 19495 -8355840 -8355840
XY 19503 -8355840 -8355840
XY 19511 -8355840 -8355840
XY 19519 -8355840 -8355840
XY 19527 -8355840 -8355840
XY 19535 -8355840 -8355840
XY 19543 -8355840 -8355840
XY 19551 -8355840 -8355840
XY 19559 -8355840 -8355840
XY 19567 -8355840 -8355840
XY 19575 -8355840 -8355840
XY 19583 -8355840 -8355840
XY 19591 -8355840 -8355840
XY 19599 -8355840 -8355840
XY 19608 -8355840 -8355840
XY 19616 -8355840 -8355840
XY 19624 -8355840 -8355840
XY 19632 -8355840 -8355840
XY 19640 -8355840 -8355840
XY 19648 -8355840 -8355840
XY 19656 -8355840 -8355840
XY 19664 -8355840 -8355840
XY 19672 -8355840 -8355840
XY 19680 -8355840 -8355840
XY 19688 -8355840 -8355840
XY 19696 -8355840 -8355840
XY 19704 -8355840 -8355840
XY 19712 -8355840 -8355840
XY 19720 -8355840 -8355840
XY 19728 -8355840 -8355840
XY 19736 -8355840 -8355840
XY 19744 -8355840 -8355840
XY 19752 -8355840 -8355840
XY 19760 -8355840 -8355840
XY 19768 -8355840 -8355840
XY 19776 -8355840 -8355840
XY 19784 -8355840 -8355840
XY 19792 -8355840 -8355840
XY 19800 -8355840 -8355840
XY 19808 -8355840 -8355840
XY 19816 -8355840 -8355840
XY 19824 -8355840 -8355840
XY 19832 -8355840 -8355840
XY 19840 -8355840 -8355840
XY 19848 -8355840 -8355840
XY 19856 -8355840 -8355840
XY 19864 -8355840 -8355840
XY 19872 -8355840 -8355840
XY 19880 -8355840 -8355840
XY 19888 -8355840 -8355840
XY 19896 -8355840 -8355840
XY 19904 -8355840 -8355840
XY 19913 -8355840 -8355840
XY 19921 -8355840 -8355840
XY 19929 -8355840 -8355840
XY 19937 -8355840 -8355840
XY 19945 -8355840 -8355840
XY 19953 -8355840 -8355840
XY 19961 -8355840 -8355840
XY 19969 -8355840 -8355840
XY 19977 -8355840 -8355840
XY 19985 -8355840 -8355840
XY 19993 -8355840 -8355840
XY 20001 -8355840 -8355840
XY 20009 -8355840 -8355840
XY 20017 -8355840 -8355840
XY 20025 -8355840 -8355840
XY 20033 -8355840 -8355840
XY 20041 -8355840 -8355840
XY 20049 -8355840 -8355840
XY 20057 -8355840 -8355840
XY 20065 -8355840 -8355840
XY 20073 -8355840 -8355840
XY 20081 -8355840 -8355840
XY 20089 -8355840 -8355840
XY 20097 -8355840 -8355840
XY 20105 -8355840 -8355840
XY 20113 -8355840 -8355840
XY 20121 -8355840 -8355840
XY 20129 -8355840 -8355840
XY 20137 -8355840 -8355840
XY 20145 -8355840 -8355840
XY 20153 -8355840 -8355840
XY 20161 -8355840 -8355840
XY 20169 -8355840 -8355840
XY 20177 -8355840 -8355840
XY 20185 -8355840 -8355840
XY 20193 -8355840 -8355840
XY 20201 -8355840 -8355840
XY 20209 -8355840 -8355840
XY 20218 -8355840 -8355840
XY 20226 -8355840 -8355840
XY 20234 -8355840 -8355840
XY 20242 -8355840 -8355840
XY 20250 -8355840 -8355840
XY 20258 -8355840 -8355840
XY 20266 -8355840 -8355840
XY 20274 -8355840 -8355840
XY 20282 -8355840 -8355840
XY 20290 -8355840 -8355840
XY 20298 -8355840 -8355840
XY 20306 -8355840 -8355840
XY 20314 -8355840 -8355840
XY 20322 -8355840 -8355840
XY 20330 -8355840 -8355840
XY 20338 -8355840 -8355840
XY 20346 -8355840 -8355840
XY 20354 -8355840 -8355840
XY 20362 -8355840 -8355840
XY 20370 -8355840 -8355840
XY 20378 -8355840 -8355840
XY 20386 -8355840 -8355840
XY 20394 -8355840 -8355840
XY 20402 -8355840 -8355840
XY 20410 -8355840 -8355840
XY 20418 -8355840 -8355840
XY 20426 -8355840 -8355840
XY 20434 -8355840 -8355840
XY 20442 -8355840 -8355840
XY 20450 -8355840 -8355840
XY 20458 -8355840 -8355840
XY 20466 -8355840 -8355840
XY 20474 -8355840 -8355840
XY 20482 -8355840 -8355840
XY 20490 -8355840 -8355840
XY 20498 -8355840 -8355840
XY 20506 -8355840 -8355840
XY 20514 -8355840 -8355840
XY 20523 -8355840 -8355840
XY 20531 -8355840 -8355840
XY 20539 -8355840 -8355840
XY 20547 -8355840 -8355840
XY 20555 -8355840 -8355840
XY 20563 -8355840 -8355840
XY 20571 -8355840 -8355840
XY 20579 -8355840 -8355840
XY 20587 -8355840 -8355840
XY 20595 -8355840 -8355840
XY 20603 -8355840 -8355840
XY 20611 -8355840 -8355840
XY 20619 -8355840 -8355840
XY 20627 -8355840 -8355840
XY 20635 -8355840 -8355840
XY 20643 -8355840 -8355840
XY 20651 -8355840 -8355840
XY 20659 -8355840 -8355840
XY 20667 -8355840 -8355840
XY 20675 -8355840 -8355840
XY 20683 -8355840 -8355840
XY 20691 -8355840 -8355840
XY 20699 -8355840 -8355840
XY 20707 -8355840 -8355840
XY 20715 -8355840 -8355840
XY 20723 -8355840 -8355840
XY 20731 -8355840 -8355840
XY 20739 -8355840 -8355840
XY 20747 -8355840 -8355840
XY 20755 -8355840 -8355840
XY 20763 -8355840 -8355840
XY 20771 -8355840 -8355840
XY 20779 -8355840 -8355840
XY 20787 -8355840 -8355840
XY 20795 -8355840 -8355840
XY 20803 -8355840 -8355840
XY 20811 -8355840 -8355840
XY 20819 -8355840 -8355840
XY 20828 -8355840 -8355840
XY 20835 -8355840 -8355840
XY 20844 -8355840 -8355840
XY 20852 -8355840 -8355840
XY 20860 -8355840 -8355840
XY 20868 -8355840 -8355840
XY 20876 -8355840 -8355840
XY 20884 -8355840 -8355840
XY 20892 -8355840 -8355840
XY 20900 -8355840 -8355840
XY 20908 -8355840 -8355840
XY 20916 -8355840 -8355840
XY 20924 -8355840 -8355840
XY 20932 -8355840 -8355840
XY 20940 -8355840 -8355840
XY 20948 -8355840 -8355840
XY 20956 -8355840 -8355840
XY 20964 -8355840 -8355840
XY 20972 -8355840 -8355840
XY 20980 -8355840 -8355840
XY 20988 -8355840 -8355840
XY 20996 -8355840 -8355840
XY 21004 -8355840 -8355840
XY 21012 -8355840 -8355840
XY 21020 -8355840 -8355840
XY 21028 -8355840 -8355840
XY 21036 -8355840 -8355840
XY 21044 -8355840 -8355840
XY 21052 -8355840 -8355840
XY 21060 -8355840 -8355840
XY 21068 -8355840 -8355840
XY 21076 -8355840 -8355840
XY 21084 -8355840 -8355840
XY 21092 -8355840 -8355840
XY 21100 -8355840 -8355840
XY 21108 -8355840 -8355840
XY 21116 -8355840 -8355840
XY 21124 -8355840 -8355840
XY 21132 -8355840 -8355840
XY 21140 -8355840 -8355840
XY 21149 -8355840 -8355840
XY 21157 -8355840 -8355840
XY 21165 -8355840 -8355840
XY 21173 -8355840 -8355840
XY 21181 -8355840 -8355840
XY 21189 -8355840 -8355840
XY 21197 -8355840 -8355840
XY 21205 -8355840 -8355840
XY 21213 -8355840 -8355840
XY 21221 -8355840 -8355840
XY 21229 -8355840 -8355840
XY 21237 -8355840 -8355840
XY 21245 -8355840 -8355840
XY 21253 -8355840 -8355840
XY 21261 -8355840 -8355840
XY 21269 -8355840 -8355840
XY 21277 -8355840 -8355840
XY 21285 -8355840 -8355840
XY 21293 -8355840 -8355840
XY 21301 -8355840 -8355840
XY 21309 -8355840 -8355840
XY 21317 -8355840 -8355840
XY 21325 -8355840 -8355840
XY 21333 -8355840 -8355840
XY 21341 -8355840 -8355840
XY 21349 -8355840 -8355840
XY 21357 -8355840 -8355840
XY 21365 -8355840 -8355840
XY 21373 -8355840 -8355840
XY 21381 -8355840 -8355840
XY 21389 -8355840 -8355840
XY 21397 -8355840 -8355840
XY 21405 -8355840 -8355840
XY 21413 -8355840 -8355840
XY 21421 -8355840 -8355840
XY 21429 -8355840 -8355840
XY 21437 -8355840 -8355840
XY 21445 -8355840 -8355840
XY 21454 -8355840 -8355840
XY 21462 -8355840 -8355840
XY 21470 -8355840 -8355840
XY 21478 -8355840 -8355840
XY 21486 -8355840 -8355840
XY 21494 -8355840 -8355840
XY 21502 -8355840 -8355840
XY 21510 -8355840 -8355840
XY 21518 -8355840 -8355840
XY 21526 -8355840 -8355840
XY 21534 -8355840 -8355840
XY 21542 -8355840 -8355840
XY 21550 -8355840 -8355840
XY 21558 -8355840 -8355840
XY 21566 -8355840 -8355840
XY 21574 -8355840 -8355840
XY 21582 -8355840 -8355840
XY 21590 -8355840 -8355840
XY 21598 -8355840 -8355840
XY 21606 -8355840 -8355840
XY 21614 -8355840 -8355840
XY 21622 -8355840 -8355840
XY 21630 -8355840 -8355840
XY 21638 -8355840 -8355840
XY 21646 -8355840 -8355840
XY 21654 -8355840 -8355840
XY 21662 -8355840 -8355840
XY 21670 -8355840 -8355840
XY 21678 -8355840 -8355840
XY 21686 -8355840 -8355840
XY 21694 -8355840 -8355840
XY 21702 -8355840 -8355840
XY 21710 -8355840 -8355840
XY 21718 -8355840 -8355840
XY 21726 -8355840 -8355840
XY 21734 -8355840 -8355840
XY 21742 -8355840 -8355840
XY 21750 -8355840 -8355840
XY 21759 -8355840 -8355840
XY 21767 -8355840 -8355840
XY 21775 -8355840 -8355840
XY 21783 -8355840 -8355840
XY 21791 -8355840 -8355840
XY 21799 -8355840 -8355840
XY 21807 -8355840 -8355840
XY 21815 -8355840 -8355840
XY 21823 -8355840 -8355840
XY 21831 -8355840 -8355840
XY 21839 -8355840 -8355840
XY 21847 -8355840 -8355840
XY 21855 -8355840 -8355840
XY 21863 -8355840 -8355840
XY 21871 -8355840 -8355840
XY 21879 -8355840 -8355840
XY 21887 -8355840 -8355840
XY 21895 -8355840 -8355840
XY 21903 -8355840 -8355840
XY 21911 -8355840 -8355840
XY 21919 -8355840 -8355840
XY 21927 -8355840 -8355840
XY 21935 -8355840 -8355840
XY 21943 -8355840 -8355840
XY 21951 -8355840 -8355840
XY 21959 -8355840 -8355840
XY 21967 -8355840 -8355840
XY 21975 -8355840 -8355840
XY 21983 -8355840 -8355840
XY 21991 -8355840 -8355840
XY 21999 -8355840 -8355840
XY 22007 -8355840 -8355840
XY 22015 -8355840 -8355840
XY 22023 -8355840 -8355840
XY 22031 -8355840 -8355840
XY 22039 -8355840 -8355840
XY 22047 -8355840 -8355840
XY 22055 -8355840 -8355840
XY 22064 -8355840 -8355840
XY 22072 -8355840 -8355840
XY 22080 -8355840 -8355840
XY 22088 -8355840 -8355840
XY 22096 -8355840 -8355840
XY 22104 -8355840 -8355840
XY 22112 -8355840 -8355840
XY 22120 -8355840 -8355840
XY 22128 -8355840 -8355840
XY 22136 -8355840 -8355840
XY 22144 -8355840 -8355840
XY 22152 -8355840 -8355840
XY 22160 -8355840 -8355840
XY 22168 -8355840 -8355840
XY 22176 -8355840 -8355840
XY 22184 -8355840 -8355840
XY 22192 -8355840 -8355840
XY 22200 -8355840 -8355840
XY 22208 -8355840 -8355840
XY 22216 -8355840 -8355840
XY 22224 -8355840 -8355840
XY 22232 -8355840 -8355840
XY 22240 -8355840 -8355840
XY 22248 -8355840 -8355840
XY 22256 -8355840 -8355840
XY 22264 -8355840 -8355840
XY 22272 -8355840 -8355840
XY 22280 -8355840 -8355840
XY 22288 -8355840 -8355840
XY 22296 -8355840 -8355840
XY 22304 -8355840 -8355840
XY 22312 -8355840 -8355840
XY 22320 -8355840 -8355840
XY 22328 -8355840 -8355840
XY 22336 -8355840 -8355840
XY 22344 -8355840 -8355840
XY 22352 -8355840 -8355840
XY 22360 -8355840 -8355840
XY 22369 -8355840 -8355840
XY 22377 -8355840 -8355840
XY 22385 -8355840 -8355840
XY 22393 -8355840 -8355840
XY 22401 -8355840 -8355840
XY 22409 -8355840 -8355840
XY 22417 -8355840 -8355840
XY 22425 -8355840 -8355840
XY 22433 -8355840 -8355840
XY 22441 -8355840 -8355840
XY 22449 -8355840 -8355840
XY 22457 -8355840 -8355840
XY 22465 -8355840 -8355840
XY 22473 -8355840 -8355840
XY 22481 -8355840 -8355840
XY 22489 -8355840 -8355840
XY 22497 -8355840 -8355840
XY 22505 -8355840 -8355840
XY 22513 -8355840 -8355840
XY 22521 -8355840 -8355840
XY 22529 -8355840 -8355840
XY 22537 -8355840 -8355840
XY 22545 -8355840 -8355840
XY 22553 -8355840 -8355840
XY 22561 -8355840 -8355840
XY 22569 -8355840 -8355840
XY 22577 -8355840 -8355840
XY 22585 -8355840 -8355840
XY 22593 -8355840 -8355840
XY 22601 -8355840 -8355840
XY 22609 -8355840 -8355840
XY 22617 -8355840 -8355840
XY 22625 -8355840 -8355840
XY 22633 -8355840 -8355840
XY 22641 -8355840 -8355840
XY 22649 -8355840 -8355840
XY 22657 -8355840 -8355840
XY 22665 -8355840 -8355840
XY 22674 -8355840 -8355840
XY 22682 -8355840 -8355840
XY 22690 -8355840 -8355840
XY 22698 -8355840 -8355840
XY 22706 -8355840 -8355840
XY 22714 -8355840 -8355840
XY 22722 -8355840 -8355840
XY 22730 -8355840 -8355840
XY 22738 -8355840 -8355840
XY 22746 -8355840 -8355840
XY 22754 -8355840 -8355840
XY 22762 -8355840 -8355840
XY 22770 -8355840 -8355840
XY 22778 -8355840 -8355840
XY 22786 -8355840 -8355840
XY 22794 -8355840 -8355840
XY 22802 -8355840 -8355840
XY 22810 -8355840 -8355840
XY 22818 -8355840 -8355840
XY 22826 -8355840 -8355840
XY 22834 -8355840 -8355840
XY 22842 -8355840 -8355840
XY 22850 -8355840 -8355840
XY 22858 -8355840 -8355840
XY 22866 -8355840 -8355840
XY 22874 -8355840 -8355840
XY 22882 -8355840 -8355840
XY 22890 -8355840 -8355840
XY 22898 -8355840 -8355840
XY 22906 -8355840 -8355840
XY 22914 -8355840 -8355840
XY 22922 -8355840 -8355840
XY 22930 -8355840 -8355840
XY 22938 -8355840 -8355840
XY 22946 -8355840 -8355840
XY 22954 -8355840 -8355840
XY 22962 -8355840 -8355840
XY 22970 -8355840 -8355840
XY 22979 -8355840 -8355840
XY 22986 -8355840 -8355840
XY 22995 -8355840 -8355840
XY 23003 -8355840 -8355840
XY 23011 -8355840 -8355840
XY 23019 -8355840 -8355840
XY 23027 -8355840 -8355840
XY 23035 -8355840 -8355840
XY 23043 -8355840 -8355840
XY 23051 -8355840 -8355840
XY 23059 -8355840 -8355840
XY 23067 -8355840 -8355840
XY 23075 -8355840 -8355840
XY 23083 -8355840 -8355840
XY 23091 -8355840 -8355840
XY 23099 -8355840 -8355840
XY 23107 -8355840 -8355840
XY 23115 -8355840 -8355840
XY 23123 -8355840 -8355840
XY 23131 -8355840 -8355840
XY 23139 -8355840 -8355840
XY 23147 -8355840 -8355840
XY 23155 -8355840 -8355840
XY 23163 -8355840 -8355840
XY 23171 -8355840 -8355840
XY 23179 -8355840 -8355840
XY 23187 -8355840 -8355840
XY 23195 -8355840 -8355840
XY 23203 -8355840 -8355840
XY 23211 -8355840 -8355840
XY 23219 -8355840 -8355840
XY 23227 -8355840 -8355840
XY 23235 -8355840 -8355840
XY 23243 -8355840 -8355840
XY 23251 -8355840 -8355840
XY 23259 -8355840 -8355840
XY 23267 -8355840 -8355840
XY 23275 -8355840 -8355840
XY 23283 -8355840 -8355840
XY 23291 -8355840 -8355840
XY 23300 -8355840 -8355840
XY 23308 -8355840 -8355840
XY 23316 -8355840 -8355840
XY 23324 -8355840 -8355840
XY 23332 -8355840 -8355840
XY 23340 -8355840 -8355840
XY 23348 -8355840 -8355840
XY 23356 -8355840 -8355840
XY 23364 -8355840 -8355840
XY 23372 -8355840 -8355840
XY 23380 -8355840 -8355840
XY 23388 -8355840 -8355840
XY 23396 -8355840 -8355840
XY 23404 -8355840 -8355840
XY 23412 -8355840 -8355840
XY 23420 -8355840 -8355840
XY 23428 -8355840 -8355840
XY 23436 -8355840 -8355840
XY 23444 -8355840 -8355840
XY 23452 -8355840 -8355840
XY 23460 -8355840 -8355840
XY 23468 -8355840 -8355840
XY 23476 -8355840 -8355840
XY 23484 -8355840 -8355840
XY 23492 -8355840 -8355840
XY 23500 -8355840 -8355840
XY 23508 -8355840 -8355840
XY 23516 -8355840 -8355840
XY 23524 -8355840 -8355840
XY 23532 -8355840 -8355840
XY 23540 -8355840 -8355840
XY 23548 -8355840 -8355840
XY 23556 -8355840 -8355840
XY 23564 -8355840 -8355840
XY 23572 -8355840 -8355840
XY 23580 -8355840 -8355840
XY 23588 -8355840 -8355840
XY 23596 -8355840 -8355840
XY 23605 -8355840 -8355840
XY 23613 -8355840 -8355840
XY 23621 -8355840 -8355840
XY 23629 -8355840 -8355840
XY 23637 -8355840 -8355840
XY 23645 -8355840 -8355840
XY 23653 -8355840 -8355840
XY 23661 -8355840 -8355840
XY 23669 -8355840 -8355840
XY 23677 -8355840 -8355840
XY 23685 -8355840 -8355840
XY 23693 -8355840 -8355840
XY 23701 -8355840 -8355840
XY 23709 -8355840 -8355840
XY 23717 -8355840 -8355840
XY 23725 -8355840 -8355840
XY 23733 -8355840 -8355840
XY 23741 -8355840 -8355840
XY 23749 -8355840 -8355840
XY 23757 -8355840 -8355840
XY 23765 -8355840 -8355840
XY 23773 -8355840 -8355840
XY 23781 -8355840 -8355840
XY 23789 -8355840 -8355840
XY 23797 -8355840 -8355840
XY 23805 -8355840 -8355840
XY 23813 -8355840 -8355840
XY 23821 -8355840 -8355840
XY 23829 -8355840 -8355840
XY 23837 -8355840 -8355840
XY 23845 -8355840 -8355840
XY 23853 -8355840 -8355840
XY 23861 -8355840 -8355840
XY 23869 -8355840 -8355840
XY 23877 -8355840 -8355840
XY 23885 -8355840 -8355840
XY 23893 -8355840 -8355840
XY 23901 -8355840 -8355840
XY 23910 -8355840 -8355840
XY 23918 -8355840 -8355840
XY 23926 -8355840 -8355840
XY 23934 -8355840 -8355840
XY 23942 -8355840 -8355840
XY 23950 -8355840 -8355840
XY 23958 -8355840 -8355840
XY 23966 -8355840 -8355840
XY 23974 -8355840 -8355840
XY 23982 -8355840 -8355840
XY 23990 -8355840 -8355840
XY 23998 -8355840 -8355840
XY 24006 -8355840 -8355840
XY 24014 -8355840 -8355840
XY 24022 -8355840 -8355840
XY 24030 -8355840 -8355840
XY 24038 -8355840 -8355840
XY 24046 -8355840 -8355840
XY 24054 -8355840 -8355840
XY 24062 -8355840 -8355840
XY 24070 -8355840 -8355840
XY 24078 -8355840 -8355840
XY 24086 -8355840 -8355840
XY 24094 -8355840 -8355840
XY 24102 -8355840 -8355840
XY 24110 -8355840 -8355840
XY 24118 -8355840 -8355840
XY 24126 -8355840 -8355840
XY 24134 -8355840 -8355840
XY 24142 -8355840 -8355840
XY 24150 -8355840 -8355840
XY 24158 -8355840 -8355840
XY 24166 -8355840 -8355840
XY 24174 -8355840 -8355840
XY 24182 -8355840 -8355840
XY 24190 -8355840 -8355840
XY 24198 -8355840 -8355840
XY 24206 -8355840 -8355840
XY 24215 -8355840 -8355840
XY 24223 -8355840 -8355840
XY 24231 -8355840 -8355840
XY 24239 -8355840 -8355840
XY 24247 -8355840 -8355840
XY 24255 -8355840 -8355840
XY 24263 -8355840 -8355840
XY 24271 -8355840 -8355840
XY 24279 -8355840 -8355840
XY 24287 -8355840 -8355840
XY 24295 -8355840 -8355840
XY 24303 -8355840 -8355840
XY 24311 -8355840 -8355840
XY 24319 -8355840 -8355840
XY 24327 -8355840 -8355840
XY 24335 -8355840 -8355840
XY 24343 -8355840 -8355840
XY 24351 -8355840 -8355840
XY 24359 -8355840 -8355840
XY 24367 -8355840 -8355840
XY 24375 -8355840 -8355840
XY 24383 -8355840 -8355840
XY 24391 -8355840 -8355840
XY 24399 -8355840 -8355840
XY 24407 -8355840 -8355840
XY 24415 -8355840 -8355840
XY 24423 -8355840 -8355840
XY 24431 -8355840 -8355840
XY 24439 -8355840 -8355840
XY 24447 -8355840 -8355840
XY 24455 -8355840 -8355840
XY 24463 -8355840 -8355840
XY 24471 -8355840 -8355840
XY 24479 -8355840 -8355840
XY 24487 -8355840 -8355840
XY 24495 -8355840 -8355840
XY 24503 -8355840 -8355840
XY 24511 -8355840 -8355840
XY 24520 -8355840 -8355840
XY 24528 -8355840 -8355840
XY 24536 -8355840 -8355840
XY 24544 -8355840 -8355840
XY 24552 -8355840 -8355840
XY 24560 -8355840 -8355840
XY 24568 -8355840 -8355840
XY 24576 -8355840 -8355840
XY 24584 -8355840 -8355840
XY 24592 -8355840 -8355840
XY 24600 -8355840 -8355840
XY 24608 -8355840 -8355840
XY 24616 -8355840 -8355840
XY 24624 -8355840 -8355840
XY 24632 -8355840 -8355840
XY 24640 -8355840 -8355840
XY 24648 -8355840 -8355840
XY 85181 -4276694 -8355840
XY 85189 -8355840 -8355840
XY 85197 -789690 -2960872
XY 85205 -8355840 -8355840
XY 85213 -8355840 -1710837
XY 85221 -4737062 -8355840
XY 85229 -8355840 -8355840
XY 85237 -658099 -3552950
XY 85245 -8355840 -8355840
XY 85253 -8355840 -1052751
XY 85261 -5460764 -8355840
XY 85269 -8355840 -8355840
XY 85277 -592363 -4144985
XY 85285 -8355840 -8355840
XY 85293 -8355840 -855457
XY 85301 -5921387 -8355840
XY 85309 -8355840 -8355840
XY 85317 -592240 -4671314
XY 85325 -8355840 -8355840
XY 85333 -8355587 -789635
XY 85341 -6118676 -8355840
XY 85350 -8355840 -8355840
XY 85357 -526494 -5066018
XY 85366 -8355840 -8355840
XY 85374 -7829261 -723765
XY 85382 -6513507 -8355840
XY 85390 -8355840 -8355840
XY 85398 -592141 -5592517
XY 85406 -8355840 -8355840
XY 85414 -7500482 -658017
XY 85422 -7171333 -8355840
XY 85430 -8355840 -8355840
XY 85438 -526505 -5921430
XY 85446 -8355840 -8355840
XY 85454 -7171364 -658150
XY 85462 -7500416 -8355840
XY 85470 -8355840 -8355840
XY 85478 -526351 -6381883
XY 85486 -8355840 -8355840
XY 85494 -6776716 -658112
XY 85502 -8290037 -8355840
XY 85510 -8355840 -8355840
XY 85518 -460775 -6908211
XY 85526 -8355840 -8355840
XY 85534 -6579220 -658115
XY 85542 -8355840 -8355840
XY 137279 -8355840 -8355840
XY 137287 -8355840 -8355840
XY 137295 -8355840 -8355840
XY 137303 -8355840 -8355840
XY 137311 -8355840 -8355840
XY 137319 -8355840 -8355840
XY 137327 -8355840 -8355840
XY 137335 -8355840 -8355840
XY 137343 -8355840 -8355840
XY 137351 -8355840 -8355840
XY 137359 -8355840 -8355840
XY 137367 -8355840 -8355840
XY 137375 -8355840 -8355840
XY 137383 -8355840 -8355840
XY 137391 -8355840 -8355840
XY 137399 -8355840 -8355840
XY 137407 -8355840 -8355840
XY 137415 -8355840 -8355840
XY 137423 -8355840 -8355840
XY 137431 -8355840 -8355840
XY 137439 -8355840 -8355840
XY 137447 -8355840 -8355840
XY 137455 -8355840 -8355840
XY 137463 -8355840 -8355840
XY 137471 -8355840 -8355840
XY 137479 -8355840 -8355840
XY 137487 -8355840 -8355840
XY 137495 -8355840 -8355840
XY 137503 -8355840 -8355840
XY 137511 -8355840 -8355840
XY 137519 -8355840 -8355840
XY 137527 -8355840 -8355840
XY 137535 -8355840 -8355840
XY 137543 -8355840 -8355840
XY 137551 -8355840 -8355840
XY 137559 -8355840 -8355840
XY 137567 -8355840 -8355840
XY 137575 -8355840 -8355840
XY 137583 -8355840 -8355840
XY 137592 -8355840 -8355840
XY 137600 -8355840 -8355840
XY 137608 -8355840 -8355840
XY 137616 -8355840 -8355840
XY 137624 -8355840 -8355840
XY 137632 -8355840 -8355840
XY 137640 -8355840 -8355840
XY 137648 -8355840 -8355840
XY 137656 -8355840 -8355840
XY 137664 -8355840 -8355840
XY 137672 -8355840 -8355840
XY 137680 -8355840 -8355840
XY 137688 -8355840 -8355840
XY 137696 -8355840 -8355840
XY 137704 -8355840 -8355840
XY 137712 -8355840 -8355840
XY 137720 -8355840 -8355840
XY 137728 -8355840 -8355840
XY 137736 -8355840 -8355840
XY 137744 -8355840 -8355840
XY 137752 -8355840 -8355840
XY 137760 -8355840 -8355840
XY 137768 -8355840 -8355840
XY 137776 -8355840 -8355840
XY 137784 -8355840 -8355840
XY 137792 -8355840 -8355840
XY 137800 -8355840 -8355840
XY 137808 -8355840 -8355840
XY 137816 -8355840 -8355840
XY 137824 -8355840 -8355840
XY 137832 -8355840 -8355840
XY 137840 -8355840 -8355840
XY 137848 -8355840 -8355840
XY 137856 -8355840 -8355840
XY 137864 -8355840 -8355840
XY 137872 -8355840 -8355840
XY 137880 -8355840 -8355840
XY 137889 -8355840 -8355840
XY 137897 -8355840 -8355840
XY 137905 -8355840 -8355840
XY 137913 -8355840 -8355840
XY 137921 -8355840 -8355840
XY 137929 -8355840 -8355840
XY 137937 -8355840 -8355840
XY 137945 -8355840 -8355840
XY 137953 -8355840 -8355840
XY 137961 -8355840 -8355840
XY 137969 -8355840 -8355840
XY 137977 -8355840 -8355840
XY 137985 -8355840 -8355840
XY 137993 -8355840 -8355840
XY 138001 -8355840 -8355840
XY 138009 -8355840 -8355840
XY 138017 -8355840 -8355840
XY 138025 -8355840 -8355840
XY 138033 -8355840 -8355840
XY 138041 -8355840 -8355840
XY 138049 -8355840 -8355840
XY 138057 -8355840 -8355840
XY 138065 -8355840 -8355840
XY 138073 -8355840 -8355840
XY 138081 -8355840 -8355840
XY 138089 -8355840 -8355840
XY 138097 -8355840 -8355840
XY 138105 -8355840 -8355840
XY 138113 -8355840 -8355840
XY 138121 -8355840 -8355840
XY 138129 -8355840 -8355840
XY 138137 -8355840 -8355840
XY 138145 -8355840 -8355840
XY 138153 -8355840 -8355840
XY 138161 -8355840 -8355840
XY 138169 -8355840 -8355840
XY 138177 -8355840 -8355840
XY 138185 -8355840 -8355840
XY 138194 -8355840 -8355840
XY 138202 -8355840 -8355840
XY 138210 -8355840 -8355840
XY 138218 -8355840 -8355840
XY 138226 -8355840 -8355840
XY 138234 -8355840 -8355840
XY 138242 -8355840 -8355840
XY 138250 -8355840 -8355840
XY 138258 -8355840 -8355840
XY 138266 -8355840 -8355840
XY 138274 -8355840 -8355840
XY 138282 -8355840 -8355840
XY 138290 -8355840 -8355840
XY 138298 -8355840 -8355840
XY 138306 -8355840 -8355840
XY 138314 -8355840 -8355840
XY 138322 -8355840 -8355840
XY 138330 -8355840 -8355840
XY 138338 -8355840 -8355840
XY 138346 -8355840 -8355840
XY 138354 -8355840 -8355840
XY 138362 -8355840 -8355840
XY 138370 -8355840 -8355840
XY 138378 -8355840 -8355840
XY 138386 -8355840 -8355840
XY 138394 -8355840 -8355840
XY 138402 -8355840 -8355840
XY 138410 -8355840 -8355840
XY 138418 -8355840 -8355840
XY 138426 -8355840 -8355840
XY 138434 -8355840 -8355840
XY 138442 -8355840 -8355840
XY 138450 -8355840 -8355840
XY 138458 -8355840 -8355840
XY 138466 -8355840 -8355840
XY 138474 -8355840 -8355840
XY 138482 -8355840 -8355840
XY 138490 -8355840 -8355840
XY 138498 -8355840 -8355840
XY 138507 -8355840 -8355840
XY 138515 -8355840 -8355840
XY 138523 -8355840 -8355840
XY 138531 -8355840 -8355840
XY 138539 -8355840 -8355840
XY 138547 -8355840 -8355840
XY 138555 -8355840 -8355840
XY 138563 -8355840 -8355840
XY 138571 -8355840 -8355840
XY 138579 -8355840 -8355840
XY 138587 -8355840 -8355840
XY 138595 -8355840 -8355840
XY 138603 -8355840 -8355840
XY 138611 -8355840 -8355840
XY 138619 -8355840 -8355840
XY 138627 -8355840 -8355840
XY 138635 -8355840 -8355840
XY 138643 -8355840 -8355840
XY 138651 -8355840 -8355840
XY 138659 -8355840 -8355840
XY 138667 -8355840 -8355840
XY 138675 -8355840 -8355840
XY 138683 -8355840 -8355840
XY 138691 -8355840 -8355840
XY 138699 -8355840 -8355840
XY 138707 -8355840 -8355840
XY 138715 -8355840 -8355840
XY 138723 -8355840 -8355840
XY 138731 -8355840 -8355840
XY 138739 -8355840 -8355840
XY 138747 -8355840 -8355840
XY 138755 -8355840 -8355840
XY 138763 -8355840 -8355840
XY 138771 -8355840 -8355840
XY 138779 -8355840 -8355840
XY 138787 -8355840 -8355840
XY 138795 -8355840 -8355840
XY 138803 -8355840 -8355840
XY 138812 -8355840 -8355840
XY 138820 -8355840 -8355840
XY 138828 -8355840 -8355840
XY 138836 -8355840 -8355840
XY 138844 -8355840 -8355840
XY 138852 -8355840 -8355840
XY 138860 -8355840 -8355840
XY 138868 -8355840 -8355840
XY 138876 -8355840 -8355840
XY 138884 -8355840 -8355840
XY 138892 -8355840 -8355840
XY 138900 -8355840 -8355840
XY 138908 -8355840 -8355840
XY 138916 -8355840 -8355840
XY 138924 -8355840 -8355840
XY 138932 -8355840 -8355840
XY 138940 -8355840 -8355840
XY 138948 -8355840 -8355840
XY 138956 -8355840 -8355840
XY 138964 -8355840 -8355840
XY 138972 -8355840 -8355840
XY 138980 -8355840 -8355840
XY 138988 -8355840 -8355840
XY 138996 -8355840 -8355840
XY 139004 -8355840 -8355840
XY 139012 -8355840 -8355840
XY 139020 -8355840 -8355840
XY 139028 -8355840 -8355840
XY 139036 -8355840 -8355840
XY 139044 -8355840 -8355840
XY 139052 -8355840 -8355840
XY 139060 -8355840 -8355840
XY 139068 -8355840 -8355840
XY 139076 -8355840 -8355840
XY 139084 -8355840 -8355840
XY 139092 -8355840 -8355840
XY 139100 -8355840 -8355840
XY 139108 -8355840 -8355840
XY 139117 -8355840 -8355840
XY 139125 -8355840 -8355840
XY 139133 -8355840 -8355840
XY 139141 -8355840 -8355840
XY 139149 -8355840 -8355840
XY 139157 -8355840 -8355840
XY 139165 -8355840 -8355840
XY 139173 -8355840 -8355840
XY 139181 -8355840 -8355840
XY 139189 -8355840 -8355840
XY 139197 -8355840 -8355840
XY 139205 -8355840 -8355840
XY 139213 -8355840 -8355840
XY 139221 -8355840 -8355840
XY 139229 -8355840 -8355840
XY 139237 -8355840 -8355840
XY 139245 -8355840 -8355840
XY 139253 -8355840 -8355840
XY 139261 -8355840 -8355840
XY 139269 -8355840 -8355840
XY 139277 -8355840 -8355840
XY 139285 -8355840 -8355840
XY 139293 -8355840 -8355840
XY 139301 -8355840 -8355840
XY 139309 -8355840 -8355840
XY 139317 -8355840 -8355840
XY 139325 -8355840 -8355840
XY 139333 -8355840 -8355840
XY 139341 -8355840 -8355840
XY 139349 -8355840 -8355840
XY 139357 -8355840 -8355840
XY 139365 -8355840 -8355840
XY 139373 -8355840 -8355840
XY 139381 -8355840 -8355840
XY 139389 -8355840 -8355840
XY 139397 -8355840 -8355840
XY 139405 -8355840 -8355840
XY 139413 -8355840 -8355840
XY 139421 -8355840 -8355840
XY 139430 -8355840 -8355840
XY 139438 -8355840 -8355840
XY 139446 -8355840 -8355840
XY 139454 -8355840 -8355840
XY 139462 -8355840 -8355840
XY 139470 -8355840 -8355840
XY 139478 -8355840 -8355840
XY 139486 -8355840 -8355840
XY 139494 -8355840 -8355840
XY 139502 -8355840 -8355840
XY 139510 -8355840 -8355840
XY 139518 -8355840 -8355840
XY 139526 -8355840 -8355840
XY 139534 -8355840 -8355840
XY 139542 -8355840 -8355840
XY 139550 -8355840 -8355840
XY 139558 -8355840 -8355840
XY 139566 -8355840 -8355840
XY 139574 -8355840 -8355840
XY 139582 -8355840 -8355840
XY 139590 -8355840 -8355840
XY 139598 -8355840 -8355840
XY 139606 -8355840 -8355840
XY 139614 -8355840 -8355840
XY 139622 -8355840 -8355840
XY 139630 -8355840 -8355840
XY 139638 -8355840 -8355840
XY 139646 -8355840 -8355840
XY 139654 -8355840 -8355840
XY 139662 -8355840 -8355840
XY 139670 -8355840 -8355840
XY 139678 -8355840 -8355840
XY 139686 -8355840 -8355840
XY 139694 -8355840 -8355840
XY 139702 -8355840 -8355840
XY 139710 -8355840 -8355840
XY 139718 -8355840 -8355840
XY 139726 -8355840 -8355840
XY 139735 -8355840 -8355840
XY 139743 -8355840 -8355840
XY 139751 -8355840 -8355840
XY 139759 -8355840 -8355840
XY 139767 -8355840 -8355840
XY 139775 -8355840 -8355840
XY 139783 -8355840 -8355840
XY 139791 -8355840 -8355840
XY 139799 -8355840 -8355840
XY 139807 -8355840 -8355840
XY 139815 -8355840 -8355840
XY 139823 -8355840 -8355840
XY 139831 -8355840 -8355840
XY 139839 -8355840 -8355840
XY 139847 -8355840 -8355840
XY 139855 -8355840 -8355840
XY 139863 -8355840 -8355840
XY 139871 -8355840 -8355840
XY 139879 -8355840 -8355840
XY 139887 -8355840 -8355840
XY 139895 -8355840 -8355840
XY 139903 -8355840 -8355840
XY 139911 -8355840 -8355840
XY 139919 -8355840 -8355840
XY 139927 -8355840 -8355840
XY 139935 -8355840 -8355840
XY 139943 -8355840 -8355840
XY 139951 -8355840 -8355840
XY 139959 -8355840 -8355840
XY 139967 -8355840 -8355840
XY 139975 -8355840 -8355840
XY 139983 -8355840 -8355840
XY 139991 -8355840 -8355840
XY 139999 -8355840 -8355840
XY 140007 -8355840 -8355840
XY 140015 -8355840 -8355840
XY 140023 -8355840 -8355840
XY 140031 -8355840 -8355840
XY 140040 -8355840 -8355840
XY 140048 -8355840 -8355840
XY 140056 -8355840 -8355840
XY 140064 -8355840 -8355840
XY 140072 -8355840 -8355840
XY 140080 -8355840 -8355840
XY 140088 -8355840 -8355840
XY 140096 -8355840 -8355840
XY 140104 -8355840 -8355840
XY 140112 -8355840 -8355840
XY 140120 -8355840 -8355840
XY 140128 -8355840 -8355840
XY 140136 -8355840 -8355840
XY 140144 -8355840 -8355840
XY 140152 -8355840 -8355840
XY 140160 -8355840 -8355840
XY 140168 -8355840 -8355840
XY 140176 -8355840 -8355840
XY 140184 -8355840 -8355840
XY 140192 -8355840 -8355840
XY 140200 -8355840 -8355840
XY 140208 -8355840 -8355840
XY 140216 -8355840 -8355840
XY 140224 -8355840 -8355840
XY 140232 -8355840 -8355840
XY 140240 -8355840 -8355840
XY 140248 -8355840 -8355840
XY 140256 -8355840 -8355840
XY 140264 -8355840 -8355840
XY 140272 -8355840 -8355840
XY 140280 -8355840 -8355840
XY 140288 -8355840 -8355840
XY 140296 -8355840 -8355840
XY 140304 -8355840 -8355840
XY 140312 -8355840 -8355840
XY 140320 -8355840 -8355840
XY 140328 -8355840 -8355840
XY 140336 -8355840 -8355840
XY 140345 -8355840 -8355840
XY 140353 -8355840 -8355840
XY 140361 -8355840 -8355840
XY 140369 -8355840 -8355840
XY 140377 -8355840 -8355840
XY 140385 -8355840 -8355840
XY 140393 -8355840 -8355840
XY 140401 -8355840 -8355840
XY 140409 -8355840 -8355840
XY 140417 -8355840 -8355840
XY 140425 -8355840 -8355840
XY 140433 -8355840 -8355840
XY 140441 -8355840 -8355840
XY 140449 -8355840 -8355840
XY 140457 -8355840 -8355840
XY 140465 -8355840 -8355840
XY 140473 -8355840 -8355840
XY 140481 -8355840 -8355840
XY 140489 -8355840 -8355840
XY 140497 -8355840 -8355840
XY 140505 -8355840 -8355840
XY 140513 -8355840 -8355840
XY 140521 -8355840 -8355840
XY 140529 -8355840 -8355840
XY 140537 -8355840 -8355840
XY 140545 -8355840 -8355840
XY 140553 -8355840 -8355840
XY 140561 -8355840 -8355840
XY 140569 -8355840 -8355840
XY 140577 -8355840 -8355840
XY 140585 -8355840 -8355840
XY 140593 -8355840 -8355840
XY 140601 -8355840 -8355840
XY 140609 -8355840 -8355840
XY 140617 -8355840 -8355840
XY 140625 -8355840 -8355840
XY 140633 -8355840 -8355840
XY 140641 -8355840 -8355840
XY 140649 -8355840 -8355840
XY 140658 -8355840 -8355840
XY 140666 -8355840 -8355840
XY 140674 -8355840 -8355840
XY 140682 -8355840 -8355840
XY 140690 -8355840 -8355840
XY 140698 -8355840 -8355840
XY 140706 -8355840 -8355840
XY 140714 -8355840 -8355840
XY 140722 -8355840 -8355840
XY 140730 -8355840 -8355840
XY 140738 -8355840 -8355840
XY 140746 -8355840 -8355840
XY 140754 -8355840 -8355840
XY 140762 -8355840 -8355840
XY 140770 -8355840 -8355840
XY 140778 -8355840 -8355840
XY 140786 -8355840 -8355840
XY 140794 -8355840 -8355840
XY 140802 -8355840 -8355840
XY 140810 -8355840 -8355840
XY 140818 -8355840 -8355840
XY 140826 -8355840 -8355840
XY 140834 -8355840 -8355840
XY 140842 -8355840 -8355840
XY 140850 -8355840 -8355840
XY 140858 -8355840 -8355840
XY 140866 -8355840 -8355840
XY 140874 -8355840 -8355840
XY 140882 -8355840 -8355840
XY 140890 -8355840 -8355840
XY 140898 -8355840 -8355840
XY 140906 -8355840 -8355840
XY 140914 -8355840 -8355840
XY 140922 -8355840 -8355840
XY 140930 -8355840 -8355840
XY 140938 -8355840 -8355840
XY 140946 -8355840 -8355840
XY 140954 -8355840 -8355840
XY 140963 -8355840 -8355840
XY 140971 -8355840 -8355840
XY 140979 -8355840 -8355840
XY 140987 -8355840 -8355840
XY 140995 -8355840 -8355840
XY 141003 -8355840 -8355840
XY 141011 -8355840 -8355840
XY 141019 -8355840 -8355840
XY 141027 -8355840 -8355840
XY 141035 -8355840 -8355840
XY 141043 -8355840 -8355840
XY 141051 -8355840 -8355840
XY 141059 -8355840 -8355840
XY 141067 -8355840 -8355840
XY 141075 -8355840 -8355840
XY 141083 -8355840 -8355840
XY 141091 -8355840 -8355840
XY 141099 -8355840 -8355840
XY 141107 -8355840 -8355840
XY 141115 -8355840 -8355840
XY 141123 -8355840 -8355840
XY 141131 -8355840 -8355840
XY 141139 -8355840 -8355840
XY 141147 -8355840 -8355840
XY 141155 -8355840 -8355840
XY 141163 -8355840 -8355840
XY 141171 -8355840 -8355840
XY 141179 -8355840 -8355840
XY 141187 -8355840 -8355840
XY 141195 -8355840 -8355840
XY 141203 -8355840 -8355840
XY 141211 -8355840 -8355840
XY 141219 -8355840 -8355840
XY 141227 -8355840 -8355840
XY 141235 -8355840 -8355840
XY 141243 -8355840 -8355840
XY 141251 -8355840 -8355840
XY 141259 -8355840 -8355840
XY 141268 -8355840 -8355840
XY 141276 -8355840 -8355840
XY 141284 -8355840 -8355840
XY 141292 -8355840 -8355840
XY 141300 -8355840 -8355840
XY 141308 -8355840 -8355840
XY 141316 -8355840 -8355840
XY 141324 -8355840 -8355840
XY 141332 -8355840 -8355840
XY 141340 -8355840 -8355840
XY 141348 -8355840 -8355840
XY 141356 -8355840 -8355840
XY 141364 -8355840 -8355840
XY 141372 -8355840 -8355840
XY 141380 -8355840 -8355840
XY 141388 -8355840 -8355840
XY 141396 -8355840 -8355840
XY 141404 -8355840 -8355840
XY 141412 -8355840 -8355840
XY 141420 -8355840 -8355840
XY 141428 -8355840 -8355840
XY 141436 -8355840 -8355840
XY 141444 -8355840 -8355840
XY 141452 -8355840 -8355840
XY 141460 -8355840 -8355840
XY 141468 -8355840 -8355840
XY 141476 -8355840 -8355840
XY 141484 -8355840 -8355840
XY 141492 -8355840 -8355840
XY 141500 -8355840 -8355840
XY 141508 -8355840 -8355840
XY 141516 -8355840 -8355840
XY 141524 -8355840 -8355840
XY 141532 -8355840 -8355840
XY 141540 -8355840 -8355840
XY 141548 -8355840 -8355840
XY 141556 -8355840 -8355840
XY 141564 -8355840 -8355840
XY 141572 -8355840 -8355840
XY 141581 -8355840 -8355840
XY 141589 -8355840 -8355840
XY 141597 -8355840 -8355840
XY 141605 -8355840 -8355840
XY 141613 -8355840 -8355840
XY 141621 -8355840 -8355840
XY 141629 -8355840 -8355840
XY 141637 -8355840 -8355840
XY 141645 -8355840 -8355840
XY 141653 -8355840 -8355840
XY 141661 -8355840 -8355840
XY 141669 -8355840 -8355840
XY 141677 -8355840 -8355840
XY 141685 -8355840 -8355840
XY 141693 -8355840 -8355840
XY 141701 -8355840 -8355840
XY 141709 -8355840 -8355840
XY 141717 -8355840 -8355840
XY 141725 -8355840 -8355840
XY 141733 -8355840 -8355840
XY 141741 -8355840 -8355840
XY 141749 -8355840 -8355840
XY 141757 -8355840 -8355840
XY 141765 -8355840 -8355840
XY 141773 -8355840 -8355840
XY 141781 -8355840 -8355840
XY 141789 -8355840 -8355840
XY 141797 -8355840 -8355840
XY 141805 -8355840 -8355840
XY 141813 -8355840 -8355840
XY 141821 -8355840 -8355840
XY 141829 -8355840 -8355840
XY 141837 -8355840 -8355840
XY 141845 -8355840 -8355840
XY 141853 -8355840 -8355840
XY 141861 -8355840 -8355840
XY 141869 -8355840 -8355840
XY 141877 -8355840 -8355840
XY 141885 -8355840 -8355840
XY 141894 -8355840 -8355840
XY 141902 -8355840 -8355840
XY 141910 -8355840 -8355840
XY 141918 -8355840 -8355840
XY 141926 -8355840 -8355840
XY 141934 -8355840 -8355840
XY 141942 -8355840 -8355840
XY 141950 -8355840 -8355840
XY 141958 -8355840 -8355840
XY 141966 -8355840 -8355840
XY 141974 -8355840 -8355840
XY 141982 -8355840 -8355840
XY 141990 -8355840 -8355840
XY 141998 -8355840 -8355840
XY 142006 -8355840 -8355840
XY 142014 -8355840 -8355840
XY 142022 -8355840 -8355840
XY 142030 -8355840 -8355840
XY 142038 -8355840 -8355840
XY 142046 -8355840 -8355840
XY 142054 -8355840 -8355840
XY 142062 -8355840 -8355840
XY 142070 -8355840 -8355840
XY 142078 -8355840 -8355840
XY 142086 -8355840 -8355840
XY 142094 -8355840 -8355840
XY 142102 -8355840 -8355840
XY 142110 -8355840 -8355840
XY 142118 -8355840 -8355840
XY 142126 -8355840 -8355840
XY 142134 -8355840 -8355840
XY 142142 -8355840 -8355840
XY 142150 -8355840 -8355840
XY 142158 -8355840 -8355840
XY 142166 -8355840 -8355840
XY 142174 -8355840 -8355840
XY 142182 -8355840 -8355840
XY 142191 -8355840 -8355840
XY 142199 -8355840 -8355840
XY 142207 -8355840 -8355840
XY 142215 -8355840 -8355840
XY 142223 -8355840 -8355840
XY 142231 -8355840 -8355840
XY 142239 -8355840 -8355840
XY 142247 -8355840 -8355840
XY 142255 -8355840 -8355840
XY 142263 -8355840 -8355840
XY 142271 -8355840 -8355840
XY 142279 -8355840 -8355840
XY 142287 -8355840 -8355840
XY 142295 -8355840 -8355840
XY 142303 -8355840 -8355840
XY 142311 -8355840 -8355840
XY 142319 -8355840 -8355840
XY 142327 -8355840 -8355840
XY 142335 -8355840 -8355840
XY 142343 -8355840 -8355840
XY 142351 -8355840 -8355840
XY 142359 -8355840 -8355840
XY 142367 -8355840 -8355840
XY 142375 -8355840 -8355840
XY 142383 -8355840 -8355840
XY 142391 -8355840 -8355840
XY 142399 -8355840 -8355840
XY 142407 -8355840 -8355840
XY 142415 -8355840 -8355840
XY 142423 -8355840 -8355840
XY 142431 -8355840 -8355840
XY 142439 -8355840 -8355840
XY 142447 -8355840 -8355840
XY 142455 -8355840 -8355840
XY 142463 -8355840 -8355840
XY 142471 -8355840 -8355840
XY 142479 -8355840 -8355840
XY 142487 -8355840 -8355840
XY 142496 -8355840 -8355840
XY 142504 -8355840 -8355840
XY 142512 -8355840 -8355840
XY 142520 -8355840 -8355840
XY 142528 -8355840 -8355840
XY 142536 -8355840 -8355840
XY 142544 -8355840 -8355840
XY 142552 -8355840 -8355840
XY 142560 -8355840 -8355840
XY 142568 -8355840 -8355840
XY 142576 -8355840 -8355840
XY 142584 -8355840 -8355840
XY 142592 -8355840 -8355840
XY 142600 -8355840 -8355840
XY 142608 -8355840 -8355840
XY 142616 -8355840 -8355840
XY 142624 -8355840 -8355840
XY 142632 -8355840 -8355840
XY 142640 -8355840 -8355840
XY 142648 -8355840 -8355840
XY 142656 -8355840 -8355840
XY 142664 -8355840 -8355840
XY 142672 -8355840 -8355840
XY 142680 -8355840 -8355840
XY 142688 -8355840 -8355840
XY 142696 -8355840 -8355840
XY 142704 -8355840 -8355840
XY 142712 -8355840 -8355840
XY 142720 -8355840 -8355840
XY 142728 -8355840 -8355840
XY 142736 -8355840 -8355840
XY 142744 -8355840 -8355840
XY 142752 -8355840 -8355840
XY 142760 -8355840 -8355840
XY 142768 -8355840 -8355840
XY 142776 -8355840 -8355840
XY 142784 -8355840 -8355840
XY 142792 -8355840 -8355840
XY 142800 -8355840 -8355840
XY 142809 -8355840 -8355840
XY 142817 -8355840 -8355840
XY 142825 -8355840 -8355840
XY 142833 -8355840 -8355840
XY 142841 -8355840 -8355840
XY 142849 -8355840 -8355840
XY 142857 -8355840 -8355840
XY 142865 -8355840 -8355840
XY 142873 -8355840 -8355840
XY 142881 -8355840 -8355840
XY 142889 -8355840 -8355840
XY 142897 -8355840 -8355840
XY 142905 -8355840 -8355840
XY 142913 -8355840 -8355840
XY 142921 -8355840 -8355840
XY 142929 -8355840 -8355840
XY 142937 -8355840 -8355840
XY 142945 -8355840 -8355840
XY 142953 -8355840 -8355840
XY 142961 -8355840 -8355840
XY 142969 -8355840 -8355840
XY 142977 -8355840 -8355840
XY 142985 -8355840 -8355840
XY 142993 -8355840 -8355840
XY 143001 -8355840 -8355840
XY 143009 -8355840 -8355840
XY 143017 -8355840 -8355840
XY 143025 -8355840 -8355840
XY 143033 -8355840 -8355840
XY 143041 -8355840 -8355840
XY 143049 -8355840 -8355840
XY 143057 -8355840 -8355840
XY 143065 -8355840 -8355840
XY 143073 -8355840 -8355840
XY 143081 -8355840 -8355840
XY 143089 -8355840 -8355840
XY 143097 -8355840 -8355840
XY 143105 -8355840 -8355840
XY 143114 -8355840 -8355840
XY 143122 -8355840 -8355840
XY 143130 -8355840 -8355840
XY 143138 -8355840 -8355840
XY 143146 -8355840 -8355840
XY 143154 -8355840 -8355840
XY 143162 -8355840 -8355840
XY 143170 -8355840 -8355840
XY 143178 -8355840 -8355840
XY 143186 -8355840 -8355840
XY 143194 -8355840 -8355840
XY 143202 -8355840 -8355840
XY 143210 -8355840 -8355840
XY 143218 -8355840 -8355840
XY 143226 -8355840 -8355840
XY 143234 -8355840 -8355840
XY 143242 -8355840 -8355840
XY 143250 -8355840 -8355840
XY 143258 -8355840 -8355840
XY 143266 -8355840 -8355840
XY 143274 -8355840 -8355840
XY 143282 -8355840 -8355840
XY 143290 -8355840 -8355840
XY 143298 -8355840 -8355840
XY 143306 -8355840 -8355840
XY 143314 -8355840 -8355840
XY 143322 -8355840 -8355840
XY 143330 -8355840 -8355840
XY 143338 -8355840 -8355840
XY 143346 -8355840 -8355840
XY 143354 -8355840 -8355840
XY 143362 -8355840 -8355840
XY 143370 -8355840 -8355840
XY 143378 -8355840 -8355840
XY 143386 -8355840 -8355840
XY 143394 -8355840 -8355840
XY 143402 -8355840 -8355840
XY 143410 -8355840 -8355840
XY 143419 -8355840 -8355840
XY 143427 -8355840 -8355840
XY 143435 -8355840 -8355840
XY 143443 -8355840 -8355840
XY 143451 -8355840 -8355840
XY 143459 -8355840 -8355840
XY 143467 -8355840 -8355840
XY 143475 -8355840 -8355840
XY 143483 -8355840 -8355840
XY 143491 -8355840 -8355840
XY 143499 -8355840 -8355840
XY 143507 -8355840 -8355840
XY 143515 -8355840 -8355840
XY 143523 -8355840 -8355840
XY 143531 -8355840 -8355840
XY 143539 -8355840 -8355840
XY 143547 -8355840 -8355840
XY 143555 -8355840 -8355840
XY 143563 -8355840 -8355840
XY 143571 -8355840 -8355840
XY 143579 -8355840 -8355840
XY 143587 -8355840 -8355840
XY 143595 -8355840 -8355840
XY 143603 -8355840 -8355840
XY 143611 -8355840 -8355840
XY 143619 -8355840 -8355840
XY 143627 -8355840 -8355840
XY 143635 -8355840 -8355840
XY 143643 -8355840 -8355840
XY 143651 -8355840 -8355840
XY 143659 -8355840 -8355840
XY 143667 -8355840 -8355840
XY 143675 -8355840 -8355840
XY 143683 -8355840 -8355840
XY 143691 -8355840 -8355840
XY 143699 -8355840 -8355840
XY 143707 -8355840 -8355840
XY 143715 -8355840 -8355840
XY 143723 -8355840 -8355840
XY 143731 -8355840 -8355840
XY 143740 -8355840 -8355840
XY 143748 -8355840 -8355840
XY 143756 -8355840 -8355840
XY 143764 -8355840 -8355840
XY 143772 -8355840 -8355840
XY 143780 -8355840 -8355840
XY 143788 -8355840 -8355840
XY 143796 -8355840 -8355840
XY 143804 -8355840 -8355840
XY 143812 -8355840 -8355840
XY 143820 -8355840 -8355840
XY 143828 -8355840 -8355840
XY 143836 -8355840 -8355840
XY 143844 -8355840 -8355840
XY 143852 -8355840 -8355840
XY 143860 -8355840 -8355840
XY 143868 -8355840 -8355840
XY 143876 -8355840 -8355840
XY 143884 -8355840 -8355840
XY 143892 -8355840 -8355840
XY 143900 -8355840 -8355840
XY 143908 -8355840 -8355840
XY 143916 -8355840 -8355840
XY 143924 -8355840 -8355840
XY 143932 -8355840 -8355840
XY 143940 -8355840 -8355840
XY 143948 -8355840 -8355840
XY 143956 -8355840 -8355840
XY 143964 -8355840 -8355840
XY 143972 -8355840 -8355840
XY 143980 -8355840 -8355840
XY 143988 -8355840 -8355840
XY 143996 -8355840 -8355840
XY 144004 -8355840 -8355840
XY 144012 -8355840 -8355840
XY 144020 -8355840 -8355840
XY 144028 -8355840 -8355840
XY 144037 -8355840 -8355840
XY 144045 -8355840 -8355840
XY 144053 -8355840 -8355840
XY 144061 -8355840 -8355840
XY 144069 -8355840 -8355840
XY 144077 -8355840 -8355840
XY 144085 -8355840 -8355840
XY 144093 -8355840 -8355840
XY 144101 -8355840 -8355840
XY 144109 -8355840 -8355840
XY 144117 -8355840 -8355840
XY 144125 -8355840 -8355840
XY 144133 -8355840 -8355840
XY 144141 -8355840 -8355840
XY 144149 -8355840 -8355840
XY 144157 -8355840 -8355840
XY 144165 -8355840 -8355840
XY 144173 -8355840 -8355840
XY 144181 -8355840 -8355840
XY 144189 -8355840 -8355840
XY 144197 -8355840 -8355840
XY 144205 -8355840 -8355840
XY 144213 -8355840 -8355840
XY 144221 -8355840 -8355840
XY 144229 -8355840 -8355840
XY 144237 -8355840 -8355840
XY 144245 -8355840 -8355840
XY 144253 -8355840 -8355840
XY 144261 -8355840 -8355840
XY 144269 -8355840 -8355840
XY 144277 -8355840 -8355840
XY 144285 -8355840 -8355840
XY 144293 -8355840 -8355840
XY 144301 -8355840 -8355840
XY 144309 -8355840 -8355840
XY 144317 -8355840 -8355840
XY 144325 -8355840 -8355840
XY 144333 -8355840 -8355840
XY 144341 -8355840 -8355840
XY 144350 -8355840 -8355840
XY 144358 -8355840 -8355840
XY 144366 -8355840 -8355840
XY 144374 -8355840 -8355840
XY 144382 -8355840 -8355840
XY 144390 -8355840 -8355840
XY 144398 -8355840 -8355840
XY 144406 -8355840 -8355840
XY 144414 -8355840 -8355840
XY 144422 -8355840 -8355840
XY 144430 -8355840 -8355840
XY 144438 -8355840 -8355840
XY 144446 -8355840 -8355840
XY 144454 -8355840 -8355840
XY 144462 -8355840 -8355840
XY 144470 -8355840 -8355840
XY 144478 -8355840 -8355840
XY 144486 -8355840 -8355840
XY 144494 -8355840 -8355840
XY 144502 -8355840 -8355840
XY 144510 -8355840 -8355840
XY 144518 -8355840 -8355840
XY 144526 -8355840 -8355840
XY 144534 -8355840 -8355840
XY 144542 -8355840 -8355840
XY 144550 -8355840 -8355840
XY 144558 -8355840 -8355840
XY 144566 -8355840 -8355840
XY 144574 -8355840 -8355840
XY 144582 -8355840 -8355840
XY 144590 -8355840 -8355840
XY 144598 -8355840 -8355840
XY 144606 -8355840 -8355840
XY 144614 -8355840 -8355840
XY 144622 -8355840 -8355840
XY 144630 -8355840 -8355840
XY 144638 -8355840 -8355840
XY 144647 -8355840 -8355840
XY 144655 -8355840 -8355840
XY 144663 -8355840 -8355840
XY 144671 -8355840 -8355840
XY 144679 -8355840 -8355840
XY 144687 -8355840 -8355840
XY 144695 -8355840 -8355840
XY 144703 -8355840 -8355840
XY 144711 -8355840 -8355840
XY 144719 -8355840 -8355840
XY 144727 -8355840 -8355840
XY 144735 -8355840 -8355840
XY 144743 -8355840 -8355840
XY 144751 -8355840 -8355840
XY 144759 -8355840 -8355840
XY 144767 -8355840 -8355840
XY 144775 -8355840 -8355840
XY 144783 -8355840 -8355840
XY 144791 -8355840 -8355840
XY 144799 -8355840 -8355840
XY 144807 -8355840 -8355840
XY 144815 -8355840 -8355840
XY 144823 -8355840 -8355840
XY 144831 -8355840 -8355840
XY 144839 -8355840 -8355840
XY 144847 -8355840 -8355840
XY 144855 -8355840 -8355840
XY 144863 -8355840 -8355840
XY 144871 -8355840 -8355840
XY 144879 -8355840 -8355840
XY 144887 -8355840 -8355840
XY 144895 -8355840 -8355840
XY 144903 -8355840 -8355840
XY 144911 -8355840 -8355840
XY 144919 -8355840 -8355840
XY 144927 -8355840 -8355840
XY 144935 -8355840 -8355840
XY 144943 -8355840 -8355840
XY 144951 -8355840 -8355840
XY 144960 -8355840 -8355840
XY 144968 -8355840 -8355840
XY 144976 -8355840 -8355840
XY 144984 -8355840 -8355840
XY 144992 -8355840 -8355840
XY 145000 -8355840 -8355840
XY 145008 -8355840 -8355840
XY 145016 -8355840 -8355840
XY 145024 -8355840 -8355840
XY 145032 -8355840 -8355840
XY 145040 -8355840 -8355840
XY 145048 -8355840 -8355840
XY 145056 -8355840 -8355840
XY 145064 -8355840 -8355840
XY 145072 -8355840 -8355840
XY 145080 -8355840 -8355840
XY 145088 -8355840 -8355840
XY 145096 -8355840 -8355840
XY 145104 -8355840 -8355840
XY 145112 -8355840 -8355840
XY 145120 -8355840 -8355840
XY 145128 -8355840 -8355840
XY 145136 -8355840 -8355840
XY 145144 -8355840 -8355840
XY 145152 -8355840 -8355840
XY 145160 -8355840 -8355840
XY 145168 -8355840 -8355840
XY 145176 -8355840 -8355840
XY 145184 -8355840 -8355840
XY 145192 -8355840 -8355840
XY 145200 -8355840 -8355840
XY 145208 -8355840 -8355840
XY 145216 -8355840 -8355840
XY 145224 -8355840 -8355840
XY 145232 -8355840 -8355840
