XY 78529 -8355840 -802
XY 78545 -8355840 -8355840
XY 78553 -8355840 -8355840
XY 78561 -8355840 -8355840
XY 78569 -8355840 -8355840
XY 78577 -8355840 -8355840
XY 78585 -8355840 -8355840
XY 78593 -8355840 -8355840
XY 78601 -8355840 -8355840
XY 78609 -8355840 -8355840
XY 78617 -8355840 -8355840
XY 78625 -8355840 -8355840
XY 78633 -8355840 -8355840
XY 78641 -8355840 -8355840
XY 78649 -8355840 -8355840
XY 78657 -8355840 -8355840
XY 78665 -8355840 -8355840
XY 78673 -8355840 -8355840
XY 78681 -8355840 -8355840
XY 78689 -8355840 -8355840
XY 78697 -8355840 -8355840
XY 78705 -8355840 -8355840
XY 78713 -8355840 -8355840
XY 78722 -8355840 -8355840
XY 78730 -8355840 -8355840
XY 78738 -8355840 -8355840
XY 78746 -8355840 -8355840
XY 78754 -8355840 -8355840
XY 78762 -8355840 -8355840
XY 78770 -8355840 -8355840
XY 78778 -8355840 -8355840
XY 78786 -8355840 -8355840
XY 78794 -8355840 -8355840
XY 78802 -8355840 -8355840
XY 78810 -8355840 -8355840
XY 78818 -8355840 -8355840
XY 78826 -8355840 -8355840
XY 78834 -8355840 -8355840
XY 78842 -8355840 -8355840
XY 78850 -8355840 -8355840
XY 78858 -8355840 -8355840
XY 78866 -8355840 -8355840
XY 78874 -8355840 -8355840
XY 78882 -8355840 -8355840
XY 78890 -8355840 -8355840
XY 78898 -8355840 -8355840
XY 78906 -8355840 -8355840
XY 78914 -8355840 -8355840
XY 78922 -8355840 -8355840
XY 78930 -8355840 -8355840
XY 78938 -8355840 -8355840
XY 78946 -8355840 -8355840
XY 78954 -8355840 -8355840
XY 78962 -8355840 -8355840
XY 78970 -8355840 -8355840
XY 78978 -8355840 -8355840
XY 78986 -8355840 -8355840
XY 78994 -8355840 -8355840
XY 79002 -8355840 -8355840
XY 79010 -8355840 -8355840
XY 79018 -8355840 -8355840
XY 79027 -8355840 -8355840
XY 79035 -8355840 -8355840
XY 79043 -8355840 -8355840
XY 79051 -8355840 -8355840
XY 79059 -8355840 -8355840
XY 79067 -8355840 -8355840
XY 79075 -8355840 -8355840
XY 79083 -8355840 -8355840
XY 79091 -8355840 -8355840
XY 79099 -8355840 -8355840
XY 79107 -8355840 -8355840
XY 79115 -8355840 -8355840
XY 79123 -8355840 -8355840
XY 79131 -8355840 -8355840
XY 79139 -8355840 -8355840
XY 79147 -8355840 -8355840
XY 79155 -8355840 -8355840
XY 79163 -8355840 -8355840
XY 79171 -8355840 -8355840
XY 79179 -8355840 -8355840
XY 79187 -8355840 -8355840
XY 79195 -8355840 -8355840
XY 79203 -8355840 -8355840
XY 79211 -8355840 -8355840
XY 79219 -8355840 -8355840
XY 79227 -8355840 -8355840
XY 79235 -8355840 -8355840
XY 79243 -8355840 -8355840
XY 79251 -8355840 -8355840
XY 79259 -8355840 -8355840
XY 79267 -8355840 -8355840
XY 79275 -8355840 -8355840
XY 79283 -8355840 -8355840
XY 79291 -8355840 -8355840
XY 79299 -8355840 -8355840
XY 79307 -8355840 -8355840
XY 79315 -8355840 -8355840
XY 79323 -8355840 -8355840
XY 79332 -8355840 -8355840
XY 79340 -8355840 -8355840
XY 79348 -8355840 -8355840
XY 79356 -8355840 -8355840
XY 79364 -8355840 -8355840
XY 79372 -8355840 -8355840
XY 79380 -8355840 -8355840
XY 79388 -8355840 -8355840
XY 79396 -8355840 -8355840
XY 79404 -8355840 -8355840
XY 79412 -8355840 -8355840
XY 79420 -8355840 -8355840
XY 79428 -8355840 -8355840
XY 79436 -8355840 -8355840
XY 79444 -8355840 -8355840
XY 79452 -8355840 -8355840
XY 79460 -8355840 -8355840
XY 79468 -8355840 -8355840
XY 79476 -8355840 -8355840
XY 79484 -8355840 -8355840
XY 79492 -8355840 -8355840
XY 79500 -8355840 -8355840
XY 79508 -8355840 -8355840
XY 79516 -8355840 -8355840
XY 79524 -8355840 -8355840
XY 79532 -8355840 -8355840
XY 79540 -8355840 -8355840
XY 79548 -8355840 -8355840
XY 79556 -8355840 -8355840
XY 79564 -8355840 -8355840
XY 79572 -8355840 -8355840
XY 79580 -8355840 -8355840
XY 79588 -8355840 -8355840
XY 79596 -8355840 -8355840
XY 79604 -8355840 -8355840
XY 79612 -8355840 -8355840
XY 79620 -8355840 -8355840
XY 79628 -8355840 -8355840
XY 79636 -8355840 -8355840
XY 79645 -8355840 -8355840
XY 79653 -8355840 -8355840
XY 79661 -8355840 -8355840
XY 79669 -8355840 -8355840
XY 79677 -8355840 -8355840
XY 79685 -8355840 -8355840
XY 79693 -8355840 -8355840
XY 79701 -8355840 -8355840
XY 79709 -8355840 -8355840
XY 79717 -8355840 -8355840
XY 79725 -8355840 -8355840
XY 79733 -8355840 -8355840
XY 79741 -8355840 -8355840
XY 79749 -8355840 -8355840
XY 79757 -8355840 -8355840
XY 79765 -8355840 -8355840
XY 79773 -8355840 -8355840
XY 79781 -8355840 -8355840
XY 79789 -8355840 -8355840
XY 79797 -8355840 -8355840
XY 79805 -8355840 -8355840
XY 79813 -8355840 -8355840
XY 79821 -8355840 -8355840
XY 79829 -8355840 -8355840
XY 79837 -8355840 -8355840
XY 79845 -8355840 -8355840
XY 79853 -8355840 -8355840
XY 79861 -8355840 -8355840
XY 79869 -8355840 -8355840
XY 79877 -8355840 -8355840
XY 79885 -8355840 -8355840
XY 79893 -8355840 -8355840
XY 79901 -8355840 -8355840
XY 79909 -8355840 -8355840
XY 79917 -8355840 -8355840
XY 79925 -8355840 -8355840
XY 79933 -8355840 -8355840
XY 79941 -8355840 -8355840
XY 79950 -8355840 -8355840
XY 79958 -8355840 -8355840
XY 79966 -8355840 -8355840
XY 79974 -8355840 -8355840
XY 79982 -8355840 -8355840
XY 79990 -8355840 -8355840
XY 79998 -8355840 -8355840
XY 80006 -8355840 -8355840
XY 80014 -8355840 -8355840
XY 80022 -8355840 -8355840
XY 80030 -8355840 -8355840
XY 80038 -8355840 -8355840
XY 80046 -8355840 -8355840
XY 80054 -8355840 -8355840
XY 80062 -8355840 -8355840
XY 80070 -8355840 -8355840
XY 80078 -8355840 -8355840
XY 80086 -8355840 -8355840
XY 80094 -8355840 -8355840
XY 80102 -8355840 -8355840
XY 80110 -8355840 -8355840
XY 80118 -8355840 -8355840
XY 80126 -8355840 -8355840
XY 80134 -8355840 -8355840
XY 80142 -8355840 -8355840
XY 80150 -8355840 -8355840
XY 80158 -8355840 -8355840
XY 80166 -8355840 -8355840
XY 80174 -8355840 -8355840
XY 80182 -8355840 -8355840
XY 80190 -8355840 -8355840
XY 80206 -8355840 -8355840
XY 80214 -8355840 -8355840
XY 80222 -8355840 -8355840
XY 80230 -8355840 -8355840
XY 80238 -8355840 -8355840
XY 80246 -8355840 -8355840
XY 80255 -8355840 -8355840
XY 80263 -8355840 -8355840
XY 260585 -8355840 -8355840
XY 260594 -4539844 -789744
XY 260602 -8355840 -8355840
XY 260610 -8355840 -5855733
XY 260618 -2105405 -8355840
XY 260626 -8355840 -8355840
XY 260634 -3881965 -855522
XY 260642 -8355840 -8355840
XY 260650 -8355840 -5526756
XY 260658 -2368655 -8355840
XY 260666 -8355840 -8355840
XY 260674 -3487145 -921267
XY 260682 -8355840 -8355840
XY 260690 -8355840 -4868669
XY 260698 -2566028 -8355840
XY 260706 -8355840 -8355840
XY 260714 -2894994 -1315881
XY 260722 -8355840 -8355840
XY 260730 -8355840 -4342277
XY 260738 -3026481 -8355840
XY 260746 -8355840 -8355840
XY 260754 -2302873 -1908159
XY 260762 -8355840 -8355840
XY 260770 -8355840 -4013399
XY 260778 -3552937 -8355840
XY 260786 -8355840 -8355840
XY 260794 -1908021 -2039699
XY 260802 -8355840 -8355840
XY 260810 -8355840 -3487220
XY 260818 -3750353 -8355840
XY 260826 -8355840 -8355840
XY 260834 -1315967 -2566071
XY 260842 -8355840 -8355840
XY 260850 -8355840 -2829293
XY 260858 -4342303 -8355840
XY 260866 -8355840 -8355840
XY 260874 -855330 -3223854
XY 260882 -8355840 -8355840
XY 260890 -8355840 -2566080
XY 260899 -4737220 -8355840
XY 260906 -8355840 -8355840
XY 260914 -592287 -3289773
XY 260923 -8355840 -8355840
XY 260931 -8355840 -2039744
XY 260939 -5000257 -8355840
XY 260947 -8355840 -8355840
XY 260955 -526552 -4013475
XY 260963 -8355840 -8355840
XY 260971 -8355840 -1315890
XY 260979 -5460837 -8355840
XY 260987 -8355840 -8355840
XY 260995 -526418 -4408179
XY 261003 -8355840 -8355840
XY 261011 -8355840 -1052822
XY 261019 -6053085 -8355840
XY 261027 -8355840 -8355840
XY 261035 -526346 -4605638
XY 261043 -8355840 -8355840
XY 261051 -8355840 -723752
XY 261059 -6381828 -8355840
XY 261067 -8355840 -8355840
XY 261075 -460737 -5066133
XY 261083 -8355840 -8355840
XY 261091 -8355840 -592273
XY 261099 -6710953 -8355840
XY 261107 -8355840 -8355840
XY 261115 -460686 -5658168
XY 261123 -8355840 -8355840
XY 261131 -8224241 -592192
XY 261139 -7039866 -8355840
XY 261147 -8355840 -8355840
XY 261155 -460609 -5658253
XY 261163 -8355840 -8355840
XY 261171 -7829258 -526573
XY 261179 -7303116 -8355840
XY 261187 -8355840 -8355840
XY 261195 -394987 -6118791
XY 261203 -8355840 -8355840
XY 261212 -7302979 -526460
XY 261219 -8158358 -8355840
XY 261227 -8355840 -8355840
XY 261236 -394927 -6579201
XY 261244 -8355840 -8355840
XY 261252 -6908403 -526441
XY 261260 -8289982 -8355840
XY 261268 -8355840 -8289836
XY 261276 -394934 -6842535
XY 261284 -8355840 -8355840
XY 261292 -6381912 -526358
XY 261300 -8355816 -8355840
XY 261308 -8355840 -7697848
XY 261316 -394875 -7237240
XY 261324 -8355840 -8355840
XY 261332 -5855633 -460645
XY 261340 -8355840 -8355840
XY 261348 -8355840 -7434687
XY 261356 -394869 -7697692
XY 261364 -8355840 -8355840
XY 261372 -5460845 -460585
XY 261380 -8355840 -8355840
XY 261388 -8355840 -6908204
XY 261396 -394881 -7895108
XY 261404 -8355840 -8355840
XY 261412 -4934410 -394982
XY 261420 -8355840 -8355840
XY 261428 -8355840 -6118885
XY 261436 -394924 -8355646
XY 261444 -8355840 -8355840
XY 261452 -4276519 -394943
XY 261460 -8355840 -8355840
XY 261468 -8355840 -5789888
XY 261476 -460644 -8355840
XY 261484 -8355840 -8355840
XY 261492 -3750363 -394795
XY 261500 -8355840 -8355840
XY 261508 -8355840 -5000317
XY 261516 -394984 -8355840
XY 261525 -8355840 -8355840
XY 261533 -2960674 -329057
XY 261541 -8355840 -8355840
XY 261549 -8355840 -4079205
XY 261557 -460766 -8355840
XY 261565 -8355840 -8355840
XY 261573 -2105417 -263410
XY 261581 -8355840 -8355840
XY 261589 -8355840 -3552871
XY 261597 -855396 -8355840
XY 261605 -8355840 -8355840
XY 261613 -1644838 -263354
XY 261621 -8355840 -8355840
XY 261629 -8355840 -2829092
XY 261637 -921303 -8355840
XY 261645 -8355840 -8355840
XY 261653 -723867 -263290
XY 261661 -8355840 -8355840
XY 261669 -8355840 -1908149
XY 261677 -1381831 -8355840
XY 261685 -8355840 -8355840
XY 261693 -263385 -394779
XY 261701 -8355840 -8355840
XY 261709 -8355840 -1447471
XY 261717 -1842241 -8355840
XY 261725 -8355840 -8355840
XY 261733 -197558 -394957
XY 261741 -8355840 -8355840
XY 261749 -8355840 -789658
XY 261757 -2237158 -8355840
XY 261765 -8355840 -8355840
XY 261773 -197483 -855461
XY 261781 -8355840 -8355840
XY 261789 -8355840 -394860
XY 261797 -2829108 -8355840
XY 261805 -8355840 -8355840
XY 261813 -131840 -1513328
XY 261821 -8355840 -8355840
XY 261829 -8355840 -328970
XY 261838 -3289773 -8355840
XY 261846 -8355840 -8355840
XY 261854 -131716 -1776407
XY 261862 -8355840 -8355840
XY 261870 -8355840 -329117
XY 261878 -3750311 -8355840
XY 261886 -8355840 -8355840
XY 261894 -263305 -2566113
XY 261902 -8355840 -8355840
XY 261910 -8355840 -394885
XY 261918 -4408094 -8355840
XY 261926 -8355840 -8355840
XY 261934 -329046 -3355479
XY 261942 -8355840 -8355840
XY 261950 -8355840 -460753
XY 261958 -5000257 -8355840
XY 261966 -8355840 -8355840
XY 261974 -329119 -3487061
XY 261982 -8355840 -8355840
XY 261990 -8355840 -394978
XY 261998 -5197800 -8355840
XY 262006 -8355840 -8355840
XY 262014 -263361 -3750396
XY 262022 -8355840 -8355840
XY 262030 -8026743 -329188
XY 262038 -5592377 -8355840
XY 262046 -8355840 -8355840
XY 262054 -263276 -4408179
XY 262062 -8355840 -8355840
XY 262070 -7829497 -394818
XY 262078 -6184497 -8355840
XY 262086 -8355840 -8355840
XY 262094 -263370 -4802883
XY 262102 -8355840 -8355840
XY 262110 -7697687 -394926
XY 262118 -6579456 -8355840
XY 262126 -8355840 -8355840
XY 262134 -329111 -5394961
XY 262142 -8355840 -8355840
XY 262151 -7368955 -394992
XY 262159 -7171406 -8355840
XY 262167 -8355840 -8355840
XY 262175 -329072 -5723916
XY 262183 -8355840 -8355840
XY 262191 -7105735 -460551
XY 262199 -7368822 -8355840
XY 262207 -8355840 -8355840
XY 262215 -329085 -5987081
XY 262223 -8355840 -8355840
XY 262231 -6842556 -460603
XY 262239 -7632114 -8355840
XY 262247 -8355840 -8158298
XY 262255 -329119 -6447789
XY 262263 -8355840 -8355840
XY 262271 -6381982 -460615
XY 262279 -8289940 -8355840
XY 262287 -8355840 -8026877
XY 262295 -394767 -7039909
XY 262303 -8355840 -8355840
XY 262311 -6250246 -460669
XY 262319 -8355840 -8355840
XY 262327 -8355840 -7631973
XY 262335 -329213 -7237367
XY 262343 -8355840 -8355840
XY 262351 -5789780 -460645
XY 262359 -8355840 -8355840
XY 262367 -8355840 -7171531
XY 262375 -394886 -7632114
XY 262383 -8355840 -8355840
XY 262391 -5395162 -460610
XY 262399 -8355840 -8355840
XY 262407 -8355840 -7171361
XY 262415 -460681 -8355731
XY 262423 -8355840 -8355840
XY 262431 -5329245 -460701
XY 262440 -8355840 -8355840
XY 262447 -8355840 -6842435
XY 262455 -526350 -8355688
XY 262464 -8355840 -8355840
XY 262472 -5066026 -526423
XY 262480 -8355840 -8355840
XY 262488 -8355840 -6579409
XY 262496 -592299 -8355840
XY 262504 -8355840 -8355840
XY 262512 -4934534 -592203
XY 262520 -8355840 -8355840
XY 262528 -8355840 -6710907
XY 262536 -723888 -8355840
XY 262544 -8355840 -8355840
XY 262552 -4868799 -592327
XY 262560 -8355840 -8355840
XY 262568 -8355840 -6447769
XY 262576 -987042 -8355840
XY 262584 -8355840 -8355840
XY 262592 -4671422 -658041
XY 262600 -8355840 -8355840
XY 262608 -8355840 -6118818
XY 262616 -1513455 -8355840
XY 262624 -8355840 -8355840
XY 262632 -4342441 -723827
XY 262640 -8355840 -8355840
XY 262648 -8355840 -5987190
XY 262656 -2039742 -8355840
XY 262664 -8355840 -8355840
XY 262672 -4145079 -855309
XY 262680 -8355840 -8355840
XY 262688 -8355840 -5658172
XY 262696 -2434403 -8355840
XY 262704 -8355840 -8355840
XY 262712 -3816104 -1118572
XY 262720 -8355840 -8355840
XY 262728 -8355840 -5197740
XY 262736 -2829193 -8355840
XY 262744 -8355840 -8355840
XY 262753 -3421440 -1710659
XY 262760 -8355840 -8355840
XY 262769 -8355840 -5131995
XY 262777 -3223854 -8355840
XY 262785 -8355840 -8355840
XY 262793 -3223894 -1908117
XY 262801 -8355840 -8355840
XY 262809 -8355840 -4802835
XY 262817 -3684477 -8355840
XY 262825 -8355840 -8355840
XY 262833 -2829251 -2368740
XY 262841 -8355840 -8355840
XY 262849 -8355840 -4342279
XY 262857 -4210806 -8355840
XY 262865 -8355840 -8355840
XY 262873 -2434382 -3026481
XY 262881 -8355840 -8355840
XY 262889 -8355840 -4145091
XY 262897 -4605553 -8355840
XY 262905 -8355840 -8355840
XY 262913 -2171172 -3223854
XY 262921 -8355840 -8355840
XY 262929 -8355840 -3684605
XY 262937 -4868632 -8355840
XY 262945 -8355840 -8355840
XY 262953 -1644949 -3750183
XY 262961 -8355840 -8355840
XY 262969 -8355840 -3158239
XY 262977 -5395046 -8355840
XY 262985 -8355840 -8355840
XY 262993 -1250128 -4276597
XY 263001 -8355840 -8355840
XY 263009 -8355840 -2960861
XY 263017 -5855541 -8355840
XY 263025 -8355840 -8355840
XY 263033 -1052682 -4473928
XY 263041 -8355840 -8355840
XY 263049 -8355840 -2500299
XY 263057 -6053042 -8355840
XY 263066 -8355840 -8355840
XY 263074 -723929 -5000342
XY 263082 -8355840 -8355840
XY 263090 -8355840 -1908015
XY 263098 -6579243 -8355840
XY 263106 -8355840 -8355840
XY 263114 -789746 -5460965
XY 263122 -8355840 -8355840
XY 263130 -8355840 -1710669
XY 263138 -6908284 -8355840
XY 263146 -8355840 -8355840
XY 263154 -789638 -5658210
XY 263162 -8355840 -8355840
XY 263170 -8355840 -1315843
XY 263178 -7303073 -8355840
XY 263186 -8355840 -8355840
XY 263194 -723896 -6184454
XY 263202 -8355840 -8355840
XY 263210 -8355840 -855479
XY 263218 -8158315 -8355840
XY 263226 -8355840 -8355840
XY 263234 -658147 -6579201
XY 263242 -8355840 -8355840
XY 263250 -8355840 -855431
XY 263258 -8290025 -8355840
XY 263266 -8355840 -8355840
XY 263274 -658092 -6776617
XY 263282 -8355840 -8355840
XY 263290 -8289841 -723864
XY 263298 -8355731 -8355840
XY 263306 -8355840 -8355840
XY 263314 -657993 -7105615
XY 263322 -8355840 -8355840
XY 263330 -8026779 -723870
XY 263338 -8355840 -8355840
XY 263346 -8355840 -8355840
XY 263354 -657991 -7368864
XY 263363 -8355840 -8355840
XY 263370 -7566209 -723813
XY 263378 -8355840 -8355840
XY 263387 -8355840 -8355840
XY 263395 -657988 -8224191
XY 263403 -8355840 -8355840
XY 263411 -7105772 -658126
XY 263419 -8355840 -8355840
XY 263427 -8355840 -8289828
XY 263435 -657966 -8290025
XY 263443 -8355840 -8355840
XY 263451 -6579208 -658150
XY 263459 -8355840 -8355840
XY 263467 -8355840 -8092562
XY 263475 -657933 -8355840
XY 263483 -8355840 -8355840
XY 263491 -6118842 -658115
XY 263499 -8355840 -8355840
XY 263507 -8355840 -7566119
XY 263515 -658059 -8355840
XY 263523 -8355840 -8355840
XY 263531 -5592367 -592380
XY 263539 -8355840 -8355840
XY 263547 -8355840 -6842423
XY 263555 -723960 -8355840
XY 263563 -8355840 -8355840
XY 263571 -4737275 -592271
XY 263579 -8355840 -8355840
XY 263587 -8355840 -6184490
XY 263595 -1052858 -8355840
XY 263603 -8355840 -8355840
XY 263611 -4079301 -592164
XY 263619 -8355840 -8355840
XY 263627 -8355840 -5263497
XY 263635 -1250248 -8355840
XY 263643 -8355840 -8355840
XY 263651 -789548 197542
XY 263659 -4737135 -8355840
XY 263667 -8355840 -4079136
XY 263675 197615 -4276640
XY 263683 -8355840 -8355840
XY 263692 -1513291 197595
XY 263700 -6513495 -8355840
XY 263708 -8355840 -2500257
XY 263716 197606 -5329170
XY 263724 -8355840 -8355840
XY 263732 -65821 197578
XY 263740 -7434655 -8355840
XY 263748 -8355840 -1316090
XY 263756 197614 -5855584
XY 263764 -8355840 -8355840
XY 263772 263209 197575
XY 263780 -7697862 -8355840
XY 263788 -8355840 -592307
XY 263796 197631 -6316079
XY 263804 -8355840 -8355840
XY 263812 263233 197593
XY 263820 -8355731 -8355840
XY 263828 -8355840 -592247
XY 263836 263176 -7105700
XY 263844 -8355840 -8355840
XY 263852 263239 197587
XY 263860 -8355840 -8355840
XY 263868 -8355840 -460774
XY 263876 263182 -7039909
XY 263884 -8355840 -8355840
XY 263892 263242 197621
XY 263900 -8355840 -8355840
XY 263908 -8355840 -592193
XY 263916 263206 -7237155
XY 263924 -8355840 -8355840
XY 263932 197561 263173
XY 263940 -8026775 -8355840
XY 263948 -8355840 -1250191
XY 263956 -4408222 -8355840
XY 263964 -8355840 -8355840
XY 263972 -329153 -2960775
XY 263981 -8355840 -8355840
XY 263988 -8355840 -592243
XY 263997 -4868674 -8355840
XY 264005 -8355840 -8355840
XY 264013 -329128 -3487189
XY 264021 -8355840 -8355840
XY 264029 -8355840 -460676
XY 264037 -5394961 -8355840
XY 264045 -8355840 -8355840
XY 264053 -394824 -4145015
XY 264061 -8355840 -8355840
XY 264069 -8355840 -526389
XY 264077 -5855626 -8355840
XY 264085 -8355840 -8355840
XY 264093 -394777 -4342431
XY 264101 -8355840 -8355840
XY 264109 -8355733 -460645
XY 264117 -6118833 -8355840
XY 264125 -8355840 -8355840
XY 264133 -329190 -4803053
XY 264141 -8355840 -8355840
XY 264149 -7960899 -460584
XY 264157 -6579371 -8355840
XY 264165 -8355840 -8355840
XY 264173 -329096 -5329382
XY 264181 -8355840 -8355840
XY 264189 -7566088 -394980
XY 264197 -6974160 -8355840
XY 264205 -8355840 -8355840
XY 264213 -329021 -5592334
XY 264221 -8355840 -8355840
XY 264229 -6974199 -394907
XY 264237 -7368737 -8355840
XY 264245 -8355840 -8289847
XY 264253 -328968 -6052915
XY 264261 -8355840 -8355840
XY 264269 -6579325 -394892
XY 264277 -7763526 -8355840
XY 264285 -8355840 -8158284
XY 264294 -329002 -6579328
XY 264302 -8355840 -8355840
XY 264310 -6316094 -394892
XY 264318 -8289897 -8355840
XY 264326 -8355840 -7697738
XY 264334 -328971 -6842493
XY 264342 -8355840 -8355840
XY 264350 -5724039 -394803
XY 264358 -8355840 -8355840
XY 264366 -8355840 -6974034
XY 264374 -263289 -7237325
XY 264382 -8355840 -8355840
XY 264390 -5066132 -329080
XY 264398 -8355840 -8355840
XY 264406 -8355840 -6579258
XY 264414 -263232 -7697862
XY 264422 -8355840 -8355840
XY 264430 -4671256 -263416
XY 264438 -8355840 -8355840
XY 264446 -8355840 -5987274
XY 264454 -263231 -7895236
XY 264462 -8355840 -8355840
XY 264470 -4210777 -329010
XY 264478 -8355840 -8355840
XY 264486 -8355840 -5526611
XY 264494 -328994 -8355603
XY 264502 -8355840 -8355840
XY 264510 -3750235 -329082
XY 264518 -8355840 -8355840
XY 264526 -8355840 -5329382
XY 264534 -394837 -8355840
XY 264542 -8355840 -8355840
XY 264550 -3487021 -329074
XY 264558 -8355840 -8355840
XY 264566 -8355840 -4802906
XY 264574 -394910 -8355840
XY 264582 -8355840 -8355840
XY 264590 -2763279 -263340
XY 264598 -8355840 -8355840
XY 264607 -8355840 -3816010
### phase: cue 'CIRCLE THE NUB NOW' at 2026-10-01T21:34:42.9816209+03:00
XY 264623 -8355840 -8355840
XY 264631 -1776579 -197519
XY 264639 -8355840 -8355840
XY 264647 -8355840 -3092356
XY 264655 -855349 -8355840
XY 264663 -8355840 -8355840
XY 264671 -921228 -131703
XY 264679 -8355840 -8355840
XY 264687 -8355840 -2237010
XY 264695 -1118539 -8355840
XY 264703 -8355840 -8355840
XY 264711 -329074 -131799
XY 264719 -8355840 -8355840
XY 264727 -8355840 -1447553
XY 264735 -1579161 -8355840
XY 264743 -8355840 -8355840
XY 264751 -263181 -394859
XY 264759 -8355840 -8355840
XY 264767 -8355840 -1315866
XY 264775 -2171281 -8355840
XY 264783 -8355840 -8355840
XY 264791 -263183 -592383
XY 264799 -8355840 -8355840
XY 264807 -8355840 -986908
XY 264815 -2631819 -8355840
XY 264823 -8355840 -8355840
XY 264831 -328964 -1315997
XY 264839 -8355840 -8355840
XY 264847 -8355840 -1184376
XY 264855 -3355479 -8355840
XY 264863 -8355840 -8355840
XY 264871 -394787 -2105405
XY 264879 -8355840 -8355840
XY 264887 -8355840 -1644991
XY 264896 -3816059 -8355840
XY 264903 -8355840 -8355840
XY 264911 -394903 -2302906
XY 264920 -8355840 -8355840
XY 264928 -8355840 -1381752
XY 264936 -4144972 -8355840
XY 264944 -8355840 -8355840
XY 264952 -394842 -2960647
XY 264960 -8355840 -8355840
XY 264968 -8355840 -723811
XY 264976 -4605595 -8355840
XY 264984 -8355840 -8355840
XY 264992 -394783 -3355606
XY 265000 -8355840 -8355840
XY 265008 -8355840 -526591
XY 265016 -5131839 -8355840
XY 265024 -8355840 -8355840
XY 265032 -329065 -3553022
XY 265040 -8355840 -8355840
XY 265048 -8355840 -460562
XY 265056 -5395131 -8355840
XY 265064 -8355840 -8355840
XY 265072 -329057 -4210763
XY 265080 -8355840 -8355840
XY 265088 -8289952 -460569
XY 265096 -5921290 -8355840
XY 265104 -8355840 -8355840
XY 265112 -263422 -4605638
XY 265120 -8355840 -8355840
XY 265128 -7829404 -329216
XY 265136 -6316121 -8355840
XY 265144 -8355840 -8355840
XY 265152 -197472 -4737092
XY 265160 -8355840 -8355840
XY 265168 -6513570 -263224
XY 265176 -6579413 -8355840
XY 265184 -8355840 -7895237
XY 265192 -131744 -5197630
XY 265200 -8355840 -8355840
XY 265209 -5987100 -131608
XY 265216 -6776829 -8355840
XY 265225 -8355840 -6973986
XY 265233 65959 -5460752
XY 265241 -8355840 -8355840
XY 265249 -4342405 131588
XY 265257 -6908199 -8355840
XY 265265 -8355840 -5197701
XY 265273 197542 -5131924
XY 265281 -8355840 -8355840
XY 265289 -2895083 197583
XY 265297 -7105785 -8355840
XY 265305 -8355840 -4079334
XY 265313 263212 -5724044
XY 265321 -8355840 -8355840
XY 265329 -2039745 263213
XY 265337 -7500319 -8355840
XY 265345 -8355840 -3618692
XY 265353 263222 -6184497
XY 265361 -8355840 -8355840
XY 265369 -1710691 197586
XY 265377 -8158358 -8355840
XY 265385 -8355840 -3487120
XY 265393 197429 -6776744
XY 265401 -8355840 -8355840
XY 265409 -1842311 131668
XY 265417 -8355840 -8355840
XY 265425 -8355840 -4079353
XY 265433 -65989 -7763568
XY 265441 -8355840 -8355840
XY 265449 -3947628 -329006
XY 265457 -8355840 -8355840
XY 265465 -8355840 -6118713
XY 265473 -329215 -8355646
XY 265481 -8355840 -8355840
XY 265489 -4474036 -394902
XY 265497 -8355840 -8355840
XY 265505 -8355840 -6052889
XY 265513 -460658 -8355840
XY 265522 -8355840 -8355840
XY 265529 -4342314 -460586
XY 265538 -8355840 -8355840
XY 265546 -8355840 -5789800
XY 265554 -592196 -8355840
XY 265562 -8355840 -8355840
XY 265570 -4144950 -526437
XY 265578 -8355840 -8355840
XY 265586 -8355840 -5789780
XY 265594 -789690 -8355840
XY 265602 -8355840 -8355840
XY 265610 -4013554 -526547
XY 265618 -8355840 -8355840
XY 265626 -8355840 -5526671
XY 265634 -1052715 -8355840
XY 265642 -8355840 -8355840
XY 265650 -3750165 -592295
XY 265658 -8355840 -8355840
XY 265666 -8355840 -5131802
XY 265674 -1644995 -8355840
XY 265682 -8355840 -8355840
XY 265690 -3421435 -789529
XY 265698 -8355840 -8355840
XY 265706 -8355840 -5394989
XY 265714 -2236987 -8355840
XY 265722 -8355840 -8355840
XY 265730 -3750346 -986922
XY 265738 -8355840 -8355840
XY 265746 -8355840 -5329169
XY 265754 -2631862 -8355840
XY 265762 -8355840 -8355840
XY 265770 -3552866 -1381797
XY 265778 -8355840 -8355840
XY 265786 -8355840 -4934538
XY 265794 -3158063 -8355840
XY 265802 -8355840 -8355840
XY 265811 -3158260 -2039572
XY 265818 -8355840 -8355840
XY 265826 -8355840 -4934517
XY 265835 -3618601 -8355840
XY 265843 -8355840 -8355840
XY 265851 -2960876 -2237158
XY 265859 -8355840 -8355840
XY 265867 -8355840 -4539699
XY 265875 -3947769 -8355840
XY 265883 -8355840 -8355840
XY 265891 -2565934 -2763486
XY 265899 -8355840 -8355840
XY 265907 -8355840 -4013499
XY 265915 -4342473 -8355840
XY 265923 -8355840 -8355840
XY 265931 -2105432 -3421398
XY 265939 -8355840 -8355840
XY 265947 -8355840 -3816166
XY 265955 -4868845 -8355840
XY 265963 -8355840 -8355840
XY 265971 -1710777 -3618601
XY 265979 -8355840 -8355840
XY 265987 -8355840 -3355613
XY 265995 -5263549 -8355840
XY 266003 -8355840 -8355840
XY 266011 -1316021 -3947684
XY 266019 -8355840 -8355840
XY 266027 -8355840 -2829098
XY 266035 -5658338 -8355840
XY 266043 -8355840 -8355840
XY 266051 -921111 -4605595
XY 266059 -8355840 -8355840
XY 266067 -8355840 -2631710
XY 266075 -6184454 -8355840
XY 266083 -8355840 -8355840
XY 266091 -723855 -4802883
XY 266099 -8355840 -8355840
XY 266107 -8355840 -2105375
XY 266115 -6513622 -8355840
XY 266123 -8355840 -8355840
XY 266131 -723953 -5263506
XY 266139 -8355840 -8355840
XY 266148 -8355840 -1513331
XY 266156 -6842493 -8355840
XY 266164 -8355840 -8355840
XY 266172 -789591 -5855584
XY 266180 -8355840 -8355840
XY 266188 -8355840 -1250116
XY 266196 -7302988 -8355840
XY 266204 -8355840 -8355840
XY 266212 -658089 -5987166
XY 266220 -8355840 -8355840
XY 266228 -8355840 -921244
XY 266236 -7500447 -8355840
XY 266244 -8355840 -8355840
XY 266252 -658029 -6316121
XY 266260 -8355840 -8355840
XY 266268 -8355670 -723857
XY 266276 -8289897 -8355840
XY 266284 -8355840 -8355840
XY 266292 -592136 -6776744
XY 266300 -8355840 -8355840
XY 266308 -8158362 -723795
XY 266316 -8355731 -8355840
XY 266324 -8355840 -8355840
XY 266332 -657970 -7039781
XY 266340 -8355840 -8355840
XY 266348 -7829294 -723770
XY 266356 -8355840 -8355840
XY 266364 -8355840 -8355840
XY 266372 -592300 -7500319
XY 266380 -8355840 -8355840
XY 266388 -7303055 -658105
XY 266396 -8355840 -8355840
XY 266404 -8355840 -8290038
XY 266412 -592216 -8158358
XY 266420 -8355840 -8355840
XY 266429 -6776615 -592212
XY 266436 -8355840 -8355840
XY 266444 -8355840 -8158431
XY 266453 -526584 -8290025
XY 266461 -8355840 -8355840
XY 266469 -6316226 -657999
XY 266477 -8355840 -8355840
XY 266485 -8355840 -7763651
XY 266493 -592199 -8355774
XY 266501 -8355840 -8355840
XY 266509 -5723984 -592169
XY 266517 -8355840 -8355840
XY 266525 -8355840 -7039791
XY 266533 -592369 -8355840
XY 266541 -8355840 -8355840
XY 266549 -5066080 -592162
XY 266557 -8355840 -8355840
XY 266565 -8355840 -6645085
XY 266573 -723784 -8355840
XY 266581 -8355840 -8355840
XY 266589 -4671264 -592218
XY 266597 -8355840 -8355840
XY 266605 -8355840 -6118720
XY 266613 -921103 -8355840
XY 266621 -8355840 -8355840
XY 266629 -4144961 -592226
XY 266637 -8355840 -8355840
XY 266645 -8355840 -5329299
XY 266653 -1250291 -8355840
XY 266661 -8355840 -8355840
XY 266669 -3487070 -657977
XY 266677 -8355840 -8355840
XY 266685 -8355840 -5000257
XY 266693 -1842241 -8355840
XY 266701 -8355840 -8355840
XY 266709 -3026642 -657991
XY 266717 -8355840 -8355840
XY 266725 -8355840 -4276520
XY 266733 -2039572 -8355840
XY 266742 -8355840 -8355840
XY 266749 -4145005 197610
XY 266757 -7631944 -8355840
XY 266766 -7895137 263255
XY 266774 197611 -6645162
XY 266782 -8355840 -8355840
XY 266790 263230 197576
XY 266798 -8355840 -8355840
XY 266806 -6974158 263242
XY 266814 197630 -7632114
XY 266822 -8355840 -7961006
XY 266830 263211 197489
XY 266838 -8355840 -8355840
XY 266846 -5723936 263231
XY 266854 131606 -8224106
XY 266862 -8355840 -7171360
XY 266870 263192 197472
XY 266878 -8355840 -8355840
XY 266886 -5066217 263228
XY 266894 66014 -8355840
XY 266902 -8355840 -6447686
XY 266910 263194 131761
XY 266918 -8355840 -8355840
XY 266926 -4408281 263208
XY 266934 -200 -8355840
XY 266942 -8355840 -6118738
XY 266950 263178 65862
XY 266958 -8355840 -8355840
XY 266966 -4144950 263215
XY 266974 -65835 -8355840
XY 266982 -8355840 -5658302
XY 266990 263174 131665
XY 266998 -8355840 -8355840
XY 267006 -3618782 263198
XY 267014 -329130 -8355840
XY 267022 -8355840 -5000271
XY 267030 263179 165
XY 267038 -8355840 -8355840
XY 267047 -3158047 263191
XY 267054 -789753 -8355840
XY 267062 -8355840 -4868702
XY 267071 197629 185
XY 267079 -8355840 -8355840
XY 267087 -2829294 263197
XY 267095 -1184372 -8355840
XY 267103 -8355840 -4539769
XY 267111 263187 263189
XY 267119 -8355840 -8355840
XY 267127 -8026847 263271
XY 267135 263228 -8355840
XY 267143 -8355840 -8355840
XY 267151 263296 131709
XY 267159 -8355840 -8355840
XY 267167 -7434534 -329052
XY 267175 -6579243 -8355840
XY 267183 -8355840 -8355840
XY 267191 -263297 -5395088
XY 267199 -8355840 -8355840
XY 267207 -7368928 -394940
XY 267215 -7105657 -8355840
XY 267223 -8355840 -8355840
XY 267231 -329182 -5789708
XY 267239 -8355840 -8355840
XY 267247 -7434719 -460773
XY 267255 -7500319 -8355840
XY 267263 -8355840 -8355840
XY 267271 -394912 -6184454
XY 267279 -8355840 -8355840
XY 267287 -7171452 -526367
XY 267295 -7829402 -8355840
XY 267303 -8355840 -8355840
XY 267311 -394832 -6710826
XY 267319 -8355840 -8355840
XY 267327 -6776583 -460717
XY 267335 -8355688 -8355840
XY 267343 -8355840 -8092563
XY 267351 -394780 -7039781
XY 267360 -8355840 -8355840
XY 267367 -6184604 -460595
XY 267376 -8355840 -8355840
XY 267384 -8355840 -7434644
XY 267392 -329201 -7302988
XY 267400 -8355840 -8355840
XY 267408 -5592444 -394962
XY 267416 -8355840 -8355840
XY 267424 -8355840 -7171439
XY 267432 -394787 -7829275
XY 267440 -8355840 -8355840
XY 267448 -5197730 -394884
XY 267456 -8355840 -8355840
XY 267464 -8355840 -6513642
XY 267472 -329203 -7961027
XY 267480 -8355840 -8355840
XY 267488 -4605496 -394830
XY 267496 -8355840 -8355840
XY 267504 -8355840 -5789912
XY 267512 -394841 -8355840
XY 267520 -8355840 -8355840
XY 267528 -4013493 -394879
XY 267536 -8355840 -8355840
XY 267544 -8355840 -5592355
XY 267552 -460669 -8355840
XY 267560 -8355840 -8355840
XY 267568 -3618784 -394763
XY 267576 -8355840 -8355840
XY 267584 -8355840 -4934433
XY 267592 -526346 -8355840
XY 267600 -8355840 -8355840
XY 267608 -3092473 -394836
XY 267616 -8355840 -8355840
XY 267624 -8355840 -4342379
XY 267632 -723968 -8355840
XY 267640 -8355840 -8355840
XY 267648 -2368689 -394773
XY 267656 -8355840 -8355840
XY 267664 -8355840 -3684539
XY 267673 -1118624 -8355840
XY 267680 -8355840 -8355840
XY 267689 -1513454 -263301
XY 267697 -8355840 -8355840
XY 267705 -8355840 -2697669
XY 267713 -1250121 -8355840
XY 267721 -8355840 -8355840
XY 267729 -526526 -263201
XY 267737 -8355840 -8355840
XY 267745 -8355840 -1710606
XY 267753 -1644953 -8355840
XY 267761 -8355840 -8355840
XY 267769 -263193 -394962
XY 267777 -8355840 -8355840
XY 267785 -8355840 -1184481
XY 267793 -2105575 -8355840
XY 267801 -8355840 -8355840
XY 267809 -131723 -460777
XY 267817 -8355840 -8355840
XY 267825 -8355840 -394987
XY 267833 -2434318 -8355840
XY 267841 -8355840 -8355840
XY 267849 -65982 -1052790
XY 267857 -8355840 -8355840
XY 267865 -8355840 -263175
XY 267873 -2895026 -8355840
XY 267881 -8355840 -8355840
XY 267889 -65828 -1579161
XY 267897 -8355840 -8355840
XY 267905 -8355840 -197415
XY 267913 -3421270 -8355840
XY 267921 -8355840 -8355840
XY 267929 176 -1644953
XY 267937 -8355840 -8355840
XY 267945 -7763561 -65820
XY 267953 -3618601 -8355840
XY 267961 -8355840 -8355840
XY 267969 65833 -2105575
XY 267977 -8355840 -8355840
XY 267986 -7039955 92
XY 267994 -4079266 -8355840
XY 268002 -8355840 -8355743
XY 268010 131724 -2631904
XY 268018 -8355840 -8355840
XY 268026 -6447847 65877
XY 268034 -4474013 -8355840
XY 268042 -8355840 -7829357
XY 268050 131830 -2895069
XY 268058 -8355840 -8355840
XY 268066 -5921459 65999
XY 268074 -4868632 -8355840
XY 268082 -8355840 -7237153
XY 268090 131831 -3421313
XY 268098 -8355840 -8355840
XY 268106 -5460846 65989
XY 268114 -5329212 -8355840
XY 268122 -8355840 -6974029
XY 268130 197390 -4013348
XY 268138 -8355840 -8355840
XY 268146 -5066079 131615
XY 268154 -5855669 -8355840
XY 268162 -8355840 -6513446
XY 268170 197402 -4210848
XY 268178 -8355840 -8355840
XY 268186 -4474051 197401
XY 268194 -6053000 -8355840
XY 268202 -8355840 -5789786
XY 268210 197521 -4671386
XY 268218 -8355840 -8355840
XY 268226 -3881815 197487
XY 268234 -6381998 -8355840
XY 268242 -8355840 -5197800
XY 268250 263247 -4868802
XY 268258 -8355840 -8355840
XY 268266 -2960869 263315
XY 268274 -6711038 -8355840
XY 268282 -8355840 -4276576
XY 268290 263262 -5000299
XY 268299 -8355840 -8355840
XY 268307 -2105535 263269
XY 268315 -6973990 -8355840
XY 268323 -8355840 -3618782
XY 268331 263314 -5460880
XY 268339 -8355840 -8355840
XY 268347 -1710647 263254
XY 268355 -7303158 -8355840
XY 268363 -8355840 -3421230
XY 268371 263254 -6053042
XY 268379 -8355840 -8355840
XY 268387 -1447657 263254
XY 268395 -7961069 -8355840
XY 268403 -8355840 -3158047
XY 268411 263177 -6579243
XY 268419 -8355840 -8355840
XY 268427 -1316082 197592
XY 268435 -8092609 -8355840
XY 268443 -8355840 -2895000
XY 268451 197436 -6973990
XY 268459 -8355840 -8355840
XY 268467 -1052846 197497
XY 268475 -8355646 -8355840
XY 268483 -8355840 -3026587
XY 268491 131686 -7763483
XY 268499 -8355840 -8355840
XY 268507 -1315888 131675
XY 268515 -8355840 -8355840
XY 268523 -8355840 -3487045
XY 268531 -131 -8289897
XY 268539 -8355840 -8355840
XY 268547 -2697511 -197431
XY 268555 -8355840 -8355840
XY 268563 -8355840 -4408168
XY 268571 -328987 -8355840
XY 268579 -8355840 -8355840
XY 268588 -2829254 -328983
XY 268595 -8355840 -8355840
XY 268604 -8355840 -4605522
XY 268612 -592230 -8355840
XY 268620 -8355840 -8355840
XY 268628 -2960707 -394892
XY 268636 -8355840 -8355840
XY 268644 -8355840 -4539682
XY 268652 -921265 -8355840
XY 268660 -8355840 -8355840
XY 268668 -2894926 -526424
XY 268676 -8355840 -8355840
XY 268684 -8355840 -4342505
XY 268692 -1447622 -8355840
XY 268700 -8355840 -8355840
XY 268708 -2697637 -657988
XY 268716 -8355840 -8355840
XY 268724 -8355840 -4342513
XY 268732 -2039614 -8355840
XY 268740 -8355840 -8355840
XY 268748 -2631846 -723874
XY 268756 -8355840 -8355840
XY 268764 -8355840 -4145022
XY 268772 -2368697 -8355840
XY 268780 -8355840 -8355840
XY 268788 -2434346 -1052810
XY 268796 -8355840 -8355840
XY 268804 -8355840 -3881927
XY 268812 -2894941 -8355840
XY 268820 -8355840 -8355840
XY 268828 -2171319 -1842241
XY 268836 -8355840 -8355840
XY 268844 -8355840 -4013560
XY 268852 -3421355 -8355840
XY 268860 -8355840 -8355840
XY 268868 -2171322 -2105490
XY 268876 -8355840 -8355840
XY 268884 -8355840 -3816150
XY 268892 -3816144 -8355840
XY 268901 -8355840 -8355840
XY 268908 -1973780 -2566113
XY 268917 -8355840 -8355840
XY 268925 -8355840 -3552818
XY 268933 -4276597 -8355840
XY 268941 -8355840 -8355840
XY 268949 -1513377 -3223982
XY 268957 -8355840 -8355840
XY 268965 -8355840 -3421208
XY 268973 -4671471 -8355840
XY 268981 -8355840 -8355840
XY 268989 -1315859 -3355564
XY 268997 -8355840 -8355840
XY 269005 -8355840 -2960662
XY 269013 -5000299 -8355840
XY 269021 -8355840 -8355840
XY 269029 -789656 -3881935
XY 269037 -8355840 -8355840
XY 269045 -8355840 -2368520
XY 269053 -5460922 -8355840
XY 269061 -8355840 -8355840
XY 269069 -657938 -4473885
XY 269077 -8355840 -8355840
XY 269085 -8355840 -2105471
XY 269093 -5987166 -8355840
XY 269101 -8355840 -8355840
XY 269109 -592351 -4605595
XY 269117 -8355840 -8355840
XY 269125 -8355840 -1447625
XY 269133 -6184582 -8355840
XY 269141 -8355840 -8355840
XY 269149 -592141 -5197800
XY 269157 -8355840 -8355840
XY 269165 -8355840 -1052811
XY 269173 -6645035 -8355840
XY 269181 -8355840 -8355840
XY 269190 -526566 -5592419
XY 269197 -8355840 -8355840
XY 269205 -8355840 -921093
XY 269214 -7039994 -8355840
XY 269222 -8355840 -8355840
XY 269230 -526512 -5855584
XY 269238 -8355840 -8355840
XY 269246 -8355798 -723787
XY 269254 -7500404 -8355840
XY 269262 -8355840 -8355840
XY 269270 -526443 -6118833
XY 269278 -8355840 -8355840
XY 269286 -8158262 -723780
XY 269294 -8224149 -8355840
XY 269302 -8355840 -8355840
XY 269310 -526410 -6645162
XY 269318 -8355840 -8355840
XY 269326 -7895205 -658137
XY 269334 -8355646 -8355840
XY 269342 -8355840 -8355840
XY 269350 -526400 -6908327
XY 269358 -8355840 -8355840
XY 269366 -7434738 -658088
XY 269374 -8355840 -8355840
XY 269382 -8355840 -8355840
XY 269390 -526460 -7237155
XY 269398 -8355840 -8355840
XY 269406 -7039995 -658032
XY 269414 -8355840 -8355840
XY 269422 -8355840 -8224188
XY 269430 -526469 -8158400
XY 269438 -8355840 -8355840
XY 269446 -6513443 -592153
XY 269454 -8355840 -8355840
XY 269462 -8355840 -8092596
XY 269470 -526539 -8290025
XY 269478 -8355840 -8355840
XY 269486 -6250309 -592183
XY 269494 -8355840 -8355840
XY 269502 -8355840 -7829333
XY 269510 -592205 -8355774
XY 269519 -8355840 -8355840
XY 269527 -5855605 -592260
XY 269535 -8355840 -8355840
XY 269543 -8355840 -7303071
XY 269551 -657960 -8355840
XY 269559 -8355840 -8355840
XY 269567 -5395103 -592291
XY 269575 -8355840 -8355840
XY 269583 -8355840 -7039978
XY 269591 -789561 -8355840
XY 269599 -8355840 -8355840
XY 269607 -5066238 -592305
XY 269615 -8355840 -8355840
XY 269623 -8355840 -6579270
XY 269631 -921302 -8355840
XY 269639 -8355840 -8355840
XY 269647 -4605627 -657961
XY 269655 -8355840 -8355840
XY 269663 -8355840 -5921347
XY 269671 -1381831 -8355840
XY 269679 -8355840 -8355840
XY 269687 -4013358 -658148
XY 269695 -8355840 -8355840
XY 269703 -8355840 -5526715
XY 269711 -1842283 -8355840
XY 269719 -8355840 -8355840
XY 269727 -3487129 -658160
XY 269735 -8355840 -8355840
XY 269743 -8355840 -4539870
XY 269751 -2039657 -8355840
XY 269759 -8355840 -8355840
XY 269767 -2500108 -789687
XY 269775 -8355840 -8355840
XY 269783 -8355840 -7961085
XY 269791 263273 -3289645
XY 269799 -8355840 -8355840
XY 269808 -2237155 197610
XY 269815 -6710868 -8355840
XY 269823 -8355840 -1908219
XY 269832 263173 -6250458
XY 269840 -8355840 -8355840
XY 269848 263193 197609
XY 269856 -8289982 -8355840
XY 269864 -8355840 -328984
XY 269872 263182 -6579413
XY 269880 -8355840 -8355840
XY 269888 263257 197598
XY 269896 -8355840 -8355840
XY 269904 -8355840 -460726
XY 269912 263175 -7105785
XY 269920 -8355840 -8355840
XY 269928 263251 197607
XY 269936 -8355840 -8355840
XY 269944 -8355840 -789600
XY 269952 263193 -7631901
XY 269960 -8355840 -8355840
XY 269968 197608 197627
XY 269976 -8355840 -8355840
XY 269984 -8355840 -1710650
XY 269992 -4210933 -8355840
XY 270000 -8355840 -8355840
XY 270008 -197574 -2960647
XY 270016 -8355840 -8355840
XY 270024 -8355840 -329186
XY 270032 -4803011 -8355840
XY 270040 -8355840 -8355840
XY 270048 -329020 -3684477
XY 270056 -8355840 -8355840
XY 270064 -8355840 -460573
XY 270072 -5460880 -8355840
XY 270080 -8355840 -8355840
XY 270088 -329007 -3881935
XY 270096 -8355840 -8355840
XY 270104 -8355840 -394943
XY 270112 -5658253 -8355840
XY 270121 -8355840 -8355840
XY 270128 -329022 -4342473
XY 270136 -8355840 -8355840
XY 270145 -8092483 -394969
XY 270153 -6184454 -8355840
XY 270161 -8355840 -8355840
XY 270169 -329068 -5000214
XY 270177 -8355840 -8355840
XY 270185 -7895087 -394954
XY 270193 -6645077 -8355840
XY 270201 -8355840 -8355840
XY 270209 -263416 -5132009
XY 270217 -8355840 -8355840
XY 270225 -7237221 -394800
XY 270233 -6908327 -8355840
XY 270241 -8355840 -8355718
XY 270249 -263278 -5658125
XY 270257 -8355840 -8355840
XY 270265 -6579435 -329131
XY 270273 -7368779 -8355840
XY 270281 -8355840 -8092546
XY 270289 -197585 -6118833
XY 270297 -8355840 -8355840
XY 270305 -6184544 -328974
XY 270313 -7763653 -8355840
XY 270321 -8355840 -7434613
XY 270329 -197381 -6316164
XY 270337 -8355840 -8355840
XY 270345 -5526558 -263317
XY 270353 -8026690 -8355840
XY 270361 -8355840 -6710843
XY 270369 -131767 -6776659
XY 270377 -8355840 -8355840
XY 270385 -4737221 -197553
XY 270393 -8355646 -8355840
XY 270401 -8355840 -6250293
XY 270409 -66020 -7302988
XY 270417 -8355840 -8355840
XY 270425 -4342504 -197388
XY 270434 -8355840 -8355840
XY 270441 -8355840 -5789720
XY 270450 -131585 -7500361
XY 270458 -8355840 -8355840
XY 270466 -3750274 -131699
XY 270474 -8355840 -8355840
XY 270482 -8355840 -4868696
XY 270490 -246 -7829487
XY 270498 -8355840 -8355840
XY 270506 -2829286 -65882
XY 270514 -8355840 -8355840
XY 270522 -8355840 -4473915
XY 270530 -239 -8289897
XY 270538 -8355840 -8355840
XY 270546 -2434305 -83
XY 270554 -8355840 -8355840
XY 270562 -8355840 -3487053
XY 270570 -63 -8355646
XY 270578 -8355840 -8355840
XY 270586 -1447470 55
XY 270594 -8355840 -8355840
XY 270602 -8355840 -2763319
XY 270610 -65903 -8355840
XY 270618 -8355840 -8355840
XY 270626 -789558 93
XY 270634 -8355840 -8355840
XY 270642 -8355840 -2368575
XY 270650 -131700 -8355840
XY 270658 -8355840 -8355840
XY 270666 -131828 65913
XY 270674 -8355840 -8355840
XY 270682 -8355840 -1184473
XY 270690 -197535 -8355840
XY 270698 -8355840 -8355840
XY 270706 137 65914
XY 270714 -8355840 -8355840
XY 270722 -8355840 -197380
XY 270730 -526478 -8355840
XY 270738 -8355840 -8355840
XY 270747 131606 254
XY 270755 -8355840 -8355840
XY 270763 -8355840 72
XY 270771 -987089 -8355840
XY 270779 -8355840 -8355840
XY 270787 131735 53
XY 270795 -8355840 -8355840
XY 270803 -8355840 67
XY 270811 -1381661 -8355840
XY 270819 -8355840 -8355840
XY 270827 66018 -131818
XY 270835 -8355840 -8355840
XY 270843 -8355840 -95
XY 270851 -2039742 -8355840
XY 270859 -8355840 -8355840
XY 270867 65912 -723800
XY 270875 -8355840 -8355840
XY 270883 -8355641 -65994
XY 270891 -2829065 -8355840
XY 270899 -8355840 -8355840
XY 270907 -166 -1250248
XY 270915 -8355840 -8355840
XY 270923 -8355840 -263403
XY 270931 -3421185 -8355840
XY 270939 -8355840 -8355840
XY 270947 -131735 -1973781
XY 270955 -8355840 -8355840
XY 270963 -8355840 -263240
XY 270971 -3684605 -8355840
XY 270979 -8355840 -8355840
XY 270987 -65871 -2500109
XY 270995 -8355840 -8355840
XY 271003 -8289966 -263242
XY 271011 -4408264 -8355840
XY 271019 -8355840 -8355840
XY 271027 -263207 -3026651
XY 271035 -8355840 -8355840
XY 271043 -8355840 -394832
XY 271051 -5000342 -8355840
XY 271060 -8355840 -8355840
XY 271068 -329068 -3684477
XY 271076 -8355840 -8355840
XY 271084 -8355840 -460685
XY 271092 -5526756 -8355840
XY 271100 -8355840 -8355840
XY 271108 -394780 -4342473
XY 271116 -8355840 -8355840
XY 271124 -8355840 -460743
XY 271132 -6053042 -8355840
XY 271140 -8355840 -8355840
XY 271148 -394890 -4737262
XY 271156 -8355840 -8355840
XY 271164 -8355840 -526524
XY 271172 -6579286 -8355840
XY 271180 -8355840 -8355840
XY 271188 -460610 -5263506
XY 271196 -8355840 -8355840
XY 271204 -8289945 -526582
XY 271212 -6974160 -8355840
XY 271220 -8355840 -8355840
XY 271228 -460649 -5987166
XY 271236 -8355840 -8355840
XY 271244 -8224180 -592215
XY 271252 -7303158 -8355840
XY 271260 -8355840 -8355840
XY 271268 -460695 -5921417
XY 271276 -8355840 -8355840
XY 271284 -8026790 -658040
XY 271292 -7500447 -8355840
XY 271300 -8355840 -8355840
XY 271308 -460721 -6381913
XY 271316 -8355840 -8355840
XY 271324 -7697886 -658089
XY 271332 -8224191 -8355840
XY 271340 -8355840 -8355840
XY 271348 -526380 -6842620
XY 271356 -8355840 -8355840
XY 271364 -7631972 -658097
XY 271373 -8355840 -8355840
XY 271381 -8355840 -8355840
XY 271389 -526459 -7105785
XY 271397 -8355840 -8355840
XY 271405 -7303072 -658059
XY 271413 -8355840 -8355840
XY 271421 -8355840 -8355840
XY 271429 -592284 -7434698
XY 271437 -8355840 -8355840
XY 271445 -6974179 -658096
XY 271453 -8355840 -8355840
XY 271461 -8355840 -8224157
XY 271469 -526588 -8224191
XY 271477 -8355840 -8355840
XY 271485 -6579258 -658044
XY 271493 -8355840 -8355840
XY 271501 -8355840 -8158328
XY 271509 -592269 -8355774
XY 271517 -8355840 -8355840
XY 271525 -6316064 -592329
XY 271533 -8355840 -8355840
XY 271541 -8355840 -7829463
XY 271549 -592323 -8355840
XY 271557 -8355840 -8355840
XY 271565 -5855528 -658089
XY 271573 -8355840 -8355840
XY 271581 -8355840 -7302955
XY 271589 -723721 -8355840
XY 271597 -8355840 -8355840
XY 271605 -5329364 -657936
XY 271613 -8355840 -8355840
XY 271621 -8355840 -7039800
XY 271629 -921132 -8355840
XY 271637 -8355840 -8355840
XY 271645 -5065987 -657926
XY 271653 -8355840 -8355840
XY 271661 -8355840 -6513445
XY 271669 -1184436 -8355840
XY 271678 -8355840 -8355840
XY 271686 -4539832 -658050
XY 271694 -8355840 -8355840
XY 271702 -8355840 -5921337
XY 271710 -1644995 -8355840
XY 271718 -8355840 -8355840
XY 271726 -4013372 -723928
XY 271734 -8355840 -8355840
XY 271742 -8355840 -5592379
XY 271750 -2105405 -8355840
XY 271758 -8355840 -8355840
XY 271766 -3618682 -789650
XY 271774 -8355840 -8355840
XY 271782 -8355840 -5000355
XY 271790 -2566028 -8355840
XY 271798 -8355840 -8355840
XY 271806 -3026648 -1184292
XY 271814 -8355840 -8355840
XY 271822 -8355840 -4342431
XY 271830 -2895026 -8355840
XY 271838 -8355840 -8355840
XY 271846 -2302903 -1644995
XY 271854 -8355840 -8355840
XY 271862 -8355840 -3816001
XY 271870 -3223854 -8355840
XY 271878 -8355840 -8355840
XY 271886 -1513420 -1579246
XY 271894 -8355840 -8355840
XY 271902 -8355840 -2302738
XY 271910 -3092272 -8355840
XY 271918 -8355840 -8355840
XY 271926 -197432 -1579119
XY 271934 -8355840 -8355840
XY 271942 -8355840 -328996
XY 271950 -3487146 -8355840
XY 271958 -8355840 -8355840
XY 271967 -131813 -2237030
XY 271974 -8355840 -8355840
XY 271983 -8355840 -329081
XY 271991 -4013560 -8355840
XY 271999 -8355840 -8355840
XY 272007 -197487 -2434361
XY 272015 -8355840 -8355840
XY 272023 -8355840 -329058
XY 272031 -4408094 -8355840
XY 272039 -8355840 -8355840
XY 272047 -197517 -3026608
XY 272055 -8355840 -8355840
XY 272063 -8355840 -329121
XY 272071 -5000342 -8355840
XY 272079 -8355840 -8355840
XY 272087 -329137 -3947556
XY 272095 -8355840 -8355840
XY 272103 -8355840 -526477
XY 272111 -5658295 -8355840
XY 272119 -8355840 -8355840
XY 272127 -394943 -4210763
XY 272135 -8355840 -8355840
XY 272143 -8355840 -526542
XY 272151 -5987293 -8355840
XY 272159 -8355840 -8355840
XY 272167 -460609 -4737135
XY 272175 -8355840 -8355840
XY 272183 -8355840 -592187
XY 272191 -6447704 -8355840
XY 272199 -8355840 -8355840
XY 272207 -460602 -5263506
XY 272215 -8355840 -8355840
XY 272223 -8290018 -526488
XY 272231 -6908284 -8355840
XY 272239 -8355840 -8355840
XY 272247 -394846 263285
XY 272255 -8355840 -8355840
XY 272263 -8092620 263284
XY 272271 65925 -8355840
XY 272280 -8355840 -8355840
XY 272287 263212 263230
XY 272296 -8355840 -8355840
XY 272304 -7039938 -460670
XY 272312 -7566323 -8355840
XY 272320 -8355840 -8355840
XY 272328 -394921 -6447704
XY 272336 -8355840 -8355840
XY 272344 -7303138 -526493
XY 272352 -8092609 -8355840
XY 272360 -8355840 -8355840
XY 272368 -394977 -6579413
XY 272376 -8355840 -8355840
XY 272384 -6710992 -526400
XY 272392 -8355688 -8355840
XY 272400 -8355840 -7960918
XY 272408 -394980 -7105742
XY 272416 -8355840 -8355840
XY 272424 -6184502 -460714
XY 272432 -8355840 -8355840
XY 272440 -8355840 -7697913
XY 272448 -394875 -7566195
XY 272456 -8355840 -8355840
XY 272464 -5658356 -460563
XY 272472 -8355840 -8355840
XY 272480 -8355840 -6974108
XY 272488 -329172 -7763483
XY 272496 -8355840 -8355840
XY 272504 -5000309 -394939
XY 272512 -8355840 -8355840
XY 272520 -8355840 -6316163
XY 272528 -394776 -8289897
XY 272536 -8355840 -8355840
XY 272544 -4408169 -394833
XY 272552 -8355840 -8355840
XY 272560 -8355840 -5789883
XY 272569 -394772 -8355840
XY 272576 -8355840 -8355840
XY 272584 -3881761 -329141
XY 272593 -8355840 -8355840
XY 272601 -8355840 -5197659
XY 272609 -394837 -8355840
XY 272617 -8355840 -8355840
XY 272625 -3289613 -329100
XY 272633 -8355840 -8355840
XY 272641 -8355840 -4473924
XY 272649 -526374 -8355840
XY 272657 -8355840 -8355840
XY 272665 -2697664 -394822
XY 272673 -8355840 -8355840
XY 272681 -8355840 -4408118
XY 272689 -921113 -8355840
XY 272697 -8355840 -8355840
XY 272705 -2631742 -394999
XY 272713 -8355840 -8355840
XY 272721 -8355840 -4013553
XY 272729 -1250078 -8355840
XY 272737 -8355840 -8355840
XY 272745 -2171340 -526340
XY 272753 -8355840 -8355840
XY 272761 -8355840 -3487048
XY 272769 -1710786 -8355840
XY 272777 -8355840 -8355840
XY 272785 -1710677 -592368
XY 272793 -8355840 -8355840
XY 272801 -8355840 -3224042
XY 272809 -2171324 -8355840
XY 272817 -8355840 -8355840
XY 272825 -1315988 -723929
XY 272833 -8355840 -8355840
XY 272841 -8355840 -2763267
XY 272849 -2500237 -8355840
XY 272857 -8355840 -8355840
XY 272865 -789621 -1315869
XY 272873 -8355840 -8355840
XY 272881 -8355840 -2171213
XY 272889 -2960817 -8355840
XY 272897 -8355840 -8355840
XY 272906 -460628 -1776577
XY 272914 -8355840 -8355840
XY 272922 -8355840 -1973807
XY 272930 -3487231 -8355840
XY 272938 -8355840 -8355840
XY 272946 -394813 -2105405
XY 272954 -8355840 -8355840
XY 272962 -8355840 -1381789
XY 272970 -3750396 -8355840
XY 272978 -8355840 -8355840
XY 272986 -394763 -2368740
XY 272994 -8355840 -8355840
XY 273002 -8355840 -723963
XY 273010 -4210806 -8355840
XY 273018 -8355840 -8355840
XY 273026 -329131 -2960817
XY 273034 -8355840 -8355840
XY 273042 -8355840 -526566
XY 273050 -4737092 -8355840
XY 273058 -8355840 -8355840
XY 273066 -329028 -3158233
XY 273074 -8355840 -8355840
XY 273082 -8355840 -394925
XY 273090 -5000384 -8355840
XY 273098 -8355840 -8355840
XY 273106 -263412 -3618771
XY 273114 -8355840 -8355840
XY 273122 -8290028 -394809
XY 273130 -5395131 -8355840
XY 273138 -8355840 -8355840
XY 273146 -263234 -4145100
XY 273154 -8355840 -8355840
XY 273162 -7960875 -329179
XY 273170 -5921375 -8355840
XY 273178 -8355840 -8355840
XY 273186 -197563 -4342516
XY 273195 -8355840 -8355840
XY 273203 -7368791 -329048
XY 273210 -6184497 -8355840
XY 273219 -8355840 -8355840
XY 273227 -197455 -4868717
XY 273235 -8355840 -8355840
XY 273243 -6842605 -263420
XY 273251 -6645162 -8355840
XY 273259 -8355840 -8355626
XY 273267 -197459 -5460922
XY 273275 -8355840 -8355840
XY 273283 -6579403 -328966
XY 273291 -7105742 -8355840
XY 273299 -8355840 -8026625
XY 273307 -197442 -5723959
XY 273315 -8355840 -8355840
XY 273323 -6118888 -328990
XY 273331 -7434698 -8355840
XY 273339 -8355840 -7434644
XY 273347 -197413 -6184454
XY 273355 -8355840 -8355840
XY 273363 -5723950 -328970
XY 273371 -7895193 -8355840
XY 273379 -8355840 -7303110
XY 273387 -197540 -6710868
XY 273395 -8355840 -8355840
XY 273403 -5526558 -329031
XY 273411 -8355646 -8355840
XY 273419 -8355840 -6908374
XY 273427 -197527 -6908241
XY 273435 -8355840 -8355840
XY 273443 -5066102 -328976
XY 273451 -8355840 -8355840
XY 273459 -8355840 -6316216
XY 273467 -197489 -7303116
XY 273475 -8355840 -8355840
XY 273483 -4539807 -263339
XY 273491 -8355840 -8355840
XY 273499 -8355840 -6053102
XY 273508 -197508 -7829317
XY 273515 -8355840 -8355840
XY 273524 -4210790 -263306
XY 273532 -8355840 -8355840
XY 273540 -8355840 -5658126
XY 273548 -197608 -8026775
XY 273556 -8355840 -8355840
XY 273564 -3750337 -263402
XY 273572 -8355840 -8355840
XY 273580 -8355840 -5066088
XY 273588 -263355 -8355774
XY 273596 -8355840 -8355840
XY 273604 -3224035 -263327
XY 273612 -8355840 -8355840
XY 273620 -8355840 -4802975
XY 273628 -394753 -8355840
XY 273636 -8355840 -8355840
XY 273644 -2960703 -263409
XY 273652 -8355840 -8355840
XY 273660 -8355840 -4342502
XY 273668 -460589 -8355840
XY 273676 -8355840 -8355840
XY 273684 -2434360 -263378
XY 273692 -8355840 -8355840
XY 273700 -8355840 -3618676
XY 273708 -658022 -8355840
XY 273716 -8355840 -8355840
XY 273724 -1776484 -328986
XY 273732 -8355840 -8355840
XY 273740 -8355840 -3355584
XY 273748 -1184500 -8355840
XY 273756 -8355840 -8355840
XY 273764 -1644966 -394759
XY 273772 -8355840 -8355840
XY 273780 -8355840 -3223833
XY 273788 -1579119 -8355840
XY 273796 -8355840 -8355840
XY 273804 -1513468 -526457
XY 273812 -8355840 -8355840
XY 273821 -8355840 -2894851
XY 273829 -2039742 -8355840
XY 273837 -8355840 -8355840
XY 273845 -1052767 -921104
XY 273853 -8355840 -8355840
XY 273861 -8355840 -2697587
XY 273869 -2697653 -8355840
XY 273877 -8355840 -8355840
XY 273885 -921114 -1184341
XY 273893 -8355840 -8355840
XY 273901 -8355840 -2434433
XY 273909 -2960775 -8355840
XY 273917 -8355840 -8355840
XY 273925 -592205 -1579204
XY 273933 -8355840 -8355840
XY 273941 -8355840 -1908096
XY 273949 -3487146 -8355840
XY 273957 -8355840 -8355840
XY 273965 -460630 -2302821
XY 273973 -8355840 -8355840
XY 273981 -8355840 -2039630
XY 273989 -4013390 -8355840
XY 273997 -8355840 -8355840
XY 274005 -460586 -2500109
XY 274013 -8355840 -8355840
XY 274021 -8355840 -1447641
XY 274029 -4276554 -8355840
XY 274037 -8355840 -8355840
XY 274045 -395000 -2960732
XY 274053 -8355840 -8355840
XY 274061 -8355840 -986892
XY 274069 -4802883 -8355840
XY 274077 -8355840 -8355840
XY 274085 -460637 -3553022
XY 274093 -8355840 -8355840
XY 274101 -8355840 -1118594
XY 274110 -5329170 -8355840
XY 274117 -8355840 -8355840
XY 274125 -460706 -3947769
XY 274134 -8355840 -8355840
XY 274142 -8355840 -855328
XY 274150 -5658125 -8355840
XY 274158 -8355840 -8355840
XY 274166 -460737 -4408264
XY 274174 -8355840 -8355840
XY 274182 -8355840 -723716
XY 274190 -6053000 -8355840
XY 274198 -8355840 -8355840
XY 274206 -460768 -5000384
XY 274214 -8355840 -8355840
XY 274222 -8355840 -789513
XY 274230 -6579328 -8355840
XY 274238 -8355840 -8355840
XY 274246 -526439 -5263549
XY 274254 -8355840 -8355840
XY 274262 -8355840 -789554
XY 274270 -6842493 -8355840
XY 274278 -8355840 -8355840
XY 274286 -526533 -5723916
XY 274294 -8355840 -8355840
XY 274302 -8355769 -723788
XY 274310 -7237325 -8355840
XY 274318 -8355840 -8355840
XY 274326 -526497 -6184624
XY 274334 -8355840 -8355840
XY 274342 -8289909 -723795
XY 274350 -8224106 -8355840
XY 274358 -8355840 -8355840
XY 274366 -526507 -6513452
XY 274374 -8355840 -8355840
XY 274382 -8158264 -723811
XY 274390 -8289940 -8355840
XY 274398 -8355840 -8355840
XY 274406 -657974 -6776829
XY 274414 -8355840 -8355840
XY 274423 -7829383 -723732
XY 274430 -8355816 -8355840
XY 274438 -8355840 -8355840
XY 274447 -657940 -7368864
XY 274455 -8355840 -8355840
XY 274463 -7434525 -658138
XY 274471 -8355840 -8355840
XY 274479 -8355840 -8355840
XY 274487 -592378 -8224106
XY 274495 -8355840 -8355840
XY 274503 -6974135 -658109
XY 274511 -8355840 -8355840
XY 274519 -8355840 -8290048
XY 274527 -592266 -8289982
XY 274535 -8355840 -8355840
XY 274543 -6710852 -658025
XY 274551 -8355840 -8355840
XY 274559 -8355840 -8092520
XY 274567 -592345 -8355646
XY 274575 -8355840 -8355840
XY 274583 -6184475 -592314
XY 274591 -8355840 -8355840
XY 274599 -8355840 -7566236
XY 274607 -657994 -8355840
XY 274615 -8355840 -8355840
XY 274623 -5658186 -592322
XY 274631 -8355840 -8355840
XY 274639 -8355840 -7368904
XY 274647 -723913 -8355840
XY 274655 -8355840 -8355840
### phase: stop 'STOP - HOLD STILL' at 2026-10-01T21:34:53.0214808+03:00
XY 274663 -5395127 -592374
XY 274671 -8355840 -8355840
XY 274679 -8355840 -6908240
XY 274687 -855354 -8355840
XY 274695 -8355840 -8355840
XY 274703 -4934494 -657950
XY 274711 -8355840 -8355840
XY 274719 -8355840 -6250329
XY 274727 -1250260 -8355840
XY 274735 -8355840 -8355840
XY 274744 -4408184 -723748
XY 274752 -8355840 -8355840
XY 274760 -8355840 -5987314
XY 274768 -1710616 -8355840
XY 274776 -8355840 -8355840
XY 274784 -4013352 -723783
XY 274792 -8355840 -8355840
XY 274800 -8355840 -5263511
XY 274808 -1908117 -8355840
XY 274816 -8355840 -8355840
XY 274824 -3223993 -789518
XY 274832 -8355840 -8355840
XY 274840 -8355840 -4342358
XY 274848 -2237115 -8355840
XY 274856 -8355840 -8355840
XY 274864 -2236984 -1052844
XY 274872 -8355840 -8355840
XY 274880 -8355840 -7237150
XY 274888 263182 -4868632
XY 274896 -8355840 -8355840
XY 274904 263257 197574
XY 274912 -8355840 -8355840
XY 274920 -7237155 263250
XY 274928 263172 -7237155
XY 274936 -8355840 -8158289
XY 274944 263213 197602
XY 274952 -8355840 -8355840
XY 274960 -6053075 263241
XY 274968 263182 -7960899
XY 274976 -8355840 -7434533
XY 274984 263213 197613
XY 274992 -8355840 -8355840
XY 275000 -5395190 263234
XY 275008 263189 -8355840
XY 275016 -8355840 -7171404
XY 275024 263201 197618
XY 275032 -8355840 -8355840
XY 275040 -5131967 263225
XY 275049 263210 -8355840
XY 275057 -8355840 -6645052
XY 275065 263182 197620
XY 275073 -8355840 -8355840
XY 275081 -4671317 263212
XY 275089 197535 -8355840
XY 275097 -8355840 -6053042
XY 275105 263194 263174
XY 275113 -8355840 -8355840
XY 275121 -4342289 263227
XY 275129 65855 -8355840
XY 275137 -8355840 -6447782
XY 275145 263212 263195
XY 275153 -8355840 -8355840
XY 275161 -7500322 263249
XY 275169 263231 -8355840
XY 275177 -8355840 -8355840
XY 275185 263246 263187
XY 275193 -8355840 -8355840
XY 275201 -8092635 -394937
XY 275209 -5855541 -8355840
XY 275217 -8355840 -8355840
XY 275225 -394847 -4605553
XY 275233 -8355840 -8355840
XY 275241 -8355770 -526427
XY 275249 -6316249 -8355840
XY 275257 -8355840 -8355840
XY 275265 -394938 -5197588
XY 275273 -8355840 -8355840
XY 275281 -8224234 -526399
XY 275289 -6842450 -8355840
XY 275297 -8355840 -8355840
XY 275305 -394881 -5395088
XY 275313 -8355840 -8355840
XY 275321 -7829314 -460765
XY 275329 -7105657 -8355840
XY 275337 -8355840 -8355840
XY 275345 -394860 -5855541
XY 275353 -8355840 -8355840
XY 275362 -7303084 -460764
XY 275370 -7500361 -8355840
XY 275378 -8355840 -8355840
XY 275386 -329206 -6381998
XY 275394 -8355840 -8355840
XY 275402 -6974028 -460674
XY 275410 -8026648 -8355840
XY 275418 -8355840 -8289844
XY 275426 -329177 -6579286
XY 275434 -8355840 -8355840
XY 275442 -6447712 -460657
XY 275450 -8289982 -8355840
XY 275458 -8355840 -7763476
XY 275466 -394765 -6973990
XY 275474 -8355840 -8355840
XY 275482 -5921311 -394998
XY 275490 -8355840 -8355840
XY 275498 -8355840 -7566112
XY 275506 -394760 -7500447
XY 275514 -8355840 -8355840
XY 275522 -5723967 -460561
XY 275530 -8355840 -8355840
XY 275538 -8355840 -7105770
XY 275546 -394766 -7697735
XY 275554 -8355840 -8355840
XY 275562 -5197634 -394963
XY 275570 -8355840 -8355840
XY 275578 -8355840 -6447729
XY 275586 -394877 -8224234
XY 275594 -8355840 -8355840
XY 275602 -4671251 -394978
XY 275610 -8355840 -8355840
XY 275618 -8355840 -6250315
XY 275626 -460584 -8355840
XY 275634 -8355840 -8355840
XY 275642 -4342448 -394957
XY 275651 -8355840 -8355840
XY 275658 -8355840 -5723999
XY 275666 -460734 -8355840
XY 275675 -8355840 -8355840
XY 275683 -3881792 -460614
XY 275691 -8355840 -8355840
XY 275699 -8355840 -5263528
XY 275707 -592326 -8355840
XY 275715 -8355840 -8355840
XY 275723 -3552872 -526337
XY 275731 -8355840 -8355840
XY 275739 -8355840 -5131913
XY 275747 -921336 -8355840
XY 275755 -8355840 -8355840
XY 275763 -3289668 -526431
XY 275771 -8355840 -8355840
XY 275779 -8355840 -4671460
XY 275787 -1315869 -8355840
XY 275795 -8355840 -8355840
XY 275803 -2894931 -592190
XY 275811 -8355840 -8355840
XY 275819 -8355840 -4144999
XY 275827 -1776577 -8355840
XY 275835 -8355840 -8355840
XY 275843 -2368517 -723721
XY 275851 -8355840 -8355840
XY 275859 -8355840 -3947721
XY 275867 -2302736 -8355840
XY 275875 -8355840 -8355840
XY 275883 -2171341 -855414
XY 275891 -8355840 -8355840
XY 275899 -8355840 -3618720
XY 275907 -2566113 -8355840
XY 275915 -8355840 -8355840
XY 275923 -1776462 -1315997
XY 275931 -8355840 -8355840
XY 275939 -8355840 -3158268
XY 275947 -3092314 -8355840
XY 275955 -8355840 -8355840
XY 275964 -1381802 -1842411
XY 275971 -8355840 -8355840
XY 275980 -8355840 -3158080
XY 275988 -3618813 -8355840
XY 275996 -8355840 -8355840
XY 276004 -1118675 -2105490
XY 276012 -8355840 -8355840
XY 276020 -8355840 -2697604
XY 276028 -3881893 -8355840
XY 276036 -8355840 -8355840
XY 276044 -789752 -2697525
XY 276052 -8355840 -8355840
XY 276060 -8355840 -2302904
XY 276068 -4342473 -8355840
XY 276076 -8355840 -8355840
XY 276084 -658116 -3289730
XY 276092 -8355840 -8355840
XY 276100 -8355840 -2434326
XY 276108 -4868760 -8355840
XY 276116 -8355840 -8355840
XY 276124 -592288 -3487189
XY 276132 -8355840 -8355840
XY 276140 -8355840 -2236943
XY 276148 -5263421 -8355840
XY 276156 -8355840 -8355840
XY 276164 -592269 -4013390
XY 276172 -8355840 -8355840
XY 276180 -8355840 -1776510
XY 276188 -5724087 -8355840
XY 276196 -8355840 -8355840
XY 276204 -592255 -4605638
XY 276212 -8355840 -8355840
XY 276220 -8355840 -1776464
XY 276228 -6184667 -8355840
XY 276236 -8355840 -8355840
XY 276244 -658109 -4803053
XY 276252 -8355840 -8355840
XY 276260 -8355840 -1447643
XY 276268 -6447789 -8355840
XY 276277 -8355840 -8355840
XY 276285 -658097 -5394961
XY 276293 -8355840 -8355840
XY 276301 -8355840 -1184352
XY 276309 -6974033 -8355840
XY 276317 -8355840 -8355840
XY 276325 -723716 -5855584
XY 276333 -8355840 -8355840
XY 276341 -8355840 -1052798
XY 276349 -7368822 -8355840
XY 276357 -8355840 -8355840
XY 276365 -658091 -6052872
XY 276373 -8355840 -8355840
XY 276381 -8355840 -789567
XY 276389 -7566153 -8355840
XY 276397 -8355840 -8355840
XY 276405 -657997 -6381870
XY 276413 -8355840 -8355840
XY 276421 -8289873 -723838
XY 276429 -8289855 -8355840
XY 276437 -8355840 -8355840
XY 276445 -657977 -6842535
XY 276453 -8355840 -8355840
XY 276461 -8092538 -723744
XY 276469 -8355816 -8355840
XY 276477 -8355840 -8355840
XY 276485 -657975 -7039951
XY 276493 -8355840 -8355840
XY 276501 -7632053 -658164
XY 276509 -8355840 -8355840
XY 276517 -8355840 -8355840
XY 276525 -592384 -7434740
XY 276533 -8355840 -8355840
XY 276541 -7105680 -658063
XY 276549 -8355840 -8355840
XY 276557 -8355840 -8224159
XY 276565 -526558 -8224106
XY 276573 -8355840 -8355840
XY 276582 -6447759 -592152
XY 276589 -8355840 -8355840
XY 276598 -8355840 -7961034
XY 276606 -526592 -8355688
XY 276614 -8355840 -8355840
XY 276622 -5921437 -526527
XY 276630 -8355840 -8355840
XY 276638 -8355840 -7237237
XY 276646 -526571 -8355816
XY 276654 -8355840 -8355840
XY 276662 -5263515 -526453
XY 276670 -8355840 -8355840
XY 276678 -8355840 -6513624
XY 276686 -592267 -8355840
XY 276694 -8355840 -8355840
XY 276702 -4605585 -526490
XY 276710 -8355840 -8355840
XY 276718 -8355840 -6118723
XY 276726 -658118 -8355840
XY 276734 -8355840 -8355840
XY 276742 -4144998 -526401
XY 276750 -8355840 -8355840
XY 276758 -8355840 -5460746
XY 276766 -789697 -8355840
XY 276774 -8355840 -8355840
XY 276782 -3421273 -460755
XY 276790 -8355840 -8355840
XY 276798 -8355840 -7171358
XY 276806 197616 -3355606
XY 276814 -8355840 -8355840
XY 276822 -65816 197581
XY 276830 -6184539 -8355840
XY 276838 -8355840 -789599
XY 276846 197606 -5592547
XY 276854 -8355840 -8355840
XY 276862 263274 197564
XY 276871 -7697692 -8355840
XY 276878 -8355840 263192
XY 276886 197619 -5987293
XY 276895 -8355840 -8355840
XY 276903 263241 197587
XY 276911 -8092482 -8355840
XY 276919 -8355840 263267
XY 276927 197610 -6645162
XY 276935 -8355840 -8355840
XY 276943 263213 197601
XY 276951 -8355840 -8355840
XY 276959 -7895158 263251
XY 276967 197623 -7303116
XY 276975 -8355840 -8355840
XY 276983 263216 197566
XY 276991 -8355840 -8355840
XY 276999 -7368824 263232
XY 277007 263177 -7434698
XY 277015 -8355840 -8355840
XY 277023 263211 197595
XY 277031 -8355840 -8355840
XY 277039 -7105655 263242
XY 277047 263186 -7895193
XY 277055 -8355840 -8355840
XY 277063 263201 197612
XY 277071 -8355840 -8355840
XY 277079 -7368930 263240
XY 277087 263188 -8026648
XY 277095 -8355840 -8355840
XY 277103 263212 197628
XY 277111 -8355840 -8355840
XY 277119 -7829413 263257
XY 277127 263212 -8355840
XY 277135 -8355840 -8355840
XY 277143 263226 197622
XY 277151 -8355840 -8355840
XY 277159 -8355840 263216
XY 277167 263214 -8355840
XY 277175 -8355840 -8355840
XY 277183 263235 263182
XY 277191 -8355840 -8355840
XY 277200 -8355840 -2434473
XY 277208 -5329212 -8355840
XY 277216 -8355840 -8355840
XY 277224 -329171 -4079181
XY 277232 -8355840 -8355840
XY 277240 -8355840 -460709
XY 277248 -5855499 -8355840
XY 277256 -8355840 -8355840
XY 277264 -394760 -4342346
XY 277272 -8355840 -8355840
XY 277280 -8355840 -460752
XY 277288 -6118791 -8355840
XY 277296 -8355840 -8355840
XY 277304 -394853 -4803011
XY 277312 -8355840 -8355840
XY 277320 -8224047 -460724
XY 277328 -6579286 -8355840
XY 277336 -8355840 -8355840
XY 277344 -394829 -5395131
XY 277352 -8355840 -8355840
XY 277360 -7961021 -460737
XY 277368 -7105615 -8355840
XY 277376 -8355840 -8355840
XY 277384 -394852 -5658125
XY 277392 -8355840 -8355840
XY 277400 -7566240 -460742
XY 277408 -7303073 -8355840
XY 277416 -8355840 -8355840
XY 277424 -394770 -6052957
XY 277432 -8355840 -8355840
XY 277440 -7105676 -460683
XY 277448 -7697862 -8355840
XY 277456 -8355840 -8355840
XY 277464 -394773 -6579243
XY 277472 -8355840 -8355840
XY 277480 -6842531 -460714
XY 277489 -8289855 -8355840
XY 277496 -8355840 -8224093
XY 277504 -394823 -6776702
XY 277513 -8355840 -8355840
XY 277521 -6381853 -460649
XY 277529 -8355816 -8355840
XY 277537 -8355840 -7697667
XY 277545 -394788 -7237282
XY 277553 -8355840 -8355840
XY 277561 -5855637 -460585
XY 277569 -8355840 -8355840
XY 277577 -8355840 -7500319
XY 277585 -394863 -7697777
XY 277593 -8355840 -8355840
XY 277601 -5526752 -460570
XY 277609 -8355840 -8355840
XY 277617 -8355840 -6974147
XY 277625 -394915 -7895108
XY 277633 -8355840 -8355840
XY 277641 -5066163 -460546
XY 277649 -8355840 -8355840
XY 277657 -8355840 -6316229
XY 277665 -394958 -8290025
XY 277673 -8355840 -8355840
XY 277681 -4473989 -394934
XY 277689 -8355840 -8355840
XY 277697 -8355840 -6053111
XY 277705 -460709 -8355840
XY 277713 -8355840 -8355840
XY 277721 -4210794 -394991
XY 277729 -8355840 -8355840
XY 277737 -8355840 -5592329
XY 277745 -526498 -8355840
XY 277753 -8355840 -8355840
XY 277761 -3618811 -460591
XY 277769 -8355840 -8355840
XY 277777 -8355840 -4934593
XY 277785 -789730 -8355840
XY 277793 -8355840 -8355840
XY 277802 -3158170 -460754
XY 277809 -8355840 -8355840
XY 277817 -8355840 -4737279
XY 277826 -1381788 -8355840
XY 277834 -8355840 -8355840
XY 277842 -2895073 -526376
XY 277850 -8355840 -8355840
XY 277858 -8355840 -4210895
XY 277866 -1447452 -8355840
XY 277874 -8355840 -8355840
XY 277882 -2434466 -592166
XY 277890 -8355840 -8355840
XY 277898 -8355840 -3684597
XY 277906 -1842368 -8355840
XY 277914 -8355840 -8355840
XY 277922 -1908056 -723912
XY 277930 -8355840 -8355840
XY 277938 -8355840 -3487019
XY 277946 -2368740 -8355840
XY 277954 -8355840 -8355840
XY 277962 -1644920 -855509
XY 277970 -8355840 -8355840
XY 277978 -8355840 -3026470
XY 277986 -2697568 -8355840
XY 277994 -8355840 -8355840
XY 278002 -1118568 -1447579
XY 278010 -8355840 -8355840
XY 278018 -8355840 -2500183
XY 278026 -3158106 -8355840
XY 278034 -8355840 -8355840
XY 278042 -658132 -1973823
XY 278050 -8355840 -8355840
XY 278058 -8355840 -2368596
XY 278066 -3618771 -8355840
XY 278074 -8355840 -8355840
XY 278082 -526542 -2171154
XY 278090 -8355840 -8355840
XY 278098 -8355840 -1907999
XY 278106 -3947641 -8355840
XY 278115 -8355840 -8355840
XY 278122 -460569 -2631734
XY 278131 -8355840 -8355840
XY 278139 -8355840 -1184421
XY 278147 -4342516 -8355840
XY 278155 -8355840 -8355840
XY 278163 -394880 -3158063
XY 278171 -8355840 -8355840
XY 278179 -8355840 -789508
XY 278187 -4868674 -8355840
XY 278195 -8355840 -8355840
XY 278203 -329132 -3289688
XY 278211 -8355840 -8355840
XY 278219 -8355840 -394945
XY 278227 -5066090 -8355840
XY 278235 -8355840 -8355840
XY 278243 -197626 -3618601
XY 278251 -8355840 -8355840
XY 278259 -7697828 -197511
XY 278267 -5131796 -8355840
XY 278275 -8355840 -8355840
XY 278283 165 -3618728
XY 278291 -8355840 -8355840
XY 278299 -6645042 -155
XY 278307 -5526543 -8355840
XY 278315 -8355840 -7960898
XY 278323 65836 -4013390
XY 278331 -8355840 -8355840
XY 278339 -6250392 -65978
XY 278347 -6053042 -8355840
XY 278355 -8355840 -7829415
XY 278363 -131635 -5000257
XY 278371 -8355840 -8355840
XY 278379 -6710935 -328970
XY 278387 -6776829 -8355840
XY 278395 -8355840 -8355840
XY 278403 -263353 -5592419
XY 278411 -8355840 -8355840
XY 278419 -7105733 -394978
XY 278428 -7237367 -8355840
XY 278436 -8355840 -8355840
XY 278444 -329094 -5855584
XY 278452 -8355840 -8355840
XY 278460 -7105743 -460698
XY 278468 -7566110 -8355840
XY 278476 -8355840 -8355770
XY 278484 -394819 -6381913
XY 278492 -8355840 -8355840
XY 278500 -6908166 -526383
XY 278508 -7960899 -8355840
XY 278516 -8355840 -8355839
XY 278524 -395000 -6842535
XY 278532 -8355840 -8355840
XY 278540 -6776707 -526460
XY 278548 -8355816 -8355840
XY 278556 -8355840 -8158415
