# EXP02 capture  port=COM8  start=2026-10-01T19:06:54.1053576+03:00
[00:00:00.402,587] [0m<inf> gpio_ads1220: ADS1220 GPIO initialized[0m
[00:00:00.403,045] [0m<inf> ads1220: DRDY GPIO configured, using hardware interrupt[0m
[00:00:00.404,235] [0m<inf> ads1220: Initialised (DRDY: yes)[0m
[00:00:00.404,693] [0m<inf> analog_axis_hires: analog_axis_hires_init: START[0m
[00:00:00.404,815] [0m<inf> analog_axis_hires: Thread created successfully, name=analog_axis_hires_0[0m
[00:00:00.404,846] [0m<inf> analog_axis_hires: Starting timer with period 8 ms[0m
[00:00:00.404,876] [0m<inf> analog_axis_hires: Analog-axis-hires Initialised[0m
[00:00:00.404,937] [0m<dbg> zmk: kscan_matrix_init_input_inst: Configured pin 31 on gpio@50000000 for input[0m
[00:00:00.404,968] [0m<dbg> zmk: kscan_matrix_init_output_inst: Configured pin 2 on gpio@50000000 for output[0m
*** Booting Zephyr OS build 10ba6d0cb38b ***
[00:00:00.405,090] [0m<dbg> zmk: get_selected_transport: No endpoint transport selected[0m
[00:00:00.405,395] [0m<inf> zmk: Welcome to ZMK!
[0m
[00:00:00.405,426] [0m<inf> analog_axis_hires: Analog-axis-hires thread started[0m
[00:00:00.405,426] [0m<inf> analog_axis_hires: Checking if all channels use same ADC[0m
[00:00:00.405,487] [0m<inf> analog_axis_hires: All channels use same ADC: no[0m
[00:00:00.405,487] [0m<inf> analog_axis_hires: Setting up channel 0, ADC channel 0[0m
[00:00:00.406,005] [0m<inf> analog_axis_hires: Channel 0 setup done[0m
[00:00:00.406,005] [0m<inf> analog_axis_hires: Setting up channel 1, ADC channel 1[0m
[00:00:00.406,127] [0m<inf> analog_axis_hires: Channel 1 setup done[0m
[00:00:00.406,158] [0m<inf> analog_axis_hires: All channels setup complete, entering poll loop[0m
[00:00:00.406,280] [0m<dbg> zmk: zmk_usb_get_conn_state: state: 2[0m
[00:00:00.406,311] [0m<dbg> zmk: zmk_usb_get_conn_state: state: 2[0m
[00:00:00.409,393] [0m<dbg> zmk: zmk_usb_get_conn_state: state: 5[0m
[00:00:00.409,423] [0m<dbg> zmk: zmk_usb_get_conn_state: state: 5[0m
[00:00:00.413,757] [0m<dbg> analog_axis_hires: analog_axis_hires_loop: ch 0 calib: 1/100 val:-8355840 min:-8355840 max:-8355840[0m
[00:00:00.413,818] [0m<dbg> analog_axis_hires: analog_axis_hires_loop: ch 1 calib: 1/100 val:-8355840 min:-8355840 max:-8355840[0m
[00:00:00.421,295] [0m<dbg> analog_axis_hires: analog_axis_hires_loop: ch 0 calib: 2/100 val:-8355840 min:-8355840 max:-8355840[0m
[00:00:00.421,325] [0m<dbg> analog_axis_hires: analog_axis_hires_loop: ch 1 calib: 2/100 val:-8355840 min:-8355840 max:-8355840[0m
[00:00:00.428,802] [0m<dbg> analog_axis_hires: analog_axis_hires_loop: ch 0 calib: 3/100 val:-8355840 min:-8355840 max:-8355840[0m
[00:00:00.428,833] [0m<dbg> analog_axis_hires: analog_axis_hires_loop: ch 1 calib: 3/100 val:-8355840 min:-8355840 max:-8355840[0m
[00:00:00.436,431] [0m<dbg> analog_axis_hires: analog_axis_hires_loop: ch 0 calib: 4/100 val:-8355840 min:-8355840 max:-8355840[0m
[00:00:00.436,462] [0m<dbg> analog_axis_hires: analog_axis_hires_loop: ch 1 calib: 4/100 val:-8355840 min:-8355840 max:-8355840[0m
[00:00:00.444,458] [0m<dbg> analog_axis_hires: analog_axis_hires_loop: ch 0 calib: 5/100 val:-8355840 min:-8355840 max:-8355840[0m
[00:00:00.444,488] [0m<dbg> analog_axis_hires: analog_axis_hires_loop: ch 1 calib: 5/100 val:-8355840 min:-8355840 max:-8355840[0m
[00:00:00.452,484] [0m<dbg> analog_axis_hires: analog_axis_hires_loop: ch 0 calib: 6/100 val:-8355840 min:-8355840 max:-8355840[0m
[00:00:00.452,514] [0m<dbg> analog_axis_hires: analog_axis_hires_loop: ch 1 calib: 6/100 val:-8355840 min:-8355840 max:-8355840[0m
[00:00:00.460,510] [0m<dbg> analog_axis_hires: analog_axis_hires_loop: ch 0 calib: 7/100 val:-8355840 min:-8355840 max:-8355840[0m
[00:00:00.460,540] [0m<dbg> analog_axis_hires: analog_axis_hires_loop: ch 1 calib: 7/100 val:-8355840 min:-8355840 max:-8355840[0m
[00:00:00.468,536] [0m<dbg> analog_axis_hires: analog_axis_hires_loop: ch 0 calib: 8/100 val:-8355840 min:-8355840 max:-8355840[0m
[00:00:00.468,566] [0m<dbg> analog_axis_hires: analog_axis_hires_loop: ch 1 calib: 8/100 val:-8355840 min:-8355840 max:-8355840[0m
[00:00:00.476,562] [0m<dbg> analog_axis_hires: analog_axis_hires_loop: ch 0 calib: 9/100 val:-8355840 min:-8355840 max:-8355840[0m
[00:00:00.476,593] [0m<dbg> analog_axis_hires: analog_axis_hires_loop: ch 1 calib: 9/100 val:-8355840 min:-8355840 max:-8355840[0m
[00:00:00.484,588] [0m<dbg> analog_axis_hires: analog_axis_hires_loop: ch 0 calib: 10/100 val:-8355840 min:-8355840 max:-8355840[0m
[00:00:00.484,619] [0m<dbg> analog_axis_hires: analog_axis_hires_loop: ch 1 calib: 10/100 val:-8355840 min:-8355840 max:-8355840[0m
[00:00:00.492,614] [0m<dbg> analog_axis_hires: analog_axis_hires_loop: ch 0 calib: 11/100 val:-8355840 min:-8355840 max:-8355840[0m
[00:00:00.492,645] [0m<dbg> analog_axis_hires: analog_axis_hires_loop: ch 1 calib: 11/100 val:-8355840 min:-8355840 max:-8355840[0m
[00:00:00.500,640] [0m<dbg> analog_axis_hires: analog_axis_hires_loop: ch 0 calib: 12/100 val:-8355840 min:-8355840 max:-8355840[0m
[00:00:00.500,671] [0m<dbg> analog_axis_hires: analog_axis_hires_loop: ch 1 calib: 12/100 val:-8355840 min:-8355840 max:-8355840[0m
[00:00:00.508,056] [0m<dbg> zmk: zmk_usb_get_conn_state: state: 1[0m
[00:00:00.508,087] [0m<dbg> zmk: zmk_usb_get_conn_state: state: 6[0m
[00:00:00.508,117] [0m<dbg> zmk: zmk_usb_get_conn_state: state: 6[0m
[00:00:00.508,666] [0m<dbg> analog_axis_hires: analog_axis_hires_loop: ch 0 calib: 13/100 val:-8355840 min:-8355840 max:-8355840[0m
[00:00:00.508,697] [0m<dbg> analog_axis_hires: analog_axis_hires_loop: ch 1 calib: 13/100 val:-8355840 min:-8355840 max:-8355840[0m
[00:00:00.516,693] [0m<dbg> analog_axis_hires: analog_axis_hires_loop: ch 0 calib: 14/100 val:-8355840 min:-8355840 max:-8355840[0m
[00:00:00.516,723] [0m<dbg> analog_axis_hires: analog_axis_hires_loop: ch 1 calib: 14/100 val:-8355840 min:-8355840 max:-8355840[0m
[00:00:00.524,719] [0m<dbg> analog_axis_hires: analog_axis_hires_loop: ch 0 calib: 15/100 val:-8355840 min:-8355840 max:-8355840[0m
[00:00:00.524,749] [0m<dbg> analog_axis_hires: analog_axis_hires_loop: ch 1 calib: 15/100 val:-8355840 min:-8355840 max:-8355840[0m
[00:00:00.532,745] [0m<dbg> analog_axis_hires: analog_axis_hires_loop: ch 0 calib: 16/100 val:-8355840 min:-8355840 max:-8355840[0m
[00:00:00.532,775] [0m<dbg> analog_axis_hires: analog_axis_hires_loop: ch 1 calib: 16/100 val:-8355840 min:-8355840 max:-8355840[0m
[00:00:00.540,771] [0m<dbg> analog_axis_hires: analog_axis_hires_loop: ch 0 calib: 17/100 val:-8355840 min:-8355840 max:-8355840[0m
[00:00:00.540,802] [0m<dbg> analog_axis_hires: analog_axis_hires_loop: ch 1 calib: 17/100 val:-8355840 min:-8355840 max:-8355840[0m
[00:00:00.548,797] [0m<dbg> analog_axis_hires: analog_axis_hires_loop: ch 0 calib: 18/100 val:-8355840 min:-8355840 max:-8355840[0m
[00:00:00.548,797] [0m<dbg> analog_axis_hires: analog_axis_hires_loop: ch 1 calib: 18/100 val:-8355840 min:-8355840 max:-8355840[0m
[00:00:00.556,823] [0m<dbg> analog_axis_hires: analog_axis_hires_loop: ch 0 calib: 19/100 val:-8355840 min:-8355840 max:-8355840[0m
[00:00:00.556,854] [0m<dbg> analog_axis_hires: analog_axis_hires_loop: ch 1 calib: 19/100 val:-8355840 min:-8355840 max:-8355840[0m
[00:00:00.564,849] [0m<dbg> analog_axis_hires: analog_axis_hires_loop: ch 0 calib: 20/100 val:-8355840 min:-8355840 max:-8355840[0m
[00:00:00.564,880] [0m<dbg> analog_axis_hires: analog_axis_hires_loop: ch 1 calib: 20/100 val:-8355840 min:-8355840 max:-8355840[0m
[00:00:00.572,875] [0m<dbg> analog_axis_hires: analog_axis_hires_loop: ch 0 calib: 21/100 val:-8355840 min:-8355840 max:-8355840[0m
[00:00:00.572,906] [0m<dbg> analog_axis_hires: analog_axis_hires_loop: ch 1 calib: 21/100 val:-8355840 min:-8355840 max:-8355840[0m
[00:00:00.580,902] [0m<dbg> analog_axis_hires: analog_axis_hires_loop: ch 0 calib: 22/100 val:-8355840 min:-8355840 max:-8355840[0m
[00:00:00.580,902] [0m<dbg> analog_axis_hires: analog_axis_hires_loop: ch 1 calib: 22/100 val:-8355840 min:-8355840 max:-8355840[0m
[00:00:00.588,928] [0m<dbg> analog_axis_hires: analog_axis_hires_[m
[1;32muart:~$ [m
### sent: kernel reboot cold

### port error, reconnecting: Exception calling "ReadExisting" with "0" argument(s): "The port is closed."
### reconnected 2026-10-01T19:06:58.6122138+03:00
[m
[1;32muart:~$ [m[00:00:00.253,387] [0m<inf> gpio_ads1220: ADS1220 GPIO initialized[0m
[00:00:00.253,845] [0m<inf> ads1220: DRDY GPIO configured, using hardware interrupt[0m
[00:00:00.255,035] [0m<inf> ads1220: Initialised (DRDY: yes)[0m
[00:00:00.255,493] [0m<inf> analog_axis_hires: analog_axis_hires_init: START[0m
[00:00:00.255,615] [0m<inf> analog_axis_hires: Thread created successfully, name=analog_axis_hires_0[0m
[00:00:00.255,645] [0m<inf> analog_axis_hires: Starting timer with period 8 ms[0m
[00:00:00.255,676] [0m<inf> analog_axis_hires: Analog-axis-hires Initialised[0m
[00:00:00.255,737] [0m<dbg> zmk: kscan_matrix_init_input_inst: Configured pin 31 on gpio@50000000 for input[0m
[00:00:00.255,767] [0m<dbg> zmk: kscan_matrix_init_output_inst: Configured pin 2 on gpio@50000000 for output[0m
*** Booting Zephyr OS build 10ba6d0cb38b ***
[00:00:00.255,889] [0m<dbg> zmk: get_selected_transport: No endpoint transport selected[0m
[00:00:00.256,195] [0m<inf> zmk: Welcome to ZMK!
[0m
[00:00:00.256,225] [0m<inf> analog_axis_hires: Analog-axis-hires thread started[0m
[00:00:00.256,225] [0m<inf> analog_axis_hires: Checking if all channels use same ADC[0m
[00:00:00.256,286] [0m<inf> analog_axis_hires: All channels use same ADC: no[0m
[00:00:00.256,286] [0m<inf> analog_axis_hires: Setting up channel 0, ADC channel 0[0m
[00:00:00.256,805] [0m<inf> analog_axis_hires: Channel 0 setup done[0m
[00:00:00.256,805] [0m<inf> analog_axis_hires: Setting up channel 1, ADC channel 1[0m
[00:00:00.256,958] [0m<inf> analog_axis_hires: Channel 1 setup done[0m
[00:00:00.256,958] [0m<inf> analog_axis_hires: All channels setup complete, entering poll loop[0m
[00:00:00.257,080] [0m<dbg> zmk: zmk_usb_get_conn_state: state: 2[0m
[00:00:00.257,110] [0m<dbg> zmk: zmk_usb_get_conn_state: state: 2[0m
[00:00:00.260,192] [0m<dbg> zmk: zmk_usb_get_conn_state: state: 5[0m
[00:00:00.260,223] [0m<dbg> zmk: zmk_usb_get_conn_state: state: 5[0m
[00:00:00.264,556] [0m<dbg> analog_axis_hires: analog_axis_hires_loop: ch 0 calib: 1/100 val:-8355840 min:-8355840 max:-8355840[0m
[00:00:00.264,617] [0m<dbg> analog_axis_hires: analog_axis_hires_loop: ch 1 calib: 1/100 val:-8355840 min:-8355840 max:-8355840[0m
[00:00:00.272,094] [0m<dbg> analog_axis_hires: analog_axis_hires_loop: ch 0 calib: 2/100 val:-8355840 min:-8355840 max:-8355840[0m
[00:00:00.272,125] [0m<dbg> analog_axis_hires: analog_axis_hires_loop: ch 1 calib: 2/100 val:-8355840 min:-8355840 max:-8355840[0m
[00:00:00.279,602] [0m<dbg> analog_axis_hires: analog_axis_hires_loop: ch 0 calib: 3/100 val:-8355840 min:-8355840 max:-8355840[0m
[00:00:00.279,632] [0m<dbg> analog_axis_hires: analog_axis_hires_loop: ch 1 calib: 3/100 val:-8355840 min:-8355840 max:-8355840[0m
[00:00:00.287,231] [0m<dbg> analog_axis_hires: analog_axis_hires_loop: ch 0 calib: 4/100 val:-8355840 min:-8355840 max:-8355840[0m
[00:00:00.287,261] [0m<dbg> analog_axis_hires: analog_axis_hires_loop: ch 1 calib: 4/100 val:-8355840 min:-8355840 max:-8355840[0m
[00:00:00.295,257] [0m<dbg> analog_axis_hires: analog_axis_hires_loop: ch 0 calib: 5/100 val:-8355840 min:-8355840 max:-8355840[0m
[00:00:00.295,288] [0m<dbg> analog_axis_hires: analog_axis_hires_loop: ch 1 calib: 5/100 val:-8355840 min:-8355840 max:-8355840[0m
[00:00:00.303,283] [0m<dbg> analog_axis_hires: analog_axis_hires_loop: ch 0 calib: 6/100 val:-8355840 min:-8355840 max:-8355840[0m
[00:00:00.303,314] [0m<dbg> analog_axis_hires: analog_axis_hires_loop: ch 1 calib: 6/100 val:-8355840 min:-8355840 max:-8355840[0m
[00:00:00.311,309] [0m<dbg> analog_axis_hires: analog_axis_hires_loop: ch 0 calib: 7/100 val:-8355840 min:-8355840 max:-8355840[0m
[00:00:00.311,340] [0m<dbg> analog_axis_hires: analog_axis_hires_loop: ch 1 calib: 7/100 val:-8355840 min:-8355840 max:-8355840[0m
[00:00:00.319,335] [0m<dbg> analog_axis_hires: analog_axis_hires_loop: ch 0 calib: 8/100 val:-8355840 min:-8355840 max:-8355840[0m
[00:00:00.319,335] [0m<dbg> analog_axis_hires: analog_axis_hires_loop: ch 1 calib: 8/100 val:-8355840 min:-8355840 max:-8355840[0m
[00:00:00.327,362] [0m<dbg> analog_axis_hires: analog_axis_hires_loop: ch 0 calib: 9/100 val:-8355840 min:-8355840 max:-8355840[0m
[00:00:00.327,362] [0m<dbg> analog_axis_hires: analog_axis_hires_loop: ch 1 calib: 9/100 val:-8355840 min:-8355840 max:-8355840[0m
[00:00:00.335,388] [0m<dbg> analog_axis_hires: analog_axis_hires_loop: ch 0 calib: 10/100 val:-8355840 min:-8355840 max:-8355840[0m
[00:00:00.335,418] [0m<dbg> analog_axis_hires: analog_axis_hires_loop: ch 1 calib: 10/100 val:-8355840 min:-8355840 max:-8355840[0m
[00:00:00.343,414] [0m<dbg> analog_axis_hires: analog_axis_hires_loop: ch 0 calib: 11/100 val:-8355840 min:-8355840 max:-8355840[0m
[00:00:00.343,444] [0m<dbg> analog_axis_hires: analog_axis_hires_loop: ch 1 calib: 11/100 val:-8355840 min:-8355840 max:-8355840[0m
[00:00:00.351,440] [0m<dbg> analog_axis_hires: analog_axis_hires_loop: ch 0 calib: 12/100 val:-8355840 min:-8355840 max:-8355840[0m
[00:00:00.351,470] [0m<dbg> analog_axis_hires: analog_axis_hires_loop: ch 1 calib: 12/100 val:-8355840 min:-8355840 max:-8355840[0m
[00:00:00.357,727] [0m<dbg> zmk: zmk_usb_get_conn_state: state: 1[0m
[00:00:00.357,757] [0m<dbg> zmk: zmk_usb_get_conn_state: state: 6[0m
[00:00:00.357,788] [0m<dbg> zmk: zmk_usb_get_conn_state: state: 6[0m
[00:00:00.359,466] [0m<dbg> analog_axis_hires: analog_axis_hires_loop: ch 0 calib: 13/100 val:-8355840 min:-8355840 max:-8355840[0m
[00:00:00.359,497] [0m<dbg> analog_axis_hires: analog_axis_hires_loop: ch 1 calib: 13/100 val:-8355840 min:-8355840 max:-8355840[0m
[00:00:00.367,492] [0m<dbg> analog_axis_hires: analog_axis_hires_loop: ch 0 calib: 14/100 val:-8355840 min:-8355840 max:-8355840[0m
[00:00:00.367,523] [0m<dbg> analog_axis_hires: analog_axis_hires_loop: ch 1 calib: 14/100 val:-8355840 min:-8355840 max:-8355840[0m
[00:00:00.375,518] [0m<dbg> analog_axis_hires: analog_axis_hires_loop: ch 0 calib: 15/100 val:-8355840 min:-8355840 max:-8355840[0m
[00:00:00.375,549] [0m<dbg> analog_axis_hires: analog_axis_hires_loop: ch 1 calib: 15/100 val:-8355840 min:-8355840 max:-8355840[0m
[00:00:00.383,544] [0m<dbg> analog_axis_hires: analog_axis_hires_loop: ch 0 calib: 16/100 val:-8355840 min:-8355840 max:-8355840[0m
[00:00:00.383,544] [0m<dbg> analog_axis_hires: analog_axis_hires_loop: ch 1 calib: 16/100 val:-8355840 min:-8355840 max:-8355840[0m
[00:00:00.391,571] [0m<dbg> analog_axis_hires: analog_axis_hires_loop: ch 0 calib: 17/100 val:-8355840 min:-8355840 max:-8355840[0m
[00:00:00.391,571] [0m<dbg> analog_axis_hires: analog_axis_hires_loop: ch 1 calib: 17/100 val:-8355840 min:-8355840 max:-8355840[0m
[00:00:00.399,597] [0m<dbg> analog_axis_hires: analog_axis_hires_loop: ch 0 calib: 18/100 val:-8355840 min:-8355840 max:-8355840[0m
[00:00:00.399,597] [0m<dbg> analog_axis_hires: analog_axis_hires_loop: ch 1 calib: 18/100 val:-8355840 min:-8355840 max:-8355840[0m
[00:00:00.407,623] [0m<dbg> analog_axis_hires: analog_axis_hires_loop: ch 0 calib: 19/100 val:-8355840 min:-8355840 max:-8355840[0m
[00:00:00.407,623] [0m<dbg> analog_axis_hires: analog_axis_hires_loop: ch 1 calib: 19/100 val:-8355840 min:-8355840 max:-8355840[0m
[00:00:00.415,649] [0m<dbg> analog_axis_hires: analog_axis_hires_loop: ch 0 calib: 20/100 val:-8355840 min:-8355840 max:-8355840[0m
[00:00:00.415,649] [0m<dbg> analog_axis_hires: analog_axis_hires_loop: ch 1 calib: 20/100 val:-8355840 min:-8355840 max:-8355840[0m
[00:00:00.423,675] [0m<dbg> analog_axis_hires: analog_axis_hires_loop: ch 0 calib: 21/100 val:-8355840 min:-8355840 max:-8355840[0m
[00:00:00.423,675] [0m<dbg> analog_axis_hires: analog_axis_hires_loop: ch 1 calib: 21/100 val:-8355840 min:-8355840 max:-8355840[0m
[00:00:00.431,701] [0m<dbg> analog_axis_hires: analog_axis_hires_loop: ch 0 calib: 22/100 val:-8355840 min:-8355840 max:-8355840[0m
[00:00:00.431,732] [0m<dbg> analog_axis_hires: analog_axis_hires_loop: ch 1 calib: 22/100 val:-8355840 min:-8355840 max:-8355840[0m
[00:00:00.439,727] [0m<dbg> analog_axis_hires: analog_axis_hires_loop: ch 0 calib: 23/100 val:-8355840 min:-8355840 max:-8355840[0m
[00:00:00.439,758] [0m<dbg> analog_axis_hires: analog_axis_hires_loop: ch 1 calib: 23/100 val:-8355840 min:-8355840 max:-8355840[0m
[00:00:00.447,906] [0m<dbg> zmk: zmk_usb_get_conn_state: state: 1[0m
[00:00:00.447,937] [0m<dbg> zmk: zmk_usb_get_conn_state: state: 1[0m
[00:00:00.447,967] [0m<dbg> analog_axis_hires: analog_axis_hires_loop: ch 0 calib: 24/100 val:-8355840 min:-8355840 max:-8355840[0m
[00:00:00.447,998] [0m<dbg> analog_axis_hires: analog_axis_hires_loop: ch 1 calib: 24/100 val:-8355840 min:-8355840 max:-8355840[0m
[00:00:00.455,780] [0m<dbg> analog_axis_hires: analog_axis_hires_loop: ch 0 calib: 25/100 val:-8355840 min:-8355840 max:-8355840[0m
[00:00:00.455,810] [0m<dbg> analog_axis_hires: analog_axis_hires_loop: ch 1 calib: 25/100 val:-8355840 min:-8355840 max:-8355840[0m
[00:00:00.463,806] [0m<dbg> analog_axis_hires: analog_axis_hires_loop: ch 0 calib: 26/100 val:-8355840 min:-8355840 max:-8355840[0m
[00:00:00.463,806] [0m<dbg> analog_axis_hires: analog_axis_hires_loop: ch 1 calib: 26/100 val:-8355840 min:-8355840 max:-8355840[0m
[00:00:00.471,832] [0m<dbg> analog_axis_hires: analog_axis_hires_loop: ch 0 calib: 27/100 val:-8355840 min:-8355840 max:-8355840[0m
[00:00:00.471,832] [0m<dbg> analog_axis_hires: analog_axis_hires_loop: ch 1 calib: 27/100 val:-8355840 min:-8355840 max:-8355840[0m
[00:00:00.479,858] [0m<dbg> analog_axis_hires: analog_axis_hires_loop: ch 0 calib: 28/100 val:-8355840 min:-8355840 max:-8355840[0m
[00:00:00.479,858] [0m<dbg> analog_axis_hires: analog_axis_hires_loop: ch 1 calib: 28/100 val:-8355840 min:-8355840 max:-8355840[0m
[00:00:00.487,884] [0m<dbg> analog_axis_hires: analog_axis_hires_loop: ch 0 calib: 29/100 val:-8355840 min:-8355840 max:-8355840[0m
[00:00:00.487,884] [0m<dbg> analog_axis_hires: analog_axis_hires_loop: ch 1 calib: 29/100 val:-8355840 min:-8355840 max:-8355840[0m
[00:00:00.495,910] [0m<dbg> analog_axis_hires: analog_axis_hires_loop: ch 0 calib: 30/100 val:-8355840 min:-8355840 max:-8355840[0m
[00:00:00.495,910] [0m<dbg> analog_axis_hires: analog_axis_hires_loop: ch 1 calib: 30/100 val:-8355840 min:-8355840 max:-8355840[0m
[00:00:00.503,936] [0m<dbg> analog_axis_hires: analog_axis_hires_loop: ch 0 calib: 31/100 val:-8355840 min:-8355840 max:-8355840[0m
[00:00:00.503,936] [0m<dbg> analog_axis_hires: analog_axis_hires_loop: ch 1 calib: 31/100 val:-8355840 min:-8355840 max:-8355840[0m
[00:00:00.511,962] [0m<dbg> analog_axis_hires: analog_axis_hires_loop: ch 0 calib: 32/100 val:-8355840 min:-8355840 max:-8355840[0m
[00:00:00.511,993] [0m<dbg> analog_axis_hires: analog_axis_hires_loop: ch 1 calib: 32/100 val:-8355840 min:-8355840 max:-8355840[0m
[00:00:00.519,989] [0m<dbg> analog_axis_hires: analog_axis_hires_loop: ch 0 calib: 33/100 val:-8355840 min:-8355840 max:-8355840[0m
[00:00:00.520,019] [0m<dbg> analog_axis_hires: analog_axis_hires_loop: ch 1 calib: 33/100 val:-8355840 min:-8355840 max:-8355840[0m
[00:00:00.528,015] [0m<dbg> analog_axis_hires: analog_axis_hires_loop: ch 0 calib: 34/100 val:-8355840 min:-8355840 max:-8355840[0m
[00:00:00.528,045] [0m<dbg> analog_axis_hires: analog_axis_hires_loop: ch 1 calib: 34/100 val:-8355840 min:-8355840 max:-8355840[0m
[00:00:00.536,041] [0m<dbg> analog_axis_hires: analog_axis_hires_loop: ch 0 calib: 35/100 val:-8355840 min:-8355840 max:-8355840[0m
[00:00:00.536,071] [0m<dbg> analog_axis_hires: analog_axis_hires_loop: ch 1 calib: 35/100 val:-8355840 min:-8355840 max:-8355840[0m
[00:00:00.544,067] [0m<dbg> analog_axis_hires: analog_axis_hires_loop: ch 0 calib: 36/100 val:-8355840 min:-8355840 max:-8355840[0m
[00:00:00.544,097] [0m<dbg> analog_axis_hires: analog_axis_hires_loop: ch 1 calib: 36/100 val:-8355840 min:-8355840 max:-8355840[0m
[00:00:00.552,093] [0m<dbg> analog_axis_hires: analog_axis_hires_loop: ch 0 calib: 37/100 val:-8355840 min:-8355840 max:-8355840[0m
[00:00:00.552,124] [0m<dbg> analog_axis_hires: analog_axis_hires_loop: ch 1 calib: 37/100 val:-8355840 min:-8355840 max:-8355840[0m
[00:00:00.560,119] [0m<dbg> analog_axis_hires: analog_axis_hires_loop: ch 0 calib: 38/100 val:-8355840 min:-8355840 max:-8355840[0m
[00:00:00.560,150] [0m<dbg> analog_axis_hires: analog_axis_hires_loop: ch 1 calib: 38/100 val:-8355840 min:-8355840 max:-8355840[0m
[00:00:00.568,145] [0m<dbg> analog_axis_hires: analog_axis_hires_loop: ch 0 calib: 39/100 val:-8355840 min:-8355840 max:-8355840[0m
[00:00:00.568,176] [0m<dbg> analog_axis_hires: analog_axis_hires_loop: ch 1 calib: 39/100 val:-8355840 min:-8355840 max:-8355840[0m
[00:00:00.576,171] [0m<dbg> analog_axis_hires: analog_axis_hires_loop: ch 0 calib: 40/100 val:-8355840 min:-8355840 max:-8355840[0m
[00:00:00.576,171] [0m<dbg> analog_axis_hires: analog_axis_hires_loop: ch 1 calib: 40/100 val:-8355840 min:-8355840 max:-8355840[0m
[00:00:00.578,582] [0m<dbg> zmk: zmk_usb_get_conn_state: state: 3[0m
[00:00:00.578,674] [0m<dbg> zmk: zmk_usb_get_conn_state: state: 3[0m
[00:00:00.584,442] [0m<dbg> analog_axis_hires: analog_axis_hires_loop: ch 0 calib: 41/100 val:-8355840 min:-8355840 max:-8355840[0m
[00:00:00.584,442] [0m<dbg> analog_axis_hires: analog_axis_hires_loop: ch 1 calib: 41/100 val:-8355840 min:-8355840 max:-8355840[0m
[00:00:00.592,224] [0m<dbg> analog_axis_hires: analog_axis_hires_loop: ch 0 calib: 42/100 val:-8355840 min:-8355840 max:-8355840[0m
[00:00:00.592,254] [0m<dbg> analog_axis_hires: analog_axis_hires_loop: ch 1 calib: 42/100 val:-8355840 min:-8355840 max:-8355840[0m
[00:00:00.600,250] [0m<dbg> analog_axis_hires: analog_axis_hires_loop: ch 0 calib: 43/100 val:-8355840 min:-8355840 max:-8355840[0m
[00:00:00.600,280] [0m<dbg> analog_axis_hires: analog_axis_hires_loop: ch 1 calib: 43/100 val:-8355840 min:-8355840 max:-8355840[0m
[00:00:00.608,276] [0m<dbg> analog_axis_hires: analog_axis_hires_loop: ch 0 calib: 44/100 val:-8355840 min:-8355840 max:-8355840[0m
[00:00:00.608,306] [0m<dbg> analog_axis_hires: analog_axis_hires_loop: ch 1 calib: 44/100 val:-8355840 min:-8355840 max:-8355840[0m
[00:00:00.616,302] [0m<dbg> analog_axis_hires: analog_axis_hires_loop: ch 0 calib: 45/100 val:-8355840 min:-8355840 max:-8355840[0m
[00:00:00.616,333] [0m<dbg> analog_axis_hires: analog_axis_hires_loop: ch 1 calib: 45/100 val:-8355840 min:-8355840 max:-8355840[0m
[00:00:00.624,328] [0m<dbg> analog_axis_hires: analog_axis_hires_loop: ch 0 calib: 46/100 val:-8355840 min:-8355840 max:-8355840[0m
[00:00:00.624,328] [0m<dbg> analog_axis_hires: analog_axis_hires_loop: ch 1 calib: 46/100 val:-8355840 min:-8355840 max:-8355840[0m
[00:00:00.632,354] [0m<dbg> analog_axis_hires: analog_axis_hires_loop: ch 0 calib: 47/100 val:-8355840 min:-8355840 max:-8355840[0m
[00:00:00.632,354] [0m<dbg> analog_axis_hires: analog_axis_hires_loop: ch 1 calib: 47/100 val:-8355840 min:-8355840 max:-8355840[0m
[00:00:00.640,380] [0m<dbg> analog_axis_hires: analog_axis_hires_loop: ch 0 calib: 48/100 val:-8355840 min:-8355840 max:-8355840[0m
[00:00:00.640,380] [0m<dbg> analog_axis_hires: analog_axis_hires_loop: ch 1 calib: 48/100 val:-8355840 min:-8355840 max:-8355840[0m
[00:00:00.648,406] [0m<dbg> analog_axis_hires: analog_axis_hires_loop: ch 0 calib: 49/100 val:-8355840 min:-8355840 max:-8355840[0m
[00:00:00.648,406] [0m<dbg> analog_axis_hires: analog_axis_hires_loop: ch 1 calib: 49/100 val:-8355840 min:-8355840 max:-8355840[0m
[00:00:00.656,433] [0m<dbg> analog_axis_hires: analog_axis_hires_loop: ch 0 calib: 50/100 val:-8355840 min:-8355840 max:-8355840[0m
[00:00:00.656,463] [0m<dbg> analog_axis_hires: analog_axis_hires_loop: ch 1 calib: 50/100 val:-8355840 min:-8355840 max:-8355840[0m
[00:00:00.664,459] [0m<dbg> analog_axis_hires: analog_axis_hires_loop: ch 0 calib: 51/100 val:-8355840 min:-8355840 max:-8355840[0m
[00:00:00.664,489] [0m<dbg> analog_axis_hires: analog_axis_hires_loop: ch 1 calib: 51/100 val:-8355840 min:-8355840 max:-8355840[0m
[00:00:00.672,485] [0m<dbg> analog_axis_hires: analog_axis_hires_loop: ch 0 calib: 52/100 val:-8355840 min:-8355840 max:-8355840[0m
[00:00:00.672,515] [0m<dbg> analog_axis_hires: analog_axis_hires_loop: ch 1 calib: 52/100 val:-8355840 min:-8355840 max:-8355840[0m
[00:00:00.680,511] [0m<dbg> analog_axis_hires: analog_axis_hires_loop: ch 0 calib: 53/100 val:-8355840 min:-8355840 max:-8355840[0m
[00:00:00.680,541] [0m<dbg> analog_axis_hires: analog_axis_hires_loop: ch 1 calib: 53/100 val:-8355840 min:-8355840 max:-8355840[0m
[00:00:00.688,537] [0m<dbg> analog_axis_hires: analog_axis_hires_loop: ch 0 calib: 54/100 val:-8355840 min:-8355840 max:-8355840[0m
[00:00:00.688,568] [0m<dbg> analog_axis_hires: analog_axis_hires_loop: ch 1 calib: 54/100 val:-8355840 min:-8355840 max:-8355840[0m
[00:00:00.696,563] [0m<dbg> analog_axis_hires: analog_axis_hires_loop: ch 0 calib: 55/100 val:-8355840 min:-8355840 max:-8355840[0m
[00:00:00.696,594] [0m<dbg> analog_axis_hires: analog_axis_hires_loop: ch 1 calib: 55/100 val:-8355840 min:-8355840 max:-8355840[0m
[00:00:00.704,589] [0m<dbg> analog_axis_hires: analog_axis_hires_loop: ch 0 calib: 56/100 val:-8355840 min:-8355840 max:-8355840[0m
[00:00:00.704,589] [0m<dbg> analog_axis_hires: analog_axis_hires_loop: ch 1 calib: 56/100 val:-8355840 min:-8355840 max:-8355840[0m
[00:00:00.712,615] [0m<dbg> analog_axis_hires: analog_axis_hires_loop: ch 0 calib: 57/100 val:-8355840 min:-8355840 max:-8355840[0m
[00:00:00.712,646] [0m<dbg> analog_axis_hires: analog_axis_hires_loop: ch 1 calib: 57/100 val:-8355840 min:-8355840 max:-8355840[0m
[00:00:00.720,642] [0m<dbg> analog_axis_hires: analog_axis_hires_loop: ch 0 calib: 58/100 val:-8355840 min:-8355840 max:-8355840[0m
[00:00:00.720,672] [0m<dbg> analog_axis_hires: analog_axis_hires_loop: ch 1 calib: 58/100 val:-8355840 min:-8355840 max:-8355840[0m
[00:00:00.728,668] [0m<dbg> analog_axis_hires: analog_axis_hires_loop: ch 0 calib: 59/100 val:-8355840 min:-8355840 max:-8355840[0m
[00:00:00.728,698] [0m<dbg> analog_axis_hires: analog_axis_hires_loop: ch 1 calib: 59/100 val:-8355840 min:-8355840 max:-8355840[0m
[00:00:00.736,694] [0m<dbg> analog_axis_hires: analog_axis_hires_loop: ch 0 calib: 60/100 val:-8355840 min:-8355840 max:-8355840[0m
[00:00:00.736,694] [0m<dbg> analog_axis_hires: analog_axis_hires_loop: ch 1 calib: 60/100 val:-8355840 min:-8355840 max:-8355840[0m
[00:00:00.744,720] [0m<dbg> analog_axis_hires: analog_axis_hires_loop: ch 0 calib: 61/100 val:-8355840 min:-8355840 max:-8355840[0m
[00:00:00.744,720] [0m<dbg> analog_axis_hires: analog_axis_hires_loop: ch 1 calib: 61/100 val:-8355840 min:-8355840 max:-8355840[0m
[00:00:00.752,746] [0m<dbg> analog_axis_hires: analog_axis_hires_loop: ch 0 calib: 62/100 val:-8355840 min:-8355840 max:-8355840[0m
[00:00:00.752,746] [0m<dbg> analog_axis_hires: analog_axis_hires_loop: ch 1 calib: 62/100 val:-8355840 min:-8355840 max:-8355840[0m
[00:00:00.760,772] [0m<dbg> analog_axis_hires: analog_axis_hires_loop: ch 0 calib: 63/100 val:-8355840 min:-8355840 max:-8355840[0m
[00:00:00.760,803] [0m<dbg> analog_axis_hires: analog_axis_hires_loop: ch 1 calib: 63/100 val:-8355840 min:-8355840 max:-8355840[0m
[00:00:00.768,798] [0m<dbg> analog_axis_hires: analog_axis_hires_loop: ch 0 calib: 64/100 val:-8355840 min:-8355840 max:-8355840[0m
[00:00:00.768,829] [0m<dbg> analog_axis_hires: analog_axis_hires_loop: ch 1 calib: 64/100 val:-8355840 min:-8355840 max:-8355840[0m
[00:00:00.776,824] [0m<dbg> analog_axis_hires: analog_axis_hires_loop: ch 0 calib: 65/100 val:-8355840 min:-8355840 max:-8355840[0m
[00:00:00.776,855] [0m<dbg> analog_axis_hires: analog_axis_hires_loop: ch 1 calib: 65/100 val:-8355840 min:-8355840 max:-8355840[0m
[00:00:00.784,851] [0m<dbg> analog_axis_hires: analog_axis_hires_loop: ch 0 calib: 66/100 val:-8355840 min:-8355840 max:-8355840[0m
[00:00:00.784,881] [0m<dbg> analog_axis_hires: analog_axis_hires_loop: ch 1 calib: 66/100 val:-8355840 min:-8355840 max:-8355840[0m
[00:00:00.792,877] [0m<dbg> analog_axis_hires: analog_axis_hires_loop: ch 0 calib: 67/100 val:-8355840 min:-8355840 max:-8355840[0m
[00:00:00.792,877] [0m<dbg> analog_axis_hires: analog_axis_hires_loop: ch 1 calib: 67/100 val:-8355840 min:-8355840 max:-8355840[0m
[00:00:00.800,903] [0m<dbg> analog_axis_hires: analog_axis_hires_loop: ch 0 calib: 68/100 val:-8355840 min:-8355840 max:-8355840[0m
[00:00:00.800,903] [0m<dbg> analog_axis_hires: analog_axis_hires_loop: ch 1 calib: 68/100 val:-8355840 min:-8355840 max:-8355840[0m
[00:00:00.808,929] [0m<dbg> analog_axis_hires: analog_axis_hires_loop: ch 0 calib: 69/100 val:-8355840 min:-8355840 max:-8355840[0m
[00:00:00.808,929] [0m<dbg> analog_axis_hires: analog_axis_hires_loop: ch 1 calib: 69/100 val:-8355840 min:-8355840 max:-8355840[0m
[00:00:00.816,955] [0m<dbg> analog_axis_hires: analog_axis_hires_loop: ch 0 calib: 70/100 val:-8355840 min:-8355840 max:-8355840[0m
[00:00:00.816,955] [0m<dbg> analog_axis_hires: analog_axis_hires_loop: ch 1 calib: 70/100 val:-8355840 min:-8355840 max:-8355840[0m
[00:00:00.824,981] [0m<dbg> analog_axis_hires: analog_axis_hires_loop: ch 0 calib: 71/100 val:-8355840 min:-8355840 max:-8355840[0m
[00:00:00.825,012] [0m<dbg> analog_axis_hires: analog_axis_hires_loop: ch 1 calib: 71/100 val:-8355840 min:-8355840 max:-8355840[0m
[00:00:00.833,007] [0m<dbg> analog_axis_hires: analog_axis_hires_loop: ch 0 calib: 72/100 val:-8355840 min:-8355840 max:-8355840[0m
[00:00:00.833,038] [0m<dbg> analog_axis_hires: analog_axis_hires_loop: ch 1 calib: 72/100 val:-8355840 min:-8355840 max:-8355840[0m
[00:00:00.841,033] [0m<dbg> analog_axis_hires: analog_axis_hires_loop: ch 0 calib: 73/100 val:-8355840 min:-8355840 max:-8355840[0m
[00:00:00.841,064] [0m<dbg> analog_axis_hires: analog_axis_hires_loop: ch 1 calib: 73/100 val:-8355840 min:-8355840 max:-8355840[0m
[00:00:00.849,060] [0m<dbg> analog_axis_hires: analog_axis_hires_loop: ch 0 calib: 74/100 val:-8355840 min:-8355840 max:-8355840[0m
[00:00:00.849,090] [0m<dbg> analog_axis_hires: analog_axis_hires_loop: ch 1 calib: 74/100 val:-8355840 min:-8355840 max:-8355840[0m
[00:00:00.857,086] [0m<dbg> analog_axis_hires: analog_axis_hires_loop: ch 0 calib: 75/100 val:-8355840 min:-8355840 max:-8355840[0m
[00:00:00.857,116] [0m<dbg> analog_axis_hires: analog_axis_hires_loop: ch 1 calib: 75/100 val:-8355840 min:-8355840 max:-8355840[0m
[00:00:00.865,112] [0m<dbg> analog_axis_hires: analog_axis_hires_loop: ch 0 calib: 76/100 val:-8355840 min:-8355840 max:-8355840[0m
[00:00:00.865,142] [0m<dbg> analog_axis_hires: analog_axis_hires_loop: ch 1 calib: 76/100 val:-8355840 min:-8355840 max:-8355840[0m
[00:00:00.873,138] [0m<dbg> analog_axis_hires: analog_axis_hires_loop: ch 0 calib: 77/100 val:-8355840 min:-8355840 max:-8355840[0m
[00:00:00.873,168] [0m<dbg> analog_axis_hires: analog_axis_hires_loop: ch 1 calib: 77/100 val:-8355840 min:-8355840 max:-8355840[0m
[00:00:00.881,164] [0m<dbg> analog_axis_hires: analog_axis_hires_loop: ch 0 calib: 78/100 val:-8355840 min:-8355840 max:-8355840[0m
[00:00:00.881,195] [0m<dbg> analog_axis_hires: analog_axis_hires_loop: ch 1 calib: 78/100 val:-8355840 min:-8355840 max:-8355840[0m
[00:00:00.889,190] [0m<dbg> analog_axis_hires: analog_axis_hires_loop: ch 0 calib: 79/100 val:-8355840 min:-8355840 max:-8355840[0m
[00:00:00.889,221] [0m<dbg> analog_axis_hires: analog_axis_hires_loop: ch 1 calib: 79/100 val:-8355840 min:-8355840 max:-8355840[0m
[00:00:00.897,216] [0m<dbg> analog_axis_hires: analog_axis_hires_loop: ch 0 calib: 80/100 val:-8355840 min:-8355840 max:-8355840[0m
[00:00:00.897,247] [0m<dbg> analog_axis_hires: analog_axis_hires_loop: ch 1 calib: 80/100 val:-8355840 min:-8355840 max:-8355840[0m
[00:00:00.905,242] [0m<dbg> analog_axis_hires: analog_axis_hires_loop: ch 0 calib: 81/100 val:-8355840 min:-8355840 max:-8355840[0m
[00:00:00.905,273] [0m<dbg> analog_axis_hires: analog_axis_hires_loop: ch 1 calib: 81/100 val:-8355840 min:-8355840 max:-8355840[0m
[00:00:00.913,269] [0m<dbg> analog_axis_hires: analog_axis_hires_loop: ch 0 calib: 82/100 val:-8355840 min:-8355840 max:-8355840[0m
[00:00:00.913,299] [0m<dbg> analog_axis_hires: analog_axis_hires_loop: ch 1 calib: 82/100 val:-8355840 min:-8355840 max:-8355840[0m
[00:00:00.921,295] [0m<dbg> analog_axis_hires: analog_axis_hires_loop: ch 0 calib: 83/100 val:-8355840 min:-8355840 max:-8355840[0m
[00:00:00.921,295] [0m<dbg> analog_axis_hires: analog_axis_hires_loop: ch 1 calib: 83/100 val:-8355840 min:-8355840 max:-8355840[0m
[00:00:00.929,321] [0m<dbg> analog_axis_hires: analog_axis_hires_loop: ch 0 calib: 84/100 val:-8355840 min:-8355840 max:-8355840[0m
[00:00:00.929,321] [0m<dbg> analog_axis_hires: analog_axis_hires_loop: ch 1 calib: 84/100 val:-8355840 min:-8355840 max:-8355840[0m
[00:00:00.937,347] [0m<dbg> analog_axis_hires: analog_axis_hires_loop: ch 0 calib: 85/100 val:-8355840 min:-8355840 max:-8355840[0m
[00:00:00.937,347] [0m<dbg> analog_axis_hires: analog_axis_hires_loop: ch 1 calib: 85/100 val:-8355840 min:-8355840 max:-8355840[0m
[00:00:00.945,373] [0m<dbg> analog_axis_hires: analog_axis_hires_loop: ch 0 calib: 86/100 val:-8355840 min:-8355840 max:-8355840[0m
[00:00:00.945,404] [0m<dbg> analog_axis_hires: analog_axis_hires_loop: ch 1 calib: 86/100 val:-8355840 min:-8355840 max:-8355840[0m
[00:00:00.953,399] [0m<dbg> analog_axis_hires: analog_axis_hires_loop: ch 0 calib: 87/100 val:-8355840 min:-8355840 max:-8355840[0m
[00:00:00.953,430] [0m<dbg> analog_axis_hires: analog_axis_hires_loop: ch 1 calib: 87/100 val:-8355840 min:-8355840 max:-8355840[0m
[00:00:00.961,425] [0m<dbg> analog_axis_hires: analog_axis_hires_loop: ch 0 calib: 88/100 val:-8355840 min:-8355840 max:-8355840[0m
[00:00:00.961,456] [0m<dbg> analog_axis_hires: analog_axis_hires_loop: ch 1 calib: 88/100 val:-8355840 min:-8355840 max:-8355840[0m
[00:00:00.969,451] [0m<dbg> analog_axis_hires: analog_axis_hires_loop: ch 0 calib: 89/100 val:-8355840 min:-8355840 max:-8355840[0m
[00:00:00.969,451] [0m<dbg> analog_axis_hires: analog_axis_hires_loop: ch 1 calib: 89/100 val:-8355840 min:-8355840 max:-8355840[0m
[00:00:00.977,905] [0m<dbg> analog_axis_hires: analog_axis_hires_loop: ch 0 calib: 90/100 val:-8355840 min:-8355840 max:-8355840[0m
[00:00:00.977,905] [0m<dbg> analog_axis_hires: analog_axis_hires_loop: ch 1 calib: 90/100 val:-8355840 min:-8355840 max:-8355840[0m
[00:00:00.985,473] [0m<dbg> analog_axis_hires: analog_axis_hires_loop: ch 0 calib: 91/100 val:-8355840 min:-8355840 max:-8355840[0m
[00:00:00.985,504] [0m<dbg> analog_axis_hires: analog_axis_hires_loop: ch 1 calib: 91/100 val:-8355840 min:-8355840 max:-8355840[0m
[00:00:00.993,499] [0m<dbg> analog_axis_hires: analog_axis_hires_loop: ch 0 calib: 92/100 val:-8355840 min:-8355840 max:-8355840[0m
[00:00:00.993,530] [0m<dbg> analog_axis_hires: analog_axis_hires_loop: ch 1 calib: 92/100 val:-8355840 min:-8355840 max:-8355840[0m
[00:00:01.001,525] [0m<dbg> analog_axis_hires: analog_axis_hires_loop: ch 0 calib: 93/100 val:-8355840 min:-8355840 max:-8355840[0m
[00:00:01.001,556] [0m<dbg> analog_axis_hires: analog_axis_hires_loop: ch 1 calib: 93/100 val:-8355840 min:-8355840 max:-8355840[0m
[00:00:01.009,552] [0m<dbg> analog_axis_hires: analog_axis_hires_loop: ch 0 calib: 94/100 val:-8355840 min:-8355840 max:-8355840[0m
[00:00:01.009,582] [0m<dbg> analog_axis_hires: analog_axis_hires_loop: ch 1 calib: 94/100 val:-8355840 min:-8355840 max:-8355840[0m
[00:00:01.017,578] [0m<dbg> analog_axis_hires: analog_axis_hires_loop: ch 0 calib: 95/100 val:-8355840 min:-8355840 max:-8355840[0m
[00:00:01.017,608] [0m<dbg> analog_axis_hires: analog_axis_hires_loop: ch 1 calib: 95/100 val:-8355840 min:-8355840 max:-8355840[0m
[00:00:01.025,604] [0m<dbg> analog_axis_hires: analog_axis_hires_loop: ch 0 calib: 96/100 val:-8355840 min:-8355840 max:-8355840[0m
[00:00:01.025,634] [0m<dbg> analog_axis_hires: analog_axis_hires_loop: ch 1 calib: 96/100 val:-8355840 min:-8355840 max:-8355840[0m
[00:00:01.033,630] [0m<dbg> analog_axis_hires: analog_axis_hires_loop: ch 0 calib: 97/100 val:-8355840 min:-8355840 max:-8355840[0m
[00:00:01.033,660] [0m<dbg> analog_axis_hires: analog_axis_hires_loop: ch 1 calib: 97/100 val:-8355840 min:-8355840 max:-8355840[0m
[00:00:01.041,656] [0m<dbg> analog_axis_hires: analog_axis_hires_loop: ch 0 calib: 98/100 val:-8355840 min:-8355840 max:-8355840[0m
[00:00:01.041,687] [0m<dbg> analog_axis_hires: analog_axis_hires_loop: ch 1 calib: 98/100 val:-8355840 min:-8355840 max:-8355840[0m
[00:00:01.049,682] [0m<dbg> analog_axis_hires: analog_axis_hires_loop: ch 0 calib: 99/100 val:-8355840 min:-8355840 max:-8355840[0m
[00:00:01.049,713] [0m<dbg> analog_axis_hires: analog_axis_hires_loop: ch 1 calib: 99/100 val:-8355840 min:-8355840 max:-8355840[0m
[00:00:01.057,708] [0m<dbg> analog_axis_hires: analog_axis_hires_loop: ch 0 calib: 100/100 val:-8355840 min:-8355840 max:-8355840[0m
[00:00:01.057,769] [0m<inf> analog_axis_hires: ch 0 calibrated: avg:-8355840 dt_range:1310600 deadzone:0 min:-9011140 max:-7700540[0m
[00:00:01.057,800] [0m<dbg> analog_axis_hires: analog_axis_hires_loop: ch 1 calib: 100/100 val:-8355840 min:-8355840 max:-8355840[0m
[00:00:01.057,830] [0m<inf> analog_axis_hires: ch 1 calibrated: avg:-8355840 dt_range:1310600 deadzone:0 min:-9011140 max:-7700540[0m
[00:00:06.057,922] [0m<inf> analog_axis_hires: Downshift to level 1, poll per 100 ms[0m
[00:00:13.058,135] [0m<inf> analog_axis_hires: Downshift to level 2, poll per 1300 ms[0m

# end=2026-10-01T19:07:39.1683890+03:00
