# EXP02 capture  port=COM8  start=2026-10-01T17:38:00.5948751+03:00
b_get_conn_state: state: 5[0m
[00:09:09.603,698] [0m<dbg> zmk: zmk_usb_get_conn_state: state: 1[0m
[00:09:09.603,729] [0m<dbg> zmk: zmk_usb_get_conn_state: state: 6[0m
[00:09:09.603,759] [0m<dbg> zmk: zmk_usb_get_conn_state: state: 6[0m
[00:09:09.749,023] [0m<dbg> zmk: zmk_usb_get_conn_state: state: 3[0m
[00:09:09.749,114] [0m<dbg> zmk: zmk_usb_get_conn_state: state: 3[0m
[00:09:20.572,357] [0m<dbg> zmk: zmk_usb_get_conn_state: state: 5[0m
[00:09:20.572,387] [0m<dbg> zmk: zmk_usb_get_conn_state: state: 5[0m
[00:09:26.189,575] [0m<dbg> zmk: zmk_usb_get_conn_state: state: 1[0m
[00:09:26.189,605] [0m<dbg> zmk: zmk_usb_get_conn_state: state: 6[0m
[00:09:26.189,636] [0m<dbg> zmk: zmk_usb_get_conn_state: state: 6[0m
[00:09:26.280,059] [0m<dbg> zmk: zmk_usb_get_conn_state: state: 1[0m
[00:09:26.280,120] [0m<dbg> zmk: zmk_usb_get_conn_state: state: 1[0m
[00:09:26.575,531] [0m<dbg> zmk: zmk_usb_get_conn_state: state: 3[0m
[00:09:26.575,622] [0m<dbg> zmk: zmk_usb_get_conn_state
### sent: spi conf adc_ads1220 1000000 h
spi conf adc_ads1220 1000000 h
[1;32muart:~$ [m
### sent: spi transceive 06
spi transceive 06
[00:13:40.497,711] [1;33m<wrn> ads1220: Invalid given gain: 0. fallback to ADC_GAIN_1[0m
[00:13:40.497,741] [0m<dbg> spi_nrfx_spim: spi_context_buffers_setup: tx_bufs 0x2000b6c8 - rx_bufs 0x2000b6d8 - 1[0m
[00:13:40.497,772] [0m<dbg> spi_nrfx_spim: spi_context_buffers_setup: current_tx 0x2000b6c0 (1), current_rx 0x2000b6d0 (1), tx buf/len 0x2000b6f0/2, rx buf/len 0x2000b6f4/2[0m
[00:13:40.497,833] [0m<dbg> spi_nrfx_spim: spi_context_update_tx: tx buf/len 0/0[0m
[00:13:40.497,863] [0m<dbg> spi_nrfx_spim: spi_context_update_rx: rx buf/len 0/0[0m
[00:13:40.497,863] [0m<dbg> spi_nrfx_spim: finish_transaction: Transaction finished with status 0[0m
[00:13:40.497,894] [0m<dbg> spi_nrfx_spim: spi_context_buffers_setup: tx_bufs 0x2000b6c8 - rx_bufs 0x2000b6d8 - 1[0m
[00:13:40.497,924] [0m<dbg> spi_nrfx_spim: spi_context_buffers_setup: current_tx 0x2000b6c0 (1), current_rx 0x2000b6d0 (1), tx buf/len 0x2000b6f0/2, rx buf/len 0x2000b6f4/2[0m
[00:13:40.497,985] [0m<dbg> spi_nrfx_spim: spi_context_update_tx: tx buf/len 0/0[0m
[00:13:40.498,016] [0m<dbg> spi_nrfx_spim: spi_context_update_rx: rx buf/len 0/0[0m
[00:13:40.498,046] [0m<dbg> spi_nrfx_spim: finish_transaction: Transaction finished with status 0[0m
[1;31mspi_transceive returned -5
[m[1;32muart:~$ [m[00:13:40.510,925] [1;31m<err> ads1220: config0 mismatch! 0x60 != 0x3B[0m

### sent: spi transceive 20 00
spi transceive 20 00
[00:13:43.537,139] [1;33m<wrn> ads1220: Invalid given gain: 0. fallback to ADC_GAIN_1[0m
[00:13:43.537,170] [0m<dbg> spi_nrfx_spim: spi_context_buffers_setup: tx_bufs 0x2000b6c8 - rx_bufs 0x2000b6d8 - 1[0m
[00:13:43.537,200] [0m<dbg> spi_nrfx_spim: spi_context_buffers_setup: current_tx 0x2000b6c0 (1), current_rx 0x2000b6d0 (1), tx buf/len 0x2000b6f0/2, rx buf/len 0x2000b6f4/2[0m
[00:13:43.537,261] [0m<dbg> spi_nrfx_spim: spi_context_update_tx: tx buf/len 0/0[0m
[00:13:43.537,261] [0m<dbg> spi_nrfx_spim: spi_context_update_rx: rx buf/len 0/0[0m
[00:13:43.537,292] [0m<dbg> spi_nrfx_spim: finish_transaction: Transaction finished with status 0[0m
[00:13:43.537,322] [0m<dbg> spi_nrfx_spim: spi_context_buffers_setup: tx_bufs 0x2000b6c8 - rx_bufs 0x2000b6d8 - 1[0m
[00:13:43.537,353] [0m<dbg> spi_nrfx_spim: spi_context_buffers_setup: current_tx 0x2000b6c0 (1), current_rx 0x2000b6d0 (1), tx buf/len 0x2000b6f0/2, rx buf/len 0x2000b6f4/2[0m
[00:13:43.537,414] [0m<dbg> spi_nrfx_spim: spi_context_update_tx: tx buf/len 0/0[0m
[00:13:43.537,414] [0m<dbg> spi_nrfx_spim: spi_context_update_rx: rx buf/len 0/0[0m
[00:13:43.537,445] [0m<dbg> spi_nrfx_spim: finish_transaction: Transaction finished with status 0[0m
[1;31mspi_transceive returned -5
[m[1;32muart:~$ [m[00:13:43.550,354] [1;31m<err> ads1220: config0 mismatch! 0x60 != 0x3B[0m

### sent: spi transceive 40 1C
spi transceive 40 1C
[00:13:46.594,085] [1;33m<wrn> ads1220: Invalid given gain: 0. fallback to ADC_GAIN_1[0m
[00:13:46.594,116] [0m<dbg> spi_nrfx_spim: spi_context_buffers_setup: tx_bufs 0x2000b6c8 - rx_bufs 0x2000b6d8 - 1[0m
[00:13:46.594,116] [0m<dbg> spi_nrfx_spim: spi_context_buffers_setup: current_tx 0x2000b6c0 (1), current_rx 0x2000b6d0 (1), tx buf/len 0x2000b6f0/2, rx buf/len 0x2000b6f4/2[0m
[00:13:46.594,177] [0m<dbg> spi_nrfx_spim: spi_context_update_tx: tx buf/len 0/0[0m
[00:13:46.594,207] [0m<dbg> spi_nrfx_spim: spi_context_update_rx: rx buf/len 0/0[0m
[00:13:46.594,238] [0m<dbg> spi_nrfx_spim: finish_transaction: Transaction finished with status 0[0m
[00:13:46.594,268] [0m<dbg> spi_nrfx_spim: spi_context_buffers_setup: tx_bufs 0x2000b6c8 - rx_bufs 0x2000b6d8 - 1[0m
[00:13:46.594,268] [0m<dbg> spi_nrfx_spim: spi_context_buffers_setup: current_tx 0x2000b6c0 (1), current_rx 0x2000b6d0 (1), tx buf/len 0x2000b6f0/2, rx buf/len 0x2000b6f4/2[0m
[00:13:46.594,329] [0m<dbg> spi_nrfx_spim: spi_context_update_tx: tx buf/len 0/0[0m
[00:13:46.594,360] [0m<dbg> spi_nrfx_spim: spi_context_update_rx: rx buf/len 0/0[0m
[00:13:46.594,390] [0m<dbg> spi_nrfx_spim: finish_transaction: Transaction finished with status 0[0m
[1;31mspi_transceive returned -5
[m[1;32muart:~$ [m[00:13:46.607,299] [1;31m<err> ads1220: config0 mismatch! 0x60 != 0x3B[0m

### sent: spi transceive 20 00
spi transceive 20 00
[00:13:49.642,089] [1;33m<wrn> ads1220: Invalid given gain: 0. fallback to ADC_GAIN_1[0m
[00:13:49.642,150] [0m<dbg> spi_nrfx_spim: spi_context_buffers_setup: tx_bufs 0x2000b6c8 - rx_bufs 0x2000b6d8 - 1[0m
[00:13:49.642,150] [0m<dbg> spi_nrfx_spim: spi_context_buffers_setup: current_tx 0x2000b6c0 (1), current_rx 0x2000b6d0 (1), tx buf/len 0x2000b6f0/2, rx buf/len 0x2000b6f4/2[0m
[00:13:49.642,211] [0m<dbg> spi_nrfx_spim: spi_context_update_tx: tx buf/len 0/0[0m
[00:13:49.642,242] [0m<dbg> spi_nrfx_spim: spi_context_update_rx: rx buf/len 0/0[0m
[00:13:49.642,242] [0m<dbg> spi_nrfx_spim: finish_transaction: Transaction finished with status 0[0m
[00:13:49.642,303] [0m<dbg> spi_nrfx_spim: spi_context_buffers_setup: tx_bufs 0x2000b6c8 - rx_bufs 0x2000b6d8 - 1[0m
[00:13:49.642,303] [0m<dbg> spi_nrfx_spim: spi_context_buffers_setup: current_tx 0x2000b6c0 (1), current_rx 0x2000b6d0 (1), tx buf/len 0x2000b6f0/2, rx buf/len 0x2000b6f4/2[0m
[00:13:49.642,364] [0m<dbg> spi_nrfx_spim: spi_context_update_tx: tx buf/len 0/0[0m
[00:13:49.642,395] [0m<dbg> spi_nrfx_spim: spi_context_update_rx: rx buf/len 0/0[0m
[00:13:49.642,425] [0m<dbg> spi_nrfx_spim: finish_transaction: Transaction finished with status 0[0m
[1;31mspi_transceive returned -5
[m[1;32muart:~$ [m[00:13:49.655,334] [1;31m<err> ads1220: config0 mismatch! 0x60 != 0x3B[0m

# end=2026-10-01T17:39:00.6465023+03:00
