# EXP02 capture  port=COM8  start=2026-10-01T18:43:59.1503312+03:00

### sent: spi cs spi@40023000 gpio0 10 0x01
spi cs spi@40023000 gpio0 10 0x01
[1;31mcs: wrong parameter count
[mcs - Assign CS GPIO to SPI device
[5CUsage: spi cs <gpio-device> <pin> [<gpio flags>]example: spi conf gpio1 3
[5C0x01
Subcommands:
  spi@40023000
[1;32muart:~$ [m
### sent: spi transceive 23 00 00 00 00
spi transceive 23 00 00 00 00
[1;31mSPI device isn't configured. Use `spi conf`
[m[1;32muart:~$ [m
### sent: spi transceive 40 1C
spi transceive 40 1C
[1;31mSPI device isn't configured. Use `spi conf`
[m[1;32muart:~$ [m
### sent: spi transceive 23 00 00 00 00
spi transceive 23 00 00 00 00
[1;31mSPI device isn't configured. Use `spi conf`
[m[1;32muart:~$ [m
# end=2026-10-01T18:44:24.2000743+03:00
