### sent: spi conf spi@40023000 1000000 h
### sent: spi transceive 06
00000000: 06                                               |.                |
00000000: 00                                               |.                |
### sent: spi transceive 23 00 00 00 00
00000000: 23 00 00 00 00                                   |#....            |
00000000: b5 00 00 15 00                                   |.....            |
### sent: spi transceive 40 1C
00000000: 40 1c                                            |@.               |
00000000: fd 32                                            |.2               |
### sent: spi transceive 23 00 00 00 00
00000000: 23 00 00 00 00                                   |#....            |
00000000: a5 1c 00 15 00                                   |.....            |
### sent: spi conf spi@40023000 1000000 h
### sent: spi transceive 40 1C 23 00 00 00 00
00000000: 40 1c 23 00 00 00 00                             |@.#....          |
00000000: b5 d4 d2 1c 00 15 00                             |.......          |
### sent: spi transceive 23 00 00 00 00
00000000: 23 00 00 00 00                                   |#....            |
00000000: 79 1c 00 15 00                                   |y....            |
