# EXP02 capture  port=COM8  start=2026-10-01T17:45:21.7318246+03:00

### sent: gpio get gpio1 6
gpio get gpio1 6
0
[1;32muart:~$ [m
### sent: spi transceive 02
spi transceive 02
TX:
00000000: 02                                               |.                |
RX:
00000000: ff                                               |.                |
[1;32muart:~$ [m[00:21:01.654,052] [0m<dbg> spi_nrfx_spim: spi_context_buffers_setup: tx_bufs 0x2000b750 - rx_bufs 0x2000b758 - 1[0m
[00:21:01.654,083] [0m<dbg> spi_nrfx_spim: spi_context_buffers_setup: current_tx 0x2000b740 (1), current_rx 0x2000b748 (1), tx buf/len 0x2000b774/1, rx buf/len 0x2000b760/1[0m
[00:21:01.654,144] [0m<dbg> spi_nrfx_spim: spi_context_update_tx: tx buf/len 0/0[0m
[00:21:01.654,144] [0m<dbg> spi_nrfx_spim: spi_context_update_rx: rx buf/len 0/0[0m
[00:21:01.654,174] [0m<dbg> spi_nrfx_spim: finish_transaction: Transaction finished with status 0[0m

### sent: gpio get gpio1 6
gpio get gpio1 6
0
[1;32muart:~$ [m
### sent: gpio get gpio1 6
gpio get gpio1 6
0
[1;32muart:~$ [m
### sent: spi transceive 08
spi transceive 08
TX:
00000000: 08                                               |.                |
RX:
00000000: ff                                               |.                |
[1;32muart:~$ [m[00:21:10.738,006] [0m<dbg> spi_nrfx_spim: spi_context_buffers_setup: tx_bufs 0x2000b750 - rx_bufs 0x2000b758 - 1[0m
[00:21:10.738,067] [0m<dbg> spi_nrfx_spim: spi_context_buffers_setup: current_tx 0x2000b740 (1), current_rx 0x2000b748 (1), tx buf/len 0x2000b774/1, rx buf/len 0x2000b760/1[0m
[00:21:10.738,098] [0m<dbg> spi_nrfx_spim: spi_context_update_tx: tx buf/len 0/0[0m
[00:21:10.738,128] [0m<dbg> spi_nrfx_spim: spi_context_update_rx: rx buf/len 0/0[0m
[00:21:10.738,128] [0m<dbg> spi_nrfx_spim: finish_transaction: Transaction finished with status 0[0m

### sent: gpio get gpio1 6
gpio get gpio1 6
0
[1;32muart:~$ [m
### sent: gpio get gpio1 6
gpio get gpio1 6
0
[1;32muart:~$ [m
# end=2026-10-01T17:45:56.7578820+03:00
